Archive member included to satisfy reference by file (symbol)

D:/Application/Work/MSYS2/ucrt64/bin/../lib/gcc/arm-none-eabi/13.3.0/../../../../arm-none-eabi/lib/thumb/v7-m/nofp\libc_nano.a(libc_a-atexit.o)
                              D:/Application/Work/MSYS2/ucrt64/bin/../lib/gcc/arm-none-eabi/13.3.0/../../../../arm-none-eabi/lib/thumb/v7-m/nofp/crt0.o (atexit)
D:/Application/Work/MSYS2/ucrt64/bin/../lib/gcc/arm-none-eabi/13.3.0/../../../../arm-none-eabi/lib/thumb/v7-m/nofp\libc_nano.a(libc_a-exit.o)
                              D:/Application/Work/MSYS2/ucrt64/bin/../lib/gcc/arm-none-eabi/13.3.0/../../../../arm-none-eabi/lib/thumb/v7-m/nofp/crt0.o (exit)
D:/Application/Work/MSYS2/ucrt64/bin/../lib/gcc/arm-none-eabi/13.3.0/../../../../arm-none-eabi/lib/thumb/v7-m/nofp\libc_nano.a(libc_a-findfp.o)
                              D:/Application/Work/MSYS2/ucrt64/bin/../lib/gcc/arm-none-eabi/13.3.0/../../../../arm-none-eabi/lib/thumb/v7-m/nofp\libc_nano.a(libc_a-exit.o) (__stdio_exit_handler)
D:/Application/Work/MSYS2/ucrt64/bin/../lib/gcc/arm-none-eabi/13.3.0/../../../../arm-none-eabi/lib/thumb/v7-m/nofp\libc_nano.a(libc_a-fwalk.o)
                              D:/Application/Work/MSYS2/ucrt64/bin/../lib/gcc/arm-none-eabi/13.3.0/../../../../arm-none-eabi/lib/thumb/v7-m/nofp\libc_nano.a(libc_a-findfp.o) (_fwalk_sglue)
D:/Application/Work/MSYS2/ucrt64/bin/../lib/gcc/arm-none-eabi/13.3.0/../../../../arm-none-eabi/lib/thumb/v7-m/nofp\libc_nano.a(libc_a-printf.o)
                              build/inv_mpu.o (printf)
D:/Application/Work/MSYS2/ucrt64/bin/../lib/gcc/arm-none-eabi/13.3.0/../../../../arm-none-eabi/lib/thumb/v7-m/nofp\libc_nano.a(libc_a-puts.o)
                              build/inv_mpu.o (puts)
D:/Application/Work/MSYS2/ucrt64/bin/../lib/gcc/arm-none-eabi/13.3.0/../../../../arm-none-eabi/lib/thumb/v7-m/nofp\libc_nano.a(libc_a-stdio.o)
                              D:/Application/Work/MSYS2/ucrt64/bin/../lib/gcc/arm-none-eabi/13.3.0/../../../../arm-none-eabi/lib/thumb/v7-m/nofp\libc_nano.a(libc_a-findfp.o) (__sread)
D:/Application/Work/MSYS2/ucrt64/bin/../lib/gcc/arm-none-eabi/13.3.0/../../../../arm-none-eabi/lib/thumb/v7-m/nofp\libc_nano.a(libc_a-wbuf.o)
                              D:/Application/Work/MSYS2/ucrt64/bin/../lib/gcc/arm-none-eabi/13.3.0/../../../../arm-none-eabi/lib/thumb/v7-m/nofp\libc_nano.a(libc_a-puts.o) (__swbuf_r)
D:/Application/Work/MSYS2/ucrt64/bin/../lib/gcc/arm-none-eabi/13.3.0/../../../../arm-none-eabi/lib/thumb/v7-m/nofp\libc_nano.a(libc_a-wsetup.o)
                              D:/Application/Work/MSYS2/ucrt64/bin/../lib/gcc/arm-none-eabi/13.3.0/../../../../arm-none-eabi/lib/thumb/v7-m/nofp\libc_nano.a(libc_a-puts.o) (__swsetup_r)
D:/Application/Work/MSYS2/ucrt64/bin/../lib/gcc/arm-none-eabi/13.3.0/../../../../arm-none-eabi/lib/thumb/v7-m/nofp\libc_nano.a(libc_a-memcmp.o)
                              build/inv_mpu.o (memcmp)
D:/Application/Work/MSYS2/ucrt64/bin/../lib/gcc/arm-none-eabi/13.3.0/../../../../arm-none-eabi/lib/thumb/v7-m/nofp\libc_nano.a(libc_a-memset.o)
                              D:/Application/Work/MSYS2/ucrt64/bin/../lib/gcc/arm-none-eabi/13.3.0/../../../../arm-none-eabi/lib/thumb/v7-m/nofp/crt0.o (memset)
D:/Application/Work/MSYS2/ucrt64/bin/../lib/gcc/arm-none-eabi/13.3.0/../../../../arm-none-eabi/lib/thumb/v7-m/nofp\libc_nano.a(libc_a-closer.o)
                              D:/Application/Work/MSYS2/ucrt64/bin/../lib/gcc/arm-none-eabi/13.3.0/../../../../arm-none-eabi/lib/thumb/v7-m/nofp\libc_nano.a(libc_a-stdio.o) (_close_r)
D:/Application/Work/MSYS2/ucrt64/bin/../lib/gcc/arm-none-eabi/13.3.0/../../../../arm-none-eabi/lib/thumb/v7-m/nofp\libc_nano.a(libc_a-reent.o)
                              D:/Application/Work/MSYS2/ucrt64/bin/../lib/gcc/arm-none-eabi/13.3.0/../../../../arm-none-eabi/lib/thumb/v7-m/nofp\libc_nano.a(libc_a-closer.o) (errno)
D:/Application/Work/MSYS2/ucrt64/bin/../lib/gcc/arm-none-eabi/13.3.0/../../../../arm-none-eabi/lib/thumb/v7-m/nofp\libc_nano.a(libc_a-impure.o)
                              D:/Application/Work/MSYS2/ucrt64/bin/../lib/gcc/arm-none-eabi/13.3.0/../../../../arm-none-eabi/lib/thumb/v7-m/nofp\libc_nano.a(libc_a-printf.o) (_impure_ptr)
D:/Application/Work/MSYS2/ucrt64/bin/../lib/gcc/arm-none-eabi/13.3.0/../../../../arm-none-eabi/lib/thumb/v7-m/nofp\libc_nano.a(libc_a-lseekr.o)
                              D:/Application/Work/MSYS2/ucrt64/bin/../lib/gcc/arm-none-eabi/13.3.0/../../../../arm-none-eabi/lib/thumb/v7-m/nofp\libc_nano.a(libc_a-stdio.o) (_lseek_r)
D:/Application/Work/MSYS2/ucrt64/bin/../lib/gcc/arm-none-eabi/13.3.0/../../../../arm-none-eabi/lib/thumb/v7-m/nofp\libc_nano.a(libc_a-readr.o)
                              D:/Application/Work/MSYS2/ucrt64/bin/../lib/gcc/arm-none-eabi/13.3.0/../../../../arm-none-eabi/lib/thumb/v7-m/nofp\libc_nano.a(libc_a-stdio.o) (_read_r)
[...]
Memory Configuration

Name             Origin             Length             Attributes
RAM              0x20000000         0x00005000         xrw
FLASH            0x08000000         0x00010000         xr
*default*        0x00000000         0xffffffff

Linker script and memory map

LOAD D:/Application/Work/MSYS2/ucrt64/bin/../lib/gcc/arm-none-eabi/13.3.0/thumb/v7-m/nofp/crti.o
LOAD D:/Application/Work/MSYS2/ucrt64/bin/../lib/gcc/arm-none-eabi/13.3.0/thumb/v7-m/nofp/crtbegin.o
LOAD D:/Application/Work/MSYS2/ucrt64/bin/../lib/gcc/arm-none-eabi/13.3.0/../../../../arm-none-eabi/lib/thumb/v7-m/nofp/crt0.o
LOAD build/main.o
LOAD build/gpio.o
LOAD build/stm32f1xx_it.o
LOAD build/stm32f1xx_hal_msp.o
LOAD build/stm32f1xx_hal_gpio_ex.o
LOAD build/stm32f1xx_hal.o
LOAD build/stm32f1xx_hal_rcc.o
LOAD build/stm32f1xx_hal_rcc_ex.o
LOAD build/stm32f1xx_hal_gpio.o
LOAD build/stm32f1xx_hal_dma.o
LOAD build/stm32f1xx_hal_cortex.o
LOAD build/stm32f1xx_hal_pwr.o
LOAD build/stm32f1xx_hal_flash.o
LOAD build/stm32f1xx_hal_flash_ex.o
LOAD build/stm32f1xx_hal_exti.o
LOAD build/system_stm32f1xx.o
LOAD build/sysmem.o
LOAD build/syscalls.o
LOAD build/led.o
LOAD build/key.o
LOAD build/buzzer.o
LOAD build/OLED.o
LOAD build/inv_mpu_dmp_motion_driver.o
LOAD build/inv_mpu.o
LOAD build/IIC.o
LOAD build/mpu6050.o
LOAD build/motor.o
LOAD build/encoder.o
LOAD build/hcsr04.o
LOAD build/hc06.o
LOAD build/timer.o
LOAD build/mode.o
LOAD build/control.o
LOAD build/pid.o
LOAD build/tim.o
LOAD build/stm32f1xx_hal_tim.o
LOAD build/stm32f1xx_hal_tim_ex.o
LOAD build/usart.o
LOAD build/stm32f1xx_hal_uart.o
LOAD build/startup_stm32f103xb.o
LOAD D:/Application/Work/MSYS2/ucrt64/bin/../lib/gcc/arm-none-eabi/13.3.0/../../../../arm-none-eabi/lib/thumb/v7-m/nofp\libc_nano.a
LOAD D:/Application/Work/MSYS2/ucrt64/bin/../lib/gcc/arm-none-eabi/13.3.0/../../../../arm-none-eabi/lib/thumb/v7-m/nofp\libm.a
LOAD D:/Application/Work/MSYS2/ucrt64/bin/../lib/gcc/arm-none-eabi/13.3.0/../../../../arm-none-eabi/lib/thumb/v7-m/nofp\libnosys.a
START GROUP
LOAD D:/Application/Work/MSYS2/ucrt64/bin/../lib/gcc/arm-none-eabi/13.3.0/thumb/v7-m/nofp\libgcc.a
LOAD D:/Application/Work/MSYS2/ucrt64/bin/../lib/gcc/arm-none-eabi/13.3.0/../../../../arm-none-eabi/lib/thumb/v7-m/nofp\libc_nano.a
END GROUP
START GROUP
LOAD D:/Application/Work/MSYS2/ucrt64/bin/../lib/gcc/arm-none-eabi/13.3.0/thumb/v7-m/nofp\libgcc.a
LOAD D:/Application/Work/MSYS2/ucrt64/bin/../lib/gcc/arm-none-eabi/13.3.0/../../../../arm-none-eabi/lib/thumb/v7-m/nofp\libc_nano.a
END GROUP
LOAD D:/Application/Work/MSYS2/ucrt64/bin/../lib/gcc/arm-none-eabi/13.3.0/thumb/v7-m/nofp/crtend.o
LOAD D:/Application/Work/MSYS2/ucrt64/bin/../lib/gcc/arm-none-eabi/13.3.0/thumb/v7-m/nofp/crtn.o
                0x20005000                        _estack = (ORIGIN (RAM) + LENGTH (RAM))
                0x00000200                        _Min_Heap_Size = 0x200
                0x00000400                        _Min_Stack_Size = 0x400

.isr_vector     0x08000000      0x10c
                0x08000000                        . = ALIGN (0x4)
 *(.isr_vector)
 .isr_vector    0x08000000      0x10c build/startup_stm32f103xb.o
                0x08000000                g_pfnVectors
                0x0800010c                        . = ALIGN (0x4)

.text           0x08000110     0x8d5c
                0x08000110                        . = ALIGN (0x4)
 *(.text)
 .text          0x08000110      0x2dc D:/Application/Work/MSYS2/ucrt64/bin/../lib/gcc/arm-none-eabi/13.3.0/../../../../arm-none-eabi/lib/thumb/v7-m/nofp\libc_nano.a(libc_a-findfp.o)
                0x0800028c                __sfp
                0x0800034c                __sinit
                0x0800038c                __sfp_lock_acquire
                0x08000398                __sfp_lock_release
                0x080003a4                __fp_lock_all
                0x080003c8                __fp_unlock_all
 .text          0x080003ec       0x44 D:/Application/Work/MSYS2/ucrt64/bin/../lib/gcc/arm-none-eabi/13.3.0/../../../../arm-none-eabi/lib/thumb/v7-m/nofp\libc_nano.a(libc_a-fwalk.o)
                0x080003ec                _fwalk_sglue
 .text          0x08000430       0x48 D:/Application/Work/MSYS2/ucrt64/bin/../lib/gcc/arm-none-eabi/13.3.0/../../../../arm-none-eabi/lib/thumb/v7-m/nofp\libc_nano.a(libc_a-printf.o)
                0x08000430                _printf_r
                0x08000430                _iprintf_r
                0x08000450                iprintf
                0x08000450                printf
 .text          0x08000478       0xc8 D:/Application/Work/MSYS2/ucrt64/bin/../lib/gcc/arm-none-eabi/13.3.0/../../../../arm-none-eabi/lib/thumb/v7-m/nofp\libc_nano.a(libc_a-puts.o)
                0x08000478                _puts_r
                0x08000530                puts
 .text          0x08000540       0x94 D:/Application/Work/MSYS2/ucrt64/bin/../lib/gcc/arm-none-eabi/13.3.0/../../../../arm-none-eabi/lib/thumb/v7-m/nofp\libc_nano.a(libc_a-stdio.o)
                0x08000540                __sread
                0x08000564                __seofread
                0x08000568                __swrite
                0x080005a8                __sseek
                0x080005cc                __sclose
 .text          0x080005d4       0x9c D:/Application/Work/MSYS2/ucrt64/bin/../lib/gcc/arm-none-eabi/13.3.0/../../../../arm-none-eabi/lib/thumb/v7-m/nofp\libc_nano.a(libc_a-wbuf.o)
                0x080005d4                __swbuf_r
                0x0800065c                __swbuf
 .text          0x08000670       0xc4 D:/Application/Work/MSYS2/ucrt64/bin/../lib/gcc/arm-none-eabi/13.3.0/../../../../arm-none-eabi/lib/thumb/v7-m/nofp\libc_nano.a(libc_a-wsetup.o)
                0x08000670                __swsetup_r
 .text          0x08000734       0x5c D:/Application/Work/MSYS2/ucrt64/bin/../lib/gcc/arm-none-eabi/13.3.0/../../../../arm-none-eabi/lib/thumb/v7-m/nofp\libc_nano.a(libc_a-memcmp.o)
                0x08000734                memcmp
 .text          0x08000790       0xa0 D:/Application/Work/MSYS2/ucrt64/bin/../lib/gcc/arm-none-eabi/13.3.0/../../../../arm-none-eabi/lib/thumb/v7-m/nofp\libc_nano.a(libc_a-memset.o)
                0x08000790                memset
 .text          0x08000830       0x24 D:/Application/Work/MSYS2/ucrt64/bin/../lib/gcc/arm-none-eabi/13.3.0/../../../../arm-none-eabi/lib/thumb/v7-m/nofp\libc_nano.a(libc_a-closer.o)
                0x08000830                _close_r
 .text          0x08000854       0x2c D:/Application/Work/MSYS2/ucrt64/bin/../lib/gcc/arm-none-eabi/13.3.0/../../../../arm-none-eabi/lib/thumb/v7-m/nofp\libc_nano.a(libc_a-lseekr.o)
                0x08000854                _lseek_r
 .text          0x08000880       0x2c D:/Application/Work/MSYS2/ucrt64/bin/../lib/gcc/arm-none-eabi/13.3.0/../../../../arm-none-eabi/lib/thumb/v7-m/nofp\libc_nano.a(libc_a-readr.o)
                0x08000880                _read_r
 .text          0x080008ac       0x2c D:/Application/Work/MSYS2/ucrt64/bin/../lib/gcc/arm-none-eabi/13.3.0/../../../../arm-none-eabi/lib/thumb/v7-m/nofp\libc_nano.a(libc_a-writer.o)
                0x080008ac                _write_r
 .text          0x080008d8        0xc D:/Application/Work/MSYS2/ucrt64/bin/../lib/gcc/arm-none-eabi/13.3.0/../../../../arm-none-eabi/lib/thumb/v7-m/nofp\libc_nano.a(libc_a-errno.o)
                0x080008d8                __errno
 .text          0x080008e4       0x50 D:/Application/Work/MSYS2/ucrt64/bin/../lib/gcc/arm-none-eabi/13.3.0/../../../../arm-none-eabi/lib/thumb/v7-m/nofp\libc_nano.a(libc_a-init.o)
                0x080008e4                __libc_init_array
 .text          0x08000934       0x28 D:/Application/Work/MSYS2/ucrt64/bin/../lib/gcc/arm-none-eabi/13.3.0/../../../../arm-none-eabi/lib/thumb/v7-m/nofp\libc_nano.a(libc_a-lock.o)
                0x08000934                __retarget_lock_init
                0x08000938                __retarget_lock_init_recursive
                0x0800093c                __retarget_lock_close
                0x08000940                __retarget_lock_close_recursive
                0x08000944                __retarget_lock_acquire
                0x08000948                __retarget_lock_acquire_recursive
                0x0800094c                __retarget_lock_try_acquire
                0x08000950                __retarget_lock_try_acquire_recursive
                0x08000954                __retarget_lock_release
                0x08000958                __retarget_lock_release_recursive
 .text          0x0800095c       0xbc D:/Application/Work/MSYS2/ucrt64/bin/../lib/gcc/arm-none-eabi/13.3.0/../../../../arm-none-eabi/lib/thumb/v7-m/nofp\libc_nano.a(libc_a-freer.o)
                0x0800095c                _free_r
 .text          0x08000a18      0x14c D:/Application/Work/MSYS2/ucrt64/bin/../lib/gcc/arm-none-eabi/13.3.0/../../../../arm-none-eabi/lib/thumb/v7-m/nofp\libc_nano.a(libc_a-mallocr.o)
                0x08000a64                _malloc_r
 .text          0x08000b64       0x18 D:/Application/Work/MSYS2/ucrt64/bin/../lib/gcc/arm-none-eabi/13.3.0/../../../../arm-none-eabi/lib/thumb/v7-m/nofp\libc_nano.a(libc_a-mlock.o)
                0x08000b64                __malloc_lock
                0x08000b70                __malloc_unlock
 .text          0x08000b7c      0x348 D:/Application/Work/MSYS2/ucrt64/bin/../lib/gcc/arm-none-eabi/13.3.0/../../../../arm-none-eabi/lib/thumb/v7-m/nofp\libc_nano.a(libc_a-nano-vfprintf.o)
                0x08000ba4                __sfputs_r
                0x08000bd4                __sprint_r
                0x08000bf4                _vfiprintf_r
                0x08000bf4                _vfprintf_r
                0x08000ea8                vfprintf
                0x08000ea8                vfiprintf
 .text          0x08000ec4      0x3a8 D:/Application/Work/MSYS2/ucrt64/bin/../lib/gcc/arm-none-eabi/13.3.0/../../../../arm-none-eabi/lib/thumb/v7-m/nofp\libc_nano.a(libc_a-nano-vfprintf_i.o)
                0x08000ec4                _printf_common
                0x08000fe8                _printf_i
 .text          0x0800126c      0x194 D:/Application/Work/MSYS2/ucrt64/bin/../lib/gcc/arm-none-eabi/13.3.0/../../../../arm-none-eabi/lib/thumb/v7-m/nofp\libc_nano.a(libc_a-fflush.o)
                0x0800126c                __sflush_r
                0x08001380                _fflush_r
                0x080013d8                fflush
 .text          0x08001400      0x2ec D:/Application/Work/MSYS2/ucrt64/bin/../lib/gcc/arm-none-eabi/13.3.0/../../../../arm-none-eabi/lib/thumb/v7-m/nofp\libc_nano.a(libc_a-fvwrite.o)
                0x08001400                __sfvwrite_r
 .text          0x080016ec      0x110 D:/Application/Work/MSYS2/ucrt64/bin/../lib/gcc/arm-none-eabi/13.3.0/../../../../arm-none-eabi/lib/thumb/v7-m/nofp\libc_nano.a(libc_a-makebuf.o)
                0x080016ec                __smakebuf_r
                0x080017b0                __swhatbuf_r
 .text          0x080017fc       0xfc D:/Application/Work/MSYS2/ucrt64/bin/../lib/gcc/arm-none-eabi/13.3.0/../../../../arm-none-eabi/lib/thumb/v7-m/nofp\libc_nano.a(libc_a-memmove.o)
                0x080017fc                memmove
 .text          0x080018f8       0x28 D:/Application/Work/MSYS2/ucrt64/bin/../lib/gcc/arm-none-eabi/13.3.0/../../../../arm-none-eabi/lib/thumb/v7-m/nofp\libc_nano.a(libc_a-fstatr.o)
                0x080018f8                _fstat_r
 .text          0x08001920       0x24 D:/Application/Work/MSYS2/ucrt64/bin/../lib/gcc/arm-none-eabi/13.3.0/../../../../arm-none-eabi/lib/thumb/v7-m/nofp\libc_nano.a(libc_a-isattyr.o)
                0x08001920                _isatty_r
 .text          0x08001944       0x24 D:/Application/Work/MSYS2/ucrt64/bin/../lib/gcc/arm-none-eabi/13.3.0/../../../../arm-none-eabi/lib/thumb/v7-m/nofp\libc_nano.a(libc_a-sbrkr.o)
                0x08001944                _sbrk_r
 .text          0x08001968       0x98 D:/Application/Work/MSYS2/ucrt64/bin/../lib/gcc/arm-none-eabi/13.3.0/../../../../arm-none-eabi/lib/thumb/v7-m/nofp\libc_nano.a(libc_a-memchr-stub.o)
                0x08001968                memchr
 .text          0x08001a00       0xec D:/Application/Work/MSYS2/ucrt64/bin/../lib/gcc/arm-none-eabi/13.3.0/../../../../arm-none-eabi/lib/thumb/v7-m/nofp\libc_nano.a(libc_a-memcpy.o)
                0x08001a00                memcpy
 .text          0x08001aec       0x64 D:/Application/Work/MSYS2/ucrt64/bin/../lib/gcc/arm-none-eabi/13.3.0/../../../../arm-none-eabi/lib/thumb/v7-m/nofp\libc_nano.a(libc_a-reallocr.o)
                0x08001aec                _realloc_r
 .text          0x08001b50       0x10 D:/Application/Work/MSYS2/ucrt64/bin/../lib/gcc/arm-none-eabi/13.3.0/../../../../arm-none-eabi/lib/thumb/v7-m/nofp\libc_nano.a(libc_a-msizer.o)
                0x08001b50                _malloc_usable_size_r
 .text          0x08001b60       0x50 D:/Application/Work/MSYS2/ucrt64/bin/../lib/gcc/arm-none-eabi/13.3.0/../../../../arm-none-eabi/lib/thumb/v7-m/nofp\libm.a(libm_a-w_asin.o)
                0x08001b60                asin
 .text          0x08001bb0        0x4 D:/Application/Work/MSYS2/ucrt64/bin/../lib/gcc/arm-none-eabi/13.3.0/../../../../arm-none-eabi/lib/thumb/v7-m/nofp\libm.a(libm_a-w_atan2.o)
                0x08001bb0                atan2
 .text          0x08001bb4        0x8 D:/Application/Work/MSYS2/ucrt64/bin/../lib/gcc/arm-none-eabi/13.3.0/../../../../arm-none-eabi/lib/thumb/v7-m/nofp\libm.a(libm_a-s_fabs.o)
                0x08001bb4                fabs
 .text          0x08001bbc        0xc D:/Application/Work/MSYS2/ucrt64/bin/../lib/gcc/arm-none-eabi/13.3.0/../../../../arm-none-eabi/lib/thumb/v7-m/nofp\libm.a(libm_a-s_nan.o)
                0x08001bbc                nan
 .text          0x08001bc8      0x44c D:/Application/Work/MSYS2/ucrt64/bin/../lib/gcc/arm-none-eabi/13.3.0/../../../../arm-none-eabi/lib/thumb/v7-m/nofp\libm.a(libm_a-e_asin.o)
                0x08001bc8                __ieee754_asin
 *fill*         0x08002014        0x4 
 .text          0x08002018      0x190 D:/Application/Work/MSYS2/ucrt64/bin/../lib/gcc/arm-none-eabi/13.3.0/../../../../arm-none-eabi/lib/thumb/v7-m/nofp\libm.a(libm_a-e_atan2.o)
                0x08002018                __ieee754_atan2
 .text          0x080021a8      0x32c D:/Application/Work/MSYS2/ucrt64/bin/../lib/gcc/arm-none-eabi/13.3.0/../../../../arm-none-eabi/lib/thumb/v7-m/nofp\libm.a(libm_a-s_atan.o)
                0x080021a8                atan
 .text          0x080024d4      0x1d0 D:/Application/Work/MSYS2/ucrt64/bin/../lib/gcc/arm-none-eabi/13.3.0/../../../../arm-none-eabi/lib/thumb/v7-m/nofp\libm.a(libm_a-e_sqrt.o)
                0x080024d4                __ieee754_sqrt
 .text          0x080026a4      0x378 D:/Application/Work/MSYS2/ucrt64/bin/../lib/gcc/arm-none-eabi/13.3.0/thumb/v7-m/nofp\libgcc.a(_arm_addsubdf3.o)
                0x080026a4                __aeabi_drsub
                0x080026ac                __aeabi_dsub
                0x080026ac                __subdf3
                0x080026b0                __aeabi_dadd
                0x080026b0                __adddf3
                0x08002928                __floatunsidf
                0x08002928                __aeabi_ui2d
                0x08002948                __floatsidf
                0x08002948                __aeabi_i2d
                0x0800296c                __aeabi_f2d
                0x0800296c                __extendsfdf2
                0x080029b0                __floatundidf
                0x080029b0                __aeabi_ul2d
                0x080029c0                __floatdidf
                0x080029c0                __aeabi_l2d
 .text          0x08002a1c      0x424 D:/Application/Work/MSYS2/ucrt64/bin/../lib/gcc/arm-none-eabi/13.3.0/thumb/v7-m/nofp\libgcc.a(_arm_muldivdf3.o)
                0x08002a1c                __aeabi_dmul
                0x08002a1c                __muldf3
                0x08002c70                __divdf3
                0x08002c70                __aeabi_ddiv
 .text          0x08002e40      0x110 D:/Application/Work/MSYS2/ucrt64/bin/../lib/gcc/arm-none-eabi/13.3.0/thumb/v7-m/nofp\libgcc.a(_arm_cmpdf2.o)
                0x08002e40                __gtdf2
                0x08002e40                __gedf2
                0x08002e48                __ltdf2
                0x08002e48                __ledf2
                0x08002e50                __nedf2
                0x08002e50                __eqdf2
                0x08002e50                __cmpdf2
                0x08002ecc                __aeabi_cdrcmple
                0x08002edc                __aeabi_cdcmpeq
                0x08002edc                __aeabi_cdcmple
                0x08002eec                __aeabi_dcmpeq
                0x08002f00                __aeabi_dcmplt
                0x08002f14                __aeabi_dcmple
                0x08002f28                __aeabi_dcmpge
                0x08002f3c                __aeabi_dcmpgt
 .text          0x08002f50       0x2c D:/Application/Work/MSYS2/ucrt64/bin/../lib/gcc/arm-none-eabi/13.3.0/thumb/v7-m/nofp\libgcc.a(_arm_unorddf2.o)
                0x08002f50                __unorddf2
                0x08002f50                __aeabi_dcmpun
 .text          0x08002f7c       0xa0 D:/Application/Work/MSYS2/ucrt64/bin/../lib/gcc/arm-none-eabi/13.3.0/thumb/v7-m/nofp\libgcc.a(_arm_truncdfsf2.o)
                0x08002f7c                __truncdfsf2
                0x08002f7c                __aeabi_d2f
 .text          0x0800301c      0x21c D:/Application/Work/MSYS2/ucrt64/bin/../lib/gcc/arm-none-eabi/13.3.0/thumb/v7-m/nofp\libgcc.a(_arm_addsubsf3.o)
                0x0800301c                __aeabi_frsub
                0x08003024                __subsf3
                0x08003024                __aeabi_fsub
                0x08003028                __aeabi_fadd
                0x08003028                __addsf3
                0x08003188                __aeabi_ui2f
                0x08003188                __floatunsisf
                0x08003190                __aeabi_i2f
                0x08003190                __floatsisf
                0x080031ac                __aeabi_ul2f
                0x080031ac                __floatundisf
                0x080031bc                __aeabi_l2f
                0x080031bc                __floatdisf
 .text          0x08003238      0x2a0 D:/Application/Work/MSYS2/ucrt64/bin/../lib/gcc/arm-none-eabi/13.3.0/thumb/v7-m/nofp\libgcc.a(_arm_muldivsf3.o)
                0x08003238                __mulsf3
                0x08003238                __aeabi_fmul
                0x080033a0                __aeabi_fdiv
                0x080033a0                __divsf3
 .text          0x080034d8       0xec D:/Application/Work/MSYS2/ucrt64/bin/../lib/gcc/arm-none-eabi/13.3.0/thumb/v7-m/nofp\libgcc.a(_arm_cmpsf2.o)
                0x080034d8                __gesf2
                0x080034d8                __gtsf2
                0x080034e0                __lesf2
                0x080034e0                __ltsf2
                0x080034e8                __nesf2
                0x080034e8                __eqsf2
                0x080034e8                __cmpsf2
                0x08003548                __aeabi_cfrcmple
                0x08003550                __aeabi_cfcmpeq
                0x08003550                __aeabi_cfcmple
                0x08003560                __aeabi_fcmpeq
                0x08003574                __aeabi_fcmplt
                0x08003588                __aeabi_fcmple
                0x0800359c                __aeabi_fcmpge
                0x080035b0                __aeabi_fcmpgt
 .text          0x080035c4       0x4c D:/Application/Work/MSYS2/ucrt64/bin/../lib/gcc/arm-none-eabi/13.3.0/thumb/v7-m/nofp\libgcc.a(_arm_fixsfsi.o)
                0x080035c4                __aeabi_f2iz
                0x080035c4                __fixsfsi
 .text          0x08003610       0x40 D:/Application/Work/MSYS2/ucrt64/bin/../lib/gcc/arm-none-eabi/13.3.0/thumb/v7-m/nofp\libgcc.a(_arm_fixunssfsi.o)
                0x08003610                __fixunssfsi
                0x08003610                __aeabi_f2uiz
 .text          0x08003650       0xa0 D:/Application/Work/MSYS2/ucrt64/bin/../lib/gcc/arm-none-eabi/13.3.0/thumb/v7-m/nofp\libgcc.a(_aeabi_ldivmod.o)
                0x08003650                __aeabi_ldivmod
 .text          0x080036f0        0x4 D:/Application/Work/MSYS2/ucrt64/bin/../lib/gcc/arm-none-eabi/13.3.0/thumb/v7-m/nofp\libgcc.a(_dvmd_tls.o)
                0x080036f0                __aeabi_idiv0
                0x080036f0                __aeabi_ldiv0
 *(.text*)
 .text.__do_global_dtors_aux
                0x080036f4       0x24 D:/Application/Work/MSYS2/ucrt64/bin/../lib/gcc/arm-none-eabi/13.3.0/thumb/v7-m/nofp/crtbegin.o
 .text.frame_dummy
                0x08003718       0x1c D:/Application/Work/MSYS2/ucrt64/bin/../lib/gcc/arm-none-eabi/13.3.0/thumb/v7-m/nofp/crtbegin.o
 .text.HAL_GPIO_EXTI_Callback
                0x08003734       0x14 build/main.o
                0x08003734                HAL_GPIO_EXTI_Callback
 .text.HAL_TIM_PeriodElapsedCallback
                0x08003748        0x2 build/main.o
                0x08003748                HAL_TIM_PeriodElapsedCallback
 .text.Error_Handler
                0x0800374a        0x4 build/main.o
                0x0800374a                Error_Handler
 .text.SystemClock_Config
                0x0800374e       0x64 build/main.o
                0x0800374e                SystemClock_Config
 *fill*         0x080037b2        0x2 
 .text.main     0x080037b4       0xd4 build/main.o
                0x080037b4                main
 .text.MX_GPIO_Init
                0x08003888      0x140 build/gpio.o
                0x08003888                MX_GPIO_Init
 .text.NMI_Handler
                0x080039c8        0x2 build/stm32f1xx_it.o
                0x080039c8                NMI_Handler
 .text.HardFault_Handler
                0x080039ca        0x2 build/stm32f1xx_it.o
                0x080039ca                HardFault_Handler
 .text.MemManage_Handler
                0x080039cc        0x2 build/stm32f1xx_it.o
                0x080039cc                MemManage_Handler
 .text.BusFault_Handler
                0x080039ce        0x2 build/stm32f1xx_it.o
                0x080039ce                BusFault_Handler
 .text.UsageFault_Handler
                0x080039d0        0x2 build/stm32f1xx_it.o
                0x080039d0                UsageFault_Handler
 .text.SVC_Handler
                0x080039d2        0x2 build/stm32f1xx_it.o
                0x080039d2                SVC_Handler
 .text.DebugMon_Handler
                0x080039d4        0x2 build/stm32f1xx_it.o
                0x080039d4                DebugMon_Handler
 .text.PendSV_Handler
                0x080039d6        0x2 build/stm32f1xx_it.o
                0x080039d6                PendSV_Handler
 .text.SysTick_Handler
                0x080039d8        0x8 build/stm32f1xx_it.o
                0x080039d8                SysTick_Handler
 .text.EXTI0_IRQHandler
                0x080039e0        0xa build/stm32f1xx_it.o
                0x080039e0                EXTI0_IRQHandler
 *fill*         0x080039ea        0x2 
 .text.TIM2_IRQHandler
                0x080039ec       0x10 build/stm32f1xx_it.o
                0x080039ec                TIM2_IRQHandler
 .text.USART2_IRQHandler
                0x080039fc       0x10 build/stm32f1xx_it.o
                0x080039fc                USART2_IRQHandler
 .text.HAL_MspInit
                0x08003a0c       0x44 build/stm32f1xx_hal_msp.o
                0x08003a0c                HAL_MspInit
 .text.HAL_InitTick
                0x08003a50       0x4c build/stm32f1xx_hal.o
                0x08003a50                HAL_InitTick
 .text.HAL_Init
                0x08003a9c       0x24 build/stm32f1xx_hal.o
                0x08003a9c                HAL_Init
 .text.HAL_IncTick
                0x08003ac0       0x18 build/stm32f1xx_hal.o
                0x08003ac0                HAL_IncTick
 .text.HAL_GetTick
                0x08003ad8        0xc build/stm32f1xx_hal.o
                0x08003ad8                HAL_GetTick
 .text.HAL_Delay
                0x08003ae4       0x28 build/stm32f1xx_hal.o
                0x08003ae4                HAL_Delay
 .text.RCC_Delay
                0x08003b0c       0x2c build/stm32f1xx_hal_rcc.o
 .text.HAL_RCC_OscConfig
                0x08003b38      0x410 build/stm32f1xx_hal_rcc.o
                0x08003b38                HAL_RCC_OscConfig
 .text.HAL_RCC_GetSysClockFreq
                0x08003f48       0x54 build/stm32f1xx_hal_rcc.o
                0x08003f48                HAL_RCC_GetSysClockFreq
 .text.HAL_RCC_ClockConfig
                0x08003f9c      0x16c build/stm32f1xx_hal_rcc.o
                0x08003f9c                HAL_RCC_ClockConfig
 .text.HAL_RCC_GetHCLKFreq
                0x08004108        0xc build/stm32f1xx_hal_rcc.o
                0x08004108                HAL_RCC_GetHCLKFreq
 .text.HAL_RCC_GetPCLK1Freq
                0x08004114       0x20 build/stm32f1xx_hal_rcc.o
                0x08004114                HAL_RCC_GetPCLK1Freq
 .text.HAL_RCC_GetPCLK2Freq
                0x08004134       0x20 build/stm32f1xx_hal_rcc.o
                0x08004134                HAL_RCC_GetPCLK2Freq
 .text.HAL_GPIO_Init
                0x08004154      0x21c build/stm32f1xx_hal_gpio.o
                0x08004154                HAL_GPIO_Init
 .text.HAL_GPIO_ReadPin
                0x08004370        0xe build/stm32f1xx_hal_gpio.o
                0x08004370                HAL_GPIO_ReadPin
 .text.HAL_GPIO_WritePin
                0x0800437e        0xc build/stm32f1xx_hal_gpio.o
                0x0800437e                HAL_GPIO_WritePin
 *fill*         0x0800438a        0x2 
 .text.HAL_GPIO_EXTI_IRQHandler
                0x0800438c       0x1c build/stm32f1xx_hal_gpio.o
                0x0800438c                HAL_GPIO_EXTI_IRQHandler
 .text.HAL_DMA_Abort
                0x080043a8       0x46 build/stm32f1xx_hal_dma.o
                0x080043a8                HAL_DMA_Abort
 *fill*         0x080043ee        0x2 
 .text.HAL_DMA_Abort_IT
                0x080043f0       0x98 build/stm32f1xx_hal_dma.o
                0x080043f0                HAL_DMA_Abort_IT
 .text.__NVIC_SetPriority
                0x08004488       0x28 build/stm32f1xx_hal_cortex.o
 .text.NVIC_EncodePriority
                0x080044b0       0x3e build/stm32f1xx_hal_cortex.o
 *fill*         0x080044ee        0x2 
 .text.HAL_NVIC_SetPriorityGrouping
                0x080044f0       0x24 build/stm32f1xx_hal_cortex.o
                0x080044f0                HAL_NVIC_SetPriorityGrouping
 .text.HAL_NVIC_SetPriority
                0x08004514       0x20 build/stm32f1xx_hal_cortex.o
                0x08004514                HAL_NVIC_SetPriority
 .text.HAL_NVIC_EnableIRQ
                0x08004534       0x1c build/stm32f1xx_hal_cortex.o
                0x08004534                HAL_NVIC_EnableIRQ
 .text.HAL_SYSTICK_Config
                0x08004550       0x28 build/stm32f1xx_hal_cortex.o
                0x08004550                HAL_SYSTICK_Config
 .text.SystemInit
                0x08004578        0x2 build/system_stm32f1xx.o
                0x08004578                SystemInit
 *fill*         0x0800457a        0x2 
 .text._sbrk    0x0800457c       0x48 build/sysmem.o
                0x0800457c                _sbrk
 .text._read    0x080045c4       0x20 build/syscalls.o
                0x080045c4                _read
 .text._write   0x080045e4       0x1c build/syscalls.o
                0x080045e4                _write
 .text._close   0x08004600        0x6 build/syscalls.o
                0x08004600                _close
 .text._fstat   0x08004606        0xa build/syscalls.o
                0x08004606                _fstat
 .text._isatty  0x08004610        0x4 build/syscalls.o
                0x08004610                _isatty
 .text._lseek   0x08004614        0x4 build/syscalls.o
                0x08004614                _lseek
 .text.Follow_OFF
                0x08004618       0x14 build/led.o
                0x08004618                Follow_OFF
 .text.Follow_ON
                0x0800462c       0x14 build/led.o
                0x0800462c                Follow_ON
 .text.BlueTooth_OFF
                0x08004640       0x14 build/led.o
                0x08004640                BlueTooth_OFF
 .text.BlueTooth_ON
                0x08004654       0x14 build/led.o
                0x08004654                BlueTooth_ON
 .text.Balance_ON
                0x08004668       0x14 build/led.o
                0x08004668                Balance_ON
 .text.OLED_W_SCL
                0x0800467c       0x14 build/OLED.o
                0x0800467c                OLED_W_SCL
 .text.OLED_W_SDA
                0x08004690       0x14 build/OLED.o
                0x08004690                OLED_W_SDA
 .text.OLED_I2C_Init
                0x080046a4       0x10 build/OLED.o
                0x080046a4                OLED_I2C_Init
 .text.OLED_I2C_Start
                0x080046b4       0x1c build/OLED.o
                0x080046b4                OLED_I2C_Start
 .text.OLED_I2C_Stop
                0x080046d0       0x16 build/OLED.o
                0x080046d0                OLED_I2C_Stop
 .text.OLED_I2C_SendByte
                0x080046e6       0x34 build/OLED.o
                0x080046e6                OLED_I2C_SendByte
 .text.OLED_WriteCommand
                0x0800471a       0x20 build/OLED.o
                0x0800471a                OLED_WriteCommand
 .text.OLED_WriteData
                0x0800473a       0x20 build/OLED.o
                0x0800473a                OLED_WriteData
 .text.OLED_SetCursor
                0x0800475a       0x26 build/OLED.o
                0x0800475a                OLED_SetCursor
 .text.OLED_Clear
                0x08004780       0x2c build/OLED.o
                0x08004780                OLED_Clear
 .text.OLED_ShowChar
                0x080047ac       0x6c build/OLED.o
                0x080047ac                OLED_ShowChar
 .text.OLED_ShowString
                0x08004818       0x22 build/OLED.o
                0x08004818                OLED_ShowString
 .text.OLED_Pow
                0x0800483a       0x14 build/OLED.o
                0x0800483a                OLED_Pow
 *fill*         0x0800484e        0x2 
 .text.OLED_ShowSignedNum
                0x08004850       0x64 build/OLED.o
                0x08004850                OLED_ShowSignedNum
 .text.OLED_Init
                0x080048b4       0xae build/OLED.o
                0x080048b4                OLED_Init
 *fill*         0x08004962        0x2 
 .text.decode_gesture
                0x08004964       0x3c build/inv_mpu_dmp_motion_driver.o
 .text.dmp_load_motion_driver_firmware
                0x080049a0       0x18 build/inv_mpu_dmp_motion_driver.o
                0x080049a0                dmp_load_motion_driver_firmware
 .text.dmp_set_orientation
                0x080049b8      0x14c build/inv_mpu_dmp_motion_driver.o
                0x080049b8                dmp_set_orientation
 .text.dmp_set_gyro_bias
                0x08004b04      0x110 build/inv_mpu_dmp_motion_driver.o
                0x08004b04                dmp_set_gyro_bias
 .text.dmp_set_accel_bias
                0x08004c14       0xf4 build/inv_mpu_dmp_motion_driver.o
                0x08004c14                dmp_set_accel_bias
 .text.dmp_set_fifo_rate
                0x08004d08       0x68 build/inv_mpu_dmp_motion_driver.o
                0x08004d08                dmp_set_fifo_rate
 .text.dmp_set_tap_thresh
                0x08004d70      0x1a0 build/inv_mpu_dmp_motion_driver.o
                0x08004d70                dmp_set_tap_thresh
 .text.dmp_set_tap_axes
                0x08004f10       0x4e build/inv_mpu_dmp_motion_driver.o
                0x08004f10                dmp_set_tap_axes
 .text.dmp_set_tap_count
                0x08004f5e       0x2c build/inv_mpu_dmp_motion_driver.o
                0x08004f5e                dmp_set_tap_count
 *fill*         0x08004f8a        0x2 
 .text.dmp_set_tap_time
                0x08004f8c       0x30 build/inv_mpu_dmp_motion_driver.o
                0x08004f8c                dmp_set_tap_time
 .text.dmp_set_tap_time_multi
                0x08004fbc       0x30 build/inv_mpu_dmp_motion_driver.o
                0x08004fbc                dmp_set_tap_time_multi
 .text.dmp_set_shake_reject_thresh
                0x08004fec       0x44 build/inv_mpu_dmp_motion_driver.o
                0x08004fec                dmp_set_shake_reject_thresh
 .text.dmp_set_shake_reject_time
                0x08005030       0x2c build/inv_mpu_dmp_motion_driver.o
                0x08005030                dmp_set_shake_reject_time
 .text.dmp_set_shake_reject_timeout
                0x0800505c       0x2c build/inv_mpu_dmp_motion_driver.o
                0x0800505c                dmp_set_shake_reject_timeout
 .text.dmp_enable_gyro_cal
                0x08005088       0x44 build/inv_mpu_dmp_motion_driver.o
                0x08005088                dmp_enable_gyro_cal
 .text.dmp_enable_lp_quat
                0x080050cc       0x3c build/inv_mpu_dmp_motion_driver.o
                0x080050cc                dmp_enable_lp_quat
 .text.dmp_enable_6x_lp_quat
                0x08005108       0x3c build/inv_mpu_dmp_motion_driver.o
                0x08005108                dmp_enable_6x_lp_quat
 .text.dmp_enable_feature
                0x08005144      0x218 build/inv_mpu_dmp_motion_driver.o
                0x08005144                dmp_enable_feature
 .text.dmp_read_fifo
                0x0800535c      0x1ec build/inv_mpu_dmp_motion_driver.o
                0x0800535c                dmp_read_fifo
 .text.get_accel_prod_shift
                0x08005548       0xc4 build/inv_mpu.o
 .text.accel_self_test
                0x0800560c       0xa8 build/inv_mpu.o
 .text.gyro_self_test
                0x080056b4      0x100 build/inv_mpu.o
 .text.set_int_enable
                0x080057b4       0x98 build/inv_mpu.o
 .text.get_st_biases
                0x0800584c      0x428 build/inv_mpu.o
 .text.mpu_reset_fifo
                0x08005c74      0x1f8 build/inv_mpu.o
                0x08005c74                mpu_reset_fifo
 .text.mpu_get_gyro_fsr
                0x08005e6c       0x3c build/inv_mpu.o
                0x08005e6c                mpu_get_gyro_fsr
 .text.mpu_set_gyro_fsr
                0x08005ea8       0x98 build/inv_mpu.o
                0x08005ea8                mpu_set_gyro_fsr
 .text.mpu_get_accel_fsr
                0x08005f40       0x44 build/inv_mpu.o
                0x08005f40                mpu_get_accel_fsr
 .text.mpu_set_accel_fsr
                0x08005f84       0x94 build/inv_mpu.o
                0x08005f84                mpu_set_accel_fsr
 .text.mpu_get_lpf
                0x08006018       0x44 build/inv_mpu.o
                0x08006018                mpu_get_lpf
 .text.mpu_set_lpf
                0x0800605c       0x94 build/inv_mpu.o
                0x0800605c                mpu_set_lpf
 .text.mpu_get_sample_rate
                0x080060f0       0x1c build/inv_mpu.o
                0x080060f0                mpu_get_sample_rate
 .text.mpu_get_gyro_sens
                0x0800610c       0x4c build/inv_mpu.o
                0x0800610c                mpu_get_gyro_sens
 .text.mpu_get_accel_sens
                0x08006158       0x4c build/inv_mpu.o
                0x08006158                mpu_get_accel_sens
 .text.mpu_get_fifo_config
                0x080061a4       0x10 build/inv_mpu.o
                0x080061a4                mpu_get_fifo_config
 .text.mpu_configure_fifo
                0x080061b4       0x64 build/inv_mpu.o
                0x080061b4                mpu_configure_fifo
 .text.mpu_read_fifo_stream
                0x08006218       0xc0 build/inv_mpu.o
                0x08006218                mpu_read_fifo_stream
 .text.mpu_set_bypass
                0x080062d8      0x168 build/inv_mpu.o
                0x080062d8                mpu_set_bypass
 .text.mpu_set_int_latched
                0x08006440       0x74 build/inv_mpu.o
                0x08006440                mpu_set_int_latched
 .text.mpu_lp_accel_mode
                0x080064b4       0xdc build/inv_mpu.o
                0x080064b4                mpu_lp_accel_mode
 .text.mpu_set_sample_rate
                0x08006590       0xa0 build/inv_mpu.o
                0x08006590                mpu_set_sample_rate
 .text.mpu_set_sensors
                0x08006630       0xe4 build/inv_mpu.o
                0x08006630                mpu_set_sensors
 .text.mpu_init
                0x08006714      0x1b8 build/inv_mpu.o
                0x08006714                mpu_init
 .text.mpu_write_mem
                0x080068cc       0x74 build/inv_mpu.o
                0x080068cc                mpu_write_mem
 .text.mpu_read_mem
                0x08006940       0x74 build/inv_mpu.o
                0x08006940                mpu_read_mem
 .text.mpu_load_firmware
                0x080069b4       0xb4 build/inv_mpu.o
                0x080069b4                mpu_load_firmware
 .text.mpu_set_dmp_state
                0x08006a68       0x94 build/inv_mpu.o
                0x08006a68                mpu_set_dmp_state
 .text.mpu_run_self_test
                0x08006afc      0x104 build/inv_mpu.o
                0x08006afc                mpu_run_self_test
 .text.run_self_test
                0x08006c00       0x88 build/inv_mpu.o
                0x08006c00                run_self_test
 .text.inv_row_2_scale
                0x08006c88       0x3a build/inv_mpu.o
                0x08006c88                inv_row_2_scale
 .text.inv_orientation_matrix_to_scalar
                0x08006cc2       0x24 build/inv_mpu.o
                0x08006cc2                inv_orientation_matrix_to_scalar
 .text.mget_ms  0x08006ce6        0x2 build/inv_mpu.o
                0x08006ce6                mget_ms
 .text.mpu_dmp_init
                0x08006ce8       0xa4 build/inv_mpu.o
                0x08006ce8                mpu_dmp_init
 *fill*         0x08006d8c        0x4 
 .text.mpu_dmp_get_data
                0x08006d90      0x1c8 build/inv_mpu.o
                0x08006d90                mpu_dmp_get_data
 .text.IIC_Start
                0x08006f58       0x3c build/IIC.o
                0x08006f58                IIC_Start
 .text.IIC_Stop
                0x08006f94       0x30 build/IIC.o
                0x08006f94                IIC_Stop
 .text.IIC_Send_Byte
                0x08006fc4       0x68 build/IIC.o
                0x08006fc4                IIC_Send_Byte
 .text.IIC_Wait_Ack
                0x0800702c       0x40 build/IIC.o
                0x0800702c                IIC_Wait_Ack
 .text.IIC_Ack  0x0800706c       0x3c build/IIC.o
                0x0800706c                IIC_Ack
 .text.IIC_NAck
                0x080070a8       0x30 build/IIC.o
                0x080070a8                IIC_NAck
 .text.IIC_Read_Byte
                0x080070d8       0x58 build/IIC.o
                0x080070d8                IIC_Read_Byte
 .text.IIC_GPIO_Init
                0x08007130       0x40 build/IIC.o
                0x08007130                IIC_GPIO_Init
 .text.MPU_Write_Len
                0x08007170       0x62 build/mpu6050.o
                0x08007170                MPU_Write_Len
 .text.MPU_Read_Len
                0x080071d2       0x6c build/mpu6050.o
                0x080071d2                MPU_Read_Len
 .text.MPU_Get_Gyroscope
                0x0800723e       0x46 build/mpu6050.o
                0x0800723e                MPU_Get_Gyroscope
 .text.MPU_Write_Byte
                0x08007284       0x46 build/mpu6050.o
                0x08007284                MPU_Write_Byte
 .text.MPU_Set_Gyro_Fsr
                0x080072ca       0x10 build/mpu6050.o
                0x080072ca                MPU_Set_Gyro_Fsr
 .text.MPU_Set_Accel_Fsr
                0x080072da       0x10 build/mpu6050.o
                0x080072da                MPU_Set_Accel_Fsr
 .text.MPU_Set_LPF
                0x080072ea       0x34 build/mpu6050.o
                0x080072ea                MPU_Set_LPF
 .text.MPU_Set_Rate
                0x0800731e       0x32 build/mpu6050.o
                0x0800731e                MPU_Set_Rate
 .text.MPU_Read_Byte
                0x08007350       0x3a build/mpu6050.o
                0x08007350                MPU_Read_Byte
 .text.MPU_Init
                0x0800738a       0x76 build/mpu6050.o
                0x0800738a                MPU_Init
 .text.mpu6050_init
                0x08007400       0x12 build/mpu6050.o
                0x08007400                mpu6050_init
 *fill*         0x08007412        0x2 
 .text.motor_init
                0x08007414       0x4c build/motor.o
                0x08007414                motor_init
 .text.angle_left_duty
                0x08007460       0x4c build/motor.o
                0x08007460                angle_left_duty
 .text.angle_right_duty
                0x080074ac       0x4c build/motor.o
                0x080074ac                angle_right_duty
 .text.motor_duty
                0x080074f8       0x10 build/motor.o
                0x080074f8                motor_duty
 .text.encoder_init
                0x08007508       0x30 build/encoder.o
                0x08007508                encoder_init
 .text.Encoder_left_Get
                0x08007538       0x14 build/encoder.o
                0x08007538                Encoder_left_Get
 .text.Encoder_right_Get
                0x0800754c       0x14 build/encoder.o
                0x0800754c                Encoder_right_Get
 .text.UpdateEncoderCounts
                0x08007560       0x1c build/encoder.o
                0x08007560                UpdateEncoderCounts
 .text.Filter_Distance
                0x0800757c       0x4c build/hcsr04.o
 .text.delay_us
                0x080075c8       0x2c build/hcsr04.o
 .text.DWT_Init
                0x080075f4       0x28 build/hcsr04.o
                0x080075f4                DWT_Init
 .text.HCSR04_Read
                0x0800761c       0xb0 build/hcsr04.o
                0x0800761c                HCSR04_Read
 .text.HAL_UART_RxCpltCallback
                0x080076cc       0xe0 build/hc06.o
                0x080076cc                HAL_UART_RxCpltCallback
 .text.Bluetooth
                0x080077ac       0x78 build/hc06.o
                0x080077ac                Bluetooth
 .text.tim2_init
                0x08007824       0x10 build/timer.o
                0x08007824                tim2_init
 .text.MX_TIM1_Init
                0x08007834       0x6c build/tim.o
                0x08007834                MX_TIM1_Init
 .text.MX_TIM2_Init
                0x080078a0       0x70 build/tim.o
                0x080078a0                MX_TIM2_Init
 .text.MX_TIM4_Init
                0x08007910       0x6c build/tim.o
                0x08007910                MX_TIM4_Init
 .text.HAL_TIM_Encoder_MspInit
                0x0800797c       0xa8 build/tim.o
                0x0800797c                HAL_TIM_Encoder_MspInit
 .text.HAL_TIM_Base_MspInit
                0x08007a24       0x3a build/tim.o
                0x08007a24                HAL_TIM_Base_MspInit
 *fill*         0x08007a5e        0x2 
 .text.HAL_TIM_PWM_MspInit
                0x08007a60       0x2c build/tim.o
                0x08007a60                HAL_TIM_PWM_MspInit
 .text.HAL_TIM_MspPostInit
                0x08007a8c       0x50 build/tim.o
                0x08007a8c                HAL_TIM_MspPostInit
 .text.MX_TIM3_Init
                0x08007adc       0x94 build/tim.o
                0x08007adc                MX_TIM3_Init
 .text.TIM_OC1_SetConfig
                0x08007b70       0x54 build/stm32f1xx_hal_tim.o
 .text.TIM_OC3_SetConfig
                0x08007bc4       0x5c build/stm32f1xx_hal_tim.o
 .text.TIM_OC4_SetConfig
                0x08007c20       0x48 build/stm32f1xx_hal_tim.o
 .text.TIM_TI1_ConfigInputStage
                0x08007c68       0x24 build/stm32f1xx_hal_tim.o
 .text.TIM_TI2_ConfigInputStage
                0x08007c8c       0x26 build/stm32f1xx_hal_tim.o
 .text.TIM_ITRx_SetConfig
                0x08007cb2       0x10 build/stm32f1xx_hal_tim.o
 *fill*         0x08007cc2        0x2 
 .text.HAL_TIM_Base_Start_IT
                0x08007cc4       0x68 build/stm32f1xx_hal_tim.o
                0x08007cc4                HAL_TIM_Base_Start_IT
 .text.HAL_TIM_OC_DelayElapsedCallback
                0x08007d2c        0x2 build/stm32f1xx_hal_tim.o
                0x08007d2c                HAL_TIM_OC_DelayElapsedCallback
 .text.HAL_TIM_IC_CaptureCallback
                0x08007d2e        0x2 build/stm32f1xx_hal_tim.o
                0x08007d2e                HAL_TIM_IC_CaptureCallback
 .text.HAL_TIM_PWM_PulseFinishedCallback
                0x08007d30        0x2 build/stm32f1xx_hal_tim.o
                0x08007d30                HAL_TIM_PWM_PulseFinishedCallback
 .text.HAL_TIM_TriggerCallback
                0x08007d32        0x2 build/stm32f1xx_hal_tim.o
                0x08007d32                HAL_TIM_TriggerCallback
 .text.HAL_TIM_IRQHandler
                0x08007d34      0x15e build/stm32f1xx_hal_tim.o
                0x08007d34                HAL_TIM_IRQHandler
 *fill*         0x08007e92        0x2 
 .text.TIM_Base_SetConfig
                0x08007e94       0x84 build/stm32f1xx_hal_tim.o
                0x08007e94                TIM_Base_SetConfig
 .text.HAL_TIM_Base_Init
                0x08007f18       0x58 build/stm32f1xx_hal_tim.o
                0x08007f18                HAL_TIM_Base_Init
 .text.HAL_TIM_PWM_Init
                0x08007f70       0x58 build/stm32f1xx_hal_tim.o
                0x08007f70                HAL_TIM_PWM_Init
 .text.HAL_TIM_Encoder_Init
                0x08007fc8       0xb6 build/stm32f1xx_hal_tim.o
                0x08007fc8                HAL_TIM_Encoder_Init
 *fill*         0x0800807e        0x2 
 .text.TIM_OC2_SetConfig
                0x08008080       0x5c build/stm32f1xx_hal_tim.o
                0x08008080                TIM_OC2_SetConfig
 .text.HAL_TIM_PWM_ConfigChannel
                0x080080dc       0xdc build/stm32f1xx_hal_tim.o
                0x080080dc                HAL_TIM_PWM_ConfigChannel
 .text.TIM_ETR_SetConfig
                0x080081b8       0x18 build/stm32f1xx_hal_tim.o
                0x080081b8                TIM_ETR_SetConfig
 .text.HAL_TIM_ConfigClockSource
                0x080081d0       0xfe build/stm32f1xx_hal_tim.o
                0x080081d0                HAL_TIM_ConfigClockSource
 .text.TIM_CCxChannelCmd
                0x080082ce       0x1e build/stm32f1xx_hal_tim.o
                0x080082ce                TIM_CCxChannelCmd
 .text.HAL_TIM_PWM_Start
                0x080082ec       0xdc build/stm32f1xx_hal_tim.o
                0x080082ec                HAL_TIM_PWM_Start
 .text.HAL_TIM_Encoder_Start
                0x080083c8       0xcc build/stm32f1xx_hal_tim.o
                0x080083c8                HAL_TIM_Encoder_Start
 .text.HAL_TIMEx_MasterConfigSynchronization
                0x08008494       0x6c build/stm32f1xx_hal_tim_ex.o
                0x08008494                HAL_TIMEx_MasterConfigSynchronization
 .text.HAL_TIMEx_CommutCallback
                0x08008500        0x2 build/stm32f1xx_hal_tim_ex.o
                0x08008500                HAL_TIMEx_CommutCallback
 .text.HAL_TIMEx_BreakCallback
                0x08008502        0x2 build/stm32f1xx_hal_tim_ex.o
                0x08008502                HAL_TIMEx_BreakCallback
 .text.MX_USART2_UART_Init
                0x08008504       0x34 build/usart.o
                0x08008504                MX_USART2_UART_Init
 .text.HAL_UART_MspInit
                0x08008538       0x88 build/usart.o
                0x08008538                HAL_UART_MspInit
 .text.UART_EndRxTransfer
                0x080085c0       0x5c build/stm32f1xx_hal_uart.o
 .text.UART_Transmit_IT
                0x0800861c       0x60 build/stm32f1xx_hal_uart.o
 .text.UART_SetConfig
                0x0800867c       0x94 build/stm32f1xx_hal_uart.o
 .text.HAL_UART_Init
                0x08008710       0x60 build/stm32f1xx_hal_uart.o
                0x08008710                HAL_UART_Init
 .text.HAL_UART_TxCpltCallback
                0x08008770        0x2 build/stm32f1xx_hal_uart.o
                0x08008770                HAL_UART_TxCpltCallback
 .text.UART_EndTransmit_IT
                0x08008772       0x1a build/stm32f1xx_hal_uart.o
 .text.HAL_UART_ErrorCallback
                0x0800878c        0x2 build/stm32f1xx_hal_uart.o
                0x0800878c                HAL_UART_ErrorCallback
 .text.UART_DMAAbortOnError
                0x0800878e       0x10 build/stm32f1xx_hal_uart.o
 .text.HAL_UARTEx_RxEventCallback
                0x0800879e        0x2 build/stm32f1xx_hal_uart.o
                0x0800879e                HAL_UARTEx_RxEventCallback
 .text.UART_Receive_IT
                0x080087a0       0xe6 build/stm32f1xx_hal_uart.o
 *fill*         0x08008886        0x2 
 .text.HAL_UART_IRQHandler
                0x08008888      0x284 build/stm32f1xx_hal_uart.o
                0x08008888                HAL_UART_IRQHandler
 .text.UART_Start_Receive_IT
                0x08008b0c       0x36 build/stm32f1xx_hal_uart.o
                0x08008b0c                UART_Start_Receive_IT
 .text.HAL_UART_Receive_IT
                0x08008b42       0x26 build/stm32f1xx_hal_uart.o
                0x08008b42                HAL_UART_Receive_IT
 .text.Reset_Handler
                0x08008b68       0x48 build/startup_stm32f103xb.o
                0x08008b68                Reset_Handler
 .text.Default_Handler
                0x08008bb0        0x2 build/startup_stm32f103xb.o
                0x08008bb0                RTC_Alarm_IRQHandler
                0x08008bb0                EXTI2_IRQHandler
                0x08008bb0                TIM1_CC_IRQHandler
                0x08008bb0                PVD_IRQHandler
                0x08008bb0                EXTI3_IRQHandler
                0x08008bb0                I2C2_EV_IRQHandler
                0x08008bb0                ADC1_2_IRQHandler
                0x08008bb0                SPI1_IRQHandler
                0x08008bb0                TAMPER_IRQHandler
                0x08008bb0                DMA1_Channel4_IRQHandler
                0x08008bb0                USART3_IRQHandler
                0x08008bb0                RTC_IRQHandler
                0x08008bb0                DMA1_Channel7_IRQHandler
                0x08008bb0                CAN1_RX1_IRQHandler
                0x08008bb0                TIM4_IRQHandler
                0x08008bb0                I2C1_EV_IRQHandler
                0x08008bb0                DMA1_Channel6_IRQHandler
                0x08008bb0                TIM3_IRQHandler
                0x08008bb0                RCC_IRQHandler
                0x08008bb0                TIM1_TRG_COM_IRQHandler
                0x08008bb0                DMA1_Channel1_IRQHandler
                0x08008bb0                Default_Handler
                0x08008bb0                EXTI15_10_IRQHandler
                0x08008bb0                EXTI9_5_IRQHandler
                0x08008bb0                SPI2_IRQHandler
                0x08008bb0                DMA1_Channel5_IRQHandler
                0x08008bb0                EXTI4_IRQHandler
                0x08008bb0                USB_LP_CAN1_RX0_IRQHandler
                0x08008bb0                USB_HP_CAN1_TX_IRQHandler
                0x08008bb0                DMA1_Channel3_IRQHandler
                0x08008bb0                TIM1_UP_IRQHandler
                0x08008bb0                WWDG_IRQHandler
                0x08008bb0                TIM1_BRK_IRQHandler
                0x08008bb0                EXTI1_IRQHandler
                0x08008bb0                I2C2_ER_IRQHandler
                0x08008bb0                DMA1_Channel2_IRQHandler
                0x08008bb0                CAN1_SCE_IRQHandler
                0x08008bb0                FLASH_IRQHandler
                0x08008bb0                USART1_IRQHandler
                0x08008bb0                I2C1_ER_IRQHandler
                0x08008bb0                USBWakeUp_IRQHandler
 .text.__udivmoddi4
                0x08008bb2      0x2a0 D:/Application/Work/MSYS2/ucrt64/bin/../lib/gcc/arm-none-eabi/13.3.0/thumb/v7-m/nofp\libgcc.a(_udivmoddi4.o)
                0x08008bb2                __udivmoddi4
 *(.glue_7)
 .glue_7        0x08008e52        0x0 linker stubs
 *(.glue_7t)
 .glue_7t       0x08008e52        0x0 linker stubs
 *(.eh_frame)
 *fill*         0x08008e52        0x2 
 .eh_frame      0x08008e54        0x0 D:/Application/Work/MSYS2/ucrt64/bin/../lib/gcc/arm-none-eabi/13.3.0/thumb/v7-m/nofp/crtbegin.o
 *(.init)
 .init          0x08008e54        0x4 D:/Application/Work/MSYS2/ucrt64/bin/../lib/gcc/arm-none-eabi/13.3.0/thumb/v7-m/nofp/crti.o
                0x08008e54                _init
 .init          0x08008e58        0x8 D:/Application/Work/MSYS2/ucrt64/bin/../lib/gcc/arm-none-eabi/13.3.0/thumb/v7-m/nofp/crtn.o
 *(.fini)
 .fini          0x08008e60        0x4 D:/Application/Work/MSYS2/ucrt64/bin/../lib/gcc/arm-none-eabi/13.3.0/thumb/v7-m/nofp/crti.o
                0x08008e60                _fini
 .fini          0x08008e64        0x8 D:/Application/Work/MSYS2/ucrt64/bin/../lib/gcc/arm-none-eabi/13.3.0/thumb/v7-m/nofp/crtn.o
                0x08008e6c                        . = ALIGN (0x4)
                0x08008e6c                        _etext = .

.vfp11_veneer   0x08008e6c        0x0
 .vfp11_veneer  0x08008e6c        0x0 linker stubs

.v4_bx          0x08008e6c        0x0
 .v4_bx         0x08008e6c        0x0 linker stubs

.iplt           0x08008e6c        0x0
 .iplt          0x08008e6c        0x0 D:/Application/Work/MSYS2/ucrt64/bin/../lib/gcc/arm-none-eabi/13.3.0/thumb/v7-m/nofp/crtbegin.o

.rodata         0x08008e70     0x13f8
                0x08008e70                        . = ALIGN (0x4)
 *(.rodata)
 .rodata        0x08008e70       0x30 D:/Application/Work/MSYS2/ucrt64/bin/../lib/gcc/arm-none-eabi/13.3.0/../../../../arm-none-eabi/lib/thumb/v7-m/nofp\libm.a(libm_a-e_atan2.o)
 .rodata        0x08008ea0       0x40 D:/Application/Work/MSYS2/ucrt64/bin/../lib/gcc/arm-none-eabi/13.3.0/../../../../arm-none-eabi/lib/thumb/v7-m/nofp\libm.a(libm_a-s_atan.o)
 .rodata        0x08008ee0       0x10 D:/Application/Work/MSYS2/ucrt64/bin/../lib/gcc/arm-none-eabi/13.3.0/../../../../arm-none-eabi/lib/thumb/v7-m/nofp\libm.a(libm_a-e_sqrt.o)
 *(.rodata*)
 .rodata.main.str1.4
                0x08008ef0      0x111 build/main.o
                                  0xa (size before relaxing)
 *fill*         0x08009001        0x3 
 .rodata.aPredivFactorTable.0
                0x08009004        0x2 build/stm32f1xx_hal_rcc.o
 *fill*         0x08009006        0x2 
 .rodata.aPLLMULFactorTable.1
                0x08009008       0x10 build/stm32f1xx_hal_rcc.o
 .rodata.APBPrescTable
                0x08009018        0x8 build/system_stm32f1xx.o
                0x08009018                APBPrescTable
 .rodata.AHBPrescTable
                0x08009020       0x10 build/system_stm32f1xx.o
                0x08009020                AHBPrescTable
 .rodata.OLED_F8x16
                0x08009030      0x5f0 build/OLED.o
                0x08009030                OLED_F8x16
 .rodata.dmp_set_orientation.str1.4
                0x08009620        0x0 build/inv_mpu_dmp_motion_driver.o
                                 0x10 (size before relaxing)
 .rodata.dmp_set_fifo_rate.str1.4
                0x08009620        0x0 build/inv_mpu_dmp_motion_driver.o
                                  0xd (size before relaxing)
 .rodata.dmp_enable_gyro_cal.str1.4
                0x08009620        0x0 build/inv_mpu_dmp_motion_driver.o
                                 0x16 (size before relaxing)
 .rodata.dmp_memory
                0x08009620      0xbf6 build/inv_mpu_dmp_motion_driver.o
 .rodata.mpu_init.str1.4
                0x0800a216        0x0 build/inv_mpu.o
                                 0x91 (size before relaxing)
 *fill*         0x0800a216        0x2 
 .rodata.test   0x0800a218       0x28 build/inv_mpu.o
                0x0800a218                test
 .rodata.hw     0x0800a240        0xc build/inv_mpu.o
                0x0800a240                hw
 .rodata.reg    0x0800a24c       0x1b build/inv_mpu.o
                0x0800a24c                reg
 .rodata.str1.4
                0x0800a267        0x0 D:/Application/Work/MSYS2/ucrt64/bin/../lib/gcc/arm-none-eabi/13.3.0/../../../../arm-none-eabi/lib/thumb/v7-m/nofp\libc_nano.a(libc_a-nano-vfprintf.o)
                                 0x13 (size before relaxing)
 .rodata.str1.4
                0x0800a267        0x0 D:/Application/Work/MSYS2/ucrt64/bin/../lib/gcc/arm-none-eabi/13.3.0/../../../../arm-none-eabi/lib/thumb/v7-m/nofp\libc_nano.a(libc_a-nano-vfprintf_i.o)
                                 0x25 (size before relaxing)
 .rodata.str1.4
                0x0800a267        0x0 D:/Application/Work/MSYS2/ucrt64/bin/../lib/gcc/arm-none-eabi/13.3.0/../../../../arm-none-eabi/lib/thumb/v7-m/nofp\libm.a(libm_a-w_asin.o)
                                  0x1 (size before relaxing)
                0x0800a268                        . = ALIGN (0x4)
 *fill*         0x0800a267        0x1 

.ARM.extab      0x0800a268        0x0
                0x0800a268                        . = ALIGN (0x4)
 *(.ARM.extab* .gnu.linkonce.armextab.*)
                0x0800a268                        . = ALIGN (0x4)

.ARM            0x0800a268        0x8
                0x0800a268                        . = ALIGN (0x4)
                0x0800a268                        __exidx_start = .
 *(.ARM.exidx*)
 .ARM.exidx     0x0800a268        0x8 D:/Application/Work/MSYS2/ucrt64/bin/../lib/gcc/arm-none-eabi/13.3.0/../../../../arm-none-eabi/lib/thumb/v7-m/nofp\libc_nano.a(libc_a-memcpy.o)
 .ARM.exidx.text.__udivmoddi4
                0x0800a270        0x0 D:/Application/Work/MSYS2/ucrt64/bin/../lib/gcc/arm-none-eabi/13.3.0/thumb/v7-m/nofp\libgcc.a(_udivmoddi4.o)
                                  0x8 (size before relaxing)
                0x0800a270                        __exidx_end = .
                0x0800a270                        . = ALIGN (0x4)

.preinit_array  0x0800a270        0x0
                0x0800a270                        . = ALIGN (0x4)
                0x0800a270                        PROVIDE (__preinit_array_start = .)
 *(.preinit_array*)
                0x0800a270                        PROVIDE (__preinit_array_end = .)
                0x0800a270                        . = ALIGN (0x4)

.init_array     0x0800a270        0x4
                0x0800a270                        . = ALIGN (0x4)
                0x0800a270                        PROVIDE (__init_array_start = .)
 *(SORT_BY_NAME(.init_array.*))
 *(.init_array*)
 .init_array    0x0800a270        0x4 D:/Application/Work/MSYS2/ucrt64/bin/../lib/gcc/arm-none-eabi/13.3.0/thumb/v7-m/nofp/crtbegin.o
                0x0800a274                        PROVIDE (__init_array_end = .)
                0x0800a274                        . = ALIGN (0x4)

.fini_array     0x0800a274        0x4
                0x0800a274                        . = ALIGN (0x4)
                0x0800a274                        PROVIDE (__fini_array_start = .)
 *(SORT_BY_NAME(.fini_array.*))
 *(.fini_array*)
 .fini_array    0x0800a274        0x4 D:/Application/Work/MSYS2/ucrt64/bin/../lib/gcc/arm-none-eabi/13.3.0/thumb/v7-m/nofp/crtbegin.o
                0x0800a278                        PROVIDE (__fini_array_end = .)
                0x0800a278                        . = ALIGN (0x4)
                0x0800a278                        _sidata = LOADADDR (.data)

.rel.dyn        0x0800a278        0x0
 .rel.iplt      0x0800a278        0x0 D:/Application/Work/MSYS2/ucrt64/bin/../lib/gcc/arm-none-eabi/13.3.0/thumb/v7-m/nofp/crtbegin.o

.data           0x20000000       0xa0 load address 0x0800a278
                0x20000000                        . = ALIGN (0x4)
                0x20000000                        _sdata = .
 *(.data)
 .data          0x20000000        0xc D:/Application/Work/MSYS2/ucrt64/bin/../lib/gcc/arm-none-eabi/13.3.0/../../../../arm-none-eabi/lib/thumb/v7-m/nofp\libc_nano.a(libc_a-findfp.o)
                0x20000000                __sglue
 .data          0x2000000c       0x50 D:/Application/Work/MSYS2/ucrt64/bin/../lib/gcc/arm-none-eabi/13.3.0/../../../../arm-none-eabi/lib/thumb/v7-m/nofp\libc_nano.a(libc_a-impure.o)
                0x2000000c                _impure_ptr
                0x20000010                _impure_data
 *(.data*)
 .data.uwTickFreq
                0x2000005c        0x1 build/stm32f1xx_hal.o
                0x2000005c                uwTickFreq
 *fill*         0x2000005d        0x3 
 .data.uwTickPrio
                0x20000060        0x4 build/stm32f1xx_hal.o
                0x20000060                uwTickPrio
 .data.SystemCoreClock
                0x20000064        0x4 build/system_stm32f1xx.o
                0x20000064                SystemCoreClock
 .data.gyro_orientation
                0x20000068        0x9 build/inv_mpu.o
 *fill*         0x20000071        0x3 
 .data.st       0x20000074       0x2c build/inv_mpu.o
 *(.RamFunc)
 *(.RamFunc*)
                0x200000a0                        . = ALIGN (0x4)
                0x200000a0                        _edata = .

.igot.plt       0x200000a0        0x0 load address 0x0800a318
 .igot.plt      0x200000a0        0x0 D:/Application/Work/MSYS2/ucrt64/bin/../lib/gcc/arm-none-eabi/13.3.0/thumb/v7-m/nofp/crtbegin.o
                0x200000a0                        . = ALIGN (0x4)

.bss            0x200000a0      0x33c load address 0x0800a318
                0x200000a0                        _sbss = .
                0x200000a0                        __bss_start__ = _sbss
 *(.bss)
 .bss           0x200000a0      0x13c D:/Application/Work/MSYS2/ucrt64/bin/../lib/gcc/arm-none-eabi/13.3.0/../../../../arm-none-eabi/lib/thumb/v7-m/nofp\libc_nano.a(libc_a-findfp.o)
                0x200000a0                __sf
                0x200001d8                __stdio_exit_handler
 .bss           0x200001dc        0x4 D:/Application/Work/MSYS2/ucrt64/bin/../lib/gcc/arm-none-eabi/13.3.0/../../../../arm-none-eabi/lib/thumb/v7-m/nofp\libc_nano.a(libc_a-reent.o)
                0x200001dc                errno
 .bss           0x200001e0       0x1d D:/Application/Work/MSYS2/ucrt64/bin/../lib/gcc/arm-none-eabi/13.3.0/../../../../arm-none-eabi/lib/thumb/v7-m/nofp\libc_nano.a(libc_a-lock.o)
                0x200001e0                __lock___arc4random_mutex
                0x200001e4                __lock___dd_hash_mutex
                0x200001e8                __lock___tz_mutex
                0x200001ec                __lock___env_recursive_mutex
                0x200001f0                __lock___malloc_recursive_mutex
                0x200001f4                __lock___at_quick_exit_mutex
                0x200001f8                __lock___atexit_recursive_mutex
                0x200001fc                __lock___sfp_recursive_mutex
 *fill*         0x200001fd        0x3 
 .bss           0x20000200        0x8 D:/Application/Work/MSYS2/ucrt64/bin/../lib/gcc/arm-none-eabi/13.3.0/../../../../arm-none-eabi/lib/thumb/v7-m/nofp\libc_nano.a(libc_a-mallocr.o)
                0x20000200                __malloc_sbrk_start
                0x20000204                __malloc_free_list
 *(.bss*)
 .bss.completed.1
                0x20000208        0x1 D:/Application/Work/MSYS2/ucrt64/bin/../lib/gcc/arm-none-eabi/13.3.0/thumb/v7-m/nofp/crtbegin.o
 *fill*         0x20000209        0x3 
 .bss.object.0  0x2000020c       0x18 D:/Application/Work/MSYS2/ucrt64/bin/../lib/gcc/arm-none-eabi/13.3.0/thumb/v7-m/nofp/crtbegin.o
 .bss.cnt       0x20000224        0x2 build/main.o
                0x20000224                cnt
 .bss.gyroz     0x20000226        0x2 build/main.o
                0x20000226                gyroz
 .bss.gyroy     0x20000228        0x2 build/main.o
                0x20000228                gyroy
 .bss.gyrox     0x2000022a        0x2 build/main.o
                0x2000022a                gyrox
 .bss.yaw       0x2000022c        0x4 build/main.o
                0x2000022c                yaw
 .bss.roll      0x20000230        0x4 build/main.o
                0x20000230                roll
 .bss.pitch     0x20000234        0x4 build/main.o
                0x20000234                pitch
 .bss.uwTick    0x20000238        0x4 build/stm32f1xx_hal.o
                0x20000238                uwTick
 .bss.__sbrk_heap_end
                0x2000023c        0x4 build/sysmem.o
 .bss.dmp       0x20000240       0x10 build/inv_mpu_dmp_motion_driver.o
 .bss.right_encoder
                0x20000250        0x2 build/encoder.o
                0x20000250                right_encoder
 .bss.left_encoder
                0x20000252        0x2 build/encoder.o
                0x20000252                left_encoder
 .bss.filter_index
                0x20000254        0x1 build/hcsr04.o
                0x20000254                filter_index
 *fill*         0x20000255        0x3 
 .bss.distance_buffer
                0x20000258       0x14 build/hcsr04.o
                0x20000258                distance_buffer
 .bss.bt_cmd    0x2000026c        0x4 build/hc06.o
                0x2000026c                bt_cmd
 .bss.Serial_RxFlag
                0x20000270        0x1 build/hc06.o
                0x20000270                Serial_RxFlag
 .bss.Serial_RxData
                0x20000271        0x1 build/hc06.o
                0x20000271                Serial_RxData
 *fill*         0x20000272        0x2 
 .bss.htim4     0x20000274       0x48 build/tim.o
                0x20000274                htim4
 .bss.htim3     0x200002bc       0x48 build/tim.o
                0x200002bc                htim3
 .bss.htim2     0x20000304       0x48 build/tim.o
                0x20000304                htim2
 .bss.htim1     0x2000034c       0x48 build/tim.o
                0x2000034c                htim1
 .bss.huart2    0x20000394       0x48 build/usart.o
                0x20000394                huart2
 *(COMMON)
                0x200003dc                        . = ALIGN (0x4)
                0x200003dc                        _ebss = .
                0x200003dc                        __bss_end__ = _ebss

._user_heap_stack
                0x200003dc      0x604 load address 0x0800a318
                0x200003e0                        . = ALIGN (0x8)
 *fill*         0x200003dc        0x4 
                [!provide]                        PROVIDE (end = .)
                0x200003e0                        PROVIDE (_end = .)
                0x200005e0                        . = (. + _Min_Heap_Size)
 *fill*         0x200003e0      0x200 
                0x200009e0                        . = (. + _Min_Stack_Size)
 *fill*         0x200005e0      0x400 
                0x200009e0                        . = ALIGN (0x8)

/DISCARD/
 libc.a(*)
 libm.a(*)
 libgcc.a(*)
OUTPUT(build/Balance_Car.elf elf32-littlearm)
LOAD linker stubs
LOAD D:/Application/Work/MSYS2/ucrt64/bin/../lib/gcc/arm-none-eabi/13.3.0/../../../../arm-none-eabi/lib/thumb/v7-m/nofp\libc.a
LOAD D:/Application/Work/MSYS2/ucrt64/bin/../lib/gcc/arm-none-eabi/13.3.0/../../../../arm-none-eabi/lib/thumb/v7-m/nofp\libm.a
LOAD D:/Application/Work/MSYS2/ucrt64/bin/../lib/gcc/arm-none-eabi/13.3.0/thumb/v7-m/nofp\libgcc.a

.ARM.attributes
                0x00000000       0x29
 .ARM.attributes
                0x00000000       0x1d D:/Application/Work/MSYS2/ucrt64/bin/../lib/gcc/arm-none-eabi/13.3.0/thumb/v7-m/nofp/crti.o
 .ARM.attributes
                0x0000001d       0x2d D:/Application/Work/MSYS2/ucrt64/bin/../lib/gcc/arm-none-eabi/13.3.0/thumb/v7-m/nofp/crtbegin.o
 .ARM.attributes
                0x0000004a       0x2d build/main.o
 .ARM.attributes
                0x00000077       0x2d build/gpio.o
 .ARM.attributes
                0x000000a4       0x2d build/stm32f1xx_it.o
 .ARM.attributes
                0x000000d1       0x2d build/stm32f1xx_hal_msp.o
 .ARM.attributes
                0x000000fe       0x2d build/stm32f1xx_hal.o
 .ARM.attributes
                0x0000012b       0x2d build/stm32f1xx_hal_rcc.o
 .ARM.attributes
                0x00000158       0x2d build/stm32f1xx_hal_gpio.o
 .ARM.attributes
                0x00000185       0x2d build/stm32f1xx_hal_dma.o
 .ARM.attributes
                0x000001b2       0x2d build/stm32f1xx_hal_cortex.o
 .ARM.attributes
                0x000001df       0x2d build/system_stm32f1xx.o
 .ARM.attributes
                0x0000020c       0x2d build/sysmem.o
 .ARM.attributes
                0x00000239       0x2d build/syscalls.o
 .ARM.attributes
                0x00000266       0x2d build/led.o
 .ARM.attributes
                0x00000293       0x2d build/OLED.o
 .ARM.attributes
                0x000002c0       0x2d build/inv_mpu_dmp_motion_driver.o
 .ARM.attributes
                0x000002ed       0x2d build/inv_mpu.o
 .ARM.attributes
                0x0000031a       0x2d build/IIC.o
 .ARM.attributes
                0x00000347       0x2d build/mpu6050.o
 .ARM.attributes
                0x00000374       0x2d build/motor.o
 .ARM.attributes
                0x000003a1       0x2d build/encoder.o
 .ARM.attributes
                0x000003ce       0x2d build/hcsr04.o
 .ARM.attributes
                0x000003fb       0x2d build/hc06.o
 .ARM.attributes
                0x00000428       0x2d build/timer.o
 .ARM.attributes
                0x00000455       0x2d build/tim.o
 .ARM.attributes
                0x00000482       0x2d build/stm32f1xx_hal_tim.o
 .ARM.attributes
                0x000004af       0x2d build/stm32f1xx_hal_tim_ex.o
 .ARM.attributes
                0x000004dc       0x2d build/usart.o
 .ARM.attributes
                0x00000509       0x2d build/stm32f1xx_hal_uart.o
 .ARM.attributes
                0x00000536       0x21 build/startup_stm32f103xb.o
 .ARM.attributes
                0x00000557       0x2d D:/Application/Work/MSYS2/ucrt64/bin/../lib/gcc/arm-none-eabi/13.3.0/../../../../arm-none-eabi/lib/thumb/v7-m/nofp\libc_nano.a(libc_a-findfp.o)
 .ARM.attributes
                0x00000584       0x2d D:/Application/Work/MSYS2/ucrt64/bin/../lib/gcc/arm-none-eabi/13.3.0/../../../../arm-none-eabi/lib/thumb/v7-m/nofp\libc_nano.a(libc_a-fwalk.o)
 .ARM.attributes
                0x000005b1       0x2d D:/Application/Work/MSYS2/ucrt64/bin/../lib/gcc/arm-none-eabi/13.3.0/../../../../arm-none-eabi/lib/thumb/v7-m/nofp\libc_nano.a(libc_a-printf.o)
 .ARM.attributes
                0x000005de       0x2d D:/Application/Work/MSYS2/ucrt64/bin/../lib/gcc/arm-none-eabi/13.3.0/../../../../arm-none-eabi/lib/thumb/v7-m/nofp\libc_nano.a(libc_a-puts.o)
 .ARM.attributes
                0x0000060b       0x2d D:/Application/Work/MSYS2/ucrt64/bin/../lib/gcc/arm-none-eabi/13.3.0/../../../../arm-none-eabi/lib/thumb/v7-m/nofp\libc_nano.a(libc_a-stdio.o)
 .ARM.attributes
                0x00000638       0x2d D:/Application/Work/MSYS2/ucrt64/bin/../lib/gcc/arm-none-eabi/13.3.0/../../../../arm-none-eabi/lib/thumb/v7-m/nofp\libc_nano.a(libc_a-wbuf.o)
 .ARM.attributes
                0x00000665       0x2d D:/Application/Work/MSYS2/ucrt64/bin/../lib/gcc/arm-none-eabi/13.3.0/../../../../arm-none-eabi/lib/thumb/v7-m/nofp\libc_nano.a(libc_a-wsetup.o)
 .ARM.attributes
                0x00000692       0x2d D:/Application/Work/MSYS2/ucrt64/bin/../lib/gcc/arm-none-eabi/13.3.0/../../../../arm-none-eabi/lib/thumb/v7-m/nofp\libc_nano.a(libc_a-memcmp.o)
 .ARM.attributes
                0x000006bf       0x2d D:/Application/Work/MSYS2/ucrt64/bin/../lib/gcc/arm-none-eabi/13.3.0/../../../../arm-none-eabi/lib/thumb/v7-m/nofp\libc_nano.a(libc_a-memset.o)
 .ARM.attributes
                0x000006ec       0x2d D:/Application/Work/MSYS2/ucrt64/bin/../lib/gcc/arm-none-eabi/13.3.0/../../../../arm-none-eabi/lib/thumb/v7-m/nofp\libc_nano.a(libc_a-closer.o)
 .ARM.attributes
                0x00000719       0x2d D:/Application/Work/MSYS2/ucrt64/bin/../lib/gcc/arm-none-eabi/13.3.0/../../../../arm-none-eabi/lib/thumb/v7-m/nofp\libc_nano.a(libc_a-reent.o)
 .ARM.attributes
                0x00000746       0x2d D:/Application/Work/MSYS2/ucrt64/bin/../lib/gcc/arm-none-eabi/13.3.0/../../../../arm-none-eabi/lib/thumb/v7-m/nofp\libc_nano.a(libc_a-impure.o)
 .ARM.attributes
                0x00000773       0x2d D:/Application/Work/MSYS2/ucrt64/bin/../lib/gcc/arm-none-eabi/13.3.0/../../../../arm-none-eabi/lib/thumb/v7-m/nofp\libc_nano.a(libc_a-lseekr.o)
 .ARM.attributes
                0x000007a0       0x2d D:/Application/Work/MSYS2/ucrt64/bin/../lib/gcc/arm-none-eabi/13.3.0/../../../../arm-none-eabi/lib/thumb/v7-m/nofp\libc_nano.a(libc_a-readr.o)
 .ARM.attributes
                0x000007cd       0x2d D:/Application/Work/MSYS2/ucrt64/bin/../lib/gcc/arm-none-eabi/13.3.0/../../../../arm-none-eabi/lib/thumb/v7-m/nofp\libc_nano.a(libc_a-writer.o)
 .ARM.attributes
                0x000007fa       0x2d D:/Application/Work/MSYS2/ucrt64/bin/../lib/gcc/arm-none-eabi/13.3.0/../../../../arm-none-eabi/lib/thumb/v7-m/nofp\libc_nano.a(libc_a-errno.o)
 .ARM.attributes
                0x00000827       0x2d D:/Application/Work/MSYS2/ucrt64/bin/../lib/gcc/arm-none-eabi/13.3.0/../../../../arm-none-eabi/lib/thumb/v7-m/nofp\libc_nano.a(libc_a-init.o)
 .ARM.attributes
                0x00000854       0x2d D:/Application/Work/MSYS2/ucrt64/bin/../lib/gcc/arm-none-eabi/13.3.0/../../../../arm-none-eabi/lib/thumb/v7-m/nofp\libc_nano.a(libc_a-lock.o)
 .ARM.attributes
                0x00000881       0x2d D:/Application/Work/MSYS2/ucrt64/bin/../lib/gcc/arm-none-eabi/13.3.0/../../../../arm-none-eabi/lib/thumb/v7-m/nofp\libc_nano.a(libc_a-freer.o)
 .ARM.attributes
                0x000008ae       0x2d D:/Application/Work/MSYS2/ucrt64/bin/../lib/gcc/arm-none-eabi/13.3.0/../../../../arm-none-eabi/lib/thumb/v7-m/nofp\libc_nano.a(libc_a-mallocr.o)
 .ARM.attributes
                0x000008db       0x2d D:/Application/Work/MSYS2/ucrt64/bin/../lib/gcc/arm-none-eabi/13.3.0/../../../../arm-none-eabi/lib/thumb/v7-m/nofp\libc_nano.a(libc_a-mlock.o)
 .ARM.attributes
                0x00000908       0x2d D:/Application/Work/MSYS2/ucrt64/bin/../lib/gcc/arm-none-eabi/13.3.0/../../../../arm-none-eabi/lib/thumb/v7-m/nofp\libc_nano.a(libc_a-nano-vfprintf.o)
 .ARM.attributes
                0x00000935       0x2d D:/Application/Work/MSYS2/ucrt64/bin/../lib/gcc/arm-none-eabi/13.3.0/../../../../arm-none-eabi/lib/thumb/v7-m/nofp\libc_nano.a(libc_a-nano-vfprintf_i.o)
 .ARM.attributes
                0x00000962       0x2d D:/Application/Work/MSYS2/ucrt64/bin/../lib/gcc/arm-none-eabi/13.3.0/../../../../arm-none-eabi/lib/thumb/v7-m/nofp\libc_nano.a(libc_a-fflush.o)
 .ARM.attributes
                0x0000098f       0x2d D:/Application/Work/MSYS2/ucrt64/bin/../lib/gcc/arm-none-eabi/13.3.0/../../../../arm-none-eabi/lib/thumb/v7-m/nofp\libc_nano.a(libc_a-fvwrite.o)
 .ARM.attributes
                0x000009bc       0x2d D:/Application/Work/MSYS2/ucrt64/bin/../lib/gcc/arm-none-eabi/13.3.0/../../../../arm-none-eabi/lib/thumb/v7-m/nofp\libc_nano.a(libc_a-makebuf.o)
 .ARM.attributes
                0x000009e9       0x2d D:/Application/Work/MSYS2/ucrt64/bin/../lib/gcc/arm-none-eabi/13.3.0/../../../../arm-none-eabi/lib/thumb/v7-m/nofp\libc_nano.a(libc_a-memmove.o)
 .ARM.attributes
                0x00000a16       0x2d D:/Application/Work/MSYS2/ucrt64/bin/../lib/gcc/arm-none-eabi/13.3.0/../../../../arm-none-eabi/lib/thumb/v7-m/nofp\libc_nano.a(libc_a-fstatr.o)
 .ARM.attributes
                0x00000a43       0x2d D:/Application/Work/MSYS2/ucrt64/bin/../lib/gcc/arm-none-eabi/13.3.0/../../../../arm-none-eabi/lib/thumb/v7-m/nofp\libc_nano.a(libc_a-isattyr.o)
 .ARM.attributes
                0x00000a70       0x2d D:/Application/Work/MSYS2/ucrt64/bin/../lib/gcc/arm-none-eabi/13.3.0/../../../../arm-none-eabi/lib/thumb/v7-m/nofp\libc_nano.a(libc_a-sbrkr.o)
 .ARM.attributes
                0x00000a9d       0x2d D:/Application/Work/MSYS2/ucrt64/bin/../lib/gcc/arm-none-eabi/13.3.0/../../../../arm-none-eabi/lib/thumb/v7-m/nofp\libc_nano.a(libc_a-memchr-stub.o)
 .ARM.attributes
                0x00000aca       0x1b D:/Application/Work/MSYS2/ucrt64/bin/../lib/gcc/arm-none-eabi/13.3.0/../../../../arm-none-eabi/lib/thumb/v7-m/nofp\libc_nano.a(libc_a-memcpy.o)
 .ARM.attributes
                0x00000ae5       0x2d D:/Application/Work/MSYS2/ucrt64/bin/../lib/gcc/arm-none-eabi/13.3.0/../../../../arm-none-eabi/lib/thumb/v7-m/nofp\libc_nano.a(libc_a-reallocr.o)
 .ARM.attributes
                0x00000b12       0x2d D:/Application/Work/MSYS2/ucrt64/bin/../lib/gcc/arm-none-eabi/13.3.0/../../../../arm-none-eabi/lib/thumb/v7-m/nofp\libc_nano.a(libc_a-msizer.o)
 .ARM.attributes
                0x00000b3f       0x2d D:/Application/Work/MSYS2/ucrt64/bin/../lib/gcc/arm-none-eabi/13.3.0/../../../../arm-none-eabi/lib/thumb/v7-m/nofp\libm.a(libm_a-w_asin.o)
 .ARM.attributes
                0x00000b6c       0x2d D:/Application/Work/MSYS2/ucrt64/bin/../lib/gcc/arm-none-eabi/13.3.0/../../../../arm-none-eabi/lib/thumb/v7-m/nofp\libm.a(libm_a-w_atan2.o)
 .ARM.attributes
                0x00000b99       0x2d D:/Application/Work/MSYS2/ucrt64/bin/../lib/gcc/arm-none-eabi/13.3.0/../../../../arm-none-eabi/lib/thumb/v7-m/nofp\libm.a(libm_a-s_fabs.o)
 .ARM.attributes
                0x00000bc6       0x2d D:/Application/Work/MSYS2/ucrt64/bin/../lib/gcc/arm-none-eabi/13.3.0/../../../../arm-none-eabi/lib/thumb/v7-m/nofp\libm.a(libm_a-s_nan.o)
 .ARM.attributes
                0x00000bf3       0x2d D:/Application/Work/MSYS2/ucrt64/bin/../lib/gcc/arm-none-eabi/13.3.0/../../../../arm-none-eabi/lib/thumb/v7-m/nofp\libm.a(libm_a-e_asin.o)
 .ARM.attributes
                0x00000c20       0x2d D:/Application/Work/MSYS2/ucrt64/bin/../lib/gcc/arm-none-eabi/13.3.0/../../../../arm-none-eabi/lib/thumb/v7-m/nofp\libm.a(libm_a-e_atan2.o)
 .ARM.attributes
                0x00000c4d       0x2d D:/Application/Work/MSYS2/ucrt64/bin/../lib/gcc/arm-none-eabi/13.3.0/../../../../arm-none-eabi/lib/thumb/v7-m/nofp\libm.a(libm_a-s_atan.o)
 .ARM.attributes
                0x00000c7a       0x2d D:/Application/Work/MSYS2/ucrt64/bin/../lib/gcc/arm-none-eabi/13.3.0/../../../../arm-none-eabi/lib/thumb/v7-m/nofp\libm.a(libm_a-e_sqrt.o)
 .ARM.attributes
                0x00000ca7       0x1d D:/Application/Work/MSYS2/ucrt64/bin/../lib/gcc/arm-none-eabi/13.3.0/thumb/v7-m/nofp\libgcc.a(_arm_addsubdf3.o)
 .ARM.attributes
                0x00000cc4       0x1d D:/Application/Work/MSYS2/ucrt64/bin/../lib/gcc/arm-none-eabi/13.3.0/thumb/v7-m/nofp\libgcc.a(_arm_muldivdf3.o)
 .ARM.attributes
                0x00000ce1       0x1d D:/Application/Work/MSYS2/ucrt64/bin/../lib/gcc/arm-none-eabi/13.3.0/thumb/v7-m/nofp\libgcc.a(_arm_cmpdf2.o)
 .ARM.attributes
                0x00000cfe       0x1d D:/Application/Work/MSYS2/ucrt64/bin/../lib/gcc/arm-none-eabi/13.3.0/thumb/v7-m/nofp\libgcc.a(_arm_unorddf2.o)
 .ARM.attributes
                0x00000d1b       0x1d D:/Application/Work/MSYS2/ucrt64/bin/../lib/gcc/arm-none-eabi/13.3.0/thumb/v7-m/nofp\libgcc.a(_arm_truncdfsf2.o)
 .ARM.attributes
                0x00000d38       0x1d D:/Application/Work/MSYS2/ucrt64/bin/../lib/gcc/arm-none-eabi/13.3.0/thumb/v7-m/nofp\libgcc.a(_arm_addsubsf3.o)
 .ARM.attributes
                0x00000d55       0x1d D:/Application/Work/MSYS2/ucrt64/bin/../lib/gcc/arm-none-eabi/13.3.0/thumb/v7-m/nofp\libgcc.a(_arm_muldivsf3.o)
 .ARM.attributes
                0x00000d72       0x1d D:/Application/Work/MSYS2/ucrt64/bin/../lib/gcc/arm-none-eabi/13.3.0/thumb/v7-m/nofp\libgcc.a(_arm_cmpsf2.o)
 .ARM.attributes
                0x00000d8f       0x1d D:/Application/Work/MSYS2/ucrt64/bin/../lib/gcc/arm-none-eabi/13.3.0/thumb/v7-m/nofp\libgcc.a(_arm_fixsfsi.o)
 .ARM.attributes
                0x00000dac       0x1d D:/Application/Work/MSYS2/ucrt64/bin/../lib/gcc/arm-none-eabi/13.3.0/thumb/v7-m/nofp\libgcc.a(_arm_fixunssfsi.o)
 .ARM.attributes
                0x00000dc9       0x1d D:/Application/Work/MSYS2/ucrt64/bin/../lib/gcc/arm-none-eabi/13.3.0/thumb/v7-m/nofp\libgcc.a(_aeabi_ldivmod.o)
 .ARM.attributes
                0x00000de6       0x2d D:/Application/Work/MSYS2/ucrt64/bin/../lib/gcc/arm-none-eabi/13.3.0/thumb/v7-m/nofp\libgcc.a(_udivmoddi4.o)
 .ARM.attributes
                0x00000e13       0x1d D:/Application/Work/MSYS2/ucrt64/bin/../lib/gcc/arm-none-eabi/13.3.0/thumb/v7-m/nofp\libgcc.a(_dvmd_tls.o)
 .ARM.attributes
                0x00000e30       0x1d D:/Application/Work/MSYS2/ucrt64/bin/../lib/gcc/arm-none-eabi/13.3.0/thumb/v7-m/nofp/crtn.o

.comment        0x00000000       0x12
 .comment       0x00000000       0x12 build/main.o
                                 0x13 (size before relaxing)
 .comment       0x00000012        0x0 build/gpio.o
                                 0x13 (size before relaxing)
 .comment       0x00000012        0x0 build/stm32f1xx_it.o
                                 0x13 (size before relaxing)
 .comment       0x00000012        0x0 build/stm32f1xx_hal_msp.o
                                 0x13 (size before relaxing)
 .comment       0x00000012        0x0 build/stm32f1xx_hal.o
                                 0x13 (size before relaxing)
 .comment       0x00000012        0x0 build/stm32f1xx_hal_rcc.o
                                 0x13 (size before relaxing)
 .comment       0x00000012        0x0 build/stm32f1xx_hal_gpio.o
                                 0x13 (size before relaxing)
 .comment       0x00000012        0x0 build/stm32f1xx_hal_dma.o
                                 0x13 (size before relaxing)
 .comment       0x00000012        0x0 build/stm32f1xx_hal_cortex.o
                                 0x13 (size before relaxing)
 .comment       0x00000012        0x0 build/system_stm32f1xx.o
                                 0x13 (size before relaxing)
 .comment       0x00000012        0x0 build/sysmem.o
                                 0x13 (size before relaxing)
 .comment       0x00000012        0x0 build/syscalls.o
                                 0x13 (size before relaxing)
 .comment       0x00000012        0x0 build/led.o
                                 0x13 (size before relaxing)
 .comment       0x00000012        0x0 build/OLED.o
                                 0x13 (size before relaxing)
 .comment       0x00000012        0x0 build/inv_mpu_dmp_motion_driver.o
                                 0x13 (size before relaxing)
 .comment       0x00000012        0x0 build/inv_mpu.o
                                 0x13 (size before relaxing)
 .comment       0x00000012        0x0 build/IIC.o
                                 0x13 (size before relaxing)
 .comment       0x00000012        0x0 build/mpu6050.o
                                 0x13 (size before relaxing)
 .comment       0x00000012        0x0 build/motor.o
                                 0x13 (size before relaxing)
 .comment       0x00000012        0x0 build/encoder.o
                                 0x13 (size before relaxing)
 .comment       0x00000012        0x0 build/hcsr04.o
                                 0x13 (size before relaxing)
 .comment       0x00000012        0x0 build/hc06.o
                                 0x13 (size before relaxing)
 .comment       0x00000012        0x0 build/timer.o
                                 0x13 (size before relaxing)
 .comment       0x00000012        0x0 build/tim.o
                                 0x13 (size before relaxing)
 .comment       0x00000012        0x0 build/stm32f1xx_hal_tim.o
                                 0x13 (size before relaxing)
 .comment       0x00000012        0x0 build/stm32f1xx_hal_tim_ex.o
                                 0x13 (size before relaxing)
 .comment       0x00000012        0x0 build/usart.o
                                 0x13 (size before relaxing)
 .comment       0x00000012        0x0 build/stm32f1xx_hal_uart.o
                                 0x13 (size before relaxing)
 .comment       0x00000012        0x0 D:/Application/Work/MSYS2/ucrt64/bin/../lib/gcc/arm-none-eabi/13.3.0/../../../../arm-none-eabi/lib/thumb/v7-m/nofp\libc_nano.a(libc_a-findfp.o)
                                 0x13 (size before relaxing)
 .comment       0x00000012        0x0 D:/Application/Work/MSYS2/ucrt64/bin/../lib/gcc/arm-none-eabi/13.3.0/../../../../arm-none-eabi/lib/thumb/v7-m/nofp\libc_nano.a(libc_a-fwalk.o)
                                 0x13 (size before relaxing)
 .comment       0x00000012        0x0 D:/Application/Work/MSYS2/ucrt64/bin/../lib/gcc/arm-none-eabi/13.3.0/../../../../arm-none-eabi/lib/thumb/v7-m/nofp\libc_nano.a(libc_a-printf.o)
                                 0x13 (size before relaxing)
 .comment       0x00000012        0x0 D:/Application/Work/MSYS2/ucrt64/bin/../lib/gcc/arm-none-eabi/13.3.0/../../../../arm-none-eabi/lib/thumb/v7-m/nofp\libc_nano.a(libc_a-puts.o)
                                 0x13 (size before relaxing)
 .comment       0x00000012        0x0 D:/Application/Work/MSYS2/ucrt64/bin/../lib/gcc/arm-none-eabi/13.3.0/../../../../arm-none-eabi/lib/thumb/v7-m/nofp\libc_nano.a(libc_a-stdio.o)
                                 0x13 (size before relaxing)
 .comment       0x00000012        0x0 D:/Application/Work/MSYS2/ucrt64/bin/../lib/gcc/arm-none-eabi/13.3.0/../../../../arm-none-eabi/lib/thumb/v7-m/nofp\libc_nano.a(libc_a-wbuf.o)
                                 0x13 (size before relaxing)
 .comment       0x00000012        0x0 D:/Application/Work/MSYS2/ucrt64/bin/../lib/gcc/arm-none-eabi/13.3.0/../../../../arm-none-eabi/lib/thumb/v7-m/nofp\libc_nano.a(libc_a-wsetup.o)
                                 0x13 (size before relaxing)
 .comment       0x00000012        0x0 D:/Application/Work/MSYS2/ucrt64/bin/../lib/gcc/arm-none-eabi/13.3.0/../../../../arm-none-eabi/lib/thumb/v7-m/nofp\libc_nano.a(libc_a-memcmp.o)
                                 0x13 (size before relaxing)
 .comment       0x00000012        0x0 D:/Application/Work/MSYS2/ucrt64/bin/../lib/gcc/arm-none-eabi/13.3.0/../../../../arm-none-eabi/lib/thumb/v7-m/nofp\libc_nano.a(libc_a-memset.o)
                                 0x13 (size before relaxing)
 .comment       0x00000012        0x0 D:/Application/Work/MSYS2/ucrt64/bin/../lib/gcc/arm-none-eabi/13.3.0/../../../../arm-none-eabi/lib/thumb/v7-m/nofp\libc_nano.a(libc_a-closer.o)
                                 0x13 (size before relaxing)
 .comment       0x00000012        0x0 D:/Application/Work/MSYS2/ucrt64/bin/../lib/gcc/arm-none-eabi/13.3.0/../../../../arm-none-eabi/lib/thumb/v7-m/nofp\libc_nano.a(libc_a-reent.o)
                                 0x13 (size before relaxing)
 .comment       0x00000012        0x0 D:/Application/Work/MSYS2/ucrt64/bin/../lib/gcc/arm-none-eabi/13.3.0/../../../../arm-none-eabi/lib/thumb/v7-m/nofp\libc_nano.a(libc_a-impure.o)
                                 0x13 (size before relaxing)
 .comment       0x00000012        0x0 D:/Application/Work/MSYS2/ucrt64/bin/../lib/gcc/arm-none-eabi/13.3.0/../../../../arm-none-eabi/lib/thumb/v7-m/nofp\libc_nano.a(libc_a-lseekr.o)
                                 0x13 (size before relaxing)
 .comment       0x00000012        0x0 D:/Application/Work/MSYS2/ucrt64/bin/../lib/gcc/arm-none-eabi/13.3.0/../../../../arm-none-eabi/lib/thumb/v7-m/nofp\libc_nano.a(libc_a-readr.o)
                                 0x13 (size before relaxing)
 .comment       0x00000012        0x0 D:/Application/Work/MSYS2/ucrt64/bin/../lib/gcc/arm-none-eabi/13.3.0/../../../../arm-none-eabi/lib/thumb/v7-m/nofp\libc_nano.a(libc_a-writer.o)
                                 0x13 (size before relaxing)
 .comment       0x00000012        0x0 D:/Application/Work/MSYS2/ucrt64/bin/../lib/gcc/arm-none-eabi/13.3.0/../../../../arm-none-eabi/lib/thumb/v7-m/nofp\libc_nano.a(libc_a-errno.o)
                                 0x13 (size before relaxing)
 .comment       0x00000012        0x0 D:/Application/Work/MSYS2/ucrt64/bin/../lib/gcc/arm-none-eabi/13.3.0/../../../../arm-none-eabi/lib/thumb/v7-m/nofp\libc_nano.a(libc_a-init.o)
                                 0x13 (size before relaxing)
 .comment       0x00000012        0x0 D:/Application/Work/MSYS2/ucrt64/bin/../lib/gcc/arm-none-eabi/13.3.0/../../../../arm-none-eabi/lib/thumb/v7-m/nofp\libc_nano.a(libc_a-lock.o)
                                 0x13 (size before relaxing)
 .comment       0x00000012        0x0 D:/Application/Work/MSYS2/ucrt64/bin/../lib/gcc/arm-none-eabi/13.3.0/../../../../arm-none-eabi/lib/thumb/v7-m/nofp\libc_nano.a(libc_a-freer.o)
                                 0x13 (size before relaxing)
 .comment       0x00000012        0x0 D:/Application/Work/MSYS2/ucrt64/bin/../lib/gcc/arm-none-eabi/13.3.0/../../../../arm-none-eabi/lib/thumb/v7-m/nofp\libc_nano.a(libc_a-mallocr.o)
                                 0x13 (size before relaxing)
 .comment       0x00000012        0x0 D:/Application/Work/MSYS2/ucrt64/bin/../lib/gcc/arm-none-eabi/13.3.0/../../../../arm-none-eabi/lib/thumb/v7-m/nofp\libc_nano.a(libc_a-mlock.o)
                                 0x13 (size before relaxing)
 .comment       0x00000012        0x0 D:/Application/Work/MSYS2/ucrt64/bin/../lib/gcc/arm-none-eabi/13.3.0/../../../../arm-none-eabi/lib/thumb/v7-m/nofp\libc_nano.a(libc_a-nano-vfprintf.o)
                                 0x13 (size before relaxing)
 .comment       0x00000012        0x0 D:/Application/Work/MSYS2/ucrt64/bin/../lib/gcc/arm-none-eabi/13.3.0/../../../../arm-none-eabi/lib/thumb/v7-m/nofp\libc_nano.a(libc_a-nano-vfprintf_i.o)
                                 0x13 (size before relaxing)
 .comment       0x00000012        0x0 D:/Application/Work/MSYS2/ucrt64/bin/../lib/gcc/arm-none-eabi/13.3.0/../../../../arm-none-eabi/lib/thumb/v7-m/nofp\libc_nano.a(libc_a-fflush.o)
                                 0x13 (size before relaxing)
 .comment       0x00000012        0x0 D:/Application/Work/MSYS2/ucrt64/bin/../lib/gcc/arm-none-eabi/13.3.0/../../../../arm-none-eabi/lib/thumb/v7-m/nofp\libc_nano.a(libc_a-fvwrite.o)
                                 0x13 (size before relaxing)
 .comment       0x00000012        0x0 D:/Application/Work/MSYS2/ucrt64/bin/../lib/gcc/arm-none-eabi/13.3.0/../../../../arm-none-eabi/lib/thumb/v7-m/nofp\libc_nano.a(libc_a-makebuf.o)
                                 0x13 (size before relaxing)
 .comment       0x00000012        0x0 D:/Application/Work/MSYS2/ucrt64/bin/../lib/gcc/arm-none-eabi/13.3.0/../../../../arm-none-eabi/lib/thumb/v7-m/nofp\libc_nano.a(libc_a-memmove.o)
                                 0x13 (size before relaxing)
 .comment       0x00000012        0x0 D:/Application/Work/MSYS2/ucrt64/bin/../lib/gcc/arm-none-eabi/13.3.0/../../../../arm-none-eabi/lib/thumb/v7-m/nofp\libc_nano.a(libc_a-fstatr.o)
                                 0x13 (size before relaxing)
 .comment       0x00000012        0x0 D:/Application/Work/MSYS2/ucrt64/bin/../lib/gcc/arm-none-eabi/13.3.0/../../../../arm-none-eabi/lib/thumb/v7-m/nofp\libc_nano.a(libc_a-isattyr.o)
                                 0x13 (size before relaxing)
 .comment       0x00000012        0x0 D:/Application/Work/MSYS2/ucrt64/bin/../lib/gcc/arm-none-eabi/13.3.0/../../../../arm-none-eabi/lib/thumb/v7-m/nofp\libc_nano.a(libc_a-sbrkr.o)
                                 0x13 (size before relaxing)
 .comment       0x00000012        0x0 D:/Application/Work/MSYS2/ucrt64/bin/../lib/gcc/arm-none-eabi/13.3.0/../../../../arm-none-eabi/lib/thumb/v7-m/nofp\libc_nano.a(libc_a-memchr-stub.o)
                                 0x13 (size before relaxing)
 .comment       0x00000012        0x0 D:/Application/Work/MSYS2/ucrt64/bin/../lib/gcc/arm-none-eabi/13.3.0/../../../../arm-none-eabi/lib/thumb/v7-m/nofp\libc_nano.a(libc_a-reallocr.o)
                                 0x13 (size before relaxing)
 .comment       0x00000012        0x0 D:/Application/Work/MSYS2/ucrt64/bin/../lib/gcc/arm-none-eabi/13.3.0/../../../../arm-none-eabi/lib/thumb/v7-m/nofp\libc_nano.a(libc_a-msizer.o)
                                 0x13 (size before relaxing)
 .comment       0x00000012        0x0 D:/Application/Work/MSYS2/ucrt64/bin/../lib/gcc/arm-none-eabi/13.3.0/thumb/v7-m/nofp\libgcc.a(_udivmoddi4.o)
                                 0x13 (size before relaxing)

.debug_info     0x00000000    0x2c2d7
 .debug_info    0x00000000     0x10b9 build/main.o
 .debug_info    0x000010b9      0x613 build/gpio.o
 .debug_info    0x000016cc      0xb14 build/stm32f1xx_it.o
 .debug_info    0x000021e0      0x238 build/stm32f1xx_hal_msp.o
 .debug_info    0x00002418      0x880 build/stm32f1xx_hal.o
 .debug_info    0x00002c98      0xb10 build/stm32f1xx_hal_rcc.o
 .debug_info    0x000037a8      0x6d7 build/stm32f1xx_hal_gpio.o
 .debug_info    0x00003e7f      0x8d5 build/stm32f1xx_hal_dma.o
 .debug_info    0x00004754      0xe3f build/stm32f1xx_hal_cortex.o
 .debug_info    0x00005593      0x26e build/system_stm32f1xx.o
 .debug_info    0x00005801      0x18c build/sysmem.o
 .debug_info    0x0000598d      0x853 build/syscalls.o
 .debug_info    0x000061e0      0x2f3 build/led.o
 .debug_info    0x000064d3      0xd44 build/OLED.o
 .debug_info    0x00007217     0x14d5 build/inv_mpu_dmp_motion_driver.o
 .debug_info    0x000086ec     0x2fcd build/inv_mpu.o
 .debug_info    0x0000b6b9      0x85c build/IIC.o
 .debug_info    0x0000bf15      0xa78 build/mpu6050.o
 .debug_info    0x0000c98d      0xa7f build/motor.o
 .debug_info    0x0000d40c      0x86b build/encoder.o