Archive member included to satisfy reference by file (symbol)

D:/Application/Work/MSYS2/ucrt64/bin/../lib/gcc/arm-none-eabi/13.3.0/../../../../arm-none-eabi/lib/thumb/v7-m/nofp\libc_nano.a(libc_a-atexit.o)
                              D:/Application/Work/MSYS2/ucrt64/bin/../lib/gcc/arm-none-eabi/13.3.0/../../../../arm-none-eabi/lib/thumb/v7-m/nofp/crt0.o (atexit)
D:/Application/Work/MSYS2/ucrt64/bin/../lib/gcc/arm-none-eabi/13.3.0/../../../../arm-none-eabi/lib/thumb/v7-m/nofp\libc_nano.a(libc_a-exit.o)
                              D:/Application/Work/MSYS2/ucrt64/bin/../lib/gcc/arm-none-eabi/13.3.0/../../../../arm-none-eabi/lib/thumb/v7-m/nofp/crt0.o (exit)
D:/Application/Work/MSYS2/ucrt64/bin/../lib/gcc/arm-none-eabi/13.3.0/../../../../arm-none-eabi/lib/thumb/v7-m/nofp\libc_nano.a(libc_a-findfp.o)
                              D:/Application/Work/MSYS2/ucrt64/bin/../lib/gcc/arm-none-eabi/13.3.0/../../../../arm-none-eabi/lib/thumb/v7-m/nofp\libc_nano.a(libc_a-exit.o) (__stdio_exit_handler)
D:/Application/Work/MSYS2/ucrt64/bin/../lib/gcc/arm-none-eabi/13.3.0/../../../../arm-none-eabi/lib/thumb/v7-m/nofp\libc_nano.a(libc_a-fwalk.o)
                              D:/Application/Work/MSYS2/ucrt64/bin/../lib/gcc/arm-none-eabi/13.3.0/../../../../arm-none-eabi/lib/thumb/v7-m/nofp\libc_nano.a(libc_a-findfp.o) (_fwalk_sglue)
D:/Application/Work/MSYS2/ucrt64/bin/../lib/gcc/arm-none-eabi/13.3.0/../../../../arm-none-eabi/lib/thumb/v7-m/nofp\libc_nano.a(libc_a-printf.o)
                              build/inv_mpu.o (printf)
D:/Application/Work/MSYS2/ucrt64/bin/../lib/gcc/arm-none-eabi/13.3.0/../../../../arm-none-eabi/lib/thumb/v7-m/nofp\libc_nano.a(libc_a-puts.o)
                              build/inv_mpu.o (puts)
D:/Application/Work/MSYS2/ucrt64/bin/../lib/gcc/arm-none-eabi/13.3.0/../../../../arm-none-eabi/lib/thumb/v7-m/nofp\libc_nano.a(libc_a-stdio.o)
                              D:/Application/Work/MSYS2/ucrt64/bin/../lib/gcc/arm-none-eabi/13.3.0/../../../../arm-none-eabi/lib/thumb/v7-m/nofp\libc_nano.a(libc_a-findfp.o) (__sread)
D:/Application/Work/MSYS2/ucrt64/bin/../lib/gcc/arm-none-eabi/13.3.0/../../../../arm-none-eabi/lib/thumb/v7-m/nofp\libc_nano.a(libc_a-wbuf.o)
                              D:/Application/Work/MSYS2/ucrt64/bin/../lib/gcc/arm-none-eabi/13.3.0/../../../../arm-none-eabi/lib/thumb/v7-m/nofp\libc_nano.a(libc_a-puts.o) (__swbuf_r)
D:/Application/Work/MSYS2/ucrt64/bin/../lib/gcc/arm-none-eabi/13.3.0/../../../../arm-none-eabi/lib/thumb/v7-m/nofp\libc_nano.a(libc_a-wsetup.o)
                              D:/Application/Work/MSYS2/ucrt64/bin/../lib/gcc/arm-none-eabi/13.3.0/../../../../arm-none-eabi/lib/thumb/v7-m/nofp\libc_nano.a(libc_a-puts.o) (__swsetup_r)
D:/Application/Work/MSYS2/ucrt64/bin/../lib/gcc/arm-none-eabi/13.3.0/../../../../arm-none-eabi/lib/thumb/v7-m/nofp\libc_nano.a(libc_a-memcmp.o)
                              build/inv_mpu.o (memcmp)
D:/Application/Work/MSYS2/ucrt64/bin/../lib/gcc/arm-none-eabi/13.3.0/../../../../arm-none-eabi/lib/thumb/v7-m/nofp\libc_nano.a(libc_a-memset.o)
                              D:/Application/Work/MSYS2/ucrt64/bin/../lib/gcc/arm-none-eabi/13.3.0/../../../../arm-none-eabi/lib/thumb/v7-m/nofp/crt0.o (memset)
D:/Application/Work/MSYS2/ucrt64/bin/../lib/gcc/arm-none-eabi/13.3.0/../../../../arm-none-eabi/lib/thumb/v7-m/nofp\libc_nano.a(libc_a-closer.o)
                              D:/Application/Work/MSYS2/ucrt64/bin/../lib/gcc/arm-none-eabi/13.3.0/../../../../arm-none-eabi/lib/thumb/v7-m/nofp\libc_nano.a(libc_a-stdio.o) (_close_r)
D:/Application/Work/MSYS2/ucrt64/bin/../lib/gcc/arm-none-eabi/13.3.0/../../../../arm-none-eabi/lib/thumb/v7-m/nofp\libc_nano.a(libc_a-reent.o)
                              D:/Application/Work/MSYS2/ucrt64/bin/../lib/gcc/arm-none-eabi/13.3.0/../../../../arm-none-eabi/lib/thumb/v7-m/nofp\libc_nano.a(libc_a-closer.o) (errno)
D:/Application/Work/MSYS2/ucrt64/bin/../lib/gcc/arm-none-eabi/13.3.0/../../../../arm-none-eabi/lib/thumb/v7-m/nofp\libc_nano.a(libc_a-impure.o)
                              D:/Application/Work/MSYS2/ucrt64/bin/../lib/gcc/arm-none-eabi/13.3.0/../../../../arm-none-eabi/lib/thumb/v7-m/nofp\libc_nano.a(libc_a-printf.o) (_impure_ptr)
D:/Application/Work/MSYS2/ucrt64/bin/../lib/gcc/arm-none-eabi/13.3.0/../../../../arm-none-eabi/lib/thumb/v7-m/nofp\libc_nano.a(libc_a-lseekr.o)
                              D:/Application/Work/MSYS2/ucrt64/bin/../lib/gcc/arm-none-eabi/13.3.0/../../../../arm-none-eabi/lib/thumb/v7-m/nofp\libc_nano.a(libc_a-stdio.o) (_lseek_r)
D:/Application/Work/MSYS2/ucrt64/bin/../lib/gcc/arm-none-eabi/13.3.0/../../../../arm-none-eabi/lib/thumb/v7-m/nofp\libc_nano.a(libc_a-readr.o)
                              D:/Application/Work/MSYS2/ucrt64/bin/../lib/gcc/arm-none-eabi/13.3.0/../../../../arm-none-eabi/lib/thumb/v7-m/nofp\libc_nano.a(libc_a-stdio.o) (_read_r)
[...]
Memory Configuration

Name             Origin             Length             Attributes
RAM              0x20000000         0x00005000         xrw
FLASH            0x08000000         0x00010000         xr
*default*        0x00000000         0xffffffff

Linker script and memory map

LOAD D:/Application/Work/MSYS2/ucrt64/bin/../lib/gcc/arm-none-eabi/13.3.0/thumb/v7-m/nofp/crti.o
LOAD D:/Application/Work/MSYS2/ucrt64/bin/../lib/gcc/arm-none-eabi/13.3.0/thumb/v7-m/nofp/crtbegin.o
LOAD D:/Application/Work/MSYS2/ucrt64/bin/../lib/gcc/arm-none-eabi/13.3.0/../../../../arm-none-eabi/lib/thumb/v7-m/nofp/crt0.o
LOAD build/main.o
LOAD build/gpio.o
LOAD build/stm32f1xx_it.o
LOAD build/stm32f1xx_hal_msp.o
LOAD build/stm32f1xx_hal_gpio_ex.o
LOAD build/stm32f1xx_hal.o
LOAD build/stm32f1xx_hal_rcc.o
LOAD build/stm32f1xx_hal_rcc_ex.o
LOAD build/stm32f1xx_hal_gpio.o
LOAD build/stm32f1xx_hal_dma.o
LOAD build/stm32f1xx_hal_cortex.o
LOAD build/stm32f1xx_hal_pwr.o
LOAD build/stm32f1xx_hal_flash.o
LOAD build/stm32f1xx_hal_flash_ex.o
LOAD build/stm32f1xx_hal_exti.o
LOAD build/system_stm32f1xx.o
LOAD build/sysmem.o
LOAD build/syscalls.o
LOAD build/led.o
LOAD build/key.o
LOAD build/buzzer.o
LOAD build/OLED.o
LOAD build/inv_mpu_dmp_motion_driver.o
LOAD build/inv_mpu.o
LOAD build/IIC.o
LOAD build/mpu6050.o
LOAD build/mode.o
LOAD build/startup_stm32f103xb.o
LOAD D:/Application/Work/MSYS2/ucrt64/bin/../lib/gcc/arm-none-eabi/13.3.0/../../../../arm-none-eabi/lib/thumb/v7-m/nofp\libc_nano.a
LOAD D:/Application/Work/MSYS2/ucrt64/bin/../lib/gcc/arm-none-eabi/13.3.0/../../../../arm-none-eabi/lib/thumb/v7-m/nofp\libm.a
LOAD D:/Application/Work/MSYS2/ucrt64/bin/../lib/gcc/arm-none-eabi/13.3.0/../../../../arm-none-eabi/lib/thumb/v7-m/nofp\libnosys.a
START GROUP
LOAD D:/Application/Work/MSYS2/ucrt64/bin/../lib/gcc/arm-none-eabi/13.3.0/thumb/v7-m/nofp\libgcc.a
LOAD D:/Application/Work/MSYS2/ucrt64/bin/../lib/gcc/arm-none-eabi/13.3.0/../../../../arm-none-eabi/lib/thumb/v7-m/nofp\libc_nano.a
END GROUP
START GROUP
LOAD D:/Application/Work/MSYS2/ucrt64/bin/../lib/gcc/arm-none-eabi/13.3.0/thumb/v7-m/nofp\libgcc.a
LOAD D:/Application/Work/MSYS2/ucrt64/bin/../lib/gcc/arm-none-eabi/13.3.0/../../../../arm-none-eabi/lib/thumb/v7-m/nofp\libc_nano.a
END GROUP
LOAD D:/Application/Work/MSYS2/ucrt64/bin/../lib/gcc/arm-none-eabi/13.3.0/thumb/v7-m/nofp/crtend.o
LOAD D:/Application/Work/MSYS2/ucrt64/bin/../lib/gcc/arm-none-eabi/13.3.0/thumb/v7-m/nofp/crtn.o
                0x20005000                        _estack = (ORIGIN (RAM) + LENGTH (RAM))
                0x00000200                        _Min_Heap_Size = 0x200
                0x00000400                        _Min_Stack_Size = 0x400

.isr_vector     0x08000000      0x10c
                0x08000000                        . = ALIGN (0x4)
 *(.isr_vector)
 .isr_vector    0x08000000      0x10c build/startup_stm32f103xb.o
                0x08000000                g_pfnVectors
                0x0800010c                        . = ALIGN (0x4)

.text           0x08000110     0x731c
                0x08000110                        . = ALIGN (0x4)
 *(.text)
 .text          0x08000110      0x2dc D:/Application/Work/MSYS2/ucrt64/bin/../lib/gcc/arm-none-eabi/13.3.0/../../../../arm-none-eabi/lib/thumb/v7-m/nofp\libc_nano.a(libc_a-findfp.o)
                0x0800028c                __sfp
                0x0800034c                __sinit
                0x0800038c                __sfp_lock_acquire
                0x08000398                __sfp_lock_release
                0x080003a4                __fp_lock_all
                0x080003c8                __fp_unlock_all
 .text          0x080003ec       0x44 D:/Application/Work/MSYS2/ucrt64/bin/../lib/gcc/arm-none-eabi/13.3.0/../../../../arm-none-eabi/lib/thumb/v7-m/nofp\libc_nano.a(libc_a-fwalk.o)
                0x080003ec                _fwalk_sglue
 .text          0x08000430       0x48 D:/Application/Work/MSYS2/ucrt64/bin/../lib/gcc/arm-none-eabi/13.3.0/../../../../arm-none-eabi/lib/thumb/v7-m/nofp\libc_nano.a(libc_a-printf.o)
                0x08000430                _printf_r
                0x08000430                _iprintf_r
                0x08000450                iprintf
                0x08000450                printf
 .text          0x08000478       0xc8 D:/Application/Work/MSYS2/ucrt64/bin/../lib/gcc/arm-none-eabi/13.3.0/../../../../arm-none-eabi/lib/thumb/v7-m/nofp\libc_nano.a(libc_a-puts.o)
                0x08000478                _puts_r
                0x08000530                puts
 .text          0x08000540       0x94 D:/Application/Work/MSYS2/ucrt64/bin/../lib/gcc/arm-none-eabi/13.3.0/../../../../arm-none-eabi/lib/thumb/v7-m/nofp\libc_nano.a(libc_a-stdio.o)
                0x08000540                __sread
                0x08000564                __seofread
                0x08000568                __swrite
                0x080005a8                __sseek
                0x080005cc                __sclose
 .text          0x080005d4       0x9c D:/Application/Work/MSYS2/ucrt64/bin/../lib/gcc/arm-none-eabi/13.3.0/../../../../arm-none-eabi/lib/thumb/v7-m/nofp\libc_nano.a(libc_a-wbuf.o)
                0x080005d4                __swbuf_r
                0x0800065c                __swbuf
 .text          0x08000670       0xc4 D:/Application/Work/MSYS2/ucrt64/bin/../lib/gcc/arm-none-eabi/13.3.0/../../../../arm-none-eabi/lib/thumb/v7-m/nofp\libc_nano.a(libc_a-wsetup.o)
                0x08000670                __swsetup_r
 .text          0x08000734       0x5c D:/Application/Work/MSYS2/ucrt64/bin/../lib/gcc/arm-none-eabi/13.3.0/../../../../arm-none-eabi/lib/thumb/v7-m/nofp\libc_nano.a(libc_a-memcmp.o)
                0x08000734                memcmp
 .text          0x08000790       0xa0 D:/Application/Work/MSYS2/ucrt64/bin/../lib/gcc/arm-none-eabi/13.3.0/../../../../arm-none-eabi/lib/thumb/v7-m/nofp\libc_nano.a(libc_a-memset.o)
                0x08000790                memset
 .text          0x08000830       0x24 D:/Application/Work/MSYS2/ucrt64/bin/../lib/gcc/arm-none-eabi/13.3.0/../../../../arm-none-eabi/lib/thumb/v7-m/nofp\libc_nano.a(libc_a-closer.o)
                0x08000830                _close_r
 .text          0x08000854       0x2c D:/Application/Work/MSYS2/ucrt64/bin/../lib/gcc/arm-none-eabi/13.3.0/../../../../arm-none-eabi/lib/thumb/v7-m/nofp\libc_nano.a(libc_a-lseekr.o)
                0x08000854                _lseek_r
 .text          0x08000880       0x2c D:/Application/Work/MSYS2/ucrt64/bin/../lib/gcc/arm-none-eabi/13.3.0/../../../../arm-none-eabi/lib/thumb/v7-m/nofp\libc_nano.a(libc_a-readr.o)
                0x08000880                _read_r
 .text          0x080008ac       0x2c D:/Application/Work/MSYS2/ucrt64/bin/../lib/gcc/arm-none-eabi/13.3.0/../../../../arm-none-eabi/lib/thumb/v7-m/nofp\libc_nano.a(libc_a-writer.o)
                0x080008ac                _write_r
 .text          0x080008d8        0xc D:/Application/Work/MSYS2/ucrt64/bin/../lib/gcc/arm-none-eabi/13.3.0/../../../../arm-none-eabi/lib/thumb/v7-m/nofp\libc_nano.a(libc_a-errno.o)
                0x080008d8                __errno
 .text          0x080008e4       0x50 D:/Application/Work/MSYS2/ucrt64/bin/../lib/gcc/arm-none-eabi/13.3.0/../../../../arm-none-eabi/lib/thumb/v7-m/nofp\libc_nano.a(libc_a-init.o)
                0x080008e4                __libc_init_array
 .text          0x08000934       0x28 D:/Application/Work/MSYS2/ucrt64/bin/../lib/gcc/arm-none-eabi/13.3.0/../../../../arm-none-eabi/lib/thumb/v7-m/nofp\libc_nano.a(libc_a-lock.o)
                0x08000934                __retarget_lock_init
                0x08000938                __retarget_lock_init_recursive
                0x0800093c                __retarget_lock_close
                0x08000940                __retarget_lock_close_recursive
                0x08000944                __retarget_lock_acquire
                0x08000948                __retarget_lock_acquire_recursive
                0x0800094c                __retarget_lock_try_acquire
                0x08000950                __retarget_lock_try_acquire_recursive
                0x08000954                __retarget_lock_release
                0x08000958                __retarget_lock_release_recursive
 .text          0x0800095c       0xbc D:/Application/Work/MSYS2/ucrt64/bin/../lib/gcc/arm-none-eabi/13.3.0/../../../../arm-none-eabi/lib/thumb/v7-m/nofp\libc_nano.a(libc_a-freer.o)
                0x0800095c                _free_r
 .text          0x08000a18      0x14c D:/Application/Work/MSYS2/ucrt64/bin/../lib/gcc/arm-none-eabi/13.3.0/../../../../arm-none-eabi/lib/thumb/v7-m/nofp\libc_nano.a(libc_a-mallocr.o)
                0x08000a64                _malloc_r
 .text          0x08000b64       0x18 D:/Application/Work/MSYS2/ucrt64/bin/../lib/gcc/arm-none-eabi/13.3.0/../../../../arm-none-eabi/lib/thumb/v7-m/nofp\libc_nano.a(libc_a-mlock.o)
                0x08000b64                __malloc_lock
                0x08000b70                __malloc_unlock
 .text          0x08000b7c      0x348 D:/Application/Work/MSYS2/ucrt64/bin/../lib/gcc/arm-none-eabi/13.3.0/../../../../arm-none-eabi/lib/thumb/v7-m/nofp\libc_nano.a(libc_a-nano-vfprintf.o)
                0x08000ba4                __sfputs_r
                0x08000bd4                __sprint_r
                0x08000bf4                _vfiprintf_r
                0x08000bf4                _vfprintf_r
                0x08000ea8                vfprintf
                0x08000ea8                vfiprintf
 .text          0x08000ec4      0x3a8 D:/Application/Work/MSYS2/ucrt64/bin/../lib/gcc/arm-none-eabi/13.3.0/../../../../arm-none-eabi/lib/thumb/v7-m/nofp\libc_nano.a(libc_a-nano-vfprintf_i.o)
                0x08000ec4                _printf_common
                0x08000fe8                _printf_i
 .text          0x0800126c      0x194 D:/Application/Work/MSYS2/ucrt64/bin/../lib/gcc/arm-none-eabi/13.3.0/../../../../arm-none-eabi/lib/thumb/v7-m/nofp\libc_nano.a(libc_a-fflush.o)
                0x0800126c                __sflush_r
                0x08001380                _fflush_r
                0x080013d8                fflush
 .text          0x08001400      0x2ec D:/Application/Work/MSYS2/ucrt64/bin/../lib/gcc/arm-none-eabi/13.3.0/../../../../arm-none-eabi/lib/thumb/v7-m/nofp\libc_nano.a(libc_a-fvwrite.o)
                0x08001400                __sfvwrite_r
 .text          0x080016ec      0x110 D:/Application/Work/MSYS2/ucrt64/bin/../lib/gcc/arm-none-eabi/13.3.0/../../../../arm-none-eabi/lib/thumb/v7-m/nofp\libc_nano.a(libc_a-makebuf.o)
                0x080016ec                __smakebuf_r
                0x080017b0                __swhatbuf_r
 .text          0x080017fc       0xfc D:/Application/Work/MSYS2/ucrt64/bin/../lib/gcc/arm-none-eabi/13.3.0/../../../../arm-none-eabi/lib/thumb/v7-m/nofp\libc_nano.a(libc_a-memmove.o)
                0x080017fc                memmove
 .text          0x080018f8       0x28 D:/Application/Work/MSYS2/ucrt64/bin/../lib/gcc/arm-none-eabi/13.3.0/../../../../arm-none-eabi/lib/thumb/v7-m/nofp\libc_nano.a(libc_a-fstatr.o)
                0x080018f8                _fstat_r
 .text          0x08001920       0x24 D:/Application/Work/MSYS2/ucrt64/bin/../lib/gcc/arm-none-eabi/13.3.0/../../../../arm-none-eabi/lib/thumb/v7-m/nofp\libc_nano.a(libc_a-isattyr.o)
                0x08001920                _isatty_r
 .text          0x08001944       0x24 D:/Application/Work/MSYS2/ucrt64/bin/../lib/gcc/arm-none-eabi/13.3.0/../../../../arm-none-eabi/lib/thumb/v7-m/nofp\libc_nano.a(libc_a-sbrkr.o)
                0x08001944                _sbrk_r
 .text          0x08001968       0x98 D:/Application/Work/MSYS2/ucrt64/bin/../lib/gcc/arm-none-eabi/13.3.0/../../../../arm-none-eabi/lib/thumb/v7-m/nofp\libc_nano.a(libc_a-memchr-stub.o)
                0x08001968                memchr
 .text          0x08001a00       0xec D:/Application/Work/MSYS2/ucrt64/bin/../lib/gcc/arm-none-eabi/13.3.0/../../../../arm-none-eabi/lib/thumb/v7-m/nofp\libc_nano.a(libc_a-memcpy.o)
                0x08001a00                memcpy
 .text          0x08001aec       0x64 D:/Application/Work/MSYS2/ucrt64/bin/../lib/gcc/arm-none-eabi/13.3.0/../../../../arm-none-eabi/lib/thumb/v7-m/nofp\libc_nano.a(libc_a-reallocr.o)
                0x08001aec                _realloc_r
 .text          0x08001b50       0x10 D:/Application/Work/MSYS2/ucrt64/bin/../lib/gcc/arm-none-eabi/13.3.0/../../../../arm-none-eabi/lib/thumb/v7-m/nofp\libc_nano.a(libc_a-msizer.o)
                0x08001b50                _malloc_usable_size_r
 .text          0x08001b60       0x50 D:/Application/Work/MSYS2/ucrt64/bin/../lib/gcc/arm-none-eabi/13.3.0/../../../../arm-none-eabi/lib/thumb/v7-m/nofp\libm.a(libm_a-w_asin.o)
                0x08001b60                asin
 .text          0x08001bb0        0x4 D:/Application/Work/MSYS2/ucrt64/bin/../lib/gcc/arm-none-eabi/13.3.0/../../../../arm-none-eabi/lib/thumb/v7-m/nofp\libm.a(libm_a-w_atan2.o)
                0x08001bb0                atan2
 .text          0x08001bb4        0x8 D:/Application/Work/MSYS2/ucrt64/bin/../lib/gcc/arm-none-eabi/13.3.0/../../../../arm-none-eabi/lib/thumb/v7-m/nofp\libm.a(libm_a-s_fabs.o)
                0x08001bb4                fabs
 .text          0x08001bbc        0xc D:/Application/Work/MSYS2/ucrt64/bin/../lib/gcc/arm-none-eabi/13.3.0/../../../../arm-none-eabi/lib/thumb/v7-m/nofp\libm.a(libm_a-s_nan.o)
                0x08001bbc                nan
 .text          0x08001bc8      0x44c D:/Application/Work/MSYS2/ucrt64/bin/../lib/gcc/arm-none-eabi/13.3.0/../../../../arm-none-eabi/lib/thumb/v7-m/nofp\libm.a(libm_a-e_asin.o)
                0x08001bc8                __ieee754_asin
 *fill*         0x08002014        0x4 
 .text          0x08002018      0x190 D:/Application/Work/MSYS2/ucrt64/bin/../lib/gcc/arm-none-eabi/13.3.0/../../../../arm-none-eabi/lib/thumb/v7-m/nofp\libm.a(libm_a-e_atan2.o)
                0x08002018                __ieee754_atan2
 .text          0x080021a8      0x32c D:/Application/Work/MSYS2/ucrt64/bin/../lib/gcc/arm-none-eabi/13.3.0/../../../../arm-none-eabi/lib/thumb/v7-m/nofp\libm.a(libm_a-s_atan.o)
                0x080021a8                atan
 .text          0x080024d4      0x1d0 D:/Application/Work/MSYS2/ucrt64/bin/../lib/gcc/arm-none-eabi/13.3.0/../../../../arm-none-eabi/lib/thumb/v7-m/nofp\libm.a(libm_a-e_sqrt.o)
                0x080024d4                __ieee754_sqrt
 .text          0x080026a4      0x378 D:/Application/Work/MSYS2/ucrt64/bin/../lib/gcc/arm-none-eabi/13.3.0/thumb/v7-m/nofp\libgcc.a(_arm_addsubdf3.o)
                0x080026a4                __aeabi_drsub
                0x080026ac                __aeabi_dsub
                0x080026ac                __subdf3
                0x080026b0                __aeabi_dadd
                0x080026b0                __adddf3
                0x08002928                __floatunsidf
                0x08002928                __aeabi_ui2d
                0x08002948                __floatsidf
                0x08002948                __aeabi_i2d
                0x0800296c                __aeabi_f2d
                0x0800296c                __extendsfdf2
                0x080029b0                __floatundidf
                0x080029b0                __aeabi_ul2d
                0x080029c0                __floatdidf
                0x080029c0                __aeabi_l2d
 .text          0x08002a1c      0x424 D:/Application/Work/MSYS2/ucrt64/bin/../lib/gcc/arm-none-eabi/13.3.0/thumb/v7-m/nofp\libgcc.a(_arm_muldivdf3.o)
                0x08002a1c                __aeabi_dmul
                0x08002a1c                __muldf3
                0x08002c70                __divdf3
                0x08002c70                __aeabi_ddiv
 .text          0x08002e40      0x110 D:/Application/Work/MSYS2/ucrt64/bin/../lib/gcc/arm-none-eabi/13.3.0/thumb/v7-m/nofp\libgcc.a(_arm_cmpdf2.o)
                0x08002e40                __gtdf2
                0x08002e40                __gedf2
                0x08002e48                __ltdf2
                0x08002e48                __ledf2
                0x08002e50                __nedf2
                0x08002e50                __eqdf2
                0x08002e50                __cmpdf2
                0x08002ecc                __aeabi_cdrcmple
                0x08002edc                __aeabi_cdcmpeq
                0x08002edc                __aeabi_cdcmple
                0x08002eec                __aeabi_dcmpeq
                0x08002f00                __aeabi_dcmplt
                0x08002f14                __aeabi_dcmple
                0x08002f28                __aeabi_dcmpge
                0x08002f3c                __aeabi_dcmpgt
 .text          0x08002f50       0x2c D:/Application/Work/MSYS2/ucrt64/bin/../lib/gcc/arm-none-eabi/13.3.0/thumb/v7-m/nofp\libgcc.a(_arm_unorddf2.o)
                0x08002f50                __unorddf2
                0x08002f50                __aeabi_dcmpun
 .text          0x08002f7c       0xa0 D:/Application/Work/MSYS2/ucrt64/bin/../lib/gcc/arm-none-eabi/13.3.0/thumb/v7-m/nofp\libgcc.a(_arm_truncdfsf2.o)
                0x08002f7c                __truncdfsf2
                0x08002f7c                __aeabi_d2f
 .text          0x0800301c      0x21c D:/Application/Work/MSYS2/ucrt64/bin/../lib/gcc/arm-none-eabi/13.3.0/thumb/v7-m/nofp\libgcc.a(_arm_addsubsf3.o)
                0x0800301c                __aeabi_frsub
                0x08003024                __subsf3
                0x08003024                __aeabi_fsub
                0x08003028                __aeabi_fadd
                0x08003028                __addsf3
                0x08003188                __aeabi_ui2f
                0x08003188                __floatunsisf
                0x08003190                __aeabi_i2f
                0x08003190                __floatsisf
                0x080031ac                __aeabi_ul2f
                0x080031ac                __floatundisf
                0x080031bc                __aeabi_l2f
                0x080031bc                __floatdisf
 .text          0x08003238      0x2a0 D:/Application/Work/MSYS2/ucrt64/bin/../lib/gcc/arm-none-eabi/13.3.0/thumb/v7-m/nofp\libgcc.a(_arm_muldivsf3.o)
                0x08003238                __mulsf3
                0x08003238                __aeabi_fmul
                0x080033a0                __aeabi_fdiv
                0x080033a0                __divsf3
 .text          0x080034d8       0xec D:/Application/Work/MSYS2/ucrt64/bin/../lib/gcc/arm-none-eabi/13.3.0/thumb/v7-m/nofp\libgcc.a(_arm_cmpsf2.o)
                0x080034d8                __gesf2
                0x080034d8                __gtsf2
                0x080034e0                __lesf2
                0x080034e0                __ltsf2
                0x080034e8                __nesf2
                0x080034e8                __eqsf2
                0x080034e8                __cmpsf2
                0x08003548                __aeabi_cfrcmple
                0x08003550                __aeabi_cfcmpeq
                0x08003550                __aeabi_cfcmple
                0x08003560                __aeabi_fcmpeq
                0x08003574                __aeabi_fcmplt
                0x08003588                __aeabi_fcmple
                0x0800359c                __aeabi_fcmpge
                0x080035b0                __aeabi_fcmpgt
 .text          0x080035c4       0x4c D:/Application/Work/MSYS2/ucrt64/bin/../lib/gcc/arm-none-eabi/13.3.0/thumb/v7-m/nofp\libgcc.a(_arm_fixsfsi.o)
                0x080035c4                __aeabi_f2iz
                0x080035c4                __fixsfsi
 .text          0x08003610       0x40 D:/Application/Work/MSYS2/ucrt64/bin/../lib/gcc/arm-none-eabi/13.3.0/thumb/v7-m/nofp\libgcc.a(_arm_fixunssfsi.o)
                0x08003610                __fixunssfsi
                0x08003610                __aeabi_f2uiz
 .text          0x08003650       0xa0 D:/Application/Work/MSYS2/ucrt64/bin/../lib/gcc/arm-none-eabi/13.3.0/thumb/v7-m/nofp\libgcc.a(_aeabi_ldivmod.o)
                0x08003650                __aeabi_ldivmod
 .text          0x080036f0        0x4 D:/Application/Work/MSYS2/ucrt64/bin/../lib/gcc/arm-none-eabi/13.3.0/thumb/v7-m/nofp\libgcc.a(_dvmd_tls.o)
                0x080036f0                __aeabi_idiv0
                0x080036f0                __aeabi_ldiv0
 *(.text*)
 .text.__do_global_dtors_aux
                0x080036f4       0x24 D:/Application/Work/MSYS2/ucrt64/bin/../lib/gcc/arm-none-eabi/13.3.0/thumb/v7-m/nofp/crtbegin.o
 .text.frame_dummy
                0x08003718       0x1c D:/Application/Work/MSYS2/ucrt64/bin/../lib/gcc/arm-none-eabi/13.3.0/thumb/v7-m/nofp/crtbegin.o
 .text.Error_Handler
                0x08003734        0x4 build/main.o
                0x08003734                Error_Handler
 .text.SystemClock_Config
                0x08003738       0x64 build/main.o
                0x08003738                SystemClock_Config
 .text.main     0x0800379c       0x84 build/main.o
                0x0800379c                main
 .text.MX_GPIO_Init
                0x08003820       0xc8 build/gpio.o
                0x08003820                MX_GPIO_Init
 .text.NMI_Handler
                0x080038e8        0x2 build/stm32f1xx_it.o
                0x080038e8                NMI_Handler
 .text.HardFault_Handler
                0x080038ea        0x2 build/stm32f1xx_it.o
                0x080038ea                HardFault_Handler
 .text.MemManage_Handler
                0x080038ec        0x2 build/stm32f1xx_it.o
                0x080038ec                MemManage_Handler
 .text.BusFault_Handler
                0x080038ee        0x2 build/stm32f1xx_it.o
                0x080038ee                BusFault_Handler
 .text.UsageFault_Handler
                0x080038f0        0x2 build/stm32f1xx_it.o
                0x080038f0                UsageFault_Handler
 .text.SVC_Handler
                0x080038f2        0x2 build/stm32f1xx_it.o
                0x080038f2                SVC_Handler
 .text.DebugMon_Handler
                0x080038f4        0x2 build/stm32f1xx_it.o
                0x080038f4                DebugMon_Handler
 .text.PendSV_Handler
                0x080038f6        0x2 build/stm32f1xx_it.o
                0x080038f6                PendSV_Handler
 .text.SysTick_Handler
                0x080038f8        0x8 build/stm32f1xx_it.o
                0x080038f8                SysTick_Handler
 .text.HAL_MspInit
                0x08003900       0x44 build/stm32f1xx_hal_msp.o
                0x08003900                HAL_MspInit
 .text.HAL_InitTick
                0x08003944       0x4c build/stm32f1xx_hal.o
                0x08003944                HAL_InitTick
 .text.HAL_Init
                0x08003990       0x24 build/stm32f1xx_hal.o
                0x08003990                HAL_Init
 .text.HAL_IncTick
                0x080039b4       0x18 build/stm32f1xx_hal.o
                0x080039b4                HAL_IncTick
 .text.HAL_GetTick
                0x080039cc        0xc build/stm32f1xx_hal.o
                0x080039cc                HAL_GetTick
 .text.HAL_Delay
                0x080039d8       0x28 build/stm32f1xx_hal.o
                0x080039d8                HAL_Delay
 .text.RCC_Delay
                0x08003a00       0x2c build/stm32f1xx_hal_rcc.o
 .text.HAL_RCC_OscConfig
                0x08003a2c      0x410 build/stm32f1xx_hal_rcc.o
                0x08003a2c                HAL_RCC_OscConfig
 .text.HAL_RCC_GetSysClockFreq
                0x08003e3c       0x54 build/stm32f1xx_hal_rcc.o
                0x08003e3c                HAL_RCC_GetSysClockFreq
 .text.HAL_RCC_ClockConfig
                0x08003e90      0x16c build/stm32f1xx_hal_rcc.o
                0x08003e90                HAL_RCC_ClockConfig
 .text.HAL_GPIO_Init
                0x08003ffc      0x21c build/stm32f1xx_hal_gpio.o
                0x08003ffc                HAL_GPIO_Init
 .text.HAL_GPIO_ReadPin
                0x08004218        0xe build/stm32f1xx_hal_gpio.o
                0x08004218                HAL_GPIO_ReadPin
 .text.HAL_GPIO_WritePin
                0x08004226        0xc build/stm32f1xx_hal_gpio.o
                0x08004226                HAL_GPIO_WritePin
 *fill*         0x08004232        0x2 
 .text.__NVIC_SetPriority
                0x08004234       0x28 build/stm32f1xx_hal_cortex.o
 .text.NVIC_EncodePriority
                0x0800425c       0x3e build/stm32f1xx_hal_cortex.o
 *fill*         0x0800429a        0x2 
 .text.HAL_NVIC_SetPriorityGrouping
                0x0800429c       0x24 build/stm32f1xx_hal_cortex.o
                0x0800429c                HAL_NVIC_SetPriorityGrouping
 .text.HAL_NVIC_SetPriority
                0x080042c0       0x20 build/stm32f1xx_hal_cortex.o
                0x080042c0                HAL_NVIC_SetPriority
 .text.HAL_SYSTICK_Config
                0x080042e0       0x28 build/stm32f1xx_hal_cortex.o
                0x080042e0                HAL_SYSTICK_Config
 .text.SystemInit
                0x08004308        0x2 build/system_stm32f1xx.o
                0x08004308                SystemInit
 *fill*         0x0800430a        0x2 
 .text._sbrk    0x0800430c       0x48 build/sysmem.o
                0x0800430c                _sbrk
 .text._read    0x08004354       0x20 build/syscalls.o
                0x08004354                _read
 .text._write   0x08004374       0x1c build/syscalls.o
                0x08004374                _write
 .text._close   0x08004390        0x6 build/syscalls.o
                0x08004390                _close
 .text._fstat   0x08004396        0xa build/syscalls.o
                0x08004396                _fstat
 .text._isatty  0x080043a0        0x4 build/syscalls.o
                0x080043a0                _isatty
 .text._lseek   0x080043a4        0x4 build/syscalls.o
                0x080043a4                _lseek
 .text.OLED_W_SCL
                0x080043a8       0x14 build/OLED.o
                0x080043a8                OLED_W_SCL
 .text.OLED_W_SDA
                0x080043bc       0x14 build/OLED.o
                0x080043bc                OLED_W_SDA
 .text.OLED_I2C_Init
                0x080043d0       0x10 build/OLED.o
                0x080043d0                OLED_I2C_Init
 .text.OLED_I2C_Start
                0x080043e0       0x1c build/OLED.o
                0x080043e0                OLED_I2C_Start
 .text.OLED_I2C_Stop
                0x080043fc       0x16 build/OLED.o
                0x080043fc                OLED_I2C_Stop
 .text.OLED_I2C_SendByte
                0x08004412       0x34 build/OLED.o
                0x08004412                OLED_I2C_SendByte
 .text.OLED_WriteCommand
                0x08004446       0x20 build/OLED.o
                0x08004446                OLED_WriteCommand
 .text.OLED_WriteData
                0x08004466       0x20 build/OLED.o
                0x08004466                OLED_WriteData
 .text.OLED_SetCursor
                0x08004486       0x26 build/OLED.o
                0x08004486                OLED_SetCursor
 .text.OLED_Clear
                0x080044ac       0x2c build/OLED.o
                0x080044ac                OLED_Clear
 .text.OLED_ShowChar
                0x080044d8       0x6c build/OLED.o
                0x080044d8                OLED_ShowChar
 .text.OLED_ShowString
                0x08004544       0x22 build/OLED.o
                0x08004544                OLED_ShowString
 .text.OLED_Pow
                0x08004566       0x14 build/OLED.o
                0x08004566                OLED_Pow
 *fill*         0x0800457a        0x2 
 .text.OLED_ShowSignedNum
                0x0800457c       0x64 build/OLED.o
                0x0800457c                OLED_ShowSignedNum
 .text.OLED_Init
                0x080045e0       0xae build/OLED.o
                0x080045e0                OLED_Init
 *fill*         0x0800468e        0x2 
 .text.decode_gesture
                0x08004690       0x3c build/inv_mpu_dmp_motion_driver.o
 .text.dmp_load_motion_driver_firmware
                0x080046cc       0x18 build/inv_mpu_dmp_motion_driver.o
                0x080046cc                dmp_load_motion_driver_firmware
 .text.dmp_set_orientation
                0x080046e4      0x14c build/inv_mpu_dmp_motion_driver.o
                0x080046e4                dmp_set_orientation
 .text.dmp_set_gyro_bias
                0x08004830      0x110 build/inv_mpu_dmp_motion_driver.o
                0x08004830                dmp_set_gyro_bias
 .text.dmp_set_accel_bias
                0x08004940       0xf4 build/inv_mpu_dmp_motion_driver.o
                0x08004940                dmp_set_accel_bias
 .text.dmp_set_fifo_rate
                0x08004a34       0x68 build/inv_mpu_dmp_motion_driver.o
                0x08004a34                dmp_set_fifo_rate
 .text.dmp_set_tap_thresh
                0x08004a9c      0x1a0 build/inv_mpu_dmp_motion_driver.o
                0x08004a9c                dmp_set_tap_thresh
 .text.dmp_set_tap_axes
                0x08004c3c       0x4e build/inv_mpu_dmp_motion_driver.o
                0x08004c3c                dmp_set_tap_axes
 .text.dmp_set_tap_count
                0x08004c8a       0x2c build/inv_mpu_dmp_motion_driver.o
                0x08004c8a                dmp_set_tap_count
 *fill*         0x08004cb6        0x2 
 .text.dmp_set_tap_time
                0x08004cb8       0x30 build/inv_mpu_dmp_motion_driver.o
                0x08004cb8                dmp_set_tap_time
 .text.dmp_set_tap_time_multi
                0x08004ce8       0x30 build/inv_mpu_dmp_motion_driver.o
                0x08004ce8                dmp_set_tap_time_multi
 .text.dmp_set_shake_reject_thresh
                0x08004d18       0x44 build/inv_mpu_dmp_motion_driver.o
                0x08004d18                dmp_set_shake_reject_thresh
 .text.dmp_set_shake_reject_time
                0x08004d5c       0x2c build/inv_mpu_dmp_motion_driver.o
                0x08004d5c                dmp_set_shake_reject_time
 .text.dmp_set_shake_reject_timeout
                0x08004d88       0x2c build/inv_mpu_dmp_motion_driver.o
                0x08004d88                dmp_set_shake_reject_timeout
 .text.dmp_enable_gyro_cal
                0x08004db4       0x44 build/inv_mpu_dmp_motion_driver.o
                0x08004db4                dmp_enable_gyro_cal
 .text.dmp_enable_lp_quat
                0x08004df8       0x3c build/inv_mpu_dmp_motion_driver.o
                0x08004df8                dmp_enable_lp_quat
 .text.dmp_enable_6x_lp_quat
                0x08004e34       0x3c build/inv_mpu_dmp_motion_driver.o
                0x08004e34                dmp_enable_6x_lp_quat
 .text.dmp_enable_feature
                0x08004e70      0x218 build/inv_mpu_dmp_motion_driver.o
                0x08004e70                dmp_enable_feature
 .text.dmp_read_fifo
                0x08005088      0x1ec build/inv_mpu_dmp_motion_driver.o
                0x08005088                dmp_read_fifo
 .text.get_accel_prod_shift
                0x08005274       0xc4 build/inv_mpu.o
 .text.accel_self_test
                0x08005338       0xa8 build/inv_mpu.o
 .text.gyro_self_test
                0x080053e0      0x100 build/inv_mpu.o
 .text.set_int_enable
                0x080054e0       0x98 build/inv_mpu.o
 .text.get_st_biases
                0x08005578      0x428 build/inv_mpu.o
 .text.mpu_reset_fifo
                0x080059a0      0x1f8 build/inv_mpu.o
                0x080059a0                mpu_reset_fifo
 .text.mpu_get_gyro_fsr
                0x08005b98       0x3c build/inv_mpu.o
                0x08005b98                mpu_get_gyro_fsr
 .text.mpu_set_gyro_fsr
                0x08005bd4       0x98 build/inv_mpu.o
                0x08005bd4                mpu_set_gyro_fsr
 .text.mpu_get_accel_fsr
                0x08005c6c       0x44 build/inv_mpu.o
                0x08005c6c                mpu_get_accel_fsr
 .text.mpu_set_accel_fsr
                0x08005cb0       0x94 build/inv_mpu.o
                0x08005cb0                mpu_set_accel_fsr
 .text.mpu_get_lpf
                0x08005d44       0x44 build/inv_mpu.o
                0x08005d44                mpu_get_lpf
 .text.mpu_set_lpf
                0x08005d88       0x94 build/inv_mpu.o
                0x08005d88                mpu_set_lpf
 .text.mpu_get_sample_rate
                0x08005e1c       0x1c build/inv_mpu.o
                0x08005e1c                mpu_get_sample_rate
 .text.mpu_get_gyro_sens
                0x08005e38       0x4c build/inv_mpu.o
                0x08005e38                mpu_get_gyro_sens
 .text.mpu_get_accel_sens
                0x08005e84       0x4c build/inv_mpu.o
                0x08005e84                mpu_get_accel_sens
 .text.mpu_get_fifo_config
                0x08005ed0       0x10 build/inv_mpu.o
                0x08005ed0                mpu_get_fifo_config
 .text.mpu_configure_fifo
                0x08005ee0       0x64 build/inv_mpu.o
                0x08005ee0                mpu_configure_fifo
 .text.mpu_read_fifo_stream
                0x08005f44       0xc0 build/inv_mpu.o
                0x08005f44                mpu_read_fifo_stream
 .text.mpu_set_bypass
                0x08006004      0x168 build/inv_mpu.o
                0x08006004                mpu_set_bypass
 .text.mpu_set_int_latched
                0x0800616c       0x74 build/inv_mpu.o
                0x0800616c                mpu_set_int_latched
 .text.mpu_lp_accel_mode
                0x080061e0       0xdc build/inv_mpu.o
                0x080061e0                mpu_lp_accel_mode
 .text.mpu_set_sample_rate
                0x080062bc       0xa0 build/inv_mpu.o
                0x080062bc                mpu_set_sample_rate
 .text.mpu_set_sensors
                0x0800635c       0xe4 build/inv_mpu.o
                0x0800635c                mpu_set_sensors
 .text.mpu_init
                0x08006440      0x1b8 build/inv_mpu.o
                0x08006440                mpu_init
 .text.mpu_write_mem
                0x080065f8       0x74 build/inv_mpu.o
                0x080065f8                mpu_write_mem
 .text.mpu_read_mem
                0x0800666c       0x74 build/inv_mpu.o
                0x0800666c                mpu_read_mem
 .text.mpu_load_firmware
                0x080066e0       0xb4 build/inv_mpu.o
                0x080066e0                mpu_load_firmware
 .text.mpu_set_dmp_state
                0x08006794       0x94 build/inv_mpu.o
                0x08006794                mpu_set_dmp_state
 .text.mpu_run_self_test
                0x08006828      0x104 build/inv_mpu.o
                0x08006828                mpu_run_self_test
 .text.run_self_test
                0x0800692c       0x88 build/inv_mpu.o
                0x0800692c                run_self_test
 .text.inv_row_2_scale
                0x080069b4       0x3a build/inv_mpu.o
                0x080069b4                inv_row_2_scale
 .text.inv_orientation_matrix_to_scalar
                0x080069ee       0x24 build/inv_mpu.o
                0x080069ee                inv_orientation_matrix_to_scalar
 .text.mget_ms  0x08006a12        0x2 build/inv_mpu.o
                0x08006a12                mget_ms
 .text.mpu_dmp_init
                0x08006a14       0xa4 build/inv_mpu.o
                0x08006a14                mpu_dmp_init
 .text.mpu_dmp_get_data
                0x08006ab8      0x1c8 build/inv_mpu.o
                0x08006ab8                mpu_dmp_get_data
 .text.IIC_Start
                0x08006c80       0x3c build/IIC.o
                0x08006c80                IIC_Start
 .text.IIC_Stop
                0x08006cbc       0x30 build/IIC.o
                0x08006cbc                IIC_Stop
 .text.IIC_Send_Byte
                0x08006cec       0x68 build/IIC.o
                0x08006cec                IIC_Send_Byte
 .text.IIC_Wait_Ack
                0x08006d54       0x40 build/IIC.o
                0x08006d54                IIC_Wait_Ack
 .text.IIC_Ack  0x08006d94       0x3c build/IIC.o
                0x08006d94                IIC_Ack
 .text.IIC_NAck
                0x08006dd0       0x30 build/IIC.o
                0x08006dd0                IIC_NAck
 .text.IIC_Read_Byte
                0x08006e00       0x58 build/IIC.o
                0x08006e00                IIC_Read_Byte
 .text.IIC_GPIO_Init
                0x08006e58       0x40 build/IIC.o
                0x08006e58                IIC_GPIO_Init
 .text.MPU_Write_Len
                0x08006e98       0x62 build/mpu6050.o
                0x08006e98                MPU_Write_Len
 .text.MPU_Read_Len
                0x08006efa       0x6c build/mpu6050.o
                0x08006efa                MPU_Read_Len
 .text.MPU_Get_Gyroscope
                0x08006f66       0x46 build/mpu6050.o
                0x08006f66                MPU_Get_Gyroscope
 .text.MPU_Write_Byte
                0x08006fac       0x46 build/mpu6050.o
                0x08006fac                MPU_Write_Byte
 .text.MPU_Set_Gyro_Fsr
                0x08006ff2       0x10 build/mpu6050.o
                0x08006ff2                MPU_Set_Gyro_Fsr
 .text.MPU_Set_Accel_Fsr
                0x08007002       0x10 build/mpu6050.o
                0x08007002                MPU_Set_Accel_Fsr
 .text.MPU_Set_LPF
                0x08007012       0x34 build/mpu6050.o
                0x08007012                MPU_Set_LPF
 .text.MPU_Set_Rate
                0x08007046       0x32 build/mpu6050.o
                0x08007046                MPU_Set_Rate
 .text.MPU_Read_Byte
                0x08007078       0x3a build/mpu6050.o
                0x08007078                MPU_Read_Byte
 .text.MPU_Init
                0x080070b2       0x76 build/mpu6050.o
                0x080070b2                MPU_Init
 .text.Reset_Handler
                0x08007128       0x48 build/startup_stm32f103xb.o
                0x08007128                Reset_Handler
 .text.Default_Handler
                0x08007170        0x2 build/startup_stm32f103xb.o
                0x08007170                RTC_Alarm_IRQHandler
                0x08007170                EXTI2_IRQHandler
                0x08007170                TIM1_CC_IRQHandler
                0x08007170                PVD_IRQHandler
                0x08007170                EXTI3_IRQHandler
                0x08007170                EXTI0_IRQHandler
                0x08007170                I2C2_EV_IRQHandler
                0x08007170                ADC1_2_IRQHandler
                0x08007170                SPI1_IRQHandler
                0x08007170                TAMPER_IRQHandler
                0x08007170                DMA1_Channel4_IRQHandler
                0x08007170                USART3_IRQHandler
                0x08007170                RTC_IRQHandler
                0x08007170                DMA1_Channel7_IRQHandler
                0x08007170                CAN1_RX1_IRQHandler
                0x08007170                TIM4_IRQHandler
                0x08007170                I2C1_EV_IRQHandler
                0x08007170                DMA1_Channel6_IRQHandler
                0x08007170                TIM3_IRQHandler
                0x08007170                RCC_IRQHandler
                0x08007170                TIM1_TRG_COM_IRQHandler
                0x08007170                DMA1_Channel1_IRQHandler
                0x08007170                Default_Handler
                0x08007170                EXTI15_10_IRQHandler
                0x08007170                EXTI9_5_IRQHandler
                0x08007170                SPI2_IRQHandler
                0x08007170                DMA1_Channel5_IRQHandler
                0x08007170                EXTI4_IRQHandler
                0x08007170                USB_LP_CAN1_RX0_IRQHandler
                0x08007170                USB_HP_CAN1_TX_IRQHandler
                0x08007170                DMA1_Channel3_IRQHandler
                0x08007170                TIM1_UP_IRQHandler
                0x08007170                WWDG_IRQHandler
                0x08007170                TIM2_IRQHandler
                0x08007170                TIM1_BRK_IRQHandler
                0x08007170                EXTI1_IRQHandler
                0x08007170                USART2_IRQHandler
                0x08007170                I2C2_ER_IRQHandler
                0x08007170                DMA1_Channel2_IRQHandler
                0x08007170                CAN1_SCE_IRQHandler
                0x08007170                FLASH_IRQHandler
                0x08007170                USART1_IRQHandler
                0x08007170                I2C1_ER_IRQHandler
                0x08007170                USBWakeUp_IRQHandler
 .text.__udivmoddi4
                0x08007172      0x2a0 D:/Application/Work/MSYS2/ucrt64/bin/../lib/gcc/arm-none-eabi/13.3.0/thumb/v7-m/nofp\libgcc.a(_udivmoddi4.o)
                0x08007172                __udivmoddi4
 *(.glue_7)
 .glue_7        0x08007412        0x0 linker stubs
 *(.glue_7t)
 .glue_7t       0x08007412        0x0 linker stubs
 *(.eh_frame)
 *fill*         0x08007412        0x2 
 .eh_frame      0x08007414        0x0 D:/Application/Work/MSYS2/ucrt64/bin/../lib/gcc/arm-none-eabi/13.3.0/thumb/v7-m/nofp/crtbegin.o
 *(.init)
 .init          0x08007414        0x4 D:/Application/Work/MSYS2/ucrt64/bin/../lib/gcc/arm-none-eabi/13.3.0/thumb/v7-m/nofp/crti.o
                0x08007414                _init
 .init          0x08007418        0x8 D:/Application/Work/MSYS2/ucrt64/bin/../lib/gcc/arm-none-eabi/13.3.0/thumb/v7-m/nofp/crtn.o
 *(.fini)
 .fini          0x08007420        0x4 D:/Application/Work/MSYS2/ucrt64/bin/../lib/gcc/arm-none-eabi/13.3.0/thumb/v7-m/nofp/crti.o
                0x08007420                _fini
 .fini          0x08007424        0x8 D:/Application/Work/MSYS2/ucrt64/bin/../lib/gcc/arm-none-eabi/13.3.0/thumb/v7-m/nofp/crtn.o
                0x0800742c                        . = ALIGN (0x4)
                0x0800742c                        _etext = .

.vfp11_veneer   0x0800742c        0x0
 .vfp11_veneer  0x0800742c        0x0 linker stubs

.v4_bx          0x0800742c        0x0
 .v4_bx         0x0800742c        0x0 linker stubs

.iplt           0x0800742c        0x0
 .iplt          0x0800742c        0x0 D:/Application/Work/MSYS2/ucrt64/bin/../lib/gcc/arm-none-eabi/13.3.0/thumb/v7-m/nofp/crtbegin.o

.rodata         0x08007430     0x13f0
                0x08007430                        . = ALIGN (0x4)
 *(.rodata)
 .rodata        0x08007430       0x30 D:/Application/Work/MSYS2/ucrt64/bin/../lib/gcc/arm-none-eabi/13.3.0/../../../../arm-none-eabi/lib/thumb/v7-m/nofp\libm.a(libm_a-e_atan2.o)
 .rodata        0x08007460       0x40 D:/Application/Work/MSYS2/ucrt64/bin/../lib/gcc/arm-none-eabi/13.3.0/../../../../arm-none-eabi/lib/thumb/v7-m/nofp\libm.a(libm_a-s_atan.o)
 .rodata        0x080074a0       0x10 D:/Application/Work/MSYS2/ucrt64/bin/../lib/gcc/arm-none-eabi/13.3.0/../../../../arm-none-eabi/lib/thumb/v7-m/nofp\libm.a(libm_a-e_sqrt.o)
 *(.rodata*)
 .rodata.main.str1.4
                0x080074b0      0x111 build/main.o
                                  0xb (size before relaxing)
 *fill*         0x080075c1        0x3 
 .rodata.aPredivFactorTable.0
                0x080075c4        0x2 build/stm32f1xx_hal_rcc.o
 *fill*         0x080075c6        0x2 
 .rodata.aPLLMULFactorTable.1
                0x080075c8       0x10 build/stm32f1xx_hal_rcc.o
 .rodata.AHBPrescTable
                0x080075d8       0x10 build/system_stm32f1xx.o
                0x080075d8                AHBPrescTable
 .rodata.OLED_F8x16
                0x080075e8      0x5f0 build/OLED.o
                0x080075e8                OLED_F8x16
 .rodata.dmp_set_orientation.str1.4
                0x08007bd8        0x0 build/inv_mpu_dmp_motion_driver.o
                                 0x10 (size before relaxing)
 .rodata.dmp_set_fifo_rate.str1.4
                0x08007bd8        0x0 build/inv_mpu_dmp_motion_driver.o
                                  0xd (size before relaxing)
 .rodata.dmp_enable_gyro_cal.str1.4
                0x08007bd8        0x0 build/inv_mpu_dmp_motion_driver.o
                                 0x16 (size before relaxing)
 .rodata.dmp_memory
                0x08007bd8      0xbf6 build/inv_mpu_dmp_motion_driver.o
 .rodata.mpu_init.str1.4
                0x080087ce        0x0 build/inv_mpu.o
                                 0x91 (size before relaxing)
 *fill*         0x080087ce        0x2 
 .rodata.test   0x080087d0       0x28 build/inv_mpu.o
                0x080087d0                test
 .rodata.hw     0x080087f8        0xc build/inv_mpu.o
                0x080087f8                hw
 .rodata.reg    0x08008804       0x1b build/inv_mpu.o
                0x08008804                reg
 .rodata.str1.4
                0x0800881f        0x0 D:/Application/Work/MSYS2/ucrt64/bin/../lib/gcc/arm-none-eabi/13.3.0/../../../../arm-none-eabi/lib/thumb/v7-m/nofp\libc_nano.a(libc_a-nano-vfprintf.o)
                                 0x13 (size before relaxing)
 .rodata.str1.4
                0x0800881f        0x0 D:/Application/Work/MSYS2/ucrt64/bin/../lib/gcc/arm-none-eabi/13.3.0/../../../../arm-none-eabi/lib/thumb/v7-m/nofp\libc_nano.a(libc_a-nano-vfprintf_i.o)
                                 0x25 (size before relaxing)
 .rodata.str1.4
                0x0800881f        0x0 D:/Application/Work/MSYS2/ucrt64/bin/../lib/gcc/arm-none-eabi/13.3.0/../../../../arm-none-eabi/lib/thumb/v7-m/nofp\libm.a(libm_a-w_asin.o)
                                  0x1 (size before relaxing)
                0x08008820                        . = ALIGN (0x4)
 *fill*         0x0800881f        0x1 

.ARM.extab      0x08008820        0x0
                0x08008820                        . = ALIGN (0x4)
 *(.ARM.extab* .gnu.linkonce.armextab.*)
                0x08008820                        . = ALIGN (0x4)

.ARM            0x08008820        0x8
                0x08008820                        . = ALIGN (0x4)
                0x08008820                        __exidx_start = .
 *(.ARM.exidx*)
 .ARM.exidx     0x08008820        0x8 D:/Application/Work/MSYS2/ucrt64/bin/../lib/gcc/arm-none-eabi/13.3.0/../../../../arm-none-eabi/lib/thumb/v7-m/nofp\libc_nano.a(libc_a-memcpy.o)
 .ARM.exidx.text.__udivmoddi4
                0x08008828        0x0 D:/Application/Work/MSYS2/ucrt64/bin/../lib/gcc/arm-none-eabi/13.3.0/thumb/v7-m/nofp\libgcc.a(_udivmoddi4.o)
                                  0x8 (size before relaxing)
                0x08008828                        __exidx_end = .
                0x08008828                        . = ALIGN (0x4)

.preinit_array  0x08008828        0x0
                0x08008828                        . = ALIGN (0x4)
                0x08008828                        PROVIDE (__preinit_array_start = .)
 *(.preinit_array*)
                0x08008828                        PROVIDE (__preinit_array_end = .)
                0x08008828                        . = ALIGN (0x4)

.init_array     0x08008828        0x4
                0x08008828                        . = ALIGN (0x4)
                0x08008828                        PROVIDE (__init_array_start = .)
 *(SORT_BY_NAME(.init_array.*))
 *(.init_array*)
 .init_array    0x08008828        0x4 D:/Application/Work/MSYS2/ucrt64/bin/../lib/gcc/arm-none-eabi/13.3.0/thumb/v7-m/nofp/crtbegin.o
                0x0800882c                        PROVIDE (__init_array_end = .)
                0x0800882c                        . = ALIGN (0x4)

.fini_array     0x0800882c        0x4
                0x0800882c                        . = ALIGN (0x4)
                0x0800882c                        PROVIDE (__fini_array_start = .)
 *(SORT_BY_NAME(.fini_array.*))
 *(.fini_array*)
 .fini_array    0x0800882c        0x4 D:/Application/Work/MSYS2/ucrt64/bin/../lib/gcc/arm-none-eabi/13.3.0/thumb/v7-m/nofp/crtbegin.o
                0x08008830                        PROVIDE (__fini_array_end = .)
                0x08008830                        . = ALIGN (0x4)
                0x08008830                        _sidata = LOADADDR (.data)

.rel.dyn        0x08008830        0x0
 .rel.iplt      0x08008830        0x0 D:/Application/Work/MSYS2/ucrt64/bin/../lib/gcc/arm-none-eabi/13.3.0/thumb/v7-m/nofp/crtbegin.o

.data           0x20000000       0xa0 load address 0x08008830
                0x20000000                        . = ALIGN (0x4)
                0x20000000                        _sdata = .
 *(.data)
 .data          0x20000000        0xc D:/Application/Work/MSYS2/ucrt64/bin/../lib/gcc/arm-none-eabi/13.3.0/../../../../arm-none-eabi/lib/thumb/v7-m/nofp\libc_nano.a(libc_a-findfp.o)
                0x20000000                __sglue
 .data          0x2000000c       0x50 D:/Application/Work/MSYS2/ucrt64/bin/../lib/gcc/arm-none-eabi/13.3.0/../../../../arm-none-eabi/lib/thumb/v7-m/nofp\libc_nano.a(libc_a-impure.o)
                0x2000000c                _impure_ptr
                0x20000010                _impure_data
 *(.data*)
 .data.uwTickFreq
                0x2000005c        0x1 build/stm32f1xx_hal.o
                0x2000005c                uwTickFreq
 *fill*         0x2000005d        0x3 
 .data.uwTickPrio
                0x20000060        0x4 build/stm32f1xx_hal.o
                0x20000060                uwTickPrio
 .data.SystemCoreClock
                0x20000064        0x4 build/system_stm32f1xx.o
                0x20000064                SystemCoreClock
 .data.gyro_orientation
                0x20000068        0x9 build/inv_mpu.o
 *fill*         0x20000071        0x3 
 .data.st       0x20000074       0x2c build/inv_mpu.o
 *(.RamFunc)
 *(.RamFunc*)
                0x200000a0                        . = ALIGN (0x4)
                0x200000a0                        _edata = .

.igot.plt       0x200000a0        0x0 load address 0x080088d0
 .igot.plt      0x200000a0        0x0 D:/Application/Work/MSYS2/ucrt64/bin/../lib/gcc/arm-none-eabi/13.3.0/thumb/v7-m/nofp/crtbegin.o
                0x200000a0                        . = ALIGN (0x4)

.bss            0x200000a0      0x19c load address 0x080088d0
                0x200000a0                        _sbss = .
                0x200000a0                        __bss_start__ = _sbss
 *(.bss)
 .bss           0x200000a0      0x13c D:/Application/Work/MSYS2/ucrt64/bin/../lib/gcc/arm-none-eabi/13.3.0/../../../../arm-none-eabi/lib/thumb/v7-m/nofp\libc_nano.a(libc_a-findfp.o)
                0x200000a0                __sf
                0x200001d8                __stdio_exit_handler
 .bss           0x200001dc        0x4 D:/Application/Work/MSYS2/ucrt64/bin/../lib/gcc/arm-none-eabi/13.3.0/../../../../arm-none-eabi/lib/thumb/v7-m/nofp\libc_nano.a(libc_a-reent.o)
                0x200001dc                errno
 .bss           0x200001e0       0x1d D:/Application/Work/MSYS2/ucrt64/bin/../lib/gcc/arm-none-eabi/13.3.0/../../../../arm-none-eabi/lib/thumb/v7-m/nofp\libc_nano.a(libc_a-lock.o)
                0x200001e0                __lock___arc4random_mutex
                0x200001e4                __lock___dd_hash_mutex
                0x200001e8                __lock___tz_mutex
                0x200001ec                __lock___env_recursive_mutex
                0x200001f0                __lock___malloc_recursive_mutex
                0x200001f4                __lock___at_quick_exit_mutex
                0x200001f8                __lock___atexit_recursive_mutex
                0x200001fc                __lock___sfp_recursive_mutex
 *fill*         0x200001fd        0x3 
 .bss           0x20000200        0x8 D:/Application/Work/MSYS2/ucrt64/bin/../lib/gcc/arm-none-eabi/13.3.0/../../../../arm-none-eabi/lib/thumb/v7-m/nofp\libc_nano.a(libc_a-mallocr.o)
                0x20000200                __malloc_sbrk_start
                0x20000204                __malloc_free_list
 *(.bss*)
 .bss.completed.1
                0x20000208        0x1 D:/Application/Work/MSYS2/ucrt64/bin/../lib/gcc/arm-none-eabi/13.3.0/thumb/v7-m/nofp/crtbegin.o
 *fill*         0x20000209        0x3 
 .bss.object.0  0x2000020c       0x18 D:/Application/Work/MSYS2/ucrt64/bin/../lib/gcc/arm-none-eabi/13.3.0/thumb/v7-m/nofp/crtbegin.o
 .bss.uwTick    0x20000224        0x4 build/stm32f1xx_hal.o
                0x20000224                uwTick
 .bss.__sbrk_heap_end
                0x20000228        0x4 build/sysmem.o
 .bss.dmp       0x2000022c       0x10 build/inv_mpu_dmp_motion_driver.o
 *(COMMON)
                0x2000023c                        . = ALIGN (0x4)
                0x2000023c                        _ebss = .
                0x2000023c                        __bss_end__ = _ebss

._user_heap_stack
                0x2000023c      0x604 load address 0x080088d0
                0x20000240                        . = ALIGN (0x8)
 *fill*         0x2000023c        0x4 
                [!provide]                        PROVIDE (end = .)
                0x20000240                        PROVIDE (_end = .)
                0x20000440                        . = (. + _Min_Heap_Size)
 *fill*         0x20000240      0x200 
                0x20000840                        . = (. + _Min_Stack_Size)
 *fill*         0x20000440      0x400 
                0x20000840                        . = ALIGN (0x8)

/DISCARD/
 libc.a(*)
 libm.a(*)
 libgcc.a(*)
OUTPUT(build/Balance_Car.elf elf32-littlearm)
LOAD linker stubs
LOAD D:/Application/Work/MSYS2/ucrt64/bin/../lib/gcc/arm-none-eabi/13.3.0/../../../../arm-none-eabi/lib/thumb/v7-m/nofp\libc.a
LOAD D:/Application/Work/MSYS2/ucrt64/bin/../lib/gcc/arm-none-eabi/13.3.0/../../../../arm-none-eabi/lib/thumb/v7-m/nofp\libm.a
LOAD D:/Application/Work/MSYS2/ucrt64/bin/../lib/gcc/arm-none-eabi/13.3.0/thumb/v7-m/nofp\libgcc.a

.ARM.attributes
                0x00000000       0x29
 .ARM.attributes
                0x00000000       0x1d D:/Application/Work/MSYS2/ucrt64/bin/../lib/gcc/arm-none-eabi/13.3.0/thumb/v7-m/nofp/crti.o
 .ARM.attributes
                0x0000001d       0x2d D:/Application/Work/MSYS2/ucrt64/bin/../lib/gcc/arm-none-eabi/13.3.0/thumb/v7-m/nofp/crtbegin.o
 .ARM.attributes
                0x0000004a       0x2d build/main.o
 .ARM.attributes
                0x00000077       0x2d build/gpio.o
 .ARM.attributes
                0x000000a4       0x2d build/stm32f1xx_it.o
 .ARM.attributes
                0x000000d1       0x2d build/stm32f1xx_hal_msp.o
 .ARM.attributes
                0x000000fe       0x2d build/stm32f1xx_hal.o
 .ARM.attributes
                0x0000012b       0x2d build/stm32f1xx_hal_rcc.o
 .ARM.attributes
                0x00000158       0x2d build/stm32f1xx_hal_gpio.o
 .ARM.attributes
                0x00000185       0x2d build/stm32f1xx_hal_cortex.o
 .ARM.attributes
                0x000001b2       0x2d build/system_stm32f1xx.o
 .ARM.attributes
                0x000001df       0x2d build/sysmem.o
 .ARM.attributes
                0x0000020c       0x2d build/syscalls.o
 .ARM.attributes
                0x00000239       0x2d build/OLED.o
 .ARM.attributes
                0x00000266       0x2d build/inv_mpu_dmp_motion_driver.o
 .ARM.attributes
                0x00000293       0x2d build/inv_mpu.o
 .ARM.attributes
                0x000002c0       0x2d build/IIC.o
 .ARM.attributes
                0x000002ed       0x2d build/mpu6050.o
 .ARM.attributes
                0x0000031a       0x21 build/startup_stm32f103xb.o
 .ARM.attributes
                0x0000033b       0x2d D:/Application/Work/MSYS2/ucrt64/bin/../lib/gcc/arm-none-eabi/13.3.0/../../../../arm-none-eabi/lib/thumb/v7-m/nofp\libc_nano.a(libc_a-findfp.o)
 .ARM.attributes
                0x00000368       0x2d D:/Application/Work/MSYS2/ucrt64/bin/../lib/gcc/arm-none-eabi/13.3.0/../../../../arm-none-eabi/lib/thumb/v7-m/nofp\libc_nano.a(libc_a-fwalk.o)
 .ARM.attributes
                0x00000395       0x2d D:/Application/Work/MSYS2/ucrt64/bin/../lib/gcc/arm-none-eabi/13.3.0/../../../../arm-none-eabi/lib/thumb/v7-m/nofp\libc_nano.a(libc_a-printf.o)
 .ARM.attributes
                0x000003c2       0x2d D:/Application/Work/MSYS2/ucrt64/bin/../lib/gcc/arm-none-eabi/13.3.0/../../../../arm-none-eabi/lib/thumb/v7-m/nofp\libc_nano.a(libc_a-puts.o)
 .ARM.attributes
                0x000003ef       0x2d D:/Application/Work/MSYS2/ucrt64/bin/../lib/gcc/arm-none-eabi/13.3.0/../../../../arm-none-eabi/lib/thumb/v7-m/nofp\libc_nano.a(libc_a-stdio.o)
 .ARM.attributes
                0x0000041c       0x2d D:/Application/Work/MSYS2/ucrt64/bin/../lib/gcc/arm-none-eabi/13.3.0/../../../../arm-none-eabi/lib/thumb/v7-m/nofp\libc_nano.a(libc_a-wbuf.o)
 .ARM.attributes
                0x00000449       0x2d D:/Application/Work/MSYS2/ucrt64/bin/../lib/gcc/arm-none-eabi/13.3.0/../../../../arm-none-eabi/lib/thumb/v7-m/nofp\libc_nano.a(libc_a-wsetup.o)
 .ARM.attributes
                0x00000476       0x2d D:/Application/Work/MSYS2/ucrt64/bin/../lib/gcc/arm-none-eabi/13.3.0/../../../../arm-none-eabi/lib/thumb/v7-m/nofp\libc_nano.a(libc_a-memcmp.o)
 .ARM.attributes
                0x000004a3       0x2d D:/Application/Work/MSYS2/ucrt64/bin/../lib/gcc/arm-none-eabi/13.3.0/../../../../arm-none-eabi/lib/thumb/v7-m/nofp\libc_nano.a(libc_a-memset.o)
 .ARM.attributes
                0x000004d0       0x2d D:/Application/Work/MSYS2/ucrt64/bin/../lib/gcc/arm-none-eabi/13.3.0/../../../../arm-none-eabi/lib/thumb/v7-m/nofp\libc_nano.a(libc_a-closer.o)
 .ARM.attributes
                0x000004fd       0x2d D:/Application/Work/MSYS2/ucrt64/bin/../lib/gcc/arm-none-eabi/13.3.0/../../../../arm-none-eabi/lib/thumb/v7-m/nofp\libc_nano.a(libc_a-reent.o)
 .ARM.attributes
                0x0000052a       0x2d D:/Application/Work/MSYS2/ucrt64/bin/../lib/gcc/arm-none-eabi/13.3.0/../../../../arm-none-eabi/lib/thumb/v7-m/nofp\libc_nano.a(libc_a-impure.o)
 .ARM.attributes
                0x00000557       0x2d D:/Application/Work/MSYS2/ucrt64/bin/../lib/gcc/arm-none-eabi/13.3.0/../../../../arm-none-eabi/lib/thumb/v7-m/nofp\libc_nano.a(libc_a-lseekr.o)
 .ARM.attributes
                0x00000584       0x2d D:/Application/Work/MSYS2/ucrt64/bin/../lib/gcc/arm-none-eabi/13.3.0/../../../../arm-none-eabi/lib/thumb/v7-m/nofp\libc_nano.a(libc_a-readr.o)
 .ARM.attributes
                0x000005b1       0x2d D:/Application/Work/MSYS2/ucrt64/bin/../lib/gcc/arm-none-eabi/13.3.0/../../../../arm-none-eabi/lib/thumb/v7-m/nofp\libc_nano.a(libc_a-writer.o)
 .ARM.attributes
                0x000005de       0x2d D:/Application/Work/MSYS2/ucrt64/bin/../lib/gcc/arm-none-eabi/13.3.0/../../../../arm-none-eabi/lib/thumb/v7-m/nofp\libc_nano.a(libc_a-errno.o)
 .ARM.attributes
                0x0000060b       0x2d D:/Application/Work/MSYS2/ucrt64/bin/../lib/gcc/arm-none-eabi/13.3.0/../../../../arm-none-eabi/lib/thumb/v7-m/nofp\libc_nano.a(libc_a-init.o)
 .ARM.attributes
                0x00000638       0x2d D:/Application/Work/MSYS2/ucrt64/bin/../lib/gcc/arm-none-eabi/13.3.0/../../../../arm-none-eabi/lib/thumb/v7-m/nofp\libc_nano.a(libc_a-lock.o)
 .ARM.attributes
                0x00000665       0x2d D:/Application/Work/MSYS2/ucrt64/bin/../lib/gcc/arm-none-eabi/13.3.0/../../../../arm-none-eabi/lib/thumb/v7-m/nofp\libc_nano.a(libc_a-freer.o)
 .ARM.attributes
                0x00000692       0x2d D:/Application/Work/MSYS2/ucrt64/bin/../lib/gcc/arm-none-eabi/13.3.0/../../../../arm-none-eabi/lib/thumb/v7-m/nofp\libc_nano.a(libc_a-mallocr.o)
 .ARM.attributes
                0x000006bf       0x2d D:/Application/Work/MSYS2/ucrt64/bin/../lib/gcc/arm-none-eabi/13.3.0/../../../../arm-none-eabi/lib/thumb/v7-m/nofp\libc_nano.a(libc_a-mlock.o)
 .ARM.attributes
                0x000006ec       0x2d D:/Application/Work/MSYS2/ucrt64/bin/../lib/gcc/arm-none-eabi/13.3.0/../../../../arm-none-eabi/lib/thumb/v7-m/nofp\libc_nano.a(libc_a-nano-vfprintf.o)
 .ARM.attributes
                0x00000719       0x2d D:/Application/Work/MSYS2/ucrt64/bin/../lib/gcc/arm-none-eabi/13.3.0/../../../../arm-none-eabi/lib/thumb/v7-m/nofp\libc_nano.a(libc_a-nano-vfprintf_i.o)
 .ARM.attributes
                0x00000746       0x2d D:/Application/Work/MSYS2/ucrt64/bin/../lib/gcc/arm-none-eabi/13.3.0/../../../../arm-none-eabi/lib/thumb/v7-m/nofp\libc_nano.a(libc_a-fflush.o)
 .ARM.attributes
                0x00000773       0x2d D:/Application/Work/MSYS2/ucrt64/bin/../lib/gcc/arm-none-eabi/13.3.0/../../../../arm-none-eabi/lib/thumb/v7-m/nofp\libc_nano.a(libc_a-fvwrite.o)
 .ARM.attributes
                0x000007a0       0x2d D:/Application/Work/MSYS2/ucrt64/bin/../lib/gcc/arm-none-eabi/13.3.0/../../../../arm-none-eabi/lib/thumb/v7-m/nofp\libc_nano.a(libc_a-makebuf.o)
 .ARM.attributes
                0x000007cd       0x2d D:/Application/Work/MSYS2/ucrt64/bin/../lib/gcc/arm-none-eabi/13.3.0/../../../../arm-none-eabi/lib/thumb/v7-m/nofp\libc_nano.a(libc_a-memmove.o)
 .ARM.attributes
                0x000007fa       0x2d D:/Application/Work/MSYS2/ucrt64/bin/../lib/gcc/arm-none-eabi/13.3.0/../../../../arm-none-eabi/lib/thumb/v7-m/nofp\libc_nano.a(libc_a-fstatr.o)
 .ARM.attributes
                0x00000827       0x2d D:/Application/Work/MSYS2/ucrt64/bin/../lib/gcc/arm-none-eabi/13.3.0/../../../../arm-none-eabi/lib/thumb/v7-m/nofp\libc_nano.a(libc_a-isattyr.o)
 .ARM.attributes
                0x00000854       0x2d D:/Application/Work/MSYS2/ucrt64/bin/../lib/gcc/arm-none-eabi/13.3.0/../../../../arm-none-eabi/lib/thumb/v7-m/nofp\libc_nano.a(libc_a-sbrkr.o)
 .ARM.attributes
                0x00000881       0x2d D:/Application/Work/MSYS2/ucrt64/bin/../lib/gcc/arm-none-eabi/13.3.0/../../../../arm-none-eabi/lib/thumb/v7-m/nofp\libc_nano.a(libc_a-memchr-stub.o)
 .ARM.attributes
                0x000008ae       0x1b D:/Application/Work/MSYS2/ucrt64/bin/../lib/gcc/arm-none-eabi/13.3.0/../../../../arm-none-eabi/lib/thumb/v7-m/nofp\libc_nano.a(libc_a-memcpy.o)
 .ARM.attributes
                0x000008c9       0x2d D:/Application/Work/MSYS2/ucrt64/bin/../lib/gcc/arm-none-eabi/13.3.0/../../../../arm-none-eabi/lib/thumb/v7-m/nofp\libc_nano.a(libc_a-reallocr.o)
 .ARM.attributes
                0x000008f6       0x2d D:/Application/Work/MSYS2/ucrt64/bin/../lib/gcc/arm-none-eabi/13.3.0/../../../../arm-none-eabi/lib/thumb/v7-m/nofp\libc_nano.a(libc_a-msizer.o)
 .ARM.attributes
                0x00000923       0x2d D:/Application/Work/MSYS2/ucrt64/bin/../lib/gcc/arm-none-eabi/13.3.0/../../../../arm-none-eabi/lib/thumb/v7-m/nofp\libm.a(libm_a-w_asin.o)
 .ARM.attributes
                0x00000950       0x2d D:/Application/Work/MSYS2/ucrt64/bin/../lib/gcc/arm-none-eabi/13.3.0/../../../../arm-none-eabi/lib/thumb/v7-m/nofp\libm.a(libm_a-w_atan2.o)
 .ARM.attributes
                0x0000097d       0x2d D:/Application/Work/MSYS2/ucrt64/bin/../lib/gcc/arm-none-eabi/13.3.0/../../../../arm-none-eabi/lib/thumb/v7-m/nofp\libm.a(libm_a-s_fabs.o)
 .ARM.attributes
                0x000009aa       0x2d D:/Application/Work/MSYS2/ucrt64/bin/../lib/gcc/arm-none-eabi/13.3.0/../../../../arm-none-eabi/lib/thumb/v7-m/nofp\libm.a(libm_a-s_nan.o)
 .ARM.attributes
                0x000009d7       0x2d D:/Application/Work/MSYS2/ucrt64/bin/../lib/gcc/arm-none-eabi/13.3.0/../../../../arm-none-eabi/lib/thumb/v7-m/nofp\libm.a(libm_a-e_asin.o)
 .ARM.attributes
                0x00000a04       0x2d D:/Application/Work/MSYS2/ucrt64/bin/../lib/gcc/arm-none-eabi/13.3.0/../../../../arm-none-eabi/lib/thumb/v7-m/nofp\libm.a(libm_a-e_atan2.o)
 .ARM.attributes
                0x00000a31       0x2d D:/Application/Work/MSYS2/ucrt64/bin/../lib/gcc/arm-none-eabi/13.3.0/../../../../arm-none-eabi/lib/thumb/v7-m/nofp\libm.a(libm_a-s_atan.o)
 .ARM.attributes
                0x00000a5e       0x2d D:/Application/Work/MSYS2/ucrt64/bin/../lib/gcc/arm-none-eabi/13.3.0/../../../../arm-none-eabi/lib/thumb/v7-m/nofp\libm.a(libm_a-e_sqrt.o)
 .ARM.attributes
                0x00000a8b       0x1d D:/Application/Work/MSYS2/ucrt64/bin/../lib/gcc/arm-none-eabi/13.3.0/thumb/v7-m/nofp\libgcc.a(_arm_addsubdf3.o)
 .ARM.attributes
                0x00000aa8       0x1d D:/Application/Work/MSYS2/ucrt64/bin/../lib/gcc/arm-none-eabi/13.3.0/thumb/v7-m/nofp\libgcc.a(_arm_muldivdf3.o)
 .ARM.attributes
                0x00000ac5       0x1d D:/Application/Work/MSYS2/ucrt64/bin/../lib/gcc/arm-none-eabi/13.3.0/thumb/v7-m/nofp\libgcc.a(_arm_cmpdf2.o)
 .ARM.attributes
                0x00000ae2       0x1d D:/Application/Work/MSYS2/ucrt64/bin/../lib/gcc/arm-none-eabi/13.3.0/thumb/v7-m/nofp\libgcc.a(_arm_unorddf2.o)
 .ARM.attributes
                0x00000aff       0x1d D:/Application/Work/MSYS2/ucrt64/bin/../lib/gcc/arm-none-eabi/13.3.0/thumb/v7-m/nofp\libgcc.a(_arm_truncdfsf2.o)
 .ARM.attributes
                0x00000b1c       0x1d D:/Application/Work/MSYS2/ucrt64/bin/../lib/gcc/arm-none-eabi/13.3.0/thumb/v7-m/nofp\libgcc.a(_arm_addsubsf3.o)
 .ARM.attributes
                0x00000b39       0x1d D:/Application/Work/MSYS2/ucrt64/bin/../lib/gcc/arm-none-eabi/13.3.0/thumb/v7-m/nofp\libgcc.a(_arm_muldivsf3.o)
 .ARM.attributes
                0x00000b56       0x1d D:/Application/Work/MSYS2/ucrt64/bin/../lib/gcc/arm-none-eabi/13.3.0/thumb/v7-m/nofp\libgcc.a(_arm_cmpsf2.o)
 .ARM.attributes
                0x00000b73       0x1d D:/Application/Work/MSYS2/ucrt64/bin/../lib/gcc/arm-none-eabi/13.3.0/thumb/v7-m/nofp\libgcc.a(_arm_fixsfsi.o)
 .ARM.attributes
                0x00000b90       0x1d D:/Application/Work/MSYS2/ucrt64/bin/../lib/gcc/arm-none-eabi/13.3.0/thumb/v7-m/nofp\libgcc.a(_arm_fixunssfsi.o)
 .ARM.attributes
                0x00000bad       0x1d D:/Application/Work/MSYS2/ucrt64/bin/../lib/gcc/arm-none-eabi/13.3.0/thumb/v7-m/nofp\libgcc.a(_aeabi_ldivmod.o)
 .ARM.attributes
                0x00000bca       0x2d D:/Application/Work/MSYS2/ucrt64/bin/../lib/gcc/arm-none-eabi/13.3.0/thumb/v7-m/nofp\libgcc.a(_udivmoddi4.o)
 .ARM.attributes
                0x00000bf7       0x1d D:/Application/Work/MSYS2/ucrt64/bin/../lib/gcc/arm-none-eabi/13.3.0/thumb/v7-m/nofp\libgcc.a(_dvmd_tls.o)
 .ARM.attributes
                0x00000c14       0x1d D:/Application/Work/MSYS2/ucrt64/bin/../lib/gcc/arm-none-eabi/13.3.0/thumb/v7-m/nofp/crtn.o

.comment        0x00000000       0x12
 .comment       0x00000000       0x12 build/main.o
                                 0x13 (size before relaxing)
 .comment       0x00000012        0x0 build/gpio.o
                                 0x13 (size before relaxing)
 .comment       0x00000012        0x0 build/stm32f1xx_it.o
                                 0x13 (size before relaxing)
 .comment       0x00000012        0x0 build/stm32f1xx_hal_msp.o
                                 0x13 (size before relaxing)
 .comment       0x00000012        0x0 build/stm32f1xx_hal.o
                                 0x13 (size before relaxing)
 .comment       0x00000012        0x0 build/stm32f1xx_hal_rcc.o
                                 0x13 (size before relaxing)
 .comment       0x00000012        0x0 build/stm32f1xx_hal_gpio.o
                                 0x13 (size before relaxing)
 .comment       0x00000012        0x0 build/stm32f1xx_hal_cortex.o
                                 0x13 (size before relaxing)
 .comment       0x00000012        0x0 build/system_stm32f1xx.o
                                 0x13 (size before relaxing)
 .comment       0x00000012        0x0 build/sysmem.o
                                 0x13 (size before relaxing)
 .comment       0x00000012        0x0 build/syscalls.o
                                 0x13 (size before relaxing)
 .comment       0x00000012        0x0 build/OLED.o
                                 0x13 (size before relaxing)
 .comment       0x00000012        0x0 build/inv_mpu_dmp_motion_driver.o
                                 0x13 (size before relaxing)
 .comment       0x00000012        0x0 build/inv_mpu.o
                                 0x13 (size before relaxing)
 .comment       0x00000012        0x0 build/IIC.o
                                 0x13 (size before relaxing)
 .comment       0x00000012        0x0 build/mpu6050.o
                                 0x13 (size before relaxing)
 .comment       0x00000012        0x0 D:/Application/Work/MSYS2/ucrt64/bin/../lib/gcc/arm-none-eabi/13.3.0/../../../../arm-none-eabi/lib/thumb/v7-m/nofp\libc_nano.a(libc_a-findfp.o)
                                 0x13 (size before relaxing)
 .comment       0x00000012        0x0 D:/Application/Work/MSYS2/ucrt64/bin/../lib/gcc/arm-none-eabi/13.3.0/../../../../arm-none-eabi/lib/thumb/v7-m/nofp\libc_nano.a(libc_a-fwalk.o)
                                 0x13 (size before relaxing)
 .comment       0x00000012        0x0 D:/Application/Work/MSYS2/ucrt64/bin/../lib/gcc/arm-none-eabi/13.3.0/../../../../arm-none-eabi/lib/thumb/v7-m/nofp\libc_nano.a(libc_a-printf.o)
                                 0x13 (size before relaxing)
 .comment       0x00000012        0x0 D:/Application/Work/MSYS2/ucrt64/bin/../lib/gcc/arm-none-eabi/13.3.0/../../../../arm-none-eabi/lib/thumb/v7-m/nofp\libc_nano.a(libc_a-puts.o)
                                 0x13 (size before relaxing)
 .comment       0x00000012        0x0 D:/Application/Work/MSYS2/ucrt64/bin/../lib/gcc/arm-none-eabi/13.3.0/../../../../arm-none-eabi/lib/thumb/v7-m/nofp\libc_nano.a(libc_a-stdio.o)
                                 0x13 (size before relaxing)
 .comment       0x00000012        0x0 D:/Application/Work/MSYS2/ucrt64/bin/../lib/gcc/arm-none-eabi/13.3.0/../../../../arm-none-eabi/lib/thumb/v7-m/nofp\libc_nano.a(libc_a-wbuf.o)
                                 0x13 (size before relaxing)
 .comment       0x00000012        0x0 D:/Application/Work/MSYS2/ucrt64/bin/../lib/gcc/arm-none-eabi/13.3.0/../../../../arm-none-eabi/lib/thumb/v7-m/nofp\libc_nano.a(libc_a-wsetup.o)
                                 0x13 (size before relaxing)
 .comment       0x00000012        0x0 D:/Application/Work/MSYS2/ucrt64/bin/../lib/gcc/arm-none-eabi/13.3.0/../../../../arm-none-eabi/lib/thumb/v7-m/nofp\libc_nano.a(libc_a-memcmp.o)
                                 0x13 (size before relaxing)
 .comment       0x00000012        0x0 D:/Application/Work/MSYS2/ucrt64/bin/../lib/gcc/arm-none-eabi/13.3.0/../../../../arm-none-eabi/lib/thumb/v7-m/nofp\libc_nano.a(libc_a-memset.o)
                                 0x13 (size before relaxing)
 .comment       0x00000012        0x0 D:/Application/Work/MSYS2/ucrt64/bin/../lib/gcc/arm-none-eabi/13.3.0/../../../../arm-none-eabi/lib/thumb/v7-m/nofp\libc_nano.a(libc_a-closer.o)
                                 0x13 (size before relaxing)
 .comment       0x00000012        0x0 D:/Application/Work/MSYS2/ucrt64/bin/../lib/gcc/arm-none-eabi/13.3.0/../../../../arm-none-eabi/lib/thumb/v7-m/nofp\libc_nano.a(libc_a-reent.o)
                                 0x13 (size before relaxing)
 .comment       0x00000012        0x0 D:/Application/Work/MSYS2/ucrt64/bin/../lib/gcc/arm-none-eabi/13.3.0/../../../../arm-none-eabi/lib/thumb/v7-m/nofp\libc_nano.a(libc_a-impure.o)
                                 0x13 (size before relaxing)
 .comment       0x00000012        0x0 D:/Application/Work/MSYS2/ucrt64/bin/../lib/gcc/arm-none-eabi/13.3.0/../../../../arm-none-eabi/lib/thumb/v7-m/nofp\libc_nano.a(libc_a-lseekr.o)
                                 0x13 (size before relaxing)
 .comment       0x00000012        0x0 D:/Application/Work/MSYS2/ucrt64/bin/../lib/gcc/arm-none-eabi/13.3.0/../../../../arm-none-eabi/lib/thumb/v7-m/nofp\libc_nano.a(libc_a-readr.o)
                                 0x13 (size before relaxing)
 .comment       0x00000012        0x0 D:/Application/Work/MSYS2/ucrt64/bin/../lib/gcc/arm-none-eabi/13.3.0/../../../../arm-none-eabi/lib/thumb/v7-m/nofp\libc_nano.a(libc_a-writer.o)
                                 0x13 (size before relaxing)
 .comment       0x00000012        0x0 D:/Application/Work/MSYS2/ucrt64/bin/../lib/gcc/arm-none-eabi/13.3.0/../../../../arm-none-eabi/lib/thumb/v7-m/nofp\libc_nano.a(libc_a-errno.o)
                                 0x13 (size before relaxing)
 .comment       0x00000012        0x0 D:/Application/Work/MSYS2/ucrt64/bin/../lib/gcc/arm-none-eabi/13.3.0/../../../../arm-none-eabi/lib/thumb/v7-m/nofp\libc_nano.a(libc_a-init.o)
                                 0x13 (size before relaxing)
 .comment       0x00000012        0x0 D:/Application/Work/MSYS2/ucrt64/bin/../lib/gcc/arm-none-eabi/13.3.0/../../../../arm-none-eabi/lib/thumb/v7-m/nofp\libc_nano.a(libc_a-lock.o)
                                 0x13 (size before relaxing)
 .comment       0x00000012        0x0 D:/Application/Work/MSYS2/ucrt64/bin/../lib/gcc/arm-none-eabi/13.3.0/../../../../arm-none-eabi/lib/thumb/v7-m/nofp\libc_nano.a(libc_a-freer.o)
                                 0x13 (size before relaxing)
 .comment       0x00000012        0x0 D:/Application/Work/MSYS2/ucrt64/bin/../lib/gcc/arm-none-eabi/13.3.0/../../../../arm-none-eabi/lib/thumb/v7-m/nofp\libc_nano.a(libc_a-mallocr.o)
                                 0x13 (size before relaxing)
 .comment       0x00000012        0x0 D:/Application/Work/MSYS2/ucrt64/bin/../lib/gcc/arm-none-eabi/13.3.0/../../../../arm-none-eabi/lib/thumb/v7-m/nofp\libc_nano.a(libc_a-mlock.o)
                                 0x13 (size before relaxing)
 .comment       0x00000012        0x0 D:/Application/Work/MSYS2/ucrt64/bin/../lib/gcc/arm-none-eabi/13.3.0/../../../../arm-none-eabi/lib/thumb/v7-m/nofp\libc_nano.a(libc_a-nano-vfprintf.o)
                                 0x13 (size before relaxing)
 .comment       0x00000012        0x0 D:/Application/Work/MSYS2/ucrt64/bin/../lib/gcc/arm-none-eabi/13.3.0/../../../../arm-none-eabi/lib/thumb/v7-m/nofp\libc_nano.a(libc_a-nano-vfprintf_i.o)
                                 0x13 (size before relaxing)
 .comment       0x00000012        0x0 D:/Application/Work/MSYS2/ucrt64/bin/../lib/gcc/arm-none-eabi/13.3.0/../../../../arm-none-eabi/lib/thumb/v7-m/nofp\libc_nano.a(libc_a-fflush.o)
                                 0x13 (size before relaxing)
 .comment       0x00000012        0x0 D:/Application/Work/MSYS2/ucrt64/bin/../lib/gcc/arm-none-eabi/13.3.0/../../../../arm-none-eabi/lib/thumb/v7-m/nofp\libc_nano.a(libc_a-fvwrite.o)
                                 0x13 (size before relaxing)
 .comment       0x00000012        0x0 D:/Application/Work/MSYS2/ucrt64/bin/../lib/gcc/arm-none-eabi/13.3.0/../../../../arm-none-eabi/lib/thumb/v7-m/nofp\libc_nano.a(libc_a-makebuf.o)
                                 0x13 (size before relaxing)
 .comment       0x00000012        0x0 D:/Application/Work/MSYS2/ucrt64/bin/../lib/gcc/arm-none-eabi/13.3.0/../../../../arm-none-eabi/lib/thumb/v7-m/nofp\libc_nano.a(libc_a-memmove.o)
                                 0x13 (size before relaxing)
 .comment       0x00000012        0x0 D:/Application/Work/MSYS2/ucrt64/bin/../lib/gcc/arm-none-eabi/13.3.0/../../../../arm-none-eabi/lib/thumb/v7-m/nofp\libc_nano.a(libc_a-fstatr.o)
                                 0x13 (size before relaxing)
 .comment       0x00000012        0x0 D:/Application/Work/MSYS2/ucrt64/bin/../lib/gcc/arm-none-eabi/13.3.0/../../../../arm-none-eabi/lib/thumb/v7-m/nofp\libc_nano.a(libc_a-isattyr.o)
                                 0x13 (size before relaxing)
 .comment       0x00000012        0x0 D:/Application/Work/MSYS2/ucrt64/bin/../lib/gcc/arm-none-eabi/13.3.0/../../../../arm-none-eabi/lib/thumb/v7-m/nofp\libc_nano.a(libc_a-sbrkr.o)
                                 0x13 (size before relaxing)
 .comment       0x00000012        0x0 D:/Application/Work/MSYS2/ucrt64/bin/../lib/gcc/arm-none-eabi/13.3.0/../../../../arm-none-eabi/lib/thumb/v7-m/nofp\libc_nano.a(libc_a-memchr-stub.o)
                                 0x13 (size before relaxing)
 .comment       0x00000012        0x0 D:/Application/Work/MSYS2/ucrt64/bin/../lib/gcc/arm-none-eabi/13.3.0/../../../../arm-none-eabi/lib/thumb/v7-m/nofp\libc_nano.a(libc_a-reallocr.o)
                                 0x13 (size before relaxing)
 .comment       0x00000012        0x0 D:/Application/Work/MSYS2/ucrt64/bin/../lib/gcc/arm-none-eabi/13.3.0/../../../../arm-none-eabi/lib/thumb/v7-m/nofp\libc_nano.a(libc_a-msizer.o)
                                 0x13 (size before relaxing)
 .comment       0x00000012        0x0 D:/Application/Work/MSYS2/ucrt64/bin/../lib/gcc/arm-none-eabi/13.3.0/thumb/v7-m/nofp\libgcc.a(_udivmoddi4.o)
                                 0x13 (size before relaxing)

.debug_info     0x00000000    0x1b7f6
 .debug_info    0x00000000      0x60d build/main.o
 .debug_info    0x0000060d      0x3d0 build/gpio.o
 .debug_info    0x000009dd      0x158 build/stm32f1xx_it.o
 .debug_info    0x00000b35      0x238 build/stm32f1xx_hal_msp.o
 .debug_info    0x00000d6d      0x880 build/stm32f1xx_hal.o
 .debug_info    0x000015ed      0xb10 build/stm32f1xx_hal_rcc.o
 .debug_info    0x000020fd      0x6d7 build/stm32f1xx_hal_gpio.o
 .debug_info    0x000027d4      0xe3f build/stm32f1xx_hal_cortex.o
 .debug_info    0x00003613      0x26e build/system_stm32f1xx.o
 .debug_info    0x00003881      0x18c build/sysmem.o
 .debug_info    0x00003a0d      0x853 build/syscalls.o
 .debug_info    0x00004260      0xd44 build/OLED.o
 .debug_info    0x00004fa4     0x14d5 build/inv_mpu_dmp_motion_driver.o
 .debug_info    0x00006479     0x2fcd build/inv_mpu.o
 .debug_info    0x00009446      0x85c build/IIC.o
 .debug_info    0x00009ca2      0xa2b build/mpu6050.o
 .debug_info    0x0000a6cd       0x30 build/startup_stm32f103xb.o
 .debug_info    0x0000a6fd     0x10c4 D:/Application/Work/MSYS2/ucrt64/bin/../lib/gcc/arm-none-eabi/13.3.0/../../../../arm-none-eabi/lib/thumb/v7-m/nofp\libc_nano.a(libc_a-findfp.o)
 .debug_info    0x0000b7c1      0x7d2 D:/Application/Work/MSYS2/ucrt64/bin/../lib/gcc/arm-none-eabi/13.3.0/../../../../arm-none-eabi/lib/thumb/v7-m/nofp\libc_nano.a(libc_a-fwalk.o)
 .debug_info    0x0000bf93      0x841 D:/Application/Work/MSYS2/ucrt64/bin/../lib/gcc/arm-none-eabi/13.3.0/../../../../arm-none-eabi/lib/thumb/v7-m/nofp\libc_nano.a(libc_a-printf.o)
 .debug_info    0x0000c7d4      0x949 D:/Application/Work/MSYS2/ucrt64/bin/../lib/gcc/arm-none-eabi/13.3.0/../../../../arm-none-eabi/lib/thumb/v7-m/nofp\libc_nano.a(libc_a-puts.o)
 .debug_info    0x0000d11d      0xa8a D:/Application/Work/MSYS2/ucrt64/bin/../lib/gcc/arm-none-eabi/13.3.0/../../../../arm-none-eabi/lib/thumb/v7-m/nofp\libc_nano.a(libc_a-stdio.o)
 .debug_info    0x0000dba7      0x86d D:/Application/Work/MSYS2/ucrt64/bin/../lib/gcc/arm-none-eabi/13.3.0/../../../../arm-none-eabi/lib/thumb/v7-m/nofp\libc_nano.a(libc_a-wbuf.o)
 .debug_info    0x0000e414      0x7bb D:/Application/Work/MSYS2/ucrt64/bin/../lib/gcc/arm-none-eabi/13.3.0/../../../../arm-none-eabi/lib/thumb/v7-m/nofp\libc_nano.a(libc_a-wsetup.o)
 .debug_info    0x0000ebcf      0x12b D:/Application/Work/MSYS2/ucrt64/bin/../lib/gcc/arm-none-eabi/13.3.0/../../../../arm-none-eabi/lib/thumb/v7-m/nofp\libc_nano.a(libc_a-memcmp.o)
 .debug_info    0x0000ecfa      0x135 D:/Application/Work/MSYS2/ucrt64/bin/../lib/gcc/arm-none-eabi/13.3.0/../../../../arm-none-eabi/lib/thumb/v7-m/nofp\libc_nano.a(libc_a-memset.o)
 .debug_info    0x0000ee2f      0x75d D:/Application/Work/MSYS2/ucrt64/bin/../lib/gcc/arm-none-eabi/13.3.0/../../../../arm-none-eabi/lib/thumb/v7-m/nofp\libc_nano.a(libc_a-closer.o)
 .debug_info    0x0000f58c      0x8a9 D:/Application/Work/MSYS2/ucrt64/bin/../lib/gcc/arm-none-eabi/13.3.0/../../../../arm-none-eabi/lib/thumb/v7-m/nofp\libc_nano.a(libc_a-reent.o)
 .debug_info    0x0000fe35      0x715 D:/Application/Work/MSYS2/ucrt64/bin/../lib/gcc/arm-none-eabi/13.3.0/../../../../arm-none-eabi/lib/thumb/v7-m/nofp\libc_nano.a(libc_a-impure.o)
 .debug_info    0x0001054a      0x7a8 D:/Application/Work/MSYS2/ucrt64/bin/../lib/gcc/arm-none-eabi/13.3.0/../../../../arm-none-eabi/lib/thumb/v7-m/nofp\libc_nano.a(libc_a-lseekr.o)
 .debug_info    0x00010cf2      0x7bf D:/Application/Work/MSYS2/ucrt64/bin/../lib/gcc/arm-none-eabi/13.3.0/../../../../arm-none-eabi/lib/thumb/v7-m/nofp\libc_nano.a(libc_a-readr.o)
 .debug_info    0x000114b1      0x7c5 D:/Application/Work/MSYS2/ucrt64/bin/../lib/gcc/arm-none-eabi/13.3.0/../../../../arm-none-eabi/lib/thumb/v7-m/nofp\libc_nano.a(libc_a-writer.o)
 .debug_info    0x00011c76      0x6fb D:/Application/Work/MSYS2/ucrt64/bin/../lib/gcc/arm-none-eabi/13.3.0/../../../../arm-none-eabi/lib/thumb/v7-m/nofp\libc_nano.a(libc_a-errno.o)
 .debug_info    0x00012371      0x10b D:/Application/Work/MSYS2/ucrt64/bin/../lib/gcc/arm-none-eabi/13.3.0/../../../../arm-none-eabi/lib/thumb/v7-m/nofp\libc_nano.a(libc_a-init.o)
 .debug_info    0x0001247c      0x218 D:/Application/Work/MSYS2/ucrt64/bin/../lib/gcc/arm-none-eabi/13.3.0/../../../../arm-none-eabi/lib/thumb/v7-m/nofp\libc_nano.a(libc_a-lock.o)
 .debug_info    0x00012694      0x889 D:/Application/Work/MSYS2/ucrt64/bin/../lib/gcc/arm-none-eabi/13.3.0/../../../../arm-none-eabi/lib/thumb/v7-m/nofp\libc_nano.a(libc_a-freer.o)
 .debug_info    0x00012f1d      0x9c0 D:/Application/Work/MSYS2/ucrt64/bin/../lib/gcc/arm-none-eabi/13.3.0/../../../../arm-none-eabi/lib/thumb/v7-m/nofp\libc_nano.a(libc_a-mallocr.o)
 .debug_info    0x000138dd      0x76b D:/Application/Work/MSYS2/ucrt64/bin/../lib/gcc/arm-none-eabi/13.3.0/../../../../arm-none-eabi/lib/thumb/v7-m/nofp\libc_nano.a(libc_a-mlock.o)
 .debug_info    0x00014048     0x10d7 D:/Application/Work/MSYS2/ucrt64/bin/../lib/gcc/arm-none-eabi/13.3.0/../../../../arm-none-eabi/lib/thumb/v7-m/nofp\libc_nano.a(libc_a-nano-vfprintf.o)
 .debug_info    0x0001511f      0xde1 D:/Application/Work/MSYS2/ucrt64/bin/../lib/gcc/arm-none-eabi/13.3.0/../../../../arm-none-eabi/lib/thumb/v7-m/nofp\libc_nano.a(libc_a-nano-vfprintf_i.o)
 .debug_info    0x00015f00      0x9f2 D:/Application/Work/MSYS2/ucrt64/bin/../lib/gcc/arm-none-eabi/13.3.0/../../../../arm-none-eabi/lib/thumb/v7-m/nofp\libc_nano.a(libc_a-fflush.o)
 .debug_info    0x000168f2      0xb28 D:/Application/Work/MSYS2/ucrt64/bin/../lib/gcc/arm-none-eabi/13.3.0/../../../../arm-none-eabi/lib/thumb/v7-m/nofp\libc_nano.a(libc_a-fvwrite.o)
 .debug_info    0x0001741a      0xbf0 D:/Application/Work/MSYS2/ucrt64/bin/../lib/gcc/arm-none-eabi/13.3.0/../../../../arm-none-eabi/lib/thumb/v7-m/nofp\libc_nano.a(libc_a-makebuf.o)
 .debug_info    0x0001800a      0x148 D:/Application/Work/MSYS2/ucrt64/bin/../lib/gcc/arm-none-eabi/13.3.0/../../../../arm-none-eabi/lib/thumb/v7-m/nofp\libc_nano.a(libc_a-memmove.o)
 .debug_info    0x00018152      0x981 D:/Application/Work/MSYS2/ucrt64/bin/../lib/gcc/arm-none-eabi/13.3.0/../../../../arm-none-eabi/lib/thumb/v7-m/nofp\libc_nano.a(libc_a-fstatr.o)
 .debug_info    0x00018ad3      0x75d D:/Application/Work/MSYS2/ucrt64/bin/../lib/gcc/arm-none-eabi/13.3.0/../../../../arm-none-eabi/lib/thumb/v7-m/nofp\libc_nano.a(libc_a-isattyr.o)
 .debug_info    0x00019230      0x782 D:/Application/Work/MSYS2/ucrt64/bin/../lib/gcc/arm-none-eabi/13.3.0/../../../../arm-none-eabi/lib/thumb/v7-m/nofp\libc_nano.a(libc_a-sbrkr.o)
 .debug_info    0x000199b2      0x14a D:/Application/Work/MSYS2/ucrt64/bin/../lib/gcc/arm-none-eabi/13.3.0/../../../../arm-none-eabi/lib/thumb/v7-m/nofp\libc_nano.a(libc_a-memchr-stub.o)
 .debug_info    0x00019afc       0x33 D:/Application/Work/MSYS2/ucrt64/bin/../lib/gcc/arm-none-eabi/13.3.0/../../../../arm-none-eabi/lib/thumb/v7-m/nofp\libc_nano.a(libc_a-memcpy.o)
 .debug_info    0x00019b2f      0x8d7 D:/Application/Work/MSYS2/ucrt64/bin/../lib/gcc/arm-none-eabi/13.3.0/../../../../arm-none-eabi/lib/thumb/v7-m/nofp\libc_nano.a(libc_a-reallocr.o)
 .debug_info    0x0001a406      0x794 D:/Application/Work/MSYS2/ucrt64/bin/../lib/gcc/arm-none-eabi/13.3.0/../../../../arm-none-eabi/lib/thumb/v7-m/nofp\libc_nano.a(libc_a-msizer.o)
 .debug_info    0x0001ab9a       0xd3 D:/Application/Work/MSYS2/ucrt64/bin/../lib/gcc/arm-none-eabi/13.3.0/thumb/v7-m/nofp\libgcc.a(_arm_addsubdf3.o)
 .debug_info    0x0001ac6d       0x57 D:/Application/Work/MSYS2/ucrt64/bin/../lib/gcc/arm-none-eabi/13.3.0/thumb/v7-m/nofp\libgcc.a(_arm_muldivdf3.o)
 .debug_info    0x0001acc4       0xdf D:/Application/Work/MSYS2/ucrt64/bin/../lib/gcc/arm-none-eabi/13.3.0/thumb/v7-m/nofp\libgcc.a(_arm_cmpdf2.o)
 .debug_info    0x0001ada3       0x3c D:/Application/Work/MSYS2/ucrt64/bin/../lib/gcc/arm-none-eabi/13.3.0/thumb/v7-m/nofp\libgcc.a(_arm_unorddf2.o)
 .debug_info    0x0001addf       0x3f D:/Application/Work/MSYS2/ucrt64/bin/../lib/gcc/arm-none-eabi/13.3.0/thumb/v7-m/nofp\libgcc.a(_arm_truncdfsf2.o)
 .debug_info    0x0001ae1e       0xca D:/Application/Work/MSYS2/ucrt64/bin/../lib/gcc/arm-none-eabi/13.3.0/thumb/v7-m/nofp\libgcc.a(_arm_addsubsf3.o)
 .debug_info    0x0001aee8       0x57 D:/Application/Work/MSYS2/ucrt64/bin/../lib/gcc/arm-none-eabi/13.3.0/thumb/v7-m/nofp\libgcc.a(_arm_muldivsf3.o)
 .debug_info    0x0001af3f       0xdb D:/Application/Work/MSYS2/ucrt64/bin/../lib/gcc/arm-none-eabi/13.3.0/thumb/v7-m/nofp\libgcc.a(_arm_cmpsf2.o)
 .debug_info    0x0001b01a       0x3c D:/Application/Work/MSYS2/ucrt64/bin/../lib/gcc/arm-none-eabi/13.3.0/thumb/v7-m/nofp\libgcc.a(_arm_fixsfsi.o)
 .debug_info    0x0001b056       0x3c D:/Application/Work/MSYS2/ucrt64/bin/../lib/gcc/arm-none-eabi/13.3.0/thumb/v7-m/nofp\libgcc.a(_arm_fixunssfsi.o)
 .debug_info    0x0001b092       0x25 D:/Application/Work/MSYS2/ucrt64/bin/../lib/gcc/arm-none-eabi/13.3.0/thumb/v7-m/nofp\libgcc.a(_aeabi_ldivmod.o)
 .debug_info    0x0001b0b7      0x703 D:/Application/Work/MSYS2/ucrt64/bin/../lib/gcc/arm-none-eabi/13.3.0/thumb/v7-m/nofp\libgcc.a(_udivmoddi4.o)
 .debug_info    0x0001b7ba       0x3c D:/Application/Work/MSYS2/ucrt64/bin/../lib/gcc/arm-none-eabi/13.3.0/thumb/v7-m/nofp\libgcc.a(_dvmd_tls.o)

.debug_abbrev   0x00000000     0x6001
 .debug_abbrev  0x00000000      0x22a build/main.o
 .debug_abbrev  0x0000022a      0x14e build/gpio.o
 .debug_abbrev  0x00000378       0x80 build/stm32f1xx_it.o
 .debug_abbrev  0x000003f8       0xe7 build/stm32f1xx_hal_msp.o
 .debug_abbrev  0x000004df      0x232 build/stm32f1xx_hal.o
 .debug_abbrev  0x00000711      0x2d6 build/stm32f1xx_hal_rcc.o
 .debug_abbrev  0x000009e7      0x222 build/stm32f1xx_hal_gpio.o
 .debug_abbrev  0x00000c09      0x3aa build/stm32f1xx_hal_cortex.o
 .debug_abbrev  0x00000fb3      0x140 build/system_stm32f1xx.o
 .debug_abbrev  0x000010f3       0xeb build/sysmem.o
 .debug_abbrev  0x000011de      0x1ea build/syscalls.o
 .debug_abbrev  0x000013c8      0x206 build/OLED.o
 .debug_abbrev  0x000015ce      0x235 build/inv_mpu_dmp_motion_driver.o
 .debug_abbrev  0x00001803      0x318 build/inv_mpu.o
 .debug_abbrev  0x00001b1b      0x244 build/IIC.o
 .debug_abbrev  0x00001d5f      0x182 build/mpu6050.o
 .debug_abbrev  0x00001ee1       0x1d build/startup_stm32f103xb.o
 .debug_abbrev  0x00001efe      0x446 D:/Application/Work/MSYS2/ucrt64/bin/../lib/gcc/arm-none-eabi/13.3.0/../../../../arm-none-eabi/lib/thumb/v7-m/nofp\libc_nano.a(libc_a-findfp.o)
 .debug_abbrev  0x00002344      0x19b D:/Application/Work/MSYS2/ucrt64/bin/../lib/gcc/arm-none-eabi/13.3.0/../../../../arm-none-eabi/lib/thumb/v7-m/nofp\libc_nano.a(libc_a-fwalk.o)
 .debug_abbrev  0x000024df      0x21a D:/Application/Work/MSYS2/ucrt64/bin/../lib/gcc/arm-none-eabi/13.3.0/../../../../arm-none-eabi/lib/thumb/v7-m/nofp\libc_nano.a(libc_a-printf.o)
 .debug_abbrev  0x000026f9      0x2a7 D:/Application/Work/MSYS2/ucrt64/bin/../lib/gcc/arm-none-eabi/13.3.0/../../../../arm-none-eabi/lib/thumb/v7-m/nofp\libc_nano.a(libc_a-puts.o)
 .debug_abbrev  0x000029a0      0x224 D:/Application/Work/MSYS2/ucrt64/bin/../lib/gcc/arm-none-eabi/13.3.0/../../../../arm-none-eabi/lib/thumb/v7-m/nofp\libc_nano.a(libc_a-stdio.o)
 .debug_abbrev  0x00002bc4      0x236 D:/Application/Work/MSYS2/ucrt64/bin/../lib/gcc/arm-none-eabi/13.3.0/../../../../arm-none-eabi/lib/thumb/v7-m/nofp\libc_nano.a(libc_a-wbuf.o)
 .debug_abbrev  0x00002dfa      0x1e2 D:/Application/Work/MSYS2/ucrt64/bin/../lib/gcc/arm-none-eabi/13.3.0/../../../../arm-none-eabi/lib/thumb/v7-m/nofp\libc_nano.a(libc_a-wsetup.o)
 .debug_abbrev  0x00002fdc       0x90 D:/Application/Work/MSYS2/ucrt64/bin/../lib/gcc/arm-none-eabi/13.3.0/../../../../arm-none-eabi/lib/thumb/v7-m/nofp\libc_nano.a(libc_a-memcmp.o)
 .debug_abbrev  0x0000306c       0xb7 D:/Application/Work/MSYS2/ucrt64/bin/../lib/gcc/arm-none-eabi/13.3.0/../../../../arm-none-eabi/lib/thumb/v7-m/nofp\libc_nano.a(libc_a-memset.o)
 .debug_abbrev  0x00003123      0x1b0 D:/Application/Work/MSYS2/ucrt64/bin/../lib/gcc/arm-none-eabi/13.3.0/../../../../arm-none-eabi/lib/thumb/v7-m/nofp\libc_nano.a(libc_a-closer.o)
 .debug_abbrev  0x000032d3      0x1ee D:/Application/Work/MSYS2/ucrt64/bin/../lib/gcc/arm-none-eabi/13.3.0/../../../../arm-none-eabi/lib/thumb/v7-m/nofp\libc_nano.a(libc_a-reent.o)
 .debug_abbrev  0x000034c1      0x149 D:/Application/Work/MSYS2/ucrt64/bin/../lib/gcc/arm-none-eabi/13.3.0/../../../../arm-none-eabi/lib/thumb/v7-m/nofp\libc_nano.a(libc_a-impure.o)
 .debug_abbrev  0x0000360a      0x1c4 D:/Application/Work/MSYS2/ucrt64/bin/../lib/gcc/arm-none-eabi/13.3.0/../../../../arm-none-eabi/lib/thumb/v7-m/nofp\libc_nano.a(libc_a-lseekr.o)
 .debug_abbrev  0x000037ce      0x1b0 D:/Application/Work/MSYS2/ucrt64/bin/../lib/gcc/arm-none-eabi/13.3.0/../../../../arm-none-eabi/lib/thumb/v7-m/nofp\libc_nano.a(libc_a-readr.o)
 .debug_abbrev  0x0000397e      0x1b5 D:/Application/Work/MSYS2/ucrt64/bin/../lib/gcc/arm-none-eabi/13.3.0/../../../../arm-none-eabi/lib/thumb/v7-m/nofp\libc_nano.a(libc_a-writer.o)
 .debug_abbrev  0x00003b33      0x15e D:/Application/Work/MSYS2/ucrt64/bin/../lib/gcc/arm-none-eabi/13.3.0/../../../../arm-none-eabi/lib/thumb/v7-m/nofp\libc_nano.a(libc_a-errno.o)
 .debug_abbrev  0x00003c91       0xc9 D:/Application/Work/MSYS2/ucrt64/bin/../lib/gcc/arm-none-eabi/13.3.0/../../../../arm-none-eabi/lib/thumb/v7-m/nofp\libc_nano.a(libc_a-init.o)
 .debug_abbrev  0x00003d5a      0x115 D:/Application/Work/MSYS2/ucrt64/bin/../lib/gcc/arm-none-eabi/13.3.0/../../../../arm-none-eabi/lib/thumb/v7-m/nofp\libc_nano.a(libc_a-lock.o)
 .debug_abbrev  0x00003e6f      0x249 D:/Application/Work/MSYS2/ucrt64/bin/../lib/gcc/arm-none-eabi/13.3.0/../../../../arm-none-eabi/lib/thumb/v7-m/nofp\libc_nano.a(libc_a-freer.o)
 .debug_abbrev  0x000040b8      0x24a D:/Application/Work/MSYS2/ucrt64/bin/../lib/gcc/arm-none-eabi/13.3.0/../../../../arm-none-eabi/lib/thumb/v7-m/nofp\libc_nano.a(libc_a-mallocr.o)
 .debug_abbrev  0x00004302      0x1bf D:/Application/Work/MSYS2/ucrt64/bin/../lib/gcc/arm-none-eabi/13.3.0/../../../../arm-none-eabi/lib/thumb/v7-m/nofp\libc_nano.a(libc_a-mlock.o)
 .debug_abbrev  0x000044c1      0x377 D:/Application/Work/MSYS2/ucrt64/bin/../lib/gcc/arm-none-eabi/13.3.0/../../../../arm-none-eabi/lib/thumb/v7-m/nofp\libc_nano.a(libc_a-nano-vfprintf.o)
 .debug_abbrev  0x00004838      0x28d D:/Application/Work/MSYS2/ucrt64/bin/../lib/gcc/arm-none-eabi/13.3.0/../../../../arm-none-eabi/lib/thumb/v7-m/nofp\libc_nano.a(libc_a-nano-vfprintf_i.o)
 .debug_abbrev  0x00004ac5      0x2a6 D:/Application/Work/MSYS2/ucrt64/bin/../lib/gcc/arm-none-eabi/13.3.0/../../../../arm-none-eabi/lib/thumb/v7-m/nofp\libc_nano.a(libc_a-fflush.o)
 .debug_abbrev  0x00004d6b      0x224 D:/Application/Work/MSYS2/ucrt64/bin/../lib/gcc/arm-none-eabi/13.3.0/../../../../arm-none-eabi/lib/thumb/v7-m/nofp\libc_nano.a(libc_a-fvwrite.o)
 .debug_abbrev  0x00004f8f      0x29d D:/Application/Work/MSYS2/ucrt64/bin/../lib/gcc/arm-none-eabi/13.3.0/../../../../arm-none-eabi/lib/thumb/v7-m/nofp\libc_nano.a(libc_a-makebuf.o)
 .debug_abbrev  0x0000522c       0xc3 D:/Application/Work/MSYS2/ucrt64/bin/../lib/gcc/arm-none-eabi/13.3.0/../../../../arm-none-eabi/lib/thumb/v7-m/nofp\libc_nano.a(libc_a-memmove.o)
 .debug_abbrev  0x000052ef      0x1c3 D:/Application/Work/MSYS2/ucrt64/bin/../lib/gcc/arm-none-eabi/13.3.0/../../../../arm-none-eabi/lib/thumb/v7-m/nofp\libc_nano.a(libc_a-fstatr.o)
 .debug_abbrev  0x000054b2      0x1b0 D:/Application/Work/MSYS2/ucrt64/bin/../lib/gcc/arm-none-eabi/13.3.0/../../../../arm-none-eabi/lib/thumb/v7-m/nofp\libc_nano.a(libc_a-isattyr.o)
 .debug_abbrev  0x00005662      0x1da D:/Application/Work/MSYS2/ucrt64/bin/../lib/gcc/arm-none-eabi/13.3.0/../../../../arm-none-eabi/lib/thumb/v7-m/nofp\libc_nano.a(libc_a-sbrkr.o)
 .debug_abbrev  0x0000583c       0xc7 D:/Application/Work/MSYS2/ucrt64/bin/../lib/gcc/arm-none-eabi/13.3.0/../../../../arm-none-eabi/lib/thumb/v7-m/nofp\libc_nano.a(libc_a-memchr-stub.o)
 .debug_abbrev  0x00005903       0x28 D:/Application/Work/MSYS2/ucrt64/bin/../lib/gcc/arm-none-eabi/13.3.0/../../../../arm-none-eabi/lib/thumb/v7-m/nofp\libc_nano.a(libc_a-memcpy.o)
 .debug_abbrev  0x0000592b      0x20c D:/Application/Work/MSYS2/ucrt64/bin/../lib/gcc/arm-none-eabi/13.3.0/../../../../arm-none-eabi/lib/thumb/v7-m/nofp\libc_nano.a(libc_a-reallocr.o)
 .debug_abbrev  0x00005b37      0x196 D:/Application/Work/MSYS2/ucrt64/bin/../lib/gcc/arm-none-eabi/13.3.0/../../../../arm-none-eabi/lib/thumb/v7-m/nofp\libc_nano.a(libc_a-msizer.o)
 .debug_abbrev  0x00005ccd       0x28 D:/Application/Work/MSYS2/ucrt64/bin/../lib/gcc/arm-none-eabi/13.3.0/thumb/v7-m/nofp\libgcc.a(_arm_addsubdf3.o)
 .debug_abbrev  0x00005cf5       0x28 D:/Application/Work/MSYS2/ucrt64/bin/../lib/gcc/arm-none-eabi/13.3.0/thumb/v7-m/nofp\libgcc.a(_arm_muldivdf3.o)
 .debug_abbrev  0x00005d1d       0x28 D:/Application/Work/MSYS2/ucrt64/bin/../lib/gcc/arm-none-eabi/13.3.0/thumb/v7-m/nofp\libgcc.a(_arm_cmpdf2.o)
 .debug_abbrev  0x00005d45       0x28 D:/Application/Work/MSYS2/ucrt64/bin/../lib/gcc/arm-none-eabi/13.3.0/thumb/v7-m/nofp\libgcc.a(_arm_unorddf2.o)
 .debug_abbrev  0x00005d6d       0x28 D:/Application/Work/MSYS2/ucrt64/bin/../lib/gcc/arm-none-eabi/13.3.0/thumb/v7-m/nofp\libgcc.a(_arm_truncdfsf2.o)
 .debug_abbrev  0x00005d95       0x28 D:/Application/Work/MSYS2/ucrt64/bin/../lib/gcc/arm-none-eabi/13.3.0/thumb/v7-m/nofp\libgcc.a(_arm_addsubsf3.o)
 .debug_abbrev  0x00005dbd       0x28 D:/Application/Work/MSYS2/ucrt64/bin/../lib/gcc/arm-none-eabi/13.3.0/thumb/v7-m/nofp\libgcc.a(_arm_muldivsf3.o)
 .debug_abbrev  0x00005de5       0x28 D:/Application/Work/MSYS2/ucrt64/bin/../lib/gcc/arm-none-eabi/13.3.0/thumb/v7-m/nofp\libgcc.a(_arm_cmpsf2.o)