ARM GAS  C:\Users\FASCIN~1\AppData\Local\Temp\ccJt5sQj.s 			page 1


   1              		.cpu cortex-m3
   2              		.arch armv7-m
   3              		.fpu softvfp
   4              		.eabi_attribute 20, 1
   5              		.eabi_attribute 21, 1
   6              		.eabi_attribute 23, 3
   7              		.eabi_attribute 24, 1
   8              		.eabi_attribute 25, 1
   9              		.eabi_attribute 26, 1
  10              		.eabi_attribute 30, 1
  11              		.eabi_attribute 34, 1
  12              		.eabi_attribute 18, 4
  13              		.file	"encoder.c"
  14              		.text
  15              	.Ltext0:
  16              		.cfi_sections	.debug_frame
  17              		.file 1 "Modules/encoder/encoder.c"
  18              		.section	.text.encoder_init,"ax",%progbits
  19              		.align	1
  20              		.global	encoder_init
  21              		.syntax unified
  22              		.thumb
  23              		.thumb_func
  25              	encoder_init:
  26              	.LFB68:
   1:Modules/encoder/encoder.c **** #include "encoder.h"
   2:Modules/encoder/encoder.c **** 
   3:Modules/encoder/encoder.c **** void encoder_init(void)
   4:Modules/encoder/encoder.c **** {
  27              		.loc 1 4 1 view -0
  28              		.cfi_startproc
  29              		@ args = 0, pretend = 0, frame = 0
  30              		@ frame_needed = 0, uses_anonymous_args = 0
  31 0000 10B5     		push	{r4, lr}
  32              	.LCFI0:
  33              		.cfi_def_cfa_offset 8
  34              		.cfi_offset 4, -8
  35              		.cfi_offset 14, -4
   5:Modules/encoder/encoder.c ****     HAL_TIM_Encoder_Start(&htim4, TIM_CHANNEL_1); // 开启编码器A
  36              		.loc 1 5 5 view .LVU1
  37 0002 094C     		ldr	r4, .L3
  38 0004 0021     		movs	r1, #0
  39 0006 2046     		mov	r0, r4
  40 0008 FFF7FEFF 		bl	HAL_TIM_Encoder_Start
  41              	.LVL0:
   6:Modules/encoder/encoder.c ****     HAL_TIM_Encoder_Start(&htim4, TIM_CHANNEL_2); 	
  42              		.loc 1 6 5 view .LVU2
  43 000c 0421     		movs	r1, #4
  44 000e 2046     		mov	r0, r4
  45 0010 FFF7FEFF 		bl	HAL_TIM_Encoder_Start
  46              	.LVL1:
   7:Modules/encoder/encoder.c ****     HAL_TIM_Encoder_Start(&htim1, TIM_CHANNEL_1); // 开启编码器B	
  47              		.loc 1 7 5 view .LVU3
  48 0014 054C     		ldr	r4, .L3+4
  49 0016 0021     		movs	r1, #0
  50 0018 2046     		mov	r0, r4
  51 001a FFF7FEFF 		bl	HAL_TIM_Encoder_Start
ARM GAS  C:\Users\FASCIN~1\AppData\Local\Temp\ccJt5sQj.s 			page 2


  52              	.LVL2:
   8:Modules/encoder/encoder.c ****     HAL_TIM_Encoder_Start(&htim1, TIM_CHANNEL_2); 
  53              		.loc 1 8 5 view .LVU4
  54 001e 0421     		movs	r1, #4
  55 0020 2046     		mov	r0, r4
  56 0022 FFF7FEFF 		bl	HAL_TIM_Encoder_Start
  57              	.LVL3:
   9:Modules/encoder/encoder.c **** }
  58              		.loc 1 9 1 is_stmt 0 view .LVU5
  59 0026 10BD     		pop	{r4, pc}
  60              	.L4:
  61              		.align	2
  62              	.L3:
  63 0028 00000000 		.word	htim4
  64 002c 00000000 		.word	htim1
  65              		.cfi_endproc
  66              	.LFE68:
  68              		.section	.text.Encoder_left_Get,"ax",%progbits
  69              		.align	1
  70              		.global	Encoder_left_Get
  71              		.syntax unified
  72              		.thumb
  73              		.thumb_func
  75              	Encoder_left_Get:
  76              	.LFB69:
  10:Modules/encoder/encoder.c **** 
  11:Modules/encoder/encoder.c **** 
  12:Modules/encoder/encoder.c **** // 左轮编码器（TIM4）
  13:Modules/encoder/encoder.c **** int16_t Encoder_left_Get(void)
  14:Modules/encoder/encoder.c **** {
  77              		.loc 1 14 1 is_stmt 1 view -0
  78              		.cfi_startproc
  79              		@ args = 0, pretend = 0, frame = 0
  80              		@ frame_needed = 0, uses_anonymous_args = 0
  81              		@ link register save eliminated.
  15:Modules/encoder/encoder.c ****     int16_t temp;
  82              		.loc 1 15 5 view .LVU7
  16:Modules/encoder/encoder.c ****     temp = (int16_t)__HAL_TIM_GET_COUNTER(&htim4);   // 读取计数
  83              		.loc 1 16 5 view .LVU8
  84              		.loc 1 16 21 is_stmt 0 view .LVU9
  85 0000 034B     		ldr	r3, .L6
  86 0002 1B68     		ldr	r3, [r3]
  87 0004 586A     		ldr	r0, [r3, #36]
  88              	.LVL4:
  17:Modules/encoder/encoder.c ****     __HAL_TIM_SET_COUNTER(&htim4, 0);                // 清零
  89              		.loc 1 17 5 is_stmt 1 view .LVU10
  90 0006 0022     		movs	r2, #0
  91 0008 5A62     		str	r2, [r3, #36]
  18:Modules/encoder/encoder.c ****     return temp;
  92              		.loc 1 18 5 view .LVU11
  19:Modules/encoder/encoder.c **** }
  93              		.loc 1 19 1 is_stmt 0 view .LVU12
  94 000a 00B2     		sxth	r0, r0
  95              		.loc 1 19 1 view .LVU13
  96 000c 7047     		bx	lr
  97              	.L7:
  98 000e 00BF     		.align	2
ARM GAS  C:\Users\FASCIN~1\AppData\Local\Temp\ccJt5sQj.s 			page 3


  99              	.L6:
 100 0010 00000000 		.word	htim4
 101              		.cfi_endproc
 102              	.LFE69:
 104              		.section	.text.Encoder_right_Get,"ax",%progbits
 105              		.align	1
 106              		.global	Encoder_right_Get
 107              		.syntax unified
 108              		.thumb
 109              		.thumb_func
 111              	Encoder_right_Get:
 112              	.LFB70:
  20:Modules/encoder/encoder.c **** 
  21:Modules/encoder/encoder.c **** // 右轮编码器（TIM1）
  22:Modules/encoder/encoder.c **** int16_t Encoder_right_Get(void)
  23:Modules/encoder/encoder.c **** {
 113              		.loc 1 23 1 is_stmt 1 view -0
 114              		.cfi_startproc
 115              		@ args = 0, pretend = 0, frame = 0
 116              		@ frame_needed = 0, uses_anonymous_args = 0
 117              		@ link register save eliminated.
  24:Modules/encoder/encoder.c ****     int16_t temp;
 118              		.loc 1 24 5 view .LVU15
  25:Modules/encoder/encoder.c ****     temp = (int16_t)__HAL_TIM_GET_COUNTER(&htim1);
 119              		.loc 1 25 5 view .LVU16
 120              		.loc 1 25 21 is_stmt 0 view .LVU17
 121 0000 034B     		ldr	r3, .L9
 122 0002 1B68     		ldr	r3, [r3]
 123 0004 586A     		ldr	r0, [r3, #36]
 124              	.LVL5:
  26:Modules/encoder/encoder.c ****     __HAL_TIM_SET_COUNTER(&htim1, 0);
 125              		.loc 1 26 5 is_stmt 1 view .LVU18
 126 0006 0022     		movs	r2, #0
 127 0008 5A62     		str	r2, [r3, #36]
  27:Modules/encoder/encoder.c ****     return -temp;
 128              		.loc 1 27 5 view .LVU19
 129              		.loc 1 27 12 is_stmt 0 view .LVU20
 130 000a 4042     		rsbs	r0, r0, #0
 131              	.LVL6:
  28:Modules/encoder/encoder.c **** }
 132              		.loc 1 28 1 view .LVU21
 133 000c 00B2     		sxth	r0, r0
 134              	.LVL7:
 135              		.loc 1 28 1 view .LVU22
 136 000e 7047     		bx	lr
 137              	.L10:
 138              		.align	2
 139              	.L9:
 140 0010 00000000 		.word	htim1
 141              		.cfi_endproc
 142              	.LFE70:
 144              		.section	.text.UpdateEncoderCounts,"ax",%progbits
 145              		.align	1
 146              		.global	UpdateEncoderCounts
 147              		.syntax unified
 148              		.thumb
 149              		.thumb_func
ARM GAS  C:\Users\FASCIN~1\AppData\Local\Temp\ccJt5sQj.s 			page 4


 151              	UpdateEncoderCounts:
 152              	.LFB71:
  29:Modules/encoder/encoder.c **** 
  30:Modules/encoder/encoder.c **** int16_t left_encoder;
  31:Modules/encoder/encoder.c **** int16_t right_encoder;
  32:Modules/encoder/encoder.c **** void UpdateEncoderCounts(void)
  33:Modules/encoder/encoder.c **** {
 153              		.loc 1 33 1 is_stmt 1 view -0
 154              		.cfi_startproc
 155              		@ args = 0, pretend = 0, frame = 0
 156              		@ frame_needed = 0, uses_anonymous_args = 0
 157 0000 08B5     		push	{r3, lr}
 158              	.LCFI1:
 159              		.cfi_def_cfa_offset 8
 160              		.cfi_offset 3, -8
 161              		.cfi_offset 14, -4
  34:Modules/encoder/encoder.c ****     left_encoder  = Encoder_left_Get();
 162              		.loc 1 34 5 view .LVU24
 163              		.loc 1 34 21 is_stmt 0 view .LVU25
 164 0002 FFF7FEFF 		bl	Encoder_left_Get
 165              	.LVL8:
 166              		.loc 1 34 19 discriminator 1 view .LVU26
 167 0006 034B     		ldr	r3, .L13
 168 0008 1880     		strh	r0, [r3]	@ movhi
  35:Modules/encoder/encoder.c ****     right_encoder = Encoder_right_Get();
 169              		.loc 1 35 5 is_stmt 1 view .LVU27
 170              		.loc 1 35 21 is_stmt 0 view .LVU28
 171 000a FFF7FEFF 		bl	Encoder_right_Get
 172              	.LVL9:
 173              		.loc 1 35 19 discriminator 1 view .LVU29
 174 000e 024B     		ldr	r3, .L13+4
 175 0010 1880     		strh	r0, [r3]	@ movhi
  36:Modules/encoder/encoder.c **** }...
 176              		.loc 1 36 1 view .LVU30
 177 0012 08BD     		pop	{r3, pc}
 178              	.L14:
 179              		.align	2
 180              	.L13:
 181 0014 00000000 		.word	left_encoder
 182 0018 00000000 		.word	right_encoder
 183              		.cfi_endproc
 184              	.LFE71:
 186              		.global	right_encoder
 187              		.section	.bss.right_encoder,"aw",%nobits
 188              		.align	1
 191              	right_encoder:
 192 0000 0000     		.space	2
 193              		.global	left_encoder
 194              		.section	.bss.left_encoder,"aw",%nobits
 195              		.align	1
 198              	left_encoder:
 199 0000 0000     		.space	2
 200              		.text
 201              	.Letext0:
 202              		.file 2 "D:/Application/Work/MSYS2/ucrt64/arm-none-eabi/include/machine/_default_types.h"
 203              		.file 3 "D:/Application/Work/MSYS2/ucrt64/arm-none-eabi/include/sys/_stdint.h"
 204              		.file 4 "Drivers/CMSIS/Device/ST/STM32F1xx/Include/stm32f103xb.h"
ARM GAS  C:\Users\FASCIN~1\AppData\Local\Temp\ccJt5sQj.s 			page 5


 205              		.file 5 "Drivers/STM32F1xx_HAL_Driver/Inc/stm32f1xx_hal_def.h"
 206              		.file 6 "Drivers/STM32F1xx_HAL_Driver/Inc/stm32f1xx_hal_dma.h"
 207              		.file 7 "Drivers/STM32F1xx_HAL_Driver/Inc/stm32f1xx_hal_tim.h"
 208              		.file 8 "Core/Inc/tim.h"
 209              		.file 9 "Core/Inc/headfile.h"
ARM GAS  C:\Users\FASCIN~1\AppData\Local\Temp\ccJt5sQj.s 			page 6


DEFINED SYMBOLS
                            *ABS*:00000000 encoder.c
C:\Users\FASCIN~1\AppData\Local\Temp\ccJt5sQj.s:19     .text.encoder_init:00000000 $t
C:\Users\FASCIN~1\AppData\Local\Temp\ccJt5sQj.s:25     .text.encoder_init:00000000 encoder_init
C:\Users\FASCIN~1\AppData\Local\Temp\ccJt5sQj.s:63     .text.encoder_init:00000028 $d
C:\Users\FASCIN~1\AppData\Local\Temp\ccJt5sQj.s:69     .text.Encoder_left_Get:00000000 $t
C:\Users\FASCIN~1\AppData\Local\Temp\ccJt5sQj.s:75     .text.Encoder_left_Get:00000000 Encoder_left_Get
C:\Users\FASCIN~1\AppData\Local\Temp\ccJt5sQj.s:100    .text.Encoder_left_Get:00000010 $d
C:\Users\FASCIN~1\AppData\Local\Temp\ccJt5sQj.s:105    .text.Encoder_right_Get:00000000 $t
C:\Users\FASCIN~1\AppData\Local\Temp\ccJt5sQj.s:111    .text.Encoder_right_Get:00000000 Encoder_right_Get
C:\Users\FASCIN~1\AppData\Local\Temp\ccJt5sQj.s:140    .text.Encoder_right_Get:00000010 $d
C:\Users\FASCIN~1\AppData\Local\Temp\ccJt5sQj.s:145    .text.UpdateEncoderCounts:00000000 $t
C:\Users\FASCIN~1\AppData\Local\Temp\ccJt5sQj.s:151    .text.UpdateEncoderCounts:00000000 UpdateEncoderCounts
C:\Users\FASCIN~1\AppData\Local\Temp\ccJt5sQj.s:181    .text.UpdateEncoderCounts:00000014 $d
C:\Users\FASCIN~1\AppData\Local\Temp\ccJt5sQj.s:198    .bss.left_encoder:00000000 left_encoder
C:\Users\FASCIN~1\AppData\Local\Temp\ccJt5sQj.s:191    .bss.right_encoder:00000000 right_encoder
C:\Users\FASCIN~1\AppData\Local\Temp\ccJt5sQj.s:188    .bss.right_encoder:00000000 $d
C:\Users\FASCIN~1\AppData\Local\Temp\ccJt5sQj.s:195    .bss.left_encoder:00000000 $d

UNDEFINED SYMBOLS
HAL_TIM_Encoder_Start
htim4
htim1
