ARM GAS  C:\Users\FASCIN~1\AppData\Local\Temp\ccS0Q6bG.s 			page 1


   1              		.cpu cortex-m3
   2              		.arch armv7-m
   3              		.fpu softvfp
   4              		.eabi_attribute 20, 1
   5              		.eabi_attribute 21, 1
   6              		.eabi_attribute 23, 3
   7              		.eabi_attribute 24, 1
   8              		.eabi_attribute 25, 1
   9              		.eabi_attribute 26, 1
  10              		.eabi_attribute 30, 1
  11              		.eabi_attribute 34, 1
  12              		.eabi_attribute 18, 4
  13              		.file	"gpio.c"
  14              		.text
  15              	.Ltext0:
  16              		.cfi_sections	.debug_frame
  17              		.file 1 "Core/Src/gpio.c"
  18              		.section	.text.MX_GPIO_Init,"ax",%progbits
  19              		.align	1
  20              		.global	MX_GPIO_Init
  21              		.syntax unified
  22              		.thumb
  23              		.thumb_func
  25              	MX_GPIO_Init:
  26              	.LFB65:
   1:Core/Src/gpio.c **** /* USER CODE BEGIN Header */
   2:Core/Src/gpio.c **** /**
   3:Core/Src/gpio.c ****   ******************************************************************************
   4:Core/Src/gpio.c ****   * @file    gpio.c
   5:Core/Src/gpio.c ****   * @brief   This file provides code for the configuration
   6:Core/Src/gpio.c ****   *          of all used GPIO pins.
   7:Core/Src/gpio.c ****   ******************************************************************************
   8:Core/Src/gpio.c ****   * @attention
   9:Core/Src/gpio.c ****   *
  10:Core/Src/gpio.c ****   * Copyright (c) 2025 STMicroelectronics.
  11:Core/Src/gpio.c ****   * All rights reserved.
  12:Core/Src/gpio.c ****   *
  13:Core/Src/gpio.c ****   * This software is licensed under terms that can be found in the LICENSE file
  14:Core/Src/gpio.c ****   * in the root directory of this software component.
  15:Core/Src/gpio.c ****   * If no LICENSE file comes with this software, it is provided AS-IS.
  16:Core/Src/gpio.c ****   *
  17:Core/Src/gpio.c ****   ******************************************************************************
  18:Core/Src/gpio.c ****   */
  19:Core/Src/gpio.c **** /* USER CODE END Header */
  20:Core/Src/gpio.c **** 
  21:Core/Src/gpio.c **** /* Includes ------------------------------------------------------------------*/
  22:Core/Src/gpio.c **** #include "gpio.h"
  23:Core/Src/gpio.c **** 
  24:Core/Src/gpio.c **** /* USER CODE BEGIN 0 */
  25:Core/Src/gpio.c **** 
  26:Core/Src/gpio.c **** /* USER CODE END 0 */
  27:Core/Src/gpio.c **** 
  28:Core/Src/gpio.c **** /*----------------------------------------------------------------------------*/
  29:Core/Src/gpio.c **** /* Configure GPIO                                                             */
  30:Core/Src/gpio.c **** /*----------------------------------------------------------------------------*/
  31:Core/Src/gpio.c **** /* USER CODE BEGIN 1 */
  32:Core/Src/gpio.c **** 
ARM GAS  C:\Users\FASCIN~1\AppData\Local\Temp\ccS0Q6bG.s 			page 2


  33:Core/Src/gpio.c **** /* USER CODE END 1 */
  34:Core/Src/gpio.c **** 
  35:Core/Src/gpio.c **** /** Configure pins as
  36:Core/Src/gpio.c ****         * Analog
  37:Core/Src/gpio.c ****         * Input
  38:Core/Src/gpio.c ****         * Output
  39:Core/Src/gpio.c ****         * EVENT_OUT
  40:Core/Src/gpio.c ****         * EXTI
  41:Core/Src/gpio.c **** */
  42:Core/Src/gpio.c **** void MX_GPIO_Init(void)
  43:Core/Src/gpio.c **** {
  27              		.loc 1 43 1 view -0
  28              		.cfi_startproc
  29              		@ args = 0, pretend = 0, frame = 32
  30              		@ frame_needed = 0, uses_anonymous_args = 0
  31 0000 2DE9F043 		push	{r4, r5, r6, r7, r8, r9, lr}
  32              	.LCFI0:
  33              		.cfi_def_cfa_offset 28
  34              		.cfi_offset 4, -28
  35              		.cfi_offset 5, -24
  36              		.cfi_offset 6, -20
  37              		.cfi_offset 7, -16
  38              		.cfi_offset 8, -12
  39              		.cfi_offset 9, -8
  40              		.cfi_offset 14, -4
  41 0004 89B0     		sub	sp, sp, #36
  42              	.LCFI1:
  43              		.cfi_def_cfa_offset 64
  44:Core/Src/gpio.c **** 
  45:Core/Src/gpio.c ****   GPIO_InitTypeDef GPIO_InitStruct = {0};
  44              		.loc 1 45 3 view .LVU1
  45              		.loc 1 45 20 is_stmt 0 view .LVU2
  46 0006 0024     		movs	r4, #0
  47 0008 0494     		str	r4, [sp, #16]
  48 000a 0594     		str	r4, [sp, #20]
  49 000c 0694     		str	r4, [sp, #24]
  50 000e 0794     		str	r4, [sp, #28]
  46:Core/Src/gpio.c **** 
  47:Core/Src/gpio.c ****   /* GPIO Ports Clock Enable */
  48:Core/Src/gpio.c ****   __HAL_RCC_GPIOC_CLK_ENABLE();
  51              		.loc 1 48 3 is_stmt 1 view .LVU3
  52              	.LBB2:
  53              		.loc 1 48 3 view .LVU4
  54              		.loc 1 48 3 view .LVU5
  55 0010 464B     		ldr	r3, .L3
  56 0012 9A69     		ldr	r2, [r3, #24]
  57 0014 42F01002 		orr	r2, r2, #16
  58 0018 9A61     		str	r2, [r3, #24]
  59              		.loc 1 48 3 view .LVU6
  60 001a 9A69     		ldr	r2, [r3, #24]
  61 001c 02F01002 		and	r2, r2, #16
  62 0020 0092     		str	r2, [sp]
  63              		.loc 1 48 3 view .LVU7
  64 0022 009A     		ldr	r2, [sp]
  65              	.LBE2:
  66              		.loc 1 48 3 view .LVU8
  49:Core/Src/gpio.c ****   __HAL_RCC_GPIOD_CLK_ENABLE();
ARM GAS  C:\Users\FASCIN~1\AppData\Local\Temp\ccS0Q6bG.s 			page 3


  67              		.loc 1 49 3 view .LVU9
  68              	.LBB3:
  69              		.loc 1 49 3 view .LVU10
  70              		.loc 1 49 3 view .LVU11
  71 0024 9A69     		ldr	r2, [r3, #24]
  72 0026 42F02002 		orr	r2, r2, #32
  73 002a 9A61     		str	r2, [r3, #24]
  74              		.loc 1 49 3 view .LVU12
  75 002c 9A69     		ldr	r2, [r3, #24]
  76 002e 02F02002 		and	r2, r2, #32
  77 0032 0192     		str	r2, [sp, #4]
  78              		.loc 1 49 3 view .LVU13
  79 0034 019A     		ldr	r2, [sp, #4]
  80              	.LBE3:
  81              		.loc 1 49 3 view .LVU14
  50:Core/Src/gpio.c ****   __HAL_RCC_GPIOA_CLK_ENABLE();
  82              		.loc 1 50 3 view .LVU15
  83              	.LBB4:
  84              		.loc 1 50 3 view .LVU16
  85              		.loc 1 50 3 view .LVU17
  86 0036 9A69     		ldr	r2, [r3, #24]
  87 0038 42F00402 		orr	r2, r2, #4
  88 003c 9A61     		str	r2, [r3, #24]
  89              		.loc 1 50 3 view .LVU18
  90 003e 9A69     		ldr	r2, [r3, #24]
  91 0040 02F00402 		and	r2, r2, #4
  92 0044 0292     		str	r2, [sp, #8]
  93              		.loc 1 50 3 view .LVU19
  94 0046 029A     		ldr	r2, [sp, #8]
  95              	.LBE4:
  96              		.loc 1 50 3 view .LVU20
  51:Core/Src/gpio.c ****   __HAL_RCC_GPIOB_CLK_ENABLE();
  97              		.loc 1 51 3 view .LVU21
  98              	.LBB5:
  99              		.loc 1 51 3 view .LVU22
 100              		.loc 1 51 3 view .LVU23
 101 0048 9A69     		ldr	r2, [r3, #24]
 102 004a 42F00802 		orr	r2, r2, #8
 103 004e 9A61     		str	r2, [r3, #24]
 104              		.loc 1 51 3 view .LVU24
 105 0050 9B69     		ldr	r3, [r3, #24]
 106 0052 03F00803 		and	r3, r3, #8
 107 0056 0393     		str	r3, [sp, #12]
 108              		.loc 1 51 3 view .LVU25
 109 0058 039B     		ldr	r3, [sp, #12]
 110              	.LBE5:
 111              		.loc 1 51 3 view .LVU26
  52:Core/Src/gpio.c **** 
  53:Core/Src/gpio.c ****   /*Configure GPIO pin Output Level */
  54:Core/Src/gpio.c ****   HAL_GPIO_WritePin(GPIOC, Buzzer_Pin|TRIG_Pin, GPIO_PIN_RESET);
 112              		.loc 1 54 3 view .LVU27
 113 005a 354E     		ldr	r6, .L3+4
 114 005c 2246     		mov	r2, r4
 115 005e 4FF42041 		mov	r1, #40960
 116 0062 3046     		mov	r0, r6
 117 0064 FFF7FEFF 		bl	HAL_GPIO_WritePin
 118              	.LVL0:
ARM GAS  C:\Users\FASCIN~1\AppData\Local\Temp\ccS0Q6bG.s 			page 4


  55:Core/Src/gpio.c **** 
  56:Core/Src/gpio.c ****   /*Configure GPIO pin Output Level */
  57:Core/Src/gpio.c ****   HAL_GPIO_WritePin(GPIOA, Left_IN1_Pin|Left_IN2_Pin, GPIO_PIN_RESET);
 119              		.loc 1 57 3 view .LVU28
 120 0068 DFF8C890 		ldr	r9, .L3+8
 121 006c 2246     		mov	r2, r4
 122 006e 3021     		movs	r1, #48
 123 0070 4846     		mov	r0, r9
 124 0072 FFF7FEFF 		bl	HAL_GPIO_WritePin
 125              	.LVL1:
  58:Core/Src/gpio.c **** 
  59:Core/Src/gpio.c ****   /*Configure GPIO pin Output Level */
  60:Core/Src/gpio.c ****   HAL_GPIO_WritePin(GPIOB, Right_IN1_Pin|Right_IN2_Pin|GPIO_PIN_10|GPIO_PIN_11
 126              		.loc 1 60 3 view .LVU29
 127 0076 304F     		ldr	r7, .L3+12
 128 0078 2246     		mov	r2, r4
 129 007a 4FF60351 		movw	r1, #64771
 130 007e 3846     		mov	r0, r7
 131 0080 FFF7FEFF 		bl	HAL_GPIO_WritePin
 132              	.LVL2:
  61:Core/Src/gpio.c ****                           |OLED_SCL_Pin|OLED_SDA_Pin|Follow_Pin|BlueTooth_Pin
  62:Core/Src/gpio.c ****                           |Balance_Pin, GPIO_PIN_RESET);
  63:Core/Src/gpio.c **** 
  64:Core/Src/gpio.c ****   /*Configure GPIO pin : Buzzer_Pin */
  65:Core/Src/gpio.c ****   GPIO_InitStruct.Pin = Buzzer_Pin;
 133              		.loc 1 65 3 view .LVU30
 134              		.loc 1 65 23 is_stmt 0 view .LVU31
 135 0084 4FF40053 		mov	r3, #8192
 136 0088 0493     		str	r3, [sp, #16]
  66:Core/Src/gpio.c ****   GPIO_InitStruct.Mode = GPIO_MODE_OUTPUT_PP;
 137              		.loc 1 66 3 is_stmt 1 view .LVU32
 138              		.loc 1 66 24 is_stmt 0 view .LVU33
 139 008a 0125     		movs	r5, #1
 140 008c 0595     		str	r5, [sp, #20]
  67:Core/Src/gpio.c ****   GPIO_InitStruct.Pull = GPIO_NOPULL;
 141              		.loc 1 67 3 is_stmt 1 view .LVU34
 142              		.loc 1 67 24 is_stmt 0 view .LVU35
 143 008e 0694     		str	r4, [sp, #24]
  68:Core/Src/gpio.c ****   GPIO_InitStruct.Speed = GPIO_SPEED_FREQ_LOW;
 144              		.loc 1 68 3 is_stmt 1 view .LVU36
 145              		.loc 1 68 25 is_stmt 0 view .LVU37
 146 0090 4FF00208 		mov	r8, #2
 147 0094 CDF81C80 		str	r8, [sp, #28]
  69:Core/Src/gpio.c ****   HAL_GPIO_Init(Buzzer_GPIO_Port, &GPIO_InitStruct);
 148              		.loc 1 69 3 is_stmt 1 view .LVU38
 149 0098 04A9     		add	r1, sp, #16
 150 009a 3046     		mov	r0, r6
 151 009c FFF7FEFF 		bl	HAL_GPIO_Init
 152              	.LVL3:
  70:Core/Src/gpio.c **** 
  71:Core/Src/gpio.c ****   /*Configure GPIO pin : PC14 */
  72:Core/Src/gpio.c ****   GPIO_InitStruct.Pin = GPIO_PIN_14;
 153              		.loc 1 72 3 view .LVU39
 154              		.loc 1 72 23 is_stmt 0 view .LVU40
 155 00a0 4FF48043 		mov	r3, #16384
 156 00a4 0493     		str	r3, [sp, #16]
  73:Core/Src/gpio.c ****   GPIO_InitStruct.Mode = GPIO_MODE_INPUT;
ARM GAS  C:\Users\FASCIN~1\AppData\Local\Temp\ccS0Q6bG.s 			page 5


 157              		.loc 1 73 3 is_stmt 1 view .LVU41
 158              		.loc 1 73 24 is_stmt 0 view .LVU42
 159 00a6 0594     		str	r4, [sp, #20]
  74:Core/Src/gpio.c ****   GPIO_InitStruct.Pull = GPIO_PULLUP;
 160              		.loc 1 74 3 is_stmt 1 view .LVU43
 161              		.loc 1 74 24 is_stmt 0 view .LVU44
 162 00a8 0695     		str	r5, [sp, #24]
  75:Core/Src/gpio.c ****   HAL_GPIO_Init(GPIOC, &GPIO_InitStruct);
 163              		.loc 1 75 3 is_stmt 1 view .LVU45
 164 00aa 04A9     		add	r1, sp, #16
 165 00ac 3046     		mov	r0, r6
 166 00ae FFF7FEFF 		bl	HAL_GPIO_Init
 167              	.LVL4:
  76:Core/Src/gpio.c **** 
  77:Core/Src/gpio.c ****   /*Configure GPIO pin : TRIG_Pin */
  78:Core/Src/gpio.c ****   GPIO_InitStruct.Pin = TRIG_Pin;
 168              		.loc 1 78 3 view .LVU46
 169              		.loc 1 78 23 is_stmt 0 view .LVU47
 170 00b2 4FF40043 		mov	r3, #32768
 171 00b6 0493     		str	r3, [sp, #16]
  79:Core/Src/gpio.c ****   GPIO_InitStruct.Mode = GPIO_MODE_OUTPUT_PP;
 172              		.loc 1 79 3 is_stmt 1 view .LVU48
 173              		.loc 1 79 24 is_stmt 0 view .LVU49
 174 00b8 0595     		str	r5, [sp, #20]
  80:Core/Src/gpio.c ****   GPIO_InitStruct.Pull = GPIO_NOPULL;
 175              		.loc 1 80 3 is_stmt 1 view .LVU50
 176              		.loc 1 80 24 is_stmt 0 view .LVU51
 177 00ba 0694     		str	r4, [sp, #24]
  81:Core/Src/gpio.c ****   GPIO_InitStruct.Speed = GPIO_SPEED_FREQ_HIGH;
 178              		.loc 1 81 3 is_stmt 1 view .LVU52
 179              		.loc 1 81 25 is_stmt 0 view .LVU53
 180 00bc 0323     		movs	r3, #3
 181 00be 0793     		str	r3, [sp, #28]
  82:Core/Src/gpio.c ****   HAL_GPIO_Init(TRIG_GPIO_Port, &GPIO_InitStruct);
 182              		.loc 1 82 3 is_stmt 1 view .LVU54
 183 00c0 04A9     		add	r1, sp, #16
 184 00c2 3046     		mov	r0, r6
 185 00c4 FFF7FEFF 		bl	HAL_GPIO_Init
 186              	.LVL5:
  83:Core/Src/gpio.c **** 
  84:Core/Src/gpio.c ****   /*Configure GPIO pin : PA0 */
  85:Core/Src/gpio.c ****   GPIO_InitStruct.Pin = GPIO_PIN_0;
 187              		.loc 1 85 3 view .LVU55
 188              		.loc 1 85 23 is_stmt 0 view .LVU56
 189 00c8 0495     		str	r5, [sp, #16]
  86:Core/Src/gpio.c ****   GPIO_InitStruct.Mode = GPIO_MODE_IT_RISING;
 190              		.loc 1 86 3 is_stmt 1 view .LVU57
 191              		.loc 1 86 24 is_stmt 0 view .LVU58
 192 00ca 1C4B     		ldr	r3, .L3+16
 193 00cc 0593     		str	r3, [sp, #20]
  87:Core/Src/gpio.c ****   GPIO_InitStruct.Pull = GPIO_PULLUP;
 194              		.loc 1 87 3 is_stmt 1 view .LVU59
 195              		.loc 1 87 24 is_stmt 0 view .LVU60
 196 00ce 0695     		str	r5, [sp, #24]
  88:Core/Src/gpio.c ****   HAL_GPIO_Init(GPIOA, &GPIO_InitStruct);
 197              		.loc 1 88 3 is_stmt 1 view .LVU61
 198 00d0 04A9     		add	r1, sp, #16
ARM GAS  C:\Users\FASCIN~1\AppData\Local\Temp\ccS0Q6bG.s 			page 6


 199 00d2 4846     		mov	r0, r9
 200 00d4 FFF7FEFF 		bl	HAL_GPIO_Init
 201              	.LVL6:
  89:Core/Src/gpio.c **** 
  90:Core/Src/gpio.c ****   /*Configure GPIO pins : Left_IN1_Pin Left_IN2_Pin */
  91:Core/Src/gpio.c ****   GPIO_InitStruct.Pin = Left_IN1_Pin|Left_IN2_Pin;
 202              		.loc 1 91 3 view .LVU62
 203              		.loc 1 91 23 is_stmt 0 view .LVU63
 204 00d8 3023     		movs	r3, #48
 205 00da 0493     		str	r3, [sp, #16]
  92:Core/Src/gpio.c ****   GPIO_InitStruct.Mode = GPIO_MODE_OUTPUT_PP;
 206              		.loc 1 92 3 is_stmt 1 view .LVU64
 207              		.loc 1 92 24 is_stmt 0 view .LVU65
 208 00dc 0595     		str	r5, [sp, #20]
  93:Core/Src/gpio.c ****   GPIO_InitStruct.Pull = GPIO_NOPULL;
 209              		.loc 1 93 3 is_stmt 1 view .LVU66
 210              		.loc 1 93 24 is_stmt 0 view .LVU67
 211 00de 0694     		str	r4, [sp, #24]
  94:Core/Src/gpio.c ****   GPIO_InitStruct.Speed = GPIO_SPEED_FREQ_LOW;
 212              		.loc 1 94 3 is_stmt 1 view .LVU68
 213              		.loc 1 94 25 is_stmt 0 view .LVU69
 214 00e0 CDF81C80 		str	r8, [sp, #28]
  95:Core/Src/gpio.c ****   HAL_GPIO_Init(GPIOA, &GPIO_InitStruct);
 215              		.loc 1 95 3 is_stmt 1 view .LVU70
 216 00e4 04A9     		add	r1, sp, #16
 217 00e6 4846     		mov	r0, r9
 218 00e8 FFF7FEFF 		bl	HAL_GPIO_Init
 219              	.LVL7:
  96:Core/Src/gpio.c **** 
  97:Core/Src/gpio.c ****   /*Configure GPIO pins : Right_IN1_Pin Right_IN2_Pin PB10 PB11
  98:Core/Src/gpio.c ****                            OLED_SCL_Pin OLED_SDA_Pin Follow_Pin BlueTooth_Pin
  99:Core/Src/gpio.c ****                            Balance_Pin */
 100:Core/Src/gpio.c ****   GPIO_InitStruct.Pin = Right_IN1_Pin|Right_IN2_Pin|GPIO_PIN_10|GPIO_PIN_11
 220              		.loc 1 100 3 view .LVU71
 221              		.loc 1 100 23 is_stmt 0 view .LVU72
 222 00ec 4FF60353 		movw	r3, #64771
 223 00f0 0493     		str	r3, [sp, #16]
 101:Core/Src/gpio.c ****                           |OLED_SCL_Pin|OLED_SDA_Pin|Follow_Pin|BlueTooth_Pin
 102:Core/Src/gpio.c ****                           |Balance_Pin;
 103:Core/Src/gpio.c ****   GPIO_InitStruct.Mode = GPIO_MODE_OUTPUT_PP;
 224              		.loc 1 103 3 is_stmt 1 view .LVU73
 225              		.loc 1 103 24 is_stmt 0 view .LVU74
 226 00f2 0595     		str	r5, [sp, #20]
 104:Core/Src/gpio.c ****   GPIO_InitStruct.Pull = GPIO_NOPULL;
 227              		.loc 1 104 3 is_stmt 1 view .LVU75
 228              		.loc 1 104 24 is_stmt 0 view .LVU76
 229 00f4 0694     		str	r4, [sp, #24]
 105:Core/Src/gpio.c ****   GPIO_InitStruct.Speed = GPIO_SPEED_FREQ_LOW;
 230              		.loc 1 105 3 is_stmt 1 view .LVU77
 231              		.loc 1 105 25 is_stmt 0 view .LVU78
 232 00f6 CDF81C80 		str	r8, [sp, #28]
 106:Core/Src/gpio.c ****   HAL_GPIO_Init(GPIOB, &GPIO_InitStruct);
 233              		.loc 1 106 3 is_stmt 1 view .LVU79
 234 00fa 04A9     		add	r1, sp, #16
 235 00fc 3846     		mov	r0, r7
 236 00fe FFF7FEFF 		bl	HAL_GPIO_Init
 237              	.LVL8:
ARM GAS  C:\Users\FASCIN~1\AppData\Local\Temp\ccS0Q6bG.s 			page 7


 107:Core/Src/gpio.c **** 
 108:Core/Src/gpio.c ****   /*Configure GPIO pin : KEY_Pin */
 109:Core/Src/gpio.c ****   GPIO_InitStruct.Pin = KEY_Pin;
 238              		.loc 1 109 3 view .LVU80
 239              		.loc 1 109 23 is_stmt 0 view .LVU81
 240 0102 4FF40073 		mov	r3, #512
 241 0106 0493     		str	r3, [sp, #16]
 110:Core/Src/gpio.c ****   GPIO_InitStruct.Mode = GPIO_MODE_INPUT;
 242              		.loc 1 110 3 is_stmt 1 view .LVU82
 243              		.loc 1 110 24 is_stmt 0 view .LVU83
 244 0108 0594     		str	r4, [sp, #20]
 111:Core/Src/gpio.c ****   GPIO_InitStruct.Pull = GPIO_PULLUP;
 245              		.loc 1 111 3 is_stmt 1 view .LVU84
 246              		.loc 1 111 24 is_stmt 0 view .LVU85
 247 010a 0695     		str	r5, [sp, #24]
 112:Core/Src/gpio.c ****   HAL_GPIO_Init(KEY_GPIO_Port, &GPIO_InitStruct);
 248              		.loc 1 112 3 is_stmt 1 view .LVU86
 249 010c 04A9     		add	r1, sp, #16
 250 010e 3846     		mov	r0, r7
 251 0110 FFF7FEFF 		bl	HAL_GPIO_Init
 252              	.LVL9:
 113:Core/Src/gpio.c **** 
 114:Core/Src/gpio.c ****   /* EXTI interrupt init*/
 115:Core/Src/gpio.c ****   HAL_NVIC_SetPriority(EXTI0_IRQn, 0, 0);
 253              		.loc 1 115 3 view .LVU87
 254 0114 2246     		mov	r2, r4
 255 0116 2146     		mov	r1, r4
 256 0118 0620     		movs	r0, #6
 257 011a FFF7FEFF 		bl	HAL_NVIC_SetPriority
 258              	.LVL10:
 116:Core/Src/gpio.c ****   HAL_NVIC_EnableIRQ(EXTI0_IRQn);
 259              		.loc 1 116 3 view .LVU88
 260 011e 0620     		movs	r0, #6
 261 0120 FFF7FEFF 		bl	HAL_NVIC_EnableIRQ
 262              	.LVL11:
 117:Core/Src/gpio.c **** 
 118:Core/Src/gpio.c **** }
 263              		.loc 1 118 1 is_stmt 0 view .LVU89
 264 0124 09B0     		add	sp, sp, #36
 265              	.LCFI2:
 266              		.cfi_def_cfa_offset 28
 267              		@ sp needed
 268 0126 BDE8F083 		pop	{r4, r5, r6, r7, r8, r9, pc}
 269              	.L4:
 270 012a 00BF     		.align	2
 271              	.L3:
 272 012c 00100240 		.word	1073876992
 273 0130 00100140 		.word	1073811456
 274 0134 00080140 		.word	1073809408
 275 0138 000C0140 		.word	1073810432
 276 013c 00001110 		.word	269549568
 277              		.cfi_endproc
 278              	.LFE65:
 280              		.text
 281              	.Letext0:
 282              		.file 2 "Drivers/CMSIS/Device/ST/STM32F1xx/Include/stm32f103xb.h"
 283              		.file 3 "D:/Application/Work/MSYS2/ucrt64/arm-none-eabi/include/machine/_default_types.h"
ARM GAS  C:\Users\FASCIN~1\AppData\Local\Temp\ccS0Q6bG.s 			page 8


 284              		.file 4 "D:/Application/Work/MSYS2/ucrt64/arm-none-eabi/include/sys/_stdint.h"
 285              		.file 5 "Drivers/STM32F1xx_HAL_Driver/Inc/stm32f1xx_hal_gpio.h"
 286              		.file 6 "Drivers/STM32F1xx_HAL_Driver/Inc/stm32f1xx_hal_cortex.h"
ARM GAS  C:\Users\FASCIN~1\AppData\Local\Temp\ccS0Q6bG.s 			page 9


DEFINED SYMBOLS
                            *ABS*:00000000 gpio.c
C:\Users\FASCIN~1\AppData\Local\Temp\ccS0Q6bG.s:19     .text.MX_GPIO_Init:00000000 $t
C:\Users\FASCIN~1\AppData\Local\Temp\ccS0Q6bG.s:25     .text.MX_GPIO_Init:00000000 MX_GPIO_Init
C:\Users\FASCIN~1\AppData\Local\Temp\ccS0Q6bG.s:272    .text.MX_GPIO_Init:0000012c $d

UNDEFINED SYMBOLS
HAL_GPIO_WritePin
HAL_GPIO_Init
HAL_NVIC_SetPriority
HAL_NVIC_EnableIRQ
