ARM GAS  C:\Users\FASCIN~1\AppData\Local\Temp\ccal6XDM.s 			page 1


   1              		.cpu cortex-m3
   2              		.arch armv7-m
   3              		.fpu softvfp
   4              		.eabi_attribute 20, 1
   5              		.eabi_attribute 21, 1
   6              		.eabi_attribute 23, 3
   7              		.eabi_attribute 24, 1
   8              		.eabi_attribute 25, 1
   9              		.eabi_attribute 26, 1
  10              		.eabi_attribute 30, 1
  11              		.eabi_attribute 34, 1
  12              		.eabi_attribute 18, 4
  13              		.file	"hc06.c"
  14              		.text
  15              	.Ltext0:
  16              		.cfi_sections	.debug_frame
  17              		.file 1 "Modules/hc06/hc06.c"
  18              		.section	.text.HAL_UART_RxCpltCallback,"ax",%progbits
  19              		.align	1
  20              		.global	HAL_UART_RxCpltCallback
  21              		.syntax unified
  22              		.thumb
  23              		.thumb_func
  25              	HAL_UART_RxCpltCallback:
  26              	.LVL0:
  27              	.LFB68:
   1:Modules/hc06/hc06.c **** #include "headfile.h"
   2:Modules/hc06/hc06.c **** 
   3:Modules/hc06/hc06.c **** 
   4:Modules/hc06/hc06.c **** uint8_t Serial_RxData;    // 接收数据
   5:Modules/hc06/hc06.c **** uint8_t Serial_RxFlag;    // 接收标志
   6:Modules/hc06/hc06.c **** 
   7:Modules/hc06/hc06.c **** BT_Command_t bt_cmd;      // 蓝牙命令结构体
   8:Modules/hc06/hc06.c **** 
   9:Modules/hc06/hc06.c **** void HAL_UART_RxCpltCallback(UART_HandleTypeDef *huart)
  10:Modules/hc06/hc06.c **** {
  28              		.loc 1 10 1 view -0
  29              		.cfi_startproc
  30              		@ args = 0, pretend = 0, frame = 0
  31              		@ frame_needed = 0, uses_anonymous_args = 0
  32              		.loc 1 10 1 is_stmt 0 view .LVU1
  33 0000 08B5     		push	{r3, lr}
  34              	.LCFI0:
  35              		.cfi_def_cfa_offset 8
  36              		.cfi_offset 3, -8
  37              		.cfi_offset 14, -4
  11:Modules/hc06/hc06.c ****     if(huart->Instance == USART2)   // 判断是USART2触发的回调
  38              		.loc 1 11 5 is_stmt 1 view .LVU2
  39              		.loc 1 11 13 is_stmt 0 view .LVU3
  40 0002 0268     		ldr	r2, [r0]
  41              		.loc 1 11 7 view .LVU4
  42 0004 314B     		ldr	r3, .L17
  43 0006 9A42     		cmp	r2, r3
  44 0008 00D0     		beq	.L16
  45              	.LVL1:
  46              	.L1:
  12:Modules/hc06/hc06.c ****     {
ARM GAS  C:\Users\FASCIN~1\AppData\Local\Temp\ccal6XDM.s 			page 2


  13:Modules/hc06/hc06.c ****         switch(Serial_RxData)
  14:Modules/hc06/hc06.c ****         {
  15:Modules/hc06/hc06.c ****             case 0x00: bt_cmd.forward=0; bt_cmd.backward=0; bt_cmd.left=0; bt_cmd.right=0; break;
  16:Modules/hc06/hc06.c ****             case 0x01: bt_cmd.forward=1; bt_cmd.backward=0; bt_cmd.left=0; bt_cmd.right=0; break; /
  17:Modules/hc06/hc06.c ****             case 0x05: bt_cmd.forward=0; bt_cmd.backward=1; bt_cmd.left=0; bt_cmd.right=0; break; /
  18:Modules/hc06/hc06.c ****             case 0x03: bt_cmd.forward=0; bt_cmd.backward=0; bt_cmd.left=1; bt_cmd.right=0; break; /
  19:Modules/hc06/hc06.c ****             case 0x07: bt_cmd.forward=0; bt_cmd.backward=0; bt_cmd.left=0; bt_cmd.right=1; break; /
  20:Modules/hc06/hc06.c ****             case 0x08: bt_cmd.forward=1; bt_cmd.backward=0; bt_cmd.left=1; bt_cmd.right=0; break; /
  21:Modules/hc06/hc06.c ****             case 0x02: bt_cmd.forward=1; bt_cmd.backward=0; bt_cmd.left=0; bt_cmd.right=1; break; /
  22:Modules/hc06/hc06.c ****             case 0x06: bt_cmd.forward=0; bt_cmd.backward=1; bt_cmd.left=1; bt_cmd.right=0; break; /
  23:Modules/hc06/hc06.c ****             case 0x04: bt_cmd.forward=0; bt_cmd.backward=1; bt_cmd.left=0; bt_cmd.right=1; break; /
  24:Modules/hc06/hc06.c ****             default:   bt_cmd.forward=0; bt_cmd.backward=0; bt_cmd.left=0; bt_cmd.right=0; break;
  25:Modules/hc06/hc06.c ****         }
  26:Modules/hc06/hc06.c **** 
  27:Modules/hc06/hc06.c ****         Serial_RxFlag = 1;  // 标记接收完成
  28:Modules/hc06/hc06.c **** 
  29:Modules/hc06/hc06.c ****         // 重新打开中断接收，否则只会触发一次
  30:Modules/hc06/hc06.c ****         HAL_UART_Receive_IT(&huart2, &Serial_RxData, 1);
  31:Modules/hc06/hc06.c ****     }
  32:Modules/hc06/hc06.c **** }
  47              		.loc 1 32 1 view .LVU5
  48 000a 08BD     		pop	{r3, pc}
  49              	.LVL2:
  50              	.L16:
  13:Modules/hc06/hc06.c ****         {
  51              		.loc 1 13 9 is_stmt 1 view .LVU6
  52 000c 304B     		ldr	r3, .L17+4
  53 000e 1B78     		ldrb	r3, [r3]	@ zero_extendqisi2
  54 0010 082B     		cmp	r3, #8
  55 0012 54D8     		bhi	.L3
  56 0014 DFE803F0 		tbb	[pc, r3]
  57              	.L5:
  58 0018 05       		.byte	(.L13-.L5)/2
  59 0019 13       		.byte	(.L12-.L5)/2
  60 001a 3B       		.byte	(.L11-.L5)/2
  61 001b 23       		.byte	(.L10-.L5)/2
  62 001c 4B       		.byte	(.L9-.L5)/2
  63 001d 1B       		.byte	(.L8-.L5)/2
  64 001e 43       		.byte	(.L7-.L5)/2
  65 001f 2B       		.byte	(.L6-.L5)/2
  66 0020 33       		.byte	(.L4-.L5)/2
  67 0021 00       		.p2align 1
  68              	.L13:
  15:Modules/hc06/hc06.c ****             case 0x01: bt_cmd.forward=1; bt_cmd.backward=0; bt_cmd.left=0; bt_cmd.right=0; break; /
  69              		.loc 1 15 24 view .LVU7
  15:Modules/hc06/hc06.c ****             case 0x01: bt_cmd.forward=1; bt_cmd.backward=0; bt_cmd.left=0; bt_cmd.right=0; break; /
  70              		.loc 1 15 38 is_stmt 0 view .LVU8
  71 0022 2C4B     		ldr	r3, .L17+8
  72 0024 0022     		movs	r2, #0
  73 0026 1A70     		strb	r2, [r3]
  15:Modules/hc06/hc06.c ****             case 0x01: bt_cmd.forward=1; bt_cmd.backward=0; bt_cmd.left=0; bt_cmd.right=0; break; /
  74              		.loc 1 15 42 is_stmt 1 view .LVU9
  15:Modules/hc06/hc06.c ****             case 0x01: bt_cmd.forward=1; bt_cmd.backward=0; bt_cmd.left=0; bt_cmd.right=0; break; /
  75              		.loc 1 15 57 is_stmt 0 view .LVU10
  76 0028 5A70     		strb	r2, [r3, #1]
  15:Modules/hc06/hc06.c ****             case 0x01: bt_cmd.forward=1; bt_cmd.backward=0; bt_cmd.left=0; bt_cmd.right=0; break; /
  77              		.loc 1 15 61 is_stmt 1 view .LVU11
ARM GAS  C:\Users\FASCIN~1\AppData\Local\Temp\ccal6XDM.s 			page 3


  15:Modules/hc06/hc06.c ****             case 0x01: bt_cmd.forward=1; bt_cmd.backward=0; bt_cmd.left=0; bt_cmd.right=0; break; /
  78              		.loc 1 15 72 is_stmt 0 view .LVU12
  79 002a 9A70     		strb	r2, [r3, #2]
  15:Modules/hc06/hc06.c ****             case 0x01: bt_cmd.forward=1; bt_cmd.backward=0; bt_cmd.left=0; bt_cmd.right=0; break; /
  80              		.loc 1 15 76 is_stmt 1 view .LVU13
  15:Modules/hc06/hc06.c ****             case 0x01: bt_cmd.forward=1; bt_cmd.backward=0; bt_cmd.left=0; bt_cmd.right=0; break; /
  81              		.loc 1 15 88 is_stmt 0 view .LVU14
  82 002c DA70     		strb	r2, [r3, #3]
  15:Modules/hc06/hc06.c ****             case 0x01: bt_cmd.forward=1; bt_cmd.backward=0; bt_cmd.left=0; bt_cmd.right=0; break; /
  83              		.loc 1 15 92 is_stmt 1 view .LVU15
  84              	.L14:
  27:Modules/hc06/hc06.c **** 
  85              		.loc 1 27 9 view .LVU16
  27:Modules/hc06/hc06.c **** 
  86              		.loc 1 27 23 is_stmt 0 view .LVU17
  87 002e 0122     		movs	r2, #1
  88 0030 294B     		ldr	r3, .L17+12
  89 0032 1A70     		strb	r2, [r3]
  30:Modules/hc06/hc06.c ****     }
  90              		.loc 1 30 9 is_stmt 1 view .LVU18
  91 0034 2649     		ldr	r1, .L17+4
  92 0036 2948     		ldr	r0, .L17+16
  93              	.LVL3:
  30:Modules/hc06/hc06.c ****     }
  94              		.loc 1 30 9 is_stmt 0 view .LVU19
  95 0038 FFF7FEFF 		bl	HAL_UART_Receive_IT
  96              	.LVL4:
  97              		.loc 1 32 1 view .LVU20
  98 003c E5E7     		b	.L1
  99              	.LVL5:
 100              	.L12:
  16:Modules/hc06/hc06.c ****             case 0x05: bt_cmd.forward=0; bt_cmd.backward=1; bt_cmd.left=0; bt_cmd.right=0; break; /
 101              		.loc 1 16 24 is_stmt 1 view .LVU21
  16:Modules/hc06/hc06.c ****             case 0x05: bt_cmd.forward=0; bt_cmd.backward=1; bt_cmd.left=0; bt_cmd.right=0; break; /
 102              		.loc 1 16 38 is_stmt 0 view .LVU22
 103 003e 254B     		ldr	r3, .L17+8
 104 0040 0122     		movs	r2, #1
 105 0042 1A70     		strb	r2, [r3]
  16:Modules/hc06/hc06.c ****             case 0x05: bt_cmd.forward=0; bt_cmd.backward=1; bt_cmd.left=0; bt_cmd.right=0; break; /
 106              		.loc 1 16 42 is_stmt 1 view .LVU23
  16:Modules/hc06/hc06.c ****             case 0x05: bt_cmd.forward=0; bt_cmd.backward=1; bt_cmd.left=0; bt_cmd.right=0; break; /
 107              		.loc 1 16 57 is_stmt 0 view .LVU24
 108 0044 0022     		movs	r2, #0
 109 0046 5A70     		strb	r2, [r3, #1]
  16:Modules/hc06/hc06.c ****             case 0x05: bt_cmd.forward=0; bt_cmd.backward=1; bt_cmd.left=0; bt_cmd.right=0; break; /
 110              		.loc 1 16 61 is_stmt 1 view .LVU25
  16:Modules/hc06/hc06.c ****             case 0x05: bt_cmd.forward=0; bt_cmd.backward=1; bt_cmd.left=0; bt_cmd.right=0; break; /
 111              		.loc 1 16 72 is_stmt 0 view .LVU26
 112 0048 9A70     		strb	r2, [r3, #2]
  16:Modules/hc06/hc06.c ****             case 0x05: bt_cmd.forward=0; bt_cmd.backward=1; bt_cmd.left=0; bt_cmd.right=0; break; /
 113              		.loc 1 16 76 is_stmt 1 view .LVU27
  16:Modules/hc06/hc06.c ****             case 0x05: bt_cmd.forward=0; bt_cmd.backward=1; bt_cmd.left=0; bt_cmd.right=0; break; /
 114              		.loc 1 16 88 is_stmt 0 view .LVU28
 115 004a DA70     		strb	r2, [r3, #3]
  16:Modules/hc06/hc06.c ****             case 0x05: bt_cmd.forward=0; bt_cmd.backward=1; bt_cmd.left=0; bt_cmd.right=0; break; /
 116              		.loc 1 16 92 is_stmt 1 view .LVU29
 117 004c EFE7     		b	.L14
ARM GAS  C:\Users\FASCIN~1\AppData\Local\Temp\ccal6XDM.s 			page 4


 118              	.L8:
  17:Modules/hc06/hc06.c ****             case 0x03: bt_cmd.forward=0; bt_cmd.backward=0; bt_cmd.left=1; bt_cmd.right=0; break; /
 119              		.loc 1 17 24 view .LVU30
  17:Modules/hc06/hc06.c ****             case 0x03: bt_cmd.forward=0; bt_cmd.backward=0; bt_cmd.left=1; bt_cmd.right=0; break; /
 120              		.loc 1 17 38 is_stmt 0 view .LVU31
 121 004e 214B     		ldr	r3, .L17+8
 122 0050 0022     		movs	r2, #0
 123 0052 1A70     		strb	r2, [r3]
  17:Modules/hc06/hc06.c ****             case 0x03: bt_cmd.forward=0; bt_cmd.backward=0; bt_cmd.left=1; bt_cmd.right=0; break; /
 124              		.loc 1 17 42 is_stmt 1 view .LVU32
  17:Modules/hc06/hc06.c ****             case 0x03: bt_cmd.forward=0; bt_cmd.backward=0; bt_cmd.left=1; bt_cmd.right=0; break; /
 125              		.loc 1 17 57 is_stmt 0 view .LVU33
 126 0054 0121     		movs	r1, #1
 127 0056 5970     		strb	r1, [r3, #1]
  17:Modules/hc06/hc06.c ****             case 0x03: bt_cmd.forward=0; bt_cmd.backward=0; bt_cmd.left=1; bt_cmd.right=0; break; /
 128              		.loc 1 17 61 is_stmt 1 view .LVU34
  17:Modules/hc06/hc06.c ****             case 0x03: bt_cmd.forward=0; bt_cmd.backward=0; bt_cmd.left=1; bt_cmd.right=0; break; /
 129              		.loc 1 17 72 is_stmt 0 view .LVU35
 130 0058 9A70     		strb	r2, [r3, #2]
  17:Modules/hc06/hc06.c ****             case 0x03: bt_cmd.forward=0; bt_cmd.backward=0; bt_cmd.left=1; bt_cmd.right=0; break; /
 131              		.loc 1 17 76 is_stmt 1 view .LVU36
  17:Modules/hc06/hc06.c ****             case 0x03: bt_cmd.forward=0; bt_cmd.backward=0; bt_cmd.left=1; bt_cmd.right=0; break; /
 132              		.loc 1 17 88 is_stmt 0 view .LVU37
 133 005a DA70     		strb	r2, [r3, #3]
  17:Modules/hc06/hc06.c ****             case 0x03: bt_cmd.forward=0; bt_cmd.backward=0; bt_cmd.left=1; bt_cmd.right=0; break; /
 134              		.loc 1 17 92 is_stmt 1 view .LVU38
 135 005c E7E7     		b	.L14
 136              	.L10:
  18:Modules/hc06/hc06.c ****             case 0x07: bt_cmd.forward=0; bt_cmd.backward=0; bt_cmd.left=0; bt_cmd.right=1; break; /
 137              		.loc 1 18 24 view .LVU39
  18:Modules/hc06/hc06.c ****             case 0x07: bt_cmd.forward=0; bt_cmd.backward=0; bt_cmd.left=0; bt_cmd.right=1; break; /
 138              		.loc 1 18 38 is_stmt 0 view .LVU40
 139 005e 1D4B     		ldr	r3, .L17+8
 140 0060 0022     		movs	r2, #0
 141 0062 1A70     		strb	r2, [r3]
  18:Modules/hc06/hc06.c ****             case 0x07: bt_cmd.forward=0; bt_cmd.backward=0; bt_cmd.left=0; bt_cmd.right=1; break; /
 142              		.loc 1 18 42 is_stmt 1 view .LVU41
  18:Modules/hc06/hc06.c ****             case 0x07: bt_cmd.forward=0; bt_cmd.backward=0; bt_cmd.left=0; bt_cmd.right=1; break; /
 143              		.loc 1 18 57 is_stmt 0 view .LVU42
 144 0064 5A70     		strb	r2, [r3, #1]
  18:Modules/hc06/hc06.c ****             case 0x07: bt_cmd.forward=0; bt_cmd.backward=0; bt_cmd.left=0; bt_cmd.right=1; break; /
 145              		.loc 1 18 61 is_stmt 1 view .LVU43
  18:Modules/hc06/hc06.c ****             case 0x07: bt_cmd.forward=0; bt_cmd.backward=0; bt_cmd.left=0; bt_cmd.right=1; break; /
 146              		.loc 1 18 72 is_stmt 0 view .LVU44
 147 0066 0121     		movs	r1, #1
 148 0068 9970     		strb	r1, [r3, #2]
  18:Modules/hc06/hc06.c ****             case 0x07: bt_cmd.forward=0; bt_cmd.backward=0; bt_cmd.left=0; bt_cmd.right=1; break; /
 149              		.loc 1 18 76 is_stmt 1 view .LVU45
  18:Modules/hc06/hc06.c ****             case 0x07: bt_cmd.forward=0; bt_cmd.backward=0; bt_cmd.left=0; bt_cmd.right=1; break; /
 150              		.loc 1 18 88 is_stmt 0 view .LVU46
 151 006a DA70     		strb	r2, [r3, #3]
  18:Modules/hc06/hc06.c ****             case 0x07: bt_cmd.forward=0; bt_cmd.backward=0; bt_cmd.left=0; bt_cmd.right=1; break; /
 152              		.loc 1 18 92 is_stmt 1 view .LVU47
 153 006c DFE7     		b	.L14
 154              	.L6:
  19:Modules/hc06/hc06.c ****             case 0x08: bt_cmd.forward=1; bt_cmd.backward=0; bt_cmd.left=1; bt_cmd.right=0; break; /
 155              		.loc 1 19 24 view .LVU48
ARM GAS  C:\Users\FASCIN~1\AppData\Local\Temp\ccal6XDM.s 			page 5


  19:Modules/hc06/hc06.c ****             case 0x08: bt_cmd.forward=1; bt_cmd.backward=0; bt_cmd.left=1; bt_cmd.right=0; break; /
 156              		.loc 1 19 38 is_stmt 0 view .LVU49
 157 006e 194B     		ldr	r3, .L17+8
 158 0070 0022     		movs	r2, #0
 159 0072 1A70     		strb	r2, [r3]
  19:Modules/hc06/hc06.c ****             case 0x08: bt_cmd.forward=1; bt_cmd.backward=0; bt_cmd.left=1; bt_cmd.right=0; break; /
 160              		.loc 1 19 42 is_stmt 1 view .LVU50
  19:Modules/hc06/hc06.c ****             case 0x08: bt_cmd.forward=1; bt_cmd.backward=0; bt_cmd.left=1; bt_cmd.right=0; break; /
 161              		.loc 1 19 57 is_stmt 0 view .LVU51
 162 0074 5A70     		strb	r2, [r3, #1]
  19:Modules/hc06/hc06.c ****             case 0x08: bt_cmd.forward=1; bt_cmd.backward=0; bt_cmd.left=1; bt_cmd.right=0; break; /
 163              		.loc 1 19 61 is_stmt 1 view .LVU52
  19:Modules/hc06/hc06.c ****             case 0x08: bt_cmd.forward=1; bt_cmd.backward=0; bt_cmd.left=1; bt_cmd.right=0; break; /
 164              		.loc 1 19 72 is_stmt 0 view .LVU53
 165 0076 9A70     		strb	r2, [r3, #2]
  19:Modules/hc06/hc06.c ****             case 0x08: bt_cmd.forward=1; bt_cmd.backward=0; bt_cmd.left=1; bt_cmd.right=0; break; /
 166              		.loc 1 19 76 is_stmt 1 view .LVU54
  19:Modules/hc06/hc06.c ****             case 0x08: bt_cmd.forward=1; bt_cmd.backward=0; bt_cmd.left=1; bt_cmd.right=0; break; /
 167              		.loc 1 19 88 is_stmt 0 view .LVU55
 168 0078 0122     		movs	r2, #1
 169 007a DA70     		strb	r2, [r3, #3]
  19:Modules/hc06/hc06.c ****             case 0x08: bt_cmd.forward=1; bt_cmd.backward=0; bt_cmd.left=1; bt_cmd.right=0; break; /
 170              		.loc 1 19 92 is_stmt 1 view .LVU56
 171 007c D7E7     		b	.L14
 172              	.L4:
  20:Modules/hc06/hc06.c ****             case 0x02: bt_cmd.forward=1; bt_cmd.backward=0; bt_cmd.left=0; bt_cmd.right=1; break; /
 173              		.loc 1 20 24 view .LVU57
  20:Modules/hc06/hc06.c ****             case 0x02: bt_cmd.forward=1; bt_cmd.backward=0; bt_cmd.left=0; bt_cmd.right=1; break; /
 174              		.loc 1 20 38 is_stmt 0 view .LVU58
 175 007e 154B     		ldr	r3, .L17+8
 176 0080 0121     		movs	r1, #1
 177 0082 1970     		strb	r1, [r3]
  20:Modules/hc06/hc06.c ****             case 0x02: bt_cmd.forward=1; bt_cmd.backward=0; bt_cmd.left=0; bt_cmd.right=1; break; /
 178              		.loc 1 20 42 is_stmt 1 view .LVU59
  20:Modules/hc06/hc06.c ****             case 0x02: bt_cmd.forward=1; bt_cmd.backward=0; bt_cmd.left=0; bt_cmd.right=1; break; /
 179              		.loc 1 20 57 is_stmt 0 view .LVU60
 180 0084 0022     		movs	r2, #0
 181 0086 5A70     		strb	r2, [r3, #1]
  20:Modules/hc06/hc06.c ****             case 0x02: bt_cmd.forward=1; bt_cmd.backward=0; bt_cmd.left=0; bt_cmd.right=1; break; /
 182              		.loc 1 20 61 is_stmt 1 view .LVU61
  20:Modules/hc06/hc06.c ****             case 0x02: bt_cmd.forward=1; bt_cmd.backward=0; bt_cmd.left=0; bt_cmd.right=1; break; /
 183              		.loc 1 20 72 is_stmt 0 view .LVU62
 184 0088 9970     		strb	r1, [r3, #2]
  20:Modules/hc06/hc06.c ****             case 0x02: bt_cmd.forward=1; bt_cmd.backward=0; bt_cmd.left=0; bt_cmd.right=1; break; /
 185              		.loc 1 20 76 is_stmt 1 view .LVU63
  20:Modules/hc06/hc06.c ****             case 0x02: bt_cmd.forward=1; bt_cmd.backward=0; bt_cmd.left=0; bt_cmd.right=1; break; /
 186              		.loc 1 20 88 is_stmt 0 view .LVU64
 187 008a DA70     		strb	r2, [r3, #3]
  20:Modules/hc06/hc06.c ****             case 0x02: bt_cmd.forward=1; bt_cmd.backward=0; bt_cmd.left=0; bt_cmd.right=1; break; /
 188              		.loc 1 20 92 is_stmt 1 view .LVU65
 189 008c CFE7     		b	.L14
 190              	.L11:
  21:Modules/hc06/hc06.c ****             case 0x06: bt_cmd.forward=0; bt_cmd.backward=1; bt_cmd.left=1; bt_cmd.right=0; break; /
 191              		.loc 1 21 24 view .LVU66
  21:Modules/hc06/hc06.c ****             case 0x06: bt_cmd.forward=0; bt_cmd.backward=1; bt_cmd.left=1; bt_cmd.right=0; break; /
 192              		.loc 1 21 38 is_stmt 0 view .LVU67
 193 008e 114B     		ldr	r3, .L17+8
ARM GAS  C:\Users\FASCIN~1\AppData\Local\Temp\ccal6XDM.s 			page 6


 194 0090 0122     		movs	r2, #1
 195 0092 1A70     		strb	r2, [r3]
  21:Modules/hc06/hc06.c ****             case 0x06: bt_cmd.forward=0; bt_cmd.backward=1; bt_cmd.left=1; bt_cmd.right=0; break; /
 196              		.loc 1 21 42 is_stmt 1 view .LVU68
  21:Modules/hc06/hc06.c ****             case 0x06: bt_cmd.forward=0; bt_cmd.backward=1; bt_cmd.left=1; bt_cmd.right=0; break; /
 197              		.loc 1 21 57 is_stmt 0 view .LVU69
 198 0094 0021     		movs	r1, #0
 199 0096 5970     		strb	r1, [r3, #1]
  21:Modules/hc06/hc06.c ****             case 0x06: bt_cmd.forward=0; bt_cmd.backward=1; bt_cmd.left=1; bt_cmd.right=0; break; /
 200              		.loc 1 21 61 is_stmt 1 view .LVU70
  21:Modules/hc06/hc06.c ****             case 0x06: bt_cmd.forward=0; bt_cmd.backward=1; bt_cmd.left=1; bt_cmd.right=0; break; /
 201              		.loc 1 21 72 is_stmt 0 view .LVU71
 202 0098 9970     		strb	r1, [r3, #2]
  21:Modules/hc06/hc06.c ****             case 0x06: bt_cmd.forward=0; bt_cmd.backward=1; bt_cmd.left=1; bt_cmd.right=0; break; /
 203              		.loc 1 21 76 is_stmt 1 view .LVU72
  21:Modules/hc06/hc06.c ****             case 0x06: bt_cmd.forward=0; bt_cmd.backward=1; bt_cmd.left=1; bt_cmd.right=0; break; /
 204              		.loc 1 21 88 is_stmt 0 view .LVU73
 205 009a DA70     		strb	r2, [r3, #3]
  21:Modules/hc06/hc06.c ****             case 0x06: bt_cmd.forward=0; bt_cmd.backward=1; bt_cmd.left=1; bt_cmd.right=0; break; /
 206              		.loc 1 21 92 is_stmt 1 view .LVU74
 207 009c C7E7     		b	.L14
 208              	.L7:
  22:Modules/hc06/hc06.c ****             case 0x04: bt_cmd.forward=0; bt_cmd.backward=1; bt_cmd.left=0; bt_cmd.right=1; break; /
 209              		.loc 1 22 24 view .LVU75
  22:Modules/hc06/hc06.c ****             case 0x04: bt_cmd.forward=0; bt_cmd.backward=1; bt_cmd.left=0; bt_cmd.right=1; break; /
 210              		.loc 1 22 38 is_stmt 0 view .LVU76
 211 009e 0D4B     		ldr	r3, .L17+8
 212 00a0 0022     		movs	r2, #0
 213 00a2 1A70     		strb	r2, [r3]
  22:Modules/hc06/hc06.c ****             case 0x04: bt_cmd.forward=0; bt_cmd.backward=1; bt_cmd.left=0; bt_cmd.right=1; break; /
 214              		.loc 1 22 42 is_stmt 1 view .LVU77
  22:Modules/hc06/hc06.c ****             case 0x04: bt_cmd.forward=0; bt_cmd.backward=1; bt_cmd.left=0; bt_cmd.right=1; break; /
 215              		.loc 1 22 57 is_stmt 0 view .LVU78
 216 00a4 0121     		movs	r1, #1
 217 00a6 5970     		strb	r1, [r3, #1]
  22:Modules/hc06/hc06.c ****             case 0x04: bt_cmd.forward=0; bt_cmd.backward=1; bt_cmd.left=0; bt_cmd.right=1; break; /
 218              		.loc 1 22 61 is_stmt 1 view .LVU79
  22:Modules/hc06/hc06.c ****             case 0x04: bt_cmd.forward=0; bt_cmd.backward=1; bt_cmd.left=0; bt_cmd.right=1; break; /
 219              		.loc 1 22 72 is_stmt 0 view .LVU80
 220 00a8 9970     		strb	r1, [r3, #2]
  22:Modules/hc06/hc06.c ****             case 0x04: bt_cmd.forward=0; bt_cmd.backward=1; bt_cmd.left=0; bt_cmd.right=1; break; /
 221              		.loc 1 22 76 is_stmt 1 view .LVU81
  22:Modules/hc06/hc06.c ****             case 0x04: bt_cmd.forward=0; bt_cmd.backward=1; bt_cmd.left=0; bt_cmd.right=1; break; /
 222              		.loc 1 22 88 is_stmt 0 view .LVU82
 223 00aa DA70     		strb	r2, [r3, #3]
  22:Modules/hc06/hc06.c ****             case 0x04: bt_cmd.forward=0; bt_cmd.backward=1; bt_cmd.left=0; bt_cmd.right=1; break; /
 224              		.loc 1 22 92 is_stmt 1 view .LVU83
 225 00ac BFE7     		b	.L14
 226              	.L9:
  23:Modules/hc06/hc06.c ****             default:   bt_cmd.forward=0; bt_cmd.backward=0; bt_cmd.left=0; bt_cmd.right=0; break;
 227              		.loc 1 23 24 view .LVU84
  23:Modules/hc06/hc06.c ****             default:   bt_cmd.forward=0; bt_cmd.backward=0; bt_cmd.left=0; bt_cmd.right=0; break;
 228              		.loc 1 23 38 is_stmt 0 view .LVU85
 229 00ae 094B     		ldr	r3, .L17+8
 230 00b0 0021     		movs	r1, #0
 231 00b2 1970     		strb	r1, [r3]
  23:Modules/hc06/hc06.c ****             default:   bt_cmd.forward=0; bt_cmd.backward=0; bt_cmd.left=0; bt_cmd.right=0; break;
ARM GAS  C:\Users\FASCIN~1\AppData\Local\Temp\ccal6XDM.s 			page 7


 232              		.loc 1 23 42 is_stmt 1 view .LVU86
  23:Modules/hc06/hc06.c ****             default:   bt_cmd.forward=0; bt_cmd.backward=0; bt_cmd.left=0; bt_cmd.right=0; break;
 233              		.loc 1 23 57 is_stmt 0 view .LVU87
 234 00b4 0122     		movs	r2, #1
 235 00b6 5A70     		strb	r2, [r3, #1]
  23:Modules/hc06/hc06.c ****             default:   bt_cmd.forward=0; bt_cmd.backward=0; bt_cmd.left=0; bt_cmd.right=0; break;
 236              		.loc 1 23 61 is_stmt 1 view .LVU88
  23:Modules/hc06/hc06.c ****             default:   bt_cmd.forward=0; bt_cmd.backward=0; bt_cmd.left=0; bt_cmd.right=0; break;
 237              		.loc 1 23 72 is_stmt 0 view .LVU89
 238 00b8 9970     		strb	r1, [r3, #2]
  23:Modules/hc06/hc06.c ****             default:   bt_cmd.forward=0; bt_cmd.backward=0; bt_cmd.left=0; bt_cmd.right=0; break;
 239              		.loc 1 23 76 is_stmt 1 view .LVU90
  23:Modules/hc06/hc06.c ****             default:   bt_cmd.forward=0; bt_cmd.backward=0; bt_cmd.left=0; bt_cmd.right=0; break;
 240              		.loc 1 23 88 is_stmt 0 view .LVU91
 241 00ba DA70     		strb	r2, [r3, #3]
  23:Modules/hc06/hc06.c ****             default:   bt_cmd.forward=0; bt_cmd.backward=0; bt_cmd.left=0; bt_cmd.right=0; break;
 242              		.loc 1 23 92 is_stmt 1 view .LVU92
 243 00bc B7E7     		b	.L14
 244              	.L3:
  24:Modules/hc06/hc06.c ****         }
 245              		.loc 1 24 24 view .LVU93
  24:Modules/hc06/hc06.c ****         }
 246              		.loc 1 24 38 is_stmt 0 view .LVU94
 247 00be 054B     		ldr	r3, .L17+8
 248 00c0 0022     		movs	r2, #0
 249 00c2 1A70     		strb	r2, [r3]
  24:Modules/hc06/hc06.c ****         }
 250              		.loc 1 24 42 is_stmt 1 view .LVU95
  24:Modules/hc06/hc06.c ****         }
 251              		.loc 1 24 57 is_stmt 0 view .LVU96
 252 00c4 5A70     		strb	r2, [r3, #1]
  24:Modules/hc06/hc06.c ****         }
 253              		.loc 1 24 61 is_stmt 1 view .LVU97
  24:Modules/hc06/hc06.c ****         }
 254              		.loc 1 24 72 is_stmt 0 view .LVU98
 255 00c6 9A70     		strb	r2, [r3, #2]
  24:Modules/hc06/hc06.c ****         }
 256              		.loc 1 24 76 is_stmt 1 view .LVU99
  24:Modules/hc06/hc06.c ****         }
 257              		.loc 1 24 88 is_stmt 0 view .LVU100
 258 00c8 DA70     		strb	r2, [r3, #3]
  24:Modules/hc06/hc06.c ****         }
 259              		.loc 1 24 92 is_stmt 1 view .LVU101
 260 00ca B0E7     		b	.L14
 261              	.L18:
 262              		.align	2
 263              	.L17:
 264 00cc 00440040 		.word	1073759232
 265 00d0 00000000 		.word	Serial_RxData
 266 00d4 00000000 		.word	bt_cmd
 267 00d8 00000000 		.word	Serial_RxFlag
 268 00dc 00000000 		.word	huart2
 269              		.cfi_endproc
 270              	.LFE68:
 272              		.section	.text.Bluetooth,"ax",%progbits
 273              		.align	1
 274              		.global	Bluetooth
ARM GAS  C:\Users\FASCIN~1\AppData\Local\Temp\ccal6XDM.s 			page 8


 275              		.syntax unified
 276              		.thumb
 277              		.thumb_func
 279              	Bluetooth:
 280              	.LFB69:
  33:Modules/hc06/hc06.c **** 
  34:Modules/hc06/hc06.c **** void Bluetooth(void)
  35:Modules/hc06/hc06.c **** {
 281              		.loc 1 35 1 view -0
 282              		.cfi_startproc
 283              		@ args = 0, pretend = 0, frame = 0
 284              		@ frame_needed = 0, uses_anonymous_args = 0
 285 0000 08B5     		push	{r3, lr}
 286              	.LCFI1:
 287              		.cfi_def_cfa_offset 8
 288              		.cfi_offset 3, -8
 289              		.cfi_offset 14, -4
  36:Modules/hc06/hc06.c **** if(bt_cmd.forward == 1 && bt_cmd.backward == 0) 		Follow_ON();
 290              		.loc 1 36 1 view .LVU103
 291              		.loc 1 36 10 is_stmt 0 view .LVU104
 292 0002 1C4B     		ldr	r3, .L31
 293 0004 1B78     		ldrb	r3, [r3]	@ zero_extendqisi2
 294              		.loc 1 36 3 view .LVU105
 295 0006 012B     		cmp	r3, #1
 296 0008 18D0     		beq	.L26
 297              	.L20:
  37:Modules/hc06/hc06.c **** 	else if(bt_cmd.backward == 1 && bt_cmd.forward == 0)    BlueTooth_ON();
 298              		.loc 1 37 7 is_stmt 1 view .LVU106
 299              		.loc 1 37 16 is_stmt 0 view .LVU107
 300 000a 1A4A     		ldr	r2, .L31
 301 000c 5278     		ldrb	r2, [r2, #1]	@ zero_extendqisi2
 302              		.loc 1 37 9 view .LVU108
 303 000e 012A     		cmp	r2, #1
 304 0010 1BD0     		beq	.L27
 305              	.L21:
  38:Modules/hc06/hc06.c **** 	// else if(bt_cmd.forward == 0 && bt_cmd.backward == 0) 	
  39:Modules/hc06/hc06.c **** 	if(bt_cmd.left == 1 && bt_cmd.right == 0)				Balance_ON();
 306              		.loc 1 39 2 is_stmt 1 view .LVU109
 307              		.loc 1 39 11 is_stmt 0 view .LVU110
 308 0012 184B     		ldr	r3, .L31
 309 0014 9B78     		ldrb	r3, [r3, #2]	@ zero_extendqisi2
 310              		.loc 1 39 4 view .LVU111
 311 0016 012B     		cmp	r3, #1
 312 0018 1CD0     		beq	.L28
 313              	.L22:
  40:Modules/hc06/hc06.c **** 	else if(bt_cmd.right == 1 && bt_cmd.left == 0) 			BlueTooth_OFF();
 314              		.loc 1 40 7 is_stmt 1 view .LVU112
 315              		.loc 1 40 16 is_stmt 0 view .LVU113
 316 001a 164A     		ldr	r2, .L31
 317 001c D278     		ldrb	r2, [r2, #3]	@ zero_extendqisi2
 318              		.loc 1 40 9 view .LVU114
 319 001e 012A     		cmp	r2, #1
 320 0020 1FD0     		beq	.L29
 321              	.L23:
  41:Modules/hc06/hc06.c **** 	// else if(bt_cmd.left == 0 && bt_cmd.right == 0)			
  42:Modules/hc06/hc06.c **** 	
  43:Modules/hc06/hc06.c **** 	if(bt_cmd.forward && bt_cmd.left && bt_cmd.backward == 0 && bt_cmd.right == 0)
ARM GAS  C:\Users\FASCIN~1\AppData\Local\Temp\ccal6XDM.s 			page 9


 322              		.loc 1 43 2 is_stmt 1 view .LVU115
 323              		.loc 1 43 11 is_stmt 0 view .LVU116
 324 0022 144B     		ldr	r3, .L31
 325 0024 1B78     		ldrb	r3, [r3]	@ zero_extendqisi2
 326              		.loc 1 43 4 view .LVU117
 327 0026 43B1     		cbz	r3, .L19
 328              		.loc 1 43 29 discriminator 1 view .LVU118
 329 0028 124B     		ldr	r3, .L31
 330 002a 9B78     		ldrb	r3, [r3, #2]	@ zero_extendqisi2
 331              		.loc 1 43 20 discriminator 1 view .LVU119
 332 002c 2BB1     		cbz	r3, .L19
 333              		.loc 1 43 44 discriminator 2 view .LVU120
 334 002e 114B     		ldr	r3, .L31
 335 0030 5B78     		ldrb	r3, [r3, #1]	@ zero_extendqisi2
 336              		.loc 1 43 35 discriminator 2 view .LVU121
 337 0032 13B9     		cbnz	r3, .L19
 338              		.loc 1 43 68 discriminator 3 view .LVU122
 339 0034 0F4B     		ldr	r3, .L31
 340 0036 DB78     		ldrb	r3, [r3, #3]	@ zero_extendqisi2
 341              		.loc 1 43 59 discriminator 3 view .LVU123
 342 0038 C3B1     		cbz	r3, .L30
 343              	.L19:
  44:Modules/hc06/hc06.c **** 	{
  45:Modules/hc06/hc06.c **** 		Follow_OFF(); 
  46:Modules/hc06/hc06.c **** 	}
  47:Modules/hc06/hc06.c **** 	// else if(bt_cmd.forward && bt_cmd.right && bt_cmd.backward == 0 && bt_cmd.left == 0)
  48:Modules/hc06/hc06.c **** 	// {
  49:Modules/hc06/hc06.c **** 	// 	speed_pid.speed += 0.4;  turn_pid.speed -= 1.2;
  50:Modules/hc06/hc06.c **** 	// }
  51:Modules/hc06/hc06.c **** 	// else if(bt_cmd.backward && bt_cmd.left && bt_cmd.forward == 0 && bt_cmd.right == 0)
  52:Modules/hc06/hc06.c **** 	// {
  53:Modules/hc06/hc06.c **** 	// 	speed_pid.speed -= 0.4;	 turn_pid.speed += 1.2; 
  54:Modules/hc06/hc06.c **** 	// }
  55:Modules/hc06/hc06.c **** 	// else if(bt_cmd.backward && bt_cmd.right && bt_cmd.forward == 0 && bt_cmd.left == 0)
  56:Modules/hc06/hc06.c **** 	// {
  57:Modules/hc06/hc06.c **** 	// 	speed_pid.speed -= 0.2;	 turn_pid.speed = 1.4;
  58:Modules/hc06/hc06.c **** 	// }
  59:Modules/hc06/hc06.c **** 	// if(bt_cmd.forward == 0 && bt_cmd.backward == 0 && bt_cmd.left == 0 && bt_cmd.right == 0)
  60:Modules/hc06/hc06.c **** 	// {
  61:Modules/hc06/hc06.c **** 	// 	speed_pid.speed = 0; 
  62:Modules/hc06/hc06.c **** 	// 	turn_pid.speed = 0;
  63:Modules/hc06/hc06.c **** 	// }
  64:Modules/hc06/hc06.c **** }...
 344              		.loc 1 64 1 view .LVU124
 345 003a 08BD     		pop	{r3, pc}
 346              	.L26:
  36:Modules/hc06/hc06.c **** if(bt_cmd.forward == 1 && bt_cmd.backward == 0) 		Follow_ON();
 347              		.loc 1 36 33 discriminator 1 view .LVU125
 348 003c 0D4A     		ldr	r2, .L31
 349 003e 5278     		ldrb	r2, [r2, #1]	@ zero_extendqisi2
  36:Modules/hc06/hc06.c **** if(bt_cmd.forward == 1 && bt_cmd.backward == 0) 		Follow_ON();
 350              		.loc 1 36 24 discriminator 1 view .LVU126
 351 0040 002A     		cmp	r2, #0
 352 0042 E2D1     		bne	.L20
  36:Modules/hc06/hc06.c **** if(bt_cmd.forward == 1 && bt_cmd.backward == 0) 		Follow_ON();
 353              		.loc 1 36 51 is_stmt 1 discriminator 2 view .LVU127
 354 0044 FFF7FEFF 		bl	Follow_ON
ARM GAS  C:\Users\FASCIN~1\AppData\Local\Temp\ccal6XDM.s 			page 10


 355              	.LVL6:
  36:Modules/hc06/hc06.c **** if(bt_cmd.forward == 1 && bt_cmd.backward == 0) 		Follow_ON();
 356              		.loc 1 36 51 is_stmt 0 view .LVU128
 357 0048 E3E7     		b	.L21
 358              	.L27:
  37:Modules/hc06/hc06.c **** 	else if(bt_cmd.backward == 1 && bt_cmd.forward == 0)    BlueTooth_ON();
 359              		.loc 1 37 31 discriminator 1 view .LVU129
 360 004a 002B     		cmp	r3, #0
 361 004c E1D1     		bne	.L21
  37:Modules/hc06/hc06.c **** 	else if(bt_cmd.backward == 1 && bt_cmd.forward == 0)    BlueTooth_ON();
 362              		.loc 1 37 58 is_stmt 1 discriminator 2 view .LVU130
 363 004e FFF7FEFF 		bl	BlueTooth_ON
 364              	.LVL7:
 365 0052 DEE7     		b	.L21
 366              	.L28:
  39:Modules/hc06/hc06.c **** 	if(bt_cmd.left == 1 && bt_cmd.right == 0)				Balance_ON();
 367              		.loc 1 39 31 is_stmt 0 discriminator 1 view .LVU131
 368 0054 074A     		ldr	r2, .L31
 369 0056 D278     		ldrb	r2, [r2, #3]	@ zero_extendqisi2
  39:Modules/hc06/hc06.c **** 	if(bt_cmd.left == 1 && bt_cmd.right == 0)				Balance_ON();
 370              		.loc 1 39 22 discriminator 1 view .LVU132
 371 0058 002A     		cmp	r2, #0
 372 005a DED1     		bne	.L22
  39:Modules/hc06/hc06.c **** 	if(bt_cmd.left == 1 && bt_cmd.right == 0)				Balance_ON();
 373              		.loc 1 39 47 is_stmt 1 discriminator 2 view .LVU133
 374 005c FFF7FEFF 		bl	Balance_ON
 375              	.LVL8:
  39:Modules/hc06/hc06.c **** 	if(bt_cmd.left == 1 && bt_cmd.right == 0)				Balance_ON();
 376              		.loc 1 39 47 is_stmt 0 view .LVU134
 377 0060 DFE7     		b	.L23
 378              	.L29:
  40:Modules/hc06/hc06.c **** 	else if(bt_cmd.right == 1 && bt_cmd.left == 0) 			BlueTooth_OFF();
 379              		.loc 1 40 28 discriminator 1 view .LVU135
 380 0062 002B     		cmp	r3, #0
 381 0064 DDD1     		bne	.L23
  40:Modules/hc06/hc06.c **** 	else if(bt_cmd.right == 1 && bt_cmd.left == 0) 			BlueTooth_OFF();
 382              		.loc 1 40 52 is_stmt 1 discriminator 2 view .LVU136
 383 0066 FFF7FEFF 		bl	BlueTooth_OFF
 384              	.LVL9:
 385 006a DAE7     		b	.L23
 386              	.L30:
  45:Modules/hc06/hc06.c **** 		Follow_OFF(); 
 387              		.loc 1 45 3 view .LVU137
 388 006c FFF7FEFF 		bl	Follow_OFF
 389              	.LVL10:
 390              		.loc 1 64 1 is_stmt 0 view .LVU138
 391 0070 E3E7     		b	.L19
 392              	.L32:
 393 0072 00BF     		.align	2
 394              	.L31:
 395 0074 00000000 		.word	bt_cmd
 396              		.cfi_endproc
 397              	.LFE69:
 399              		.global	bt_cmd
 400              		.section	.bss.bt_cmd,"aw",%nobits
 401              		.align	2
 404              	bt_cmd:
ARM GAS  C:\Users\FASCIN~1\AppData\Local\Temp\ccal6XDM.s 			page 11


 405 0000 00000000 		.space	4
 406              		.global	Serial_RxFlag
 407              		.section	.bss.Serial_RxFlag,"aw",%nobits
 410              	Serial_RxFlag:
 411 0000 00       		.space	1
 412              		.global	Serial_RxData
 413              		.section	.bss.Serial_RxData,"aw",%nobits
 416              	Serial_RxData:
 417 0000 00       		.space	1
 418              		.text
 419              	.Letext0:
 420              		.file 2 "D:/Application/Work/MSYS2/ucrt64/arm-none-eabi/include/machine/_default_types.h"
 421              		.file 3 "D:/Application/Work/MSYS2/ucrt64/arm-none-eabi/include/sys/_stdint.h"
 422              		.file 4 "Drivers/CMSIS/Device/ST/STM32F1xx/Include/stm32f103xb.h"
 423              		.file 5 "Drivers/STM32F1xx_HAL_Driver/Inc/stm32f1xx_hal_def.h"
 424              		.file 6 "Drivers/STM32F1xx_HAL_Driver/Inc/stm32f1xx_hal_dma.h"
 425              		.file 7 "Drivers/STM32F1xx_HAL_Driver/Inc/stm32f1xx_hal_uart.h"
 426              		.file 8 "Modules/hc06/hc06.h"
 427              		.file 9 "Core/Inc/usart.h"
 428              		.file 10 "Modules/led/led.h"
ARM GAS  C:\Users\FASCIN~1\AppData\Local\Temp\ccal6XDM.s 			page 12


DEFINED SYMBOLS
                            *ABS*:00000000 hc06.c
C:\Users\FASCIN~1\AppData\Local\Temp\ccal6XDM.s:19     .text.HAL_UART_RxCpltCallback:00000000 $t
C:\Users\FASCIN~1\AppData\Local\Temp\ccal6XDM.s:25     .text.HAL_UART_RxCpltCallback:00000000 HAL_UART_RxCpltCallback
C:\Users\FASCIN~1\AppData\Local\Temp\ccal6XDM.s:58     .text.HAL_UART_RxCpltCallback:00000018 $d
C:\Users\FASCIN~1\AppData\Local\Temp\ccal6XDM.s:264    .text.HAL_UART_RxCpltCallback:000000cc $d
C:\Users\FASCIN~1\AppData\Local\Temp\ccal6XDM.s:416    .bss.Serial_RxData:00000000 Serial_RxData
C:\Users\FASCIN~1\AppData\Local\Temp\ccal6XDM.s:404    .bss.bt_cmd:00000000 bt_cmd
C:\Users\FASCIN~1\AppData\Local\Temp\ccal6XDM.s:410    .bss.Serial_RxFlag:00000000 Serial_RxFlag
C:\Users\FASCIN~1\AppData\Local\Temp\ccal6XDM.s:273    .text.Bluetooth:00000000 $t
C:\Users\FASCIN~1\AppData\Local\Temp\ccal6XDM.s:279    .text.Bluetooth:00000000 Bluetooth
C:\Users\FASCIN~1\AppData\Local\Temp\ccal6XDM.s:395    .text.Bluetooth:00000074 $d
C:\Users\FASCIN~1\AppData\Local\Temp\ccal6XDM.s:401    .bss.bt_cmd:00000000 $d
C:\Users\FASCIN~1\AppData\Local\Temp\ccal6XDM.s:411    .bss.Serial_RxFlag:00000000 $d
C:\Users\FASCIN~1\AppData\Local\Temp\ccal6XDM.s:417    .bss.Serial_RxData:00000000 $d
C:\Users\FASCIN~1\AppData\Local\Temp\ccal6XDM.s:67     .text.HAL_UART_RxCpltCallback:00000021 $d
C:\Users\FASCIN~1\AppData\Local\Temp\ccal6XDM.s:67     .text.HAL_UART_RxCpltCallback:00000022 $t

UNDEFINED SYMBOLS
HAL_UART_Receive_IT
huart2
Follow_ON
BlueTooth_ON
Balance_ON
BlueTooth_OFF
Follow_OFF
