ARM GAS  C:\Users\FASCIN~1\AppData\Local\Temp\ccAsdmCe.s 			page 1


   1              		.cpu cortex-m3
   2              		.arch armv7-m
   3              		.fpu softvfp
   4              		.eabi_attribute 20, 1
   5              		.eabi_attribute 21, 1
   6              		.eabi_attribute 23, 3
   7              		.eabi_attribute 24, 1
   8              		.eabi_attribute 25, 1
   9              		.eabi_attribute 26, 1
  10              		.eabi_attribute 30, 1
  11              		.eabi_attribute 34, 1
  12              		.eabi_attribute 18, 4
  13              		.file	"key.c"
  14              		.text
  15              	.Ltext0:
  16              		.cfi_sections	.debug_frame
  17              		.file 1 "Modules/key/key.c"
  18              		.section	.text.Key_GetNum,"ax",%progbits
  19              		.align	1
  20              		.global	Key_GetNum
  21              		.syntax unified
  22              		.thumb
  23              		.thumb_func
  25              	Key_GetNum:
  26              	.LFB68:
   1:Modules/key/key.c **** #include "headfile.h"
   2:Modules/key/key.c **** uint8_t Key_GetNum(void)
   3:Modules/key/key.c **** {
  27              		.loc 1 3 1 view -0
  28              		.cfi_startproc
  29              		@ args = 0, pretend = 0, frame = 0
  30              		@ frame_needed = 0, uses_anonymous_args = 0
  31 0000 08B5     		push	{r3, lr}
  32              	.LCFI0:
  33              		.cfi_def_cfa_offset 8
  34              		.cfi_offset 3, -8
  35              		.cfi_offset 14, -4
   4:Modules/key/key.c ****     static uint8_t key_pre = 1;  // 上一次按键状态（1=松开，0=按下）
  36              		.loc 1 4 5 view .LVU1
   5:Modules/key/key.c ****     uint8_t key_curr = HAL_GPIO_ReadPin(KEY_GPIO_Port, KEY_Pin); // 当前状态
  37              		.loc 1 5 5 view .LVU2
  38              		.loc 1 5 24 is_stmt 0 view .LVU3
  39 0002 4FF40071 		mov	r1, #512
  40 0006 0848     		ldr	r0, .L6
  41 0008 FFF7FEFF 		bl	HAL_GPIO_ReadPin
  42              	.LVL0:
  43 000c 0346     		mov	r3, r0
  44              	.LVL1:
   6:Modules/key/key.c **** 
   7:Modules/key/key.c ****     uint8_t key_pressed = 0;
  45              		.loc 1 7 5 is_stmt 1 view .LVU4
   8:Modules/key/key.c **** 
   9:Modules/key/key.c ****     if (key_pre == 1 && key_curr == 0)
  46              		.loc 1 9 5 view .LVU5
  47              		.loc 1 9 17 is_stmt 0 view .LVU6
  48 000e 074A     		ldr	r2, .L6+4
  49 0010 1078     		ldrb	r0, [r2]	@ zero_extendqisi2
ARM GAS  C:\Users\FASCIN~1\AppData\Local\Temp\ccAsdmCe.s 			page 2


  50              		.loc 1 9 8 view .LVU7
  51 0012 0128     		cmp	r0, #1
  52 0014 03D0     		beq	.L5
   7:Modules/key/key.c **** 
  53              		.loc 1 7 13 view .LVU8
  54 0016 0020     		movs	r0, #0
  55              	.L2:
  56              	.LVL2:
  10:Modules/key/key.c ****     {
  11:Modules/key/key.c ****         // 检测到由松开变按下
  12:Modules/key/key.c ****         key_pressed = 1;
  13:Modules/key/key.c ****     }
  14:Modules/key/key.c **** 
  15:Modules/key/key.c ****     key_pre = key_curr; // 更新上一次状态
  57              		.loc 1 15 5 is_stmt 1 view .LVU9
  58              		.loc 1 15 13 is_stmt 0 view .LVU10
  59 0018 044A     		ldr	r2, .L6+4
  60 001a 1370     		strb	r3, [r2]
  16:Modules/key/key.c ****     return key_pressed;
  61              		.loc 1 16 5 is_stmt 1 view .LVU11
  17:Modules/key/key.c **** }...
  62              		.loc 1 17 1 is_stmt 0 view .LVU12
  63 001c 08BD     		pop	{r3, pc}
  64              	.LVL3:
  65              	.L5:
   9:Modules/key/key.c ****     if (key_pre == 1 && key_curr == 0)
  66              		.loc 1 9 22 discriminator 1 view .LVU13
  67 001e 002B     		cmp	r3, #0
  68 0020 FAD0     		beq	.L2
   7:Modules/key/key.c ****     uint8_t key_pressed = 0;
  69              		.loc 1 7 13 view .LVU14
  70 0022 0020     		movs	r0, #0
  71 0024 F8E7     		b	.L2
  72              	.L7:
  73 0026 00BF     		.align	2
  74              	.L6:
  75 0028 000C0140 		.word	1073810432
  76 002c 00000000 		.word	key_pre.0
  77              		.cfi_endproc
  78              	.LFE68:
  80              		.section	.data.key_pre.0,"aw"
  83              	key_pre.0:
  84 0000 01       		.byte	1
  85              		.text
  86              	.Letext0:
  87              		.file 2 "D:/Application/Work/MSYS2/ucrt64/arm-none-eabi/include/machine/_default_types.h"
  88              		.file 3 "D:/Application/Work/MSYS2/ucrt64/arm-none-eabi/include/sys/_stdint.h"
  89              		.file 4 "Drivers/CMSIS/Device/ST/STM32F1xx/Include/stm32f103xb.h"
  90              		.file 5 "Drivers/STM32F1xx_HAL_Driver/Inc/stm32f1xx_hal_gpio.h"
ARM GAS  C:\Users\FASCIN~1\AppData\Local\Temp\ccAsdmCe.s 			page 3


DEFINED SYMBOLS
                            *ABS*:00000000 key.c
C:\Users\FASCIN~1\AppData\Local\Temp\ccAsdmCe.s:19     .text.Key_GetNum:00000000 $t
C:\Users\FASCIN~1\AppData\Local\Temp\ccAsdmCe.s:25     .text.Key_GetNum:00000000 Key_GetNum
C:\Users\FASCIN~1\AppData\Local\Temp\ccAsdmCe.s:75     .text.Key_GetNum:00000028 $d
C:\Users\FASCIN~1\AppData\Local\Temp\ccAsdmCe.s:83     .data.key_pre.0:00000000 key_pre.0

UNDEFINED SYMBOLS
HAL_GPIO_ReadPin
