ARM GAS  C:\Users\FASCIN~1\AppData\Local\Temp\ccecnYYk.s 			page 1


   1              		.cpu cortex-m3
   2              		.arch armv7-m
   3              		.fpu softvfp
   4              		.eabi_attribute 20, 1
   5              		.eabi_attribute 21, 1
   6              		.eabi_attribute 23, 3
   7              		.eabi_attribute 24, 1
   8              		.eabi_attribute 25, 1
   9              		.eabi_attribute 26, 1
  10              		.eabi_attribute 30, 1
  11              		.eabi_attribute 34, 1
  12              		.eabi_attribute 18, 4
  13              		.file	"led.c"
  14              		.text
  15              	.Ltext0:
  16              		.cfi_sections	.debug_frame
  17              		.file 1 "Modules/led/led.c"
  18              		.section	.text.Follow_OFF,"ax",%progbits
  19              		.align	1
  20              		.global	Follow_OFF
  21              		.syntax unified
  22              		.thumb
  23              		.thumb_func
  25              	Follow_OFF:
  26              	.LFB68:
   1:Modules/led/led.c **** #include "headfile.h"
   2:Modules/led/led.c **** void Follow_OFF(void)
   3:Modules/led/led.c **** {
  27              		.loc 1 3 1 view -0
  28              		.cfi_startproc
  29              		@ args = 0, pretend = 0, frame = 0
  30              		@ frame_needed = 0, uses_anonymous_args = 0
  31 0000 08B5     		push	{r3, lr}
  32              	.LCFI0:
  33              		.cfi_def_cfa_offset 8
  34              		.cfi_offset 3, -8
  35              		.cfi_offset 14, -4
   4:Modules/led/led.c ****     HAL_GPIO_WritePin(GPIOB, Follow_Pin, GPIO_PIN_RESET);
  36              		.loc 1 4 5 view .LVU1
  37 0002 0022     		movs	r2, #0
  38 0004 4FF48041 		mov	r1, #16384
  39 0008 0148     		ldr	r0, .L3
  40 000a FFF7FEFF 		bl	HAL_GPIO_WritePin
  41              	.LVL0:
   5:Modules/led/led.c **** }
  42              		.loc 1 5 1 is_stmt 0 view .LVU2
  43 000e 08BD     		pop	{r3, pc}
  44              	.L4:
  45              		.align	2
  46              	.L3:
  47 0010 000C0140 		.word	1073810432
  48              		.cfi_endproc
  49              	.LFE68:
  51              		.section	.text.Follow_ON,"ax",%progbits
  52              		.align	1
  53              		.global	Follow_ON
  54              		.syntax unified
ARM GAS  C:\Users\FASCIN~1\AppData\Local\Temp\ccecnYYk.s 			page 2


  55              		.thumb
  56              		.thumb_func
  58              	Follow_ON:
  59              	.LFB69:
   6:Modules/led/led.c **** 
   7:Modules/led/led.c **** void Follow_ON(void)
   8:Modules/led/led.c **** {
  60              		.loc 1 8 1 is_stmt 1 view -0
  61              		.cfi_startproc
  62              		@ args = 0, pretend = 0, frame = 0
  63              		@ frame_needed = 0, uses_anonymous_args = 0
  64 0000 08B5     		push	{r3, lr}
  65              	.LCFI1:
  66              		.cfi_def_cfa_offset 8
  67              		.cfi_offset 3, -8
  68              		.cfi_offset 14, -4
   9:Modules/led/led.c **** 	HAL_GPIO_WritePin(GPIOB, Follow_Pin, GPIO_PIN_SET);
  69              		.loc 1 9 2 view .LVU4
  70 0002 0122     		movs	r2, #1
  71 0004 4FF48041 		mov	r1, #16384
  72 0008 0148     		ldr	r0, .L7
  73 000a FFF7FEFF 		bl	HAL_GPIO_WritePin
  74              	.LVL1:
  10:Modules/led/led.c **** }
  75              		.loc 1 10 1 is_stmt 0 view .LVU5
  76 000e 08BD     		pop	{r3, pc}
  77              	.L8:
  78              		.align	2
  79              	.L7:
  80 0010 000C0140 		.word	1073810432
  81              		.cfi_endproc
  82              	.LFE69:
  84              		.section	.text.BlueTooth_OFF,"ax",%progbits
  85              		.align	1
  86              		.global	BlueTooth_OFF
  87              		.syntax unified
  88              		.thumb
  89              		.thumb_func
  91              	BlueTooth_OFF:
  92              	.LFB70:
  11:Modules/led/led.c **** 
  12:Modules/led/led.c **** void BlueTooth_OFF(void)
  13:Modules/led/led.c **** {
  93              		.loc 1 13 1 is_stmt 1 view -0
  94              		.cfi_startproc
  95              		@ args = 0, pretend = 0, frame = 0
  96              		@ frame_needed = 0, uses_anonymous_args = 0
  97 0000 08B5     		push	{r3, lr}
  98              	.LCFI2:
  99              		.cfi_def_cfa_offset 8
 100              		.cfi_offset 3, -8
 101              		.cfi_offset 14, -4
  14:Modules/led/led.c **** 	HAL_GPIO_WritePin(GPIOB, BlueTooth_Pin, GPIO_PIN_RESET);
 102              		.loc 1 14 2 view .LVU7
 103 0002 0022     		movs	r2, #0
 104 0004 4FF40041 		mov	r1, #32768
 105 0008 0148     		ldr	r0, .L11
ARM GAS  C:\Users\FASCIN~1\AppData\Local\Temp\ccecnYYk.s 			page 3


 106 000a FFF7FEFF 		bl	HAL_GPIO_WritePin
 107              	.LVL2:
  15:Modules/led/led.c **** }
 108              		.loc 1 15 1 is_stmt 0 view .LVU8
 109 000e 08BD     		pop	{r3, pc}
 110              	.L12:
 111              		.align	2
 112              	.L11:
 113 0010 000C0140 		.word	1073810432
 114              		.cfi_endproc
 115              	.LFE70:
 117              		.section	.text.BlueTooth_ON,"ax",%progbits
 118              		.align	1
 119              		.global	BlueTooth_ON
 120              		.syntax unified
 121              		.thumb
 122              		.thumb_func
 124              	BlueTooth_ON:
 125              	.LFB71:
  16:Modules/led/led.c **** 
  17:Modules/led/led.c **** void BlueTooth_ON(void)
  18:Modules/led/led.c **** {
 126              		.loc 1 18 1 is_stmt 1 view -0
 127              		.cfi_startproc
 128              		@ args = 0, pretend = 0, frame = 0
 129              		@ frame_needed = 0, uses_anonymous_args = 0
 130 0000 08B5     		push	{r3, lr}
 131              	.LCFI3:
 132              		.cfi_def_cfa_offset 8
 133              		.cfi_offset 3, -8
 134              		.cfi_offset 14, -4
  19:Modules/led/led.c **** 	HAL_GPIO_WritePin(GPIOB, BlueTooth_Pin, GPIO_PIN_SET);
 135              		.loc 1 19 2 view .LVU10
 136 0002 0122     		movs	r2, #1
 137 0004 4FF40041 		mov	r1, #32768
 138 0008 0148     		ldr	r0, .L15
 139 000a FFF7FEFF 		bl	HAL_GPIO_WritePin
 140              	.LVL3:
  20:Modules/led/led.c **** }
 141              		.loc 1 20 1 is_stmt 0 view .LVU11
 142 000e 08BD     		pop	{r3, pc}
 143              	.L16:
 144              		.align	2
 145              	.L15:
 146 0010 000C0140 		.word	1073810432
 147              		.cfi_endproc
 148              	.LFE71:
 150              		.section	.text.Balance_OFF,"ax",%progbits
 151              		.align	1
 152              		.global	Balance_OFF
 153              		.syntax unified
 154              		.thumb
 155              		.thumb_func
 157              	Balance_OFF:
 158              	.LFB72:
  21:Modules/led/led.c **** 
  22:Modules/led/led.c **** void Balance_OFF(void)
ARM GAS  C:\Users\FASCIN~1\AppData\Local\Temp\ccecnYYk.s 			page 4


  23:Modules/led/led.c **** {
 159              		.loc 1 23 1 is_stmt 1 view -0
 160              		.cfi_startproc
 161              		@ args = 0, pretend = 0, frame = 0
 162              		@ frame_needed = 0, uses_anonymous_args = 0
 163 0000 08B5     		push	{r3, lr}
 164              	.LCFI4:
 165              		.cfi_def_cfa_offset 8
 166              		.cfi_offset 3, -8
 167              		.cfi_offset 14, -4
  24:Modules/led/led.c **** 	HAL_GPIO_WritePin(GPIOB, Balance_Pin, GPIO_PIN_RESET);
 168              		.loc 1 24 2 view .LVU13
 169 0002 0022     		movs	r2, #0
 170 0004 4FF48071 		mov	r1, #256
 171 0008 0148     		ldr	r0, .L19
 172 000a FFF7FEFF 		bl	HAL_GPIO_WritePin
 173              	.LVL4:
  25:Modules/led/led.c **** }
 174              		.loc 1 25 1 is_stmt 0 view .LVU14
 175 000e 08BD     		pop	{r3, pc}
 176              	.L20:
 177              		.align	2
 178              	.L19:
 179 0010 000C0140 		.word	1073810432
 180              		.cfi_endproc
 181              	.LFE72:
 183              		.section	.text.Balance_ON,"ax",%progbits
 184              		.align	1
 185              		.global	Balance_ON
 186              		.syntax unified
 187              		.thumb
 188              		.thumb_func
 190              	Balance_ON:
 191              	.LFB73:
  26:Modules/led/led.c **** 
  27:Modules/led/led.c **** void Balance_ON(void)
  28:Modules/led/led.c **** {
 192              		.loc 1 28 1 is_stmt 1 view -0
 193              		.cfi_startproc
 194              		@ args = 0, pretend = 0, frame = 0
 195              		@ frame_needed = 0, uses_anonymous_args = 0
 196 0000 08B5     		push	{r3, lr}
 197              	.LCFI5:
 198              		.cfi_def_cfa_offset 8
 199              		.cfi_offset 3, -8
 200              		.cfi_offset 14, -4
  29:Modules/led/led.c **** 	HAL_GPIO_WritePin(GPIOB, Balance_Pin, GPIO_PIN_SET);
 201              		.loc 1 29 2 view .LVU16
 202 0002 0122     		movs	r2, #1
 203 0004 4FF48071 		mov	r1, #256
 204 0008 0148     		ldr	r0, .L23
 205 000a FFF7FEFF 		bl	HAL_GPIO_WritePin
 206              	.LVL5:
  30:Modules/led/led.c **** }...
 207              		.loc 1 30 1 is_stmt 0 view .LVU17
 208 000e 08BD     		pop	{r3, pc}
 209              	.L24:
ARM GAS  C:\Users\FASCIN~1\AppData\Local\Temp\ccecnYYk.s 			page 5


 210              		.align	2
 211              	.L23:
 212 0010 000C0140 		.word	1073810432
 213              		.cfi_endproc
 214              	.LFE73:
 216              		.text
 217              	.Letext0:
 218              		.file 2 "D:/Application/Work/MSYS2/ucrt64/arm-none-eabi/include/machine/_default_types.h"
 219              		.file 3 "D:/Application/Work/MSYS2/ucrt64/arm-none-eabi/include/sys/_stdint.h"
 220              		.file 4 "Drivers/CMSIS/Device/ST/STM32F1xx/Include/stm32f103xb.h"
 221              		.file 5 "Drivers/STM32F1xx_HAL_Driver/Inc/stm32f1xx_hal_gpio.h"
ARM GAS  C:\Users\FASCIN~1\AppData\Local\Temp\ccecnYYk.s 			page 6


DEFINED SYMBOLS
                            *ABS*:00000000 led.c
C:\Users\FASCIN~1\AppData\Local\Temp\ccecnYYk.s:19     .text.Follow_OFF:00000000 $t
C:\Users\FASCIN~1\AppData\Local\Temp\ccecnYYk.s:25     .text.Follow_OFF:00000000 Follow_OFF
C:\Users\FASCIN~1\AppData\Local\Temp\ccecnYYk.s:47     .text.Follow_OFF:00000010 $d
C:\Users\FASCIN~1\AppData\Local\Temp\ccecnYYk.s:52     .text.Follow_ON:00000000 $t
C:\Users\FASCIN~1\AppData\Local\Temp\ccecnYYk.s:58     .text.Follow_ON:00000000 Follow_ON
C:\Users\FASCIN~1\AppData\Local\Temp\ccecnYYk.s:80     .text.Follow_ON:00000010 $d
C:\Users\FASCIN~1\AppData\Local\Temp\ccecnYYk.s:85     .text.BlueTooth_OFF:00000000 $t
C:\Users\FASCIN~1\AppData\Local\Temp\ccecnYYk.s:91     .text.BlueTooth_OFF:00000000 BlueTooth_OFF
C:\Users\FASCIN~1\AppData\Local\Temp\ccecnYYk.s:113    .text.BlueTooth_OFF:00000010 $d
C:\Users\FASCIN~1\AppData\Local\Temp\ccecnYYk.s:118    .text.BlueTooth_ON:00000000 $t
C:\Users\FASCIN~1\AppData\Local\Temp\ccecnYYk.s:124    .text.BlueTooth_ON:00000000 BlueTooth_ON
C:\Users\FASCIN~1\AppData\Local\Temp\ccecnYYk.s:146    .text.BlueTooth_ON:00000010 $d
C:\Users\FASCIN~1\AppData\Local\Temp\ccecnYYk.s:151    .text.Balance_OFF:00000000 $t
C:\Users\FASCIN~1\AppData\Local\Temp\ccecnYYk.s:157    .text.Balance_OFF:00000000 Balance_OFF
C:\Users\FASCIN~1\AppData\Local\Temp\ccecnYYk.s:179    .text.Balance_OFF:00000010 $d
C:\Users\FASCIN~1\AppData\Local\Temp\ccecnYYk.s:184    .text.Balance_ON:00000000 $t
C:\Users\FASCIN~1\AppData\Local\Temp\ccecnYYk.s:190    .text.Balance_ON:00000000 Balance_ON
C:\Users\FASCIN~1\AppData\Local\Temp\ccecnYYk.s:212    .text.Balance_ON:00000010 $d

UNDEFINED SYMBOLS
HAL_GPIO_WritePin
