ARM GAS  C:\Users\FASCIN~1\AppData\Local\Temp\cclh5pT1.s 			page 1


   1              		.cpu cortex-m3
   2              		.arch armv7-m
   3              		.fpu softvfp
   4              		.eabi_attribute 20, 1
   5              		.eabi_attribute 21, 1
   6              		.eabi_attribute 23, 3
   7              		.eabi_attribute 24, 1
   8              		.eabi_attribute 25, 1
   9              		.eabi_attribute 26, 1
  10              		.eabi_attribute 30, 1
  11              		.eabi_attribute 34, 1
  12              		.eabi_attribute 18, 4
  13              		.file	"motor.c"
  14              		.text
  15              	.Ltext0:
  16              		.cfi_sections	.debug_frame
  17              		.file 1 "Modules/motor/motor.c"
  18              		.section	.text.motor_init,"ax",%progbits
  19              		.align	1
  20              		.global	motor_init
  21              		.syntax unified
  22              		.thumb
  23              		.thumb_func
  25              	motor_init:
  26              	.LFB68:
   1:Modules/motor/motor.c **** #include "motor.h"
   2:Modules/motor/motor.c **** 
   3:Modules/motor/motor.c **** void motor_init(void)
   4:Modules/motor/motor.c **** {
  27              		.loc 1 4 1 view -0
  28              		.cfi_startproc
  29              		@ args = 0, pretend = 0, frame = 0
  30              		@ frame_needed = 0, uses_anonymous_args = 0
  31 0000 10B5     		push	{r4, lr}
  32              	.LCFI0:
  33              		.cfi_def_cfa_offset 8
  34              		.cfi_offset 4, -8
  35              		.cfi_offset 14, -4
   5:Modules/motor/motor.c ****     // 启动PWM输出
   6:Modules/motor/motor.c ****     HAL_TIM_PWM_Start(&htim3, TIM_CHANNEL_1); // 左电机 PWM
  36              		.loc 1 6 5 view .LVU1
  37 0002 104C     		ldr	r4, .L3
  38 0004 0021     		movs	r1, #0
  39 0006 2046     		mov	r0, r4
  40 0008 FFF7FEFF 		bl	HAL_TIM_PWM_Start
  41              	.LVL0:
   7:Modules/motor/motor.c ****     HAL_TIM_PWM_Start(&htim3, TIM_CHANNEL_2); // 右电机 PWM
  42              		.loc 1 7 5 view .LVU2
  43 000c 0421     		movs	r1, #4
  44 000e 2046     		mov	r0, r4
  45 0010 FFF7FEFF 		bl	HAL_TIM_PWM_Start
  46              	.LVL1:
   8:Modules/motor/motor.c **** 
   9:Modules/motor/motor.c ****     // 默认停止
  10:Modules/motor/motor.c ****     HAL_GPIO_WritePin(GPIOA, Left_IN1_Pin, GPIO_PIN_RESET);
  47              		.loc 1 10 5 view .LVU3
  48 0014 0C4C     		ldr	r4, .L3+4
ARM GAS  C:\Users\FASCIN~1\AppData\Local\Temp\cclh5pT1.s 			page 2


  49 0016 0022     		movs	r2, #0
  50 0018 1021     		movs	r1, #16
  51 001a 2046     		mov	r0, r4
  52 001c FFF7FEFF 		bl	HAL_GPIO_WritePin
  53              	.LVL2:
  11:Modules/motor/motor.c ****     HAL_GPIO_WritePin(GPIOA, Left_IN2_Pin, GPIO_PIN_RESET);
  54              		.loc 1 11 5 view .LVU4
  55 0020 0022     		movs	r2, #0
  56 0022 2021     		movs	r1, #32
  57 0024 2046     		mov	r0, r4
  58 0026 FFF7FEFF 		bl	HAL_GPIO_WritePin
  59              	.LVL3:
  12:Modules/motor/motor.c ****     HAL_GPIO_WritePin(GPIOB, Right_IN1_Pin, GPIO_PIN_RESET);
  60              		.loc 1 12 5 view .LVU5
  61 002a 04F58064 		add	r4, r4, #1024
  62 002e 0022     		movs	r2, #0
  63 0030 0121     		movs	r1, #1
  64 0032 2046     		mov	r0, r4
  65 0034 FFF7FEFF 		bl	HAL_GPIO_WritePin
  66              	.LVL4:
  13:Modules/motor/motor.c ****     HAL_GPIO_WritePin(GPIOB, Right_IN2_Pin, GPIO_PIN_RESET);
  67              		.loc 1 13 5 view .LVU6
  68 0038 0022     		movs	r2, #0
  69 003a 0221     		movs	r1, #2
  70 003c 2046     		mov	r0, r4
  71 003e FFF7FEFF 		bl	HAL_GPIO_WritePin
  72              	.LVL5:
  14:Modules/motor/motor.c **** }
  73              		.loc 1 14 1 is_stmt 0 view .LVU7
  74 0042 10BD     		pop	{r4, pc}
  75              	.L4:
  76              		.align	2
  77              	.L3:
  78 0044 00000000 		.word	htim3
  79 0048 00080140 		.word	1073809408
  80              		.cfi_endproc
  81              	.LFE68:
  83              		.section	.text.angle_left_duty,"ax",%progbits
  84              		.align	1
  85              		.global	angle_left_duty
  86              		.syntax unified
  87              		.thumb
  88              		.thumb_func
  90              	angle_left_duty:
  91              	.LVL6:
  92              	.LFB69:
  15:Modules/motor/motor.c **** 
  16:Modules/motor/motor.c **** 
  17:Modules/motor/motor.c **** // 设置左轮占空比 duty ∈ [-ARR, ARR]
  18:Modules/motor/motor.c **** void angle_left_duty(int16_t duty)
  19:Modules/motor/motor.c **** {
  93              		.loc 1 19 1 is_stmt 1 view -0
  94              		.cfi_startproc
  95              		@ args = 0, pretend = 0, frame = 0
  96              		@ frame_needed = 0, uses_anonymous_args = 0
  97              		.loc 1 19 1 is_stmt 0 view .LVU9
  98 0000 38B5     		push	{r3, r4, r5, lr}
ARM GAS  C:\Users\FASCIN~1\AppData\Local\Temp\cclh5pT1.s 			page 3


  99              	.LCFI1:
 100              		.cfi_def_cfa_offset 16
 101              		.cfi_offset 3, -16
 102              		.cfi_offset 4, -12
 103              		.cfi_offset 5, -8
 104              		.cfi_offset 14, -4
  20:Modules/motor/motor.c ****     if (duty >= 0)
 105              		.loc 1 20 5 is_stmt 1 view .LVU10
 106              		.loc 1 20 8 is_stmt 0 view .LVU11
 107 0002 041E     		subs	r4, r0, #0
 108 0004 0EDB     		blt	.L6
  21:Modules/motor/motor.c ****     {
  22:Modules/motor/motor.c ****         HAL_GPIO_WritePin(GPIOA, Left_IN1_Pin, GPIO_PIN_SET);
 109              		.loc 1 22 9 is_stmt 1 view .LVU12
 110 0006 0F4D     		ldr	r5, .L9
 111 0008 0122     		movs	r2, #1
 112 000a 1021     		movs	r1, #16
 113 000c 2846     		mov	r0, r5
 114              	.LVL7:
 115              		.loc 1 22 9 is_stmt 0 view .LVU13
 116 000e FFF7FEFF 		bl	HAL_GPIO_WritePin
 117              	.LVL8:
  23:Modules/motor/motor.c ****         HAL_GPIO_WritePin(GPIOA, Left_IN2_Pin, GPIO_PIN_RESET);
 118              		.loc 1 23 9 is_stmt 1 view .LVU14
 119 0012 0022     		movs	r2, #0
 120 0014 2021     		movs	r1, #32
 121 0016 2846     		mov	r0, r5
 122 0018 FFF7FEFF 		bl	HAL_GPIO_WritePin
 123              	.LVL9:
  24:Modules/motor/motor.c ****         __HAL_TIM_SET_COMPARE(&htim3, TIM_CHANNEL_1, duty);
 124              		.loc 1 24 9 view .LVU15
 125 001c 0A4B     		ldr	r3, .L9+4
 126 001e 1B68     		ldr	r3, [r3]
 127 0020 5C63     		str	r4, [r3, #52]
 128              	.LVL10:
 129              	.L5:
  25:Modules/motor/motor.c ****     }
  26:Modules/motor/motor.c ****     else
  27:Modules/motor/motor.c ****     {
  28:Modules/motor/motor.c ****         HAL_GPIO_WritePin(GPIOA, Left_IN1_Pin, GPIO_PIN_RESET);
  29:Modules/motor/motor.c ****         HAL_GPIO_WritePin(GPIOA, Left_IN2_Pin, GPIO_PIN_SET);
  30:Modules/motor/motor.c ****         __HAL_TIM_SET_COMPARE(&htim3, TIM_CHANNEL_1, -duty);
  31:Modules/motor/motor.c ****     }
  32:Modules/motor/motor.c **** }
 130              		.loc 1 32 1 is_stmt 0 view .LVU16
 131 0022 38BD     		pop	{r3, r4, r5, pc}
 132              	.LVL11:
 133              	.L6:
  28:Modules/motor/motor.c ****         HAL_GPIO_WritePin(GPIOA, Left_IN2_Pin, GPIO_PIN_SET);
 134              		.loc 1 28 9 is_stmt 1 view .LVU17
 135 0024 074D     		ldr	r5, .L9
 136 0026 0022     		movs	r2, #0
 137 0028 1021     		movs	r1, #16
 138 002a 2846     		mov	r0, r5
 139              	.LVL12:
  28:Modules/motor/motor.c ****         HAL_GPIO_WritePin(GPIOA, Left_IN2_Pin, GPIO_PIN_SET);
 140              		.loc 1 28 9 is_stmt 0 view .LVU18
ARM GAS  C:\Users\FASCIN~1\AppData\Local\Temp\cclh5pT1.s 			page 4


 141 002c FFF7FEFF 		bl	HAL_GPIO_WritePin
 142              	.LVL13:
  29:Modules/motor/motor.c ****         __HAL_TIM_SET_COMPARE(&htim3, TIM_CHANNEL_1, -duty);
 143              		.loc 1 29 9 is_stmt 1 view .LVU19
 144 0030 0122     		movs	r2, #1
 145 0032 2021     		movs	r1, #32
 146 0034 2846     		mov	r0, r5
 147 0036 FFF7FEFF 		bl	HAL_GPIO_WritePin
 148              	.LVL14:
  30:Modules/motor/motor.c ****     }
 149              		.loc 1 30 9 view .LVU20
 150 003a 034B     		ldr	r3, .L9+4
 151 003c 1B68     		ldr	r3, [r3]
 152 003e 6442     		rsbs	r4, r4, #0
 153              	.LVL15:
  30:Modules/motor/motor.c ****     }
 154              		.loc 1 30 9 is_stmt 0 view .LVU21
 155 0040 5C63     		str	r4, [r3, #52]
 156              		.loc 1 32 1 view .LVU22
 157 0042 EEE7     		b	.L5
 158              	.L10:
 159              		.align	2
 160              	.L9:
 161 0044 00080140 		.word	1073809408
 162 0048 00000000 		.word	htim3
 163              		.cfi_endproc
 164              	.LFE69:
 166              		.section	.text.angle_right_duty,"ax",%progbits
 167              		.align	1
 168              		.global	angle_right_duty
 169              		.syntax unified
 170              		.thumb
 171              		.thumb_func
 173              	angle_right_duty:
 174              	.LVL16:
 175              	.LFB70:
  33:Modules/motor/motor.c **** 
  34:Modules/motor/motor.c **** // 设置右轮占空比 duty ∈ [-ARR, ARR]
  35:Modules/motor/motor.c **** void angle_right_duty(int16_t duty)
  36:Modules/motor/motor.c **** {
 176              		.loc 1 36 1 is_stmt 1 view -0
 177              		.cfi_startproc
 178              		@ args = 0, pretend = 0, frame = 0
 179              		@ frame_needed = 0, uses_anonymous_args = 0
 180              		.loc 1 36 1 is_stmt 0 view .LVU24
 181 0000 38B5     		push	{r3, r4, r5, lr}
 182              	.LCFI2:
 183              		.cfi_def_cfa_offset 16
 184              		.cfi_offset 3, -16
 185              		.cfi_offset 4, -12
 186              		.cfi_offset 5, -8
 187              		.cfi_offset 14, -4
  37:Modules/motor/motor.c ****     if (duty >= 0)
 188              		.loc 1 37 5 is_stmt 1 view .LVU25
 189              		.loc 1 37 8 is_stmt 0 view .LVU26
 190 0002 041E     		subs	r4, r0, #0
 191 0004 0EDB     		blt	.L12
ARM GAS  C:\Users\FASCIN~1\AppData\Local\Temp\cclh5pT1.s 			page 5


  38:Modules/motor/motor.c ****     {
  39:Modules/motor/motor.c ****         HAL_GPIO_WritePin(GPIOB, Right_IN1_Pin, GPIO_PIN_RESET);
 192              		.loc 1 39 9 is_stmt 1 view .LVU27
 193 0006 0F4D     		ldr	r5, .L15
 194 0008 0022     		movs	r2, #0
 195 000a 0121     		movs	r1, #1
 196 000c 2846     		mov	r0, r5
 197              	.LVL17:
 198              		.loc 1 39 9 is_stmt 0 view .LVU28
 199 000e FFF7FEFF 		bl	HAL_GPIO_WritePin
 200              	.LVL18:
  40:Modules/motor/motor.c ****         HAL_GPIO_WritePin(GPIOB, Right_IN2_Pin, GPIO_PIN_SET);
 201              		.loc 1 40 9 is_stmt 1 view .LVU29
 202 0012 0122     		movs	r2, #1
 203 0014 0221     		movs	r1, #2
 204 0016 2846     		mov	r0, r5
 205 0018 FFF7FEFF 		bl	HAL_GPIO_WritePin
 206              	.LVL19:
  41:Modules/motor/motor.c ****         __HAL_TIM_SET_COMPARE(&htim3, TIM_CHANNEL_2, duty);
 207              		.loc 1 41 9 view .LVU30
 208 001c 0A4B     		ldr	r3, .L15+4
 209 001e 1B68     		ldr	r3, [r3]
 210 0020 9C63     		str	r4, [r3, #56]
 211              	.LVL20:
 212              	.L11:
  42:Modules/motor/motor.c ****     }
  43:Modules/motor/motor.c ****     else
  44:Modules/motor/motor.c ****     {
  45:Modules/motor/motor.c ****         HAL_GPIO_WritePin(GPIOB, Right_IN1_Pin, GPIO_PIN_SET);
  46:Modules/motor/motor.c ****         HAL_GPIO_WritePin(GPIOB, Right_IN2_Pin, GPIO_PIN_RESET);
  47:Modules/motor/motor.c ****         __HAL_TIM_SET_COMPARE(&htim3, TIM_CHANNEL_2, -duty);
  48:Modules/motor/motor.c ****     }
  49:Modules/motor/motor.c **** }
 213              		.loc 1 49 1 is_stmt 0 view .LVU31
 214 0022 38BD     		pop	{r3, r4, r5, pc}
 215              	.LVL21:
 216              	.L12:
  45:Modules/motor/motor.c ****         HAL_GPIO_WritePin(GPIOB, Right_IN2_Pin, GPIO_PIN_RESET);
 217              		.loc 1 45 9 is_stmt 1 view .LVU32
 218 0024 074D     		ldr	r5, .L15
 219 0026 0122     		movs	r2, #1
 220 0028 1146     		mov	r1, r2
 221 002a 2846     		mov	r0, r5
 222              	.LVL22:
  45:Modules/motor/motor.c ****         HAL_GPIO_WritePin(GPIOB, Right_IN2_Pin, GPIO_PIN_RESET);
 223              		.loc 1 45 9 is_stmt 0 view .LVU33
 224 002c FFF7FEFF 		bl	HAL_GPIO_WritePin
 225              	.LVL23:
  46:Modules/motor/motor.c ****         __HAL_TIM_SET_COMPARE(&htim3, TIM_CHANNEL_2, -duty);
 226              		.loc 1 46 9 is_stmt 1 view .LVU34
 227 0030 0022     		movs	r2, #0
 228 0032 0221     		movs	r1, #2
 229 0034 2846     		mov	r0, r5
 230 0036 FFF7FEFF 		bl	HAL_GPIO_WritePin
 231              	.LVL24:
  47:Modules/motor/motor.c ****     }
 232              		.loc 1 47 9 view .LVU35
ARM GAS  C:\Users\FASCIN~1\AppData\Local\Temp\cclh5pT1.s 			page 6


 233 003a 034B     		ldr	r3, .L15+4
 234 003c 1B68     		ldr	r3, [r3]
 235 003e 6442     		rsbs	r4, r4, #0
 236              	.LVL25:
  47:Modules/motor/motor.c ****     }
 237              		.loc 1 47 9 is_stmt 0 view .LVU36
 238 0040 9C63     		str	r4, [r3, #56]
 239              		.loc 1 49 1 view .LVU37
 240 0042 EEE7     		b	.L11
 241              	.L16:
 242              		.align	2
 243              	.L15:
 244 0044 000C0140 		.word	1073810432
 245 0048 00000000 		.word	htim3
 246              		.cfi_endproc
 247              	.LFE70:
 249              		.section	.text.motor_duty,"ax",%progbits
 250              		.align	1
 251              		.global	motor_duty
 252              		.syntax unified
 253              		.thumb
 254              		.thumb_func
 256              	motor_duty:
 257              	.LVL26:
 258              	.LFB71:
  50:Modules/motor/motor.c **** 
  51:Modules/motor/motor.c **** void motor_duty(int16_t dutyL, int16_t dutyR)
  52:Modules/motor/motor.c **** {
 259              		.loc 1 52 1 is_stmt 1 view -0
 260              		.cfi_startproc
 261              		@ args = 0, pretend = 0, frame = 0
 262              		@ frame_needed = 0, uses_anonymous_args = 0
 263              		.loc 1 52 1 is_stmt 0 view .LVU39
 264 0000 10B5     		push	{r4, lr}
 265              	.LCFI3:
 266              		.cfi_def_cfa_offset 8
 267              		.cfi_offset 4, -8
 268              		.cfi_offset 14, -4
 269 0002 0C46     		mov	r4, r1
  53:Modules/motor/motor.c ****     angle_left_duty(dutyL);
 270              		.loc 1 53 5 is_stmt 1 view .LVU40
 271 0004 FFF7FEFF 		bl	angle_left_duty
 272              	.LVL27:
  54:Modules/motor/motor.c ****     angle_right_duty(dutyR);
 273              		.loc 1 54 5 view .LVU41
 274 0008 2046     		mov	r0, r4
 275 000a FFF7FEFF 		bl	angle_right_duty
 276              	.LVL28:
  55:Modules/motor/motor.c **** }...
 277              		.loc 1 55 1 is_stmt 0 view .LVU42
 278 000e 10BD     		pop	{r4, pc}
 279              		.loc 1 55 1 view .LVU43
 280              		.cfi_endproc
 281              	.LFE71:
 283              		.text
 284              	.Letext0:
 285              		.file 2 "D:/Application/Work/MSYS2/ucrt64/arm-none-eabi/include/machine/_default_types.h"
ARM GAS  C:\Users\FASCIN~1\AppData\Local\Temp\cclh5pT1.s 			page 7


 286              		.file 3 "D:/Application/Work/MSYS2/ucrt64/arm-none-eabi/include/sys/_stdint.h"
 287              		.file 4 "Drivers/CMSIS/Device/ST/STM32F1xx/Include/stm32f103xb.h"
 288              		.file 5 "Drivers/STM32F1xx_HAL_Driver/Inc/stm32f1xx_hal_def.h"
 289              		.file 6 "Drivers/STM32F1xx_HAL_Driver/Inc/stm32f1xx_hal_gpio.h"
 290              		.file 7 "Drivers/STM32F1xx_HAL_Driver/Inc/stm32f1xx_hal_dma.h"
 291              		.file 8 "Drivers/STM32F1xx_HAL_Driver/Inc/stm32f1xx_hal_tim.h"
 292              		.file 9 "Core/Inc/tim.h"
ARM GAS  C:\Users\FASCIN~1\AppData\Local\Temp\cclh5pT1.s 			page 8


DEFINED SYMBOLS
                            *ABS*:00000000 motor.c
C:\Users\FASCIN~1\AppData\Local\Temp\cclh5pT1.s:19     .text.motor_init:00000000 $t
C:\Users\FASCIN~1\AppData\Local\Temp\cclh5pT1.s:25     .text.motor_init:00000000 motor_init
C:\Users\FASCIN~1\AppData\Local\Temp\cclh5pT1.s:78     .text.motor_init:00000044 $d
C:\Users\FASCIN~1\AppData\Local\Temp\cclh5pT1.s:84     .text.angle_left_duty:00000000 $t
C:\Users\FASCIN~1\AppData\Local\Temp\cclh5pT1.s:90     .text.angle_left_duty:00000000 angle_left_duty
C:\Users\FASCIN~1\AppData\Local\Temp\cclh5pT1.s:161    .text.angle_left_duty:00000044 $d
C:\Users\FASCIN~1\AppData\Local\Temp\cclh5pT1.s:167    .text.angle_right_duty:00000000 $t
C:\Users\FASCIN~1\AppData\Local\Temp\cclh5pT1.s:173    .text.angle_right_duty:00000000 angle_right_duty
C:\Users\FASCIN~1\AppData\Local\Temp\cclh5pT1.s:244    .text.angle_right_duty:00000044 $d
C:\Users\FASCIN~1\AppData\Local\Temp\cclh5pT1.s:250    .text.motor_duty:00000000 $t
C:\Users\FASCIN~1\AppData\Local\Temp\cclh5pT1.s:256    .text.motor_duty:00000000 motor_duty

UNDEFINED SYMBOLS
HAL_TIM_PWM_Start
HAL_GPIO_WritePin
htim3
