ARM GAS  C:\Users\FASCIN~1\AppData\Local\Temp\ccdkBGfj.s 			page 1


   1              		.cpu cortex-m3
   2              		.arch armv7-m
   3              		.fpu softvfp
   4              		.eabi_attribute 20, 1
   5              		.eabi_attribute 21, 1
   6              		.eabi_attribute 23, 3
   7              		.eabi_attribute 24, 1
   8              		.eabi_attribute 25, 1
   9              		.eabi_attribute 26, 1
  10              		.eabi_attribute 30, 1
  11              		.eabi_attribute 34, 1
  12              		.eabi_attribute 18, 4
  13              		.file	"mpu6050.c"
  14              		.text
  15              	.Ltext0:
  16              		.cfi_sections	.debug_frame
  17              		.file 1 "Modules/mpu6050/mpu6050.c"
  18              		.section	.text.MPU_Write_Len,"ax",%progbits
  19              		.align	1
  20              		.global	MPU_Write_Len
  21              		.syntax unified
  22              		.thumb
  23              		.thumb_func
  25              	MPU_Write_Len:
  26              	.LVL0:
  27              	.LFB73:
   1:Modules/mpu6050/mpu6050.c **** #include "stm32f1xx_hal.h"
   2:Modules/mpu6050/mpu6050.c **** #include "mpu6050.h"
   3:Modules/mpu6050/mpu6050.c **** 
   4:Modules/mpu6050/mpu6050.c **** //初始化MPU6050
   5:Modules/mpu6050/mpu6050.c **** //返回值:0,成功
   6:Modules/mpu6050/mpu6050.c **** //    其他,错误代码
   7:Modules/mpu6050/mpu6050.c **** uint8_t MPU_Init(void)
   8:Modules/mpu6050/mpu6050.c **** {
   9:Modules/mpu6050/mpu6050.c ****     uint8_t res;
  10:Modules/mpu6050/mpu6050.c **** 
  11:Modules/mpu6050/mpu6050.c ****     MPU_IIC_Init();//初始化IIC总线
  12:Modules/mpu6050/mpu6050.c ****     MPU_Write_Byte(MPU_PWR_MGMT1_REG,0X80);	//复位MPU6050
  13:Modules/mpu6050/mpu6050.c ****     delay_ms(100);
  14:Modules/mpu6050/mpu6050.c ****     MPU_Write_Byte(MPU_PWR_MGMT1_REG,0X00);	//唤醒MPU6050
  15:Modules/mpu6050/mpu6050.c ****     MPU_Set_Gyro_Fsr(3);					//陀螺仪传感器,±2000dps
  16:Modules/mpu6050/mpu6050.c ****     MPU_Set_Accel_Fsr(0);					//加速度传感器,±2g
  17:Modules/mpu6050/mpu6050.c ****     MPU_Set_Rate(50);						//设置采样率50Hz
  18:Modules/mpu6050/mpu6050.c ****     MPU_Write_Byte(MPU_INT_EN_REG,0X00);	//关闭所有中断
  19:Modules/mpu6050/mpu6050.c ****     MPU_Write_Byte(MPU_USER_CTRL_REG,0X00);	//I2C主模式关闭
  20:Modules/mpu6050/mpu6050.c ****     MPU_Write_Byte(MPU_FIFO_EN_REG,0X00);	//关闭FIFO
  21:Modules/mpu6050/mpu6050.c ****     MPU_Write_Byte(MPU_INTBP_CFG_REG,0X80);	//INT引脚低电平有效
  22:Modules/mpu6050/mpu6050.c ****     res=MPU_Read_Byte(MPU_DEVICE_ID_REG);
  23:Modules/mpu6050/mpu6050.c ****     if(res==MPU_ADDR)//器件ID正确
  24:Modules/mpu6050/mpu6050.c ****     {
  25:Modules/mpu6050/mpu6050.c ****         MPU_Write_Byte(MPU_PWR_MGMT1_REG,0X01);	//设置CLKSEL,PLL X轴为参考
  26:Modules/mpu6050/mpu6050.c ****         MPU_Write_Byte(MPU_PWR_MGMT2_REG,0X00);	//加速度与陀螺仪都工作
  27:Modules/mpu6050/mpu6050.c ****         MPU_Set_Rate(50);						//设置采样率为50Hz
  28:Modules/mpu6050/mpu6050.c ****     } else return 1;
  29:Modules/mpu6050/mpu6050.c ****     return 0;
  30:Modules/mpu6050/mpu6050.c **** }
  31:Modules/mpu6050/mpu6050.c **** //设置MPU6050陀螺仪传感器满量程范围
ARM GAS  C:\Users\FASCIN~1\AppData\Local\Temp\ccdkBGfj.s 			page 2


  32:Modules/mpu6050/mpu6050.c **** //fsr:0,±250dps;1,±500dps;2,±1000dps;3,±2000dps
  33:Modules/mpu6050/mpu6050.c **** //返回值:0,设置成功
  34:Modules/mpu6050/mpu6050.c **** //    其他,设置失败
  35:Modules/mpu6050/mpu6050.c **** uint8_t MPU_Set_Gyro_Fsr(uint8_t fsr)
  36:Modules/mpu6050/mpu6050.c **** {
  37:Modules/mpu6050/mpu6050.c ****     return MPU_Write_Byte(MPU_GYRO_CFG_REG,fsr<<3);//设置陀螺仪满量程范围
  38:Modules/mpu6050/mpu6050.c **** }
  39:Modules/mpu6050/mpu6050.c **** //设置MPU6050加速度传感器满量程范围
  40:Modules/mpu6050/mpu6050.c **** //fsr:0,±2g;1,±4g;2,±8g;3,±16g
  41:Modules/mpu6050/mpu6050.c **** //返回值:0,设置成功
  42:Modules/mpu6050/mpu6050.c **** //    其他,设置失败
  43:Modules/mpu6050/mpu6050.c **** uint8_t MPU_Set_Accel_Fsr(uint8_t fsr)
  44:Modules/mpu6050/mpu6050.c **** {
  45:Modules/mpu6050/mpu6050.c ****     return MPU_Write_Byte(MPU_ACCEL_CFG_REG,fsr<<3);//设置加速度传感器满量程范围
  46:Modules/mpu6050/mpu6050.c **** }
  47:Modules/mpu6050/mpu6050.c **** //设置MPU6050的数字低通滤波器
  48:Modules/mpu6050/mpu6050.c **** //lpf:数字低通滤波频率(Hz)
  49:Modules/mpu6050/mpu6050.c **** //返回值:0,设置成功
  50:Modules/mpu6050/mpu6050.c **** //    其他,设置失败
  51:Modules/mpu6050/mpu6050.c **** uint8_t MPU_Set_LPF(uint16_t lpf)
  52:Modules/mpu6050/mpu6050.c **** {
  53:Modules/mpu6050/mpu6050.c ****     uint8_t data=0;
  54:Modules/mpu6050/mpu6050.c ****     if(lpf>=188)data=1;
  55:Modules/mpu6050/mpu6050.c ****     else if(lpf>=98)data=2;
  56:Modules/mpu6050/mpu6050.c ****     else if(lpf>=42)data=3;
  57:Modules/mpu6050/mpu6050.c ****     else if(lpf>=20)data=4;
  58:Modules/mpu6050/mpu6050.c ****     else if(lpf>=10)data=5;
  59:Modules/mpu6050/mpu6050.c ****     else data=6;
  60:Modules/mpu6050/mpu6050.c ****     return MPU_Write_Byte(MPU_CFG_REG,data);//设置数字低通滤波器
  61:Modules/mpu6050/mpu6050.c **** }
  62:Modules/mpu6050/mpu6050.c **** //设置MPU6050的采样率(假定Fs=1KHz)
  63:Modules/mpu6050/mpu6050.c **** //rate:4~1000(Hz)
  64:Modules/mpu6050/mpu6050.c **** //返回值:0,设置成功
  65:Modules/mpu6050/mpu6050.c **** //    其他,设置失败
  66:Modules/mpu6050/mpu6050.c **** uint8_t MPU_Set_Rate(uint16_t rate)
  67:Modules/mpu6050/mpu6050.c **** {
  68:Modules/mpu6050/mpu6050.c ****     uint8_t data;
  69:Modules/mpu6050/mpu6050.c ****     if(rate>1000)rate=1000;
  70:Modules/mpu6050/mpu6050.c ****     if(rate<4)rate=4;
  71:Modules/mpu6050/mpu6050.c ****     data=1000/rate-1;
  72:Modules/mpu6050/mpu6050.c ****     data=MPU_Write_Byte(MPU_SAMPLE_RATE_REG,data);	//设置数字低通滤波器
  73:Modules/mpu6050/mpu6050.c ****     return MPU_Set_LPF(rate/2);	//自动设置LPF为采样率的一半
  74:Modules/mpu6050/mpu6050.c **** }
  75:Modules/mpu6050/mpu6050.c **** 
  76:Modules/mpu6050/mpu6050.c **** //得到温度值
  77:Modules/mpu6050/mpu6050.c **** //返回值:温度值(扩大了100倍)
  78:Modules/mpu6050/mpu6050.c **** short MPU_Get_Temperature(void)
  79:Modules/mpu6050/mpu6050.c **** {
  80:Modules/mpu6050/mpu6050.c ****     uint8_t buf[2];
  81:Modules/mpu6050/mpu6050.c ****     short raw;
  82:Modules/mpu6050/mpu6050.c ****     float temp;
  83:Modules/mpu6050/mpu6050.c ****     MPU_Read_Len(MPU_ADDR,MPU_TEMP_OUTH_REG,2,buf);
  84:Modules/mpu6050/mpu6050.c ****     raw=((uint16_t)buf[0]<<8)|buf[1];
  85:Modules/mpu6050/mpu6050.c ****     temp=36.53+((double)raw)/340;
  86:Modules/mpu6050/mpu6050.c ****     return temp*100;;
  87:Modules/mpu6050/mpu6050.c **** }
  88:Modules/mpu6050/mpu6050.c **** //得到陀螺仪值(原始值)
ARM GAS  C:\Users\FASCIN~1\AppData\Local\Temp\ccdkBGfj.s 			page 3


  89:Modules/mpu6050/mpu6050.c **** //gx,gy,gz:陀螺仪x,y,z轴的原始读数(带符号)
  90:Modules/mpu6050/mpu6050.c **** //返回值:0,成功
  91:Modules/mpu6050/mpu6050.c **** //    其他,错误代码
  92:Modules/mpu6050/mpu6050.c **** uint8_t MPU_Get_Gyroscope(short *gx,short *gy,short *gz)
  93:Modules/mpu6050/mpu6050.c **** {
  94:Modules/mpu6050/mpu6050.c ****     uint8_t buf[6],res;
  95:Modules/mpu6050/mpu6050.c ****     res=MPU_Read_Len(MPU_ADDR,MPU_GYRO_XOUTH_REG,6,buf);
  96:Modules/mpu6050/mpu6050.c ****     if(res==0)
  97:Modules/mpu6050/mpu6050.c ****     {
  98:Modules/mpu6050/mpu6050.c ****         *gx=((uint16_t)buf[0]<<8)|buf[1];
  99:Modules/mpu6050/mpu6050.c ****         *gy=((uint16_t)buf[2]<<8)|buf[3];
 100:Modules/mpu6050/mpu6050.c ****         *gz=((uint16_t)buf[4]<<8)|buf[5];
 101:Modules/mpu6050/mpu6050.c ****     }
 102:Modules/mpu6050/mpu6050.c ****     return res;;
 103:Modules/mpu6050/mpu6050.c **** }
 104:Modules/mpu6050/mpu6050.c **** //得到加速度值(原始值)
 105:Modules/mpu6050/mpu6050.c **** //gx,gy,gz:陀螺仪x,y,z轴的原始读数(带符号)
 106:Modules/mpu6050/mpu6050.c **** //返回值:0,成功
 107:Modules/mpu6050/mpu6050.c **** //    其他,错误代码
 108:Modules/mpu6050/mpu6050.c **** uint8_t MPU_Get_Accelerometer(short *ax,short *ay,short *az)
 109:Modules/mpu6050/mpu6050.c **** {
 110:Modules/mpu6050/mpu6050.c ****     uint8_t buf[6],res;
 111:Modules/mpu6050/mpu6050.c ****     res=MPU_Read_Len(MPU_ADDR,MPU_ACCEL_XOUTH_REG,6,buf);
 112:Modules/mpu6050/mpu6050.c ****     if(res==0)
 113:Modules/mpu6050/mpu6050.c ****     {
 114:Modules/mpu6050/mpu6050.c ****         *ax=((uint16_t)buf[0]<<8)|buf[1];
 115:Modules/mpu6050/mpu6050.c ****         *ay=((uint16_t)buf[2]<<8)|buf[3];
 116:Modules/mpu6050/mpu6050.c ****         *az=((uint16_t)buf[4]<<8)|buf[5];
 117:Modules/mpu6050/mpu6050.c ****     }
 118:Modules/mpu6050/mpu6050.c ****     return res;;
 119:Modules/mpu6050/mpu6050.c **** }
 120:Modules/mpu6050/mpu6050.c **** //IIC连续写
 121:Modules/mpu6050/mpu6050.c **** //addr:器件地址
 122:Modules/mpu6050/mpu6050.c **** //reg:寄存器地址
 123:Modules/mpu6050/mpu6050.c **** //len:写入长度
 124:Modules/mpu6050/mpu6050.c **** //buf:数据区
 125:Modules/mpu6050/mpu6050.c **** //返回值:0,正常
 126:Modules/mpu6050/mpu6050.c **** //    其他,错误代码
 127:Modules/mpu6050/mpu6050.c **** uint8_t MPU_Write_Len(uint8_t addr,uint8_t reg,uint8_t len,uint8_t *buf)
 128:Modules/mpu6050/mpu6050.c **** {
  28              		.loc 1 128 1 view -0
  29              		.cfi_startproc
  30              		@ args = 0, pretend = 0, frame = 0
  31              		@ frame_needed = 0, uses_anonymous_args = 0
  32              		.loc 1 128 1 is_stmt 0 view .LVU1
  33 0000 2DE9F041 		push	{r4, r5, r6, r7, r8, lr}
  34              	.LCFI0:
  35              		.cfi_def_cfa_offset 24
  36              		.cfi_offset 4, -24
  37              		.cfi_offset 5, -20
  38              		.cfi_offset 6, -16
  39              		.cfi_offset 7, -12
  40              		.cfi_offset 8, -8
  41              		.cfi_offset 14, -4
  42 0004 0446     		mov	r4, r0
  43 0006 0F46     		mov	r7, r1
  44 0008 1546     		mov	r5, r2
ARM GAS  C:\Users\FASCIN~1\AppData\Local\Temp\ccdkBGfj.s 			page 4


  45 000a 1E46     		mov	r6, r3
 129:Modules/mpu6050/mpu6050.c ****     uint8_t i;
  46              		.loc 1 129 5 is_stmt 1 view .LVU2
 130:Modules/mpu6050/mpu6050.c ****     MPU_IIC_Start();
  47              		.loc 1 130 5 view .LVU3
  48 000c FFF7FEFF 		bl	IIC_Start
  49              	.LVL1:
 131:Modules/mpu6050/mpu6050.c ****     MPU_IIC_Send_Byte((addr<<1)|0);//发送器件地址+写命令
  50              		.loc 1 131 5 view .LVU4
  51 0010 6000     		lsls	r0, r4, #1
  52 0012 00F0FE00 		and	r0, r0, #254
  53 0016 FFF7FEFF 		bl	IIC_Send_Byte
  54              	.LVL2:
 132:Modules/mpu6050/mpu6050.c ****     if(MPU_IIC_Wait_Ack())	//等待应答
  55              		.loc 1 132 5 view .LVU5
  56              		.loc 1 132 8 is_stmt 0 view .LVU6
  57 001a FFF7FEFF 		bl	IIC_Wait_Ack
  58              	.LVL3:
  59              		.loc 1 132 7 discriminator 1 view .LVU7
  60 001e 88B9     		cbnz	r0, .L8
  61 0020 8046     		mov	r8, r0
 133:Modules/mpu6050/mpu6050.c ****     {
 134:Modules/mpu6050/mpu6050.c ****         MPU_IIC_Stop();
 135:Modules/mpu6050/mpu6050.c ****         return 1;
 136:Modules/mpu6050/mpu6050.c ****     }
 137:Modules/mpu6050/mpu6050.c ****     MPU_IIC_Send_Byte(reg);	//写寄存器地址
  62              		.loc 1 137 5 is_stmt 1 view .LVU8
  63 0022 3846     		mov	r0, r7
  64 0024 FFF7FEFF 		bl	IIC_Send_Byte
  65              	.LVL4:
 138:Modules/mpu6050/mpu6050.c ****     MPU_IIC_Wait_Ack();		//等待应答
  66              		.loc 1 138 5 view .LVU9
  67 0028 FFF7FEFF 		bl	IIC_Wait_Ack
  68              	.LVL5:
 139:Modules/mpu6050/mpu6050.c ****     for(i=0; i<len; i++)
  69              		.loc 1 139 5 view .LVU10
  70              		.loc 1 139 10 is_stmt 0 view .LVU11
  71 002c 4446     		mov	r4, r8
  72              	.LVL6:
  73              	.L4:
  74              		.loc 1 139 15 is_stmt 1 discriminator 1 view .LVU12
  75 002e AC42     		cmp	r4, r5
  76 0030 14D2     		bcs	.L9
 140:Modules/mpu6050/mpu6050.c ****     {
 141:Modules/mpu6050/mpu6050.c ****         MPU_IIC_Send_Byte(buf[i]);	//发送数据
  77              		.loc 1 141 9 view .LVU13
  78 0032 305D     		ldrb	r0, [r6, r4]	@ zero_extendqisi2
  79 0034 FFF7FEFF 		bl	IIC_Send_Byte
  80              	.LVL7:
 142:Modules/mpu6050/mpu6050.c ****         if(MPU_IIC_Wait_Ack())		//等待ACK
  81              		.loc 1 142 9 view .LVU14
  82              		.loc 1 142 12 is_stmt 0 view .LVU15
  83 0038 FFF7FEFF 		bl	IIC_Wait_Ack
  84              	.LVL8:
  85              		.loc 1 142 11 discriminator 1 view .LVU16
  86 003c 48B9     		cbnz	r0, .L10
 139:Modules/mpu6050/mpu6050.c ****     for(i=0; i<len; i++)
ARM GAS  C:\Users\FASCIN~1\AppData\Local\Temp\ccdkBGfj.s 			page 5


  87              		.loc 1 139 22 is_stmt 1 discriminator 2 view .LVU17
  88 003e 0134     		adds	r4, r4, #1
  89              	.LVL9:
 139:Modules/mpu6050/mpu6050.c ****     for(i=0; i<len; i++)
  90              		.loc 1 139 22 is_stmt 0 discriminator 2 view .LVU18
  91 0040 E4B2     		uxtb	r4, r4
  92              	.LVL10:
 139:Modules/mpu6050/mpu6050.c ****     for(i=0; i<len; i++)
  93              		.loc 1 139 22 discriminator 2 view .LVU19
  94 0042 F4E7     		b	.L4
  95              	.LVL11:
  96              	.L8:
 134:Modules/mpu6050/mpu6050.c ****         return 1;
  97              		.loc 1 134 9 is_stmt 1 view .LVU20
  98 0044 FFF7FEFF 		bl	IIC_Stop
  99              	.LVL12:
 135:Modules/mpu6050/mpu6050.c ****     }
 100              		.loc 1 135 9 view .LVU21
 135:Modules/mpu6050/mpu6050.c ****     }
 101              		.loc 1 135 16 is_stmt 0 view .LVU22
 102 0048 4FF00108 		mov	r8, #1
 103              	.L3:
 143:Modules/mpu6050/mpu6050.c ****         {
 144:Modules/mpu6050/mpu6050.c ****             MPU_IIC_Stop();
 145:Modules/mpu6050/mpu6050.c ****             return 1;
 146:Modules/mpu6050/mpu6050.c ****         }
 147:Modules/mpu6050/mpu6050.c ****     }
 148:Modules/mpu6050/mpu6050.c ****     MPU_IIC_Stop();
 149:Modules/mpu6050/mpu6050.c ****     return 0;
 150:Modules/mpu6050/mpu6050.c **** }
 104              		.loc 1 150 1 view .LVU23
 105 004c 4046     		mov	r0, r8
 106 004e BDE8F081 		pop	{r4, r5, r6, r7, r8, pc}
 107              	.LVL13:
 108              	.L10:
 144:Modules/mpu6050/mpu6050.c ****             return 1;
 109              		.loc 1 144 13 is_stmt 1 view .LVU24
 110 0052 FFF7FEFF 		bl	IIC_Stop
 111              	.LVL14:
 145:Modules/mpu6050/mpu6050.c ****         }
 112              		.loc 1 145 13 view .LVU25
 145:Modules/mpu6050/mpu6050.c ****         }
 113              		.loc 1 145 20 is_stmt 0 view .LVU26
 114 0056 4FF00108 		mov	r8, #1
 115 005a F7E7     		b	.L3
 116              	.L9:
 148:Modules/mpu6050/mpu6050.c ****     return 0;
 117              		.loc 1 148 5 is_stmt 1 view .LVU27
 118 005c FFF7FEFF 		bl	IIC_Stop
 119              	.LVL15:
 149:Modules/mpu6050/mpu6050.c **** }
 120              		.loc 1 149 5 view .LVU28
 149:Modules/mpu6050/mpu6050.c **** }
 121              		.loc 1 149 12 is_stmt 0 view .LVU29
 122 0060 F4E7     		b	.L3
 123              		.cfi_endproc
 124              	.LFE73:
ARM GAS  C:\Users\FASCIN~1\AppData\Local\Temp\ccdkBGfj.s 			page 6


 126              		.section	.text.MPU_Read_Len,"ax",%progbits
 127              		.align	1
 128              		.global	MPU_Read_Len
 129              		.syntax unified
 130              		.thumb
 131              		.thumb_func
 133              	MPU_Read_Len:
 134              	.LVL16:
 135              	.LFB74:
 151:Modules/mpu6050/mpu6050.c **** //IIC连续读
 152:Modules/mpu6050/mpu6050.c **** //addr:器件地址
 153:Modules/mpu6050/mpu6050.c **** //reg:要读取的寄存器地址
 154:Modules/mpu6050/mpu6050.c **** //len:要读取的长度
 155:Modules/mpu6050/mpu6050.c **** //buf:读取到的数据存储区
 156:Modules/mpu6050/mpu6050.c **** //返回值:0,正常
 157:Modules/mpu6050/mpu6050.c **** //    其他,错误代码
 158:Modules/mpu6050/mpu6050.c **** uint8_t MPU_Read_Len(uint8_t addr,uint8_t reg,uint8_t len,uint8_t *buf)
 159:Modules/mpu6050/mpu6050.c **** {
 136              		.loc 1 159 1 is_stmt 1 view -0
 137              		.cfi_startproc
 138              		@ args = 0, pretend = 0, frame = 0
 139              		@ frame_needed = 0, uses_anonymous_args = 0
 140              		.loc 1 159 1 is_stmt 0 view .LVU31
 141 0000 F8B5     		push	{r3, r4, r5, r6, r7, lr}
 142              	.LCFI1:
 143              		.cfi_def_cfa_offset 24
 144              		.cfi_offset 3, -24
 145              		.cfi_offset 4, -20
 146              		.cfi_offset 5, -16
 147              		.cfi_offset 6, -12
 148              		.cfi_offset 7, -8
 149              		.cfi_offset 14, -4
 150 0002 0646     		mov	r6, r0
 151 0004 0F46     		mov	r7, r1
 152 0006 1446     		mov	r4, r2
 153 0008 1D46     		mov	r5, r3
 160:Modules/mpu6050/mpu6050.c ****     MPU_IIC_Start();
 154              		.loc 1 160 5 is_stmt 1 view .LVU32
 155 000a FFF7FEFF 		bl	IIC_Start
 156              	.LVL17:
 161:Modules/mpu6050/mpu6050.c ****     MPU_IIC_Send_Byte((addr<<1)|0);//发送器件地址+写命令
 157              		.loc 1 161 5 view .LVU33
 158 000e 7000     		lsls	r0, r6, #1
 159 0010 00F0FE00 		and	r0, r0, #254
 160 0014 FFF7FEFF 		bl	IIC_Send_Byte
 161              	.LVL18:
 162:Modules/mpu6050/mpu6050.c ****     if(MPU_IIC_Wait_Ack())	//等待应答
 162              		.loc 1 162 5 view .LVU34
 163              		.loc 1 162 8 is_stmt 0 view .LVU35
 164 0018 FFF7FEFF 		bl	IIC_Wait_Ack
 165              	.LVL19:
 166              		.loc 1 162 7 discriminator 1 view .LVU36
 167 001c 78B9     		cbnz	r0, .L19
 163:Modules/mpu6050/mpu6050.c ****     {
 164:Modules/mpu6050/mpu6050.c ****         MPU_IIC_Stop();
 165:Modules/mpu6050/mpu6050.c ****         return 1;
 166:Modules/mpu6050/mpu6050.c ****     }
ARM GAS  C:\Users\FASCIN~1\AppData\Local\Temp\ccdkBGfj.s 			page 7


 167:Modules/mpu6050/mpu6050.c ****     MPU_IIC_Send_Byte(reg);	//写寄存器地址
 168              		.loc 1 167 5 is_stmt 1 view .LVU37
 169 001e 3846     		mov	r0, r7
 170 0020 FFF7FEFF 		bl	IIC_Send_Byte
 171              	.LVL20:
 168:Modules/mpu6050/mpu6050.c ****     MPU_IIC_Wait_Ack();		//等待应答
 172              		.loc 1 168 5 view .LVU38
 173 0024 FFF7FEFF 		bl	IIC_Wait_Ack
 174              	.LVL21:
 169:Modules/mpu6050/mpu6050.c ****     MPU_IIC_Start();
 175              		.loc 1 169 5 view .LVU39
 176 0028 FFF7FEFF 		bl	IIC_Start
 177              	.LVL22:
 170:Modules/mpu6050/mpu6050.c ****     MPU_IIC_Send_Byte((addr<<1)|1);//发送器件地址+读命令
 178              		.loc 1 170 5 view .LVU40
 179              		.loc 1 170 32 is_stmt 0 view .LVU41
 180 002c 7000     		lsls	r0, r6, #1
 181 002e 40F00100 		orr	r0, r0, #1
 182              		.loc 1 170 5 view .LVU42
 183 0032 C0B2     		uxtb	r0, r0
 184 0034 FFF7FEFF 		bl	IIC_Send_Byte
 185              	.LVL23:
 171:Modules/mpu6050/mpu6050.c ****     MPU_IIC_Wait_Ack();		//等待应答
 186              		.loc 1 171 5 is_stmt 1 view .LVU43
 187 0038 FFF7FEFF 		bl	IIC_Wait_Ack
 188              	.LVL24:
 172:Modules/mpu6050/mpu6050.c ****     while(len)
 189              		.loc 1 172 5 view .LVU44
 190              		.loc 1 172 10 is_stmt 0 view .LVU45
 191 003c 0AE0     		b	.L14
 192              	.L19:
 164:Modules/mpu6050/mpu6050.c ****         return 1;
 193              		.loc 1 164 9 is_stmt 1 view .LVU46
 194 003e FFF7FEFF 		bl	IIC_Stop
 195              	.LVL25:
 165:Modules/mpu6050/mpu6050.c ****     }
 196              		.loc 1 165 9 view .LVU47
 165:Modules/mpu6050/mpu6050.c ****     }
 197              		.loc 1 165 16 is_stmt 0 view .LVU48
 198 0042 0120     		movs	r0, #1
 199 0044 11E0     		b	.L13
 200              	.L21:
 173:Modules/mpu6050/mpu6050.c ****     {
 174:Modules/mpu6050/mpu6050.c ****         if(len==1)*buf=MPU_IIC_Read_Byte(0);//读数据,发送nACK
 201              		.loc 1 174 19 is_stmt 1 discriminator 1 view .LVU49
 202              		.loc 1 174 24 is_stmt 0 discriminator 1 view .LVU50
 203 0046 0020     		movs	r0, #0
 204 0048 FFF7FEFF 		bl	IIC_Read_Byte
 205              	.LVL26:
 206              		.loc 1 174 23 discriminator 1 view .LVU51
 207 004c 2870     		strb	r0, [r5]
 208              	.L16:
 175:Modules/mpu6050/mpu6050.c ****         else *buf=MPU_IIC_Read_Byte(1);		//读数据,发送ACK
 176:Modules/mpu6050/mpu6050.c ****         len--;
 209              		.loc 1 176 9 is_stmt 1 view .LVU52
 210              		.loc 1 176 12 is_stmt 0 view .LVU53
 211 004e 013C     		subs	r4, r4, #1
ARM GAS  C:\Users\FASCIN~1\AppData\Local\Temp\ccdkBGfj.s 			page 8


 212              	.LVL27:
 213              		.loc 1 176 12 view .LVU54
 214 0050 E4B2     		uxtb	r4, r4
 215              	.LVL28:
 177:Modules/mpu6050/mpu6050.c ****         buf++;
 216              		.loc 1 177 9 is_stmt 1 view .LVU55
 217              		.loc 1 177 12 is_stmt 0 view .LVU56
 218 0052 0135     		adds	r5, r5, #1
 219              	.LVL29:
 220              	.L14:
 172:Modules/mpu6050/mpu6050.c ****     {
 221              		.loc 1 172 11 is_stmt 1 view .LVU57
 222 0054 34B1     		cbz	r4, .L20
 174:Modules/mpu6050/mpu6050.c ****         else *buf=MPU_IIC_Read_Byte(1);		//读数据,发送ACK
 223              		.loc 1 174 9 view .LVU58
 174:Modules/mpu6050/mpu6050.c ****         else *buf=MPU_IIC_Read_Byte(1);		//读数据,发送ACK
 224              		.loc 1 174 11 is_stmt 0 view .LVU59
 225 0056 012C     		cmp	r4, #1
 226 0058 F5D0     		beq	.L21
 175:Modules/mpu6050/mpu6050.c ****         len--;
 227              		.loc 1 175 14 is_stmt 1 view .LVU60
 175:Modules/mpu6050/mpu6050.c ****         len--;
 228              		.loc 1 175 19 is_stmt 0 view .LVU61
 229 005a 0120     		movs	r0, #1
 230 005c FFF7FEFF 		bl	IIC_Read_Byte
 231              	.LVL30:
 175:Modules/mpu6050/mpu6050.c ****         len--;
 232              		.loc 1 175 18 discriminator 1 view .LVU62
 233 0060 2870     		strb	r0, [r5]
 234 0062 F4E7     		b	.L16
 235              	.L20:
 178:Modules/mpu6050/mpu6050.c ****     }
 179:Modules/mpu6050/mpu6050.c ****     MPU_IIC_Stop();	//产生一个停止条件
 236              		.loc 1 179 5 is_stmt 1 view .LVU63
 237 0064 FFF7FEFF 		bl	IIC_Stop
 238              	.LVL31:
 180:Modules/mpu6050/mpu6050.c ****     return 0;
 239              		.loc 1 180 5 view .LVU64
 240              		.loc 1 180 12 is_stmt 0 view .LVU65
 241 0068 2046     		mov	r0, r4
 242              	.LVL32:
 243              	.L13:
 181:Modules/mpu6050/mpu6050.c **** }
 244              		.loc 1 181 1 view .LVU66
 245 006a F8BD     		pop	{r3, r4, r5, r6, r7, pc}
 246              		.loc 1 181 1 view .LVU67
 247              		.cfi_endproc
 248              	.LFE74:
 250              		.global	__aeabi_i2d
 251              		.global	__aeabi_ddiv
 252              		.global	__aeabi_dadd
 253              		.global	__aeabi_d2f
 254              		.global	__aeabi_fmul
 255              		.global	__aeabi_f2iz
 256              		.section	.text.MPU_Get_Temperature,"ax",%progbits
 257              		.align	1
 258              		.global	MPU_Get_Temperature
ARM GAS  C:\Users\FASCIN~1\AppData\Local\Temp\ccdkBGfj.s 			page 9


 259              		.syntax unified
 260              		.thumb
 261              		.thumb_func
 263              	MPU_Get_Temperature:
 264              	.LFB70:
  79:Modules/mpu6050/mpu6050.c ****     uint8_t buf[2];
 265              		.loc 1 79 1 is_stmt 1 view -0
 266              		.cfi_startproc
 267              		@ args = 0, pretend = 0, frame = 8
 268              		@ frame_needed = 0, uses_anonymous_args = 0
 269 0000 00B5     		push	{lr}
 270              	.LCFI2:
 271              		.cfi_def_cfa_offset 4
 272              		.cfi_offset 14, -4
 273 0002 83B0     		sub	sp, sp, #12
 274              	.LCFI3:
 275              		.cfi_def_cfa_offset 16
  80:Modules/mpu6050/mpu6050.c ****     short raw;
 276              		.loc 1 80 5 view .LVU69
  81:Modules/mpu6050/mpu6050.c ****     float temp;
 277              		.loc 1 81 5 view .LVU70
  82:Modules/mpu6050/mpu6050.c ****     MPU_Read_Len(MPU_ADDR,MPU_TEMP_OUTH_REG,2,buf);
 278              		.loc 1 82 5 view .LVU71
  83:Modules/mpu6050/mpu6050.c ****     raw=((uint16_t)buf[0]<<8)|buf[1];
 279              		.loc 1 83 5 view .LVU72
 280 0004 01AB     		add	r3, sp, #4
 281 0006 0222     		movs	r2, #2
 282 0008 4121     		movs	r1, #65
 283 000a 6820     		movs	r0, #104
 284 000c FFF7FEFF 		bl	MPU_Read_Len
 285              	.LVL33:
  84:Modules/mpu6050/mpu6050.c ****     temp=36.53+((double)raw)/340;
 286              		.loc 1 84 5 view .LVU73
  84:Modules/mpu6050/mpu6050.c ****     temp=36.53+((double)raw)/340;
 287              		.loc 1 84 23 is_stmt 0 view .LVU74
 288 0010 9DF80430 		ldrb	r3, [sp, #4]	@ zero_extendqisi2
  84:Modules/mpu6050/mpu6050.c ****     temp=36.53+((double)raw)/340;
 289              		.loc 1 84 30 view .LVU75
 290 0014 1B02     		lsls	r3, r3, #8
 291 0016 1BB2     		sxth	r3, r3
  84:Modules/mpu6050/mpu6050.c ****     temp=36.53+((double)raw)/340;
 292              		.loc 1 84 34 view .LVU76
 293 0018 9DF80500 		ldrb	r0, [sp, #5]	@ zero_extendqisi2
 294              	.LVL34:
  85:Modules/mpu6050/mpu6050.c ****     return temp*100;;
 295              		.loc 1 85 5 is_stmt 1 view .LVU77
  85:Modules/mpu6050/mpu6050.c ****     return temp*100;;
 296              		.loc 1 85 17 is_stmt 0 view .LVU78
 297 001c 1843     		orrs	r0, r0, r3
 298              	.LVL35:
  85:Modules/mpu6050/mpu6050.c ****     return temp*100;;
 299              		.loc 1 85 17 view .LVU79
 300 001e FFF7FEFF 		bl	__aeabi_i2d
 301              	.LVL36:
  85:Modules/mpu6050/mpu6050.c ****     return temp*100;;
 302              		.loc 1 85 29 view .LVU80
 303 0022 0022     		movs	r2, #0
ARM GAS  C:\Users\FASCIN~1\AppData\Local\Temp\ccdkBGfj.s 			page 10


 304 0024 0C4B     		ldr	r3, .L24+8
 305 0026 FFF7FEFF 		bl	__aeabi_ddiv
 306              	.LVL37:
  85:Modules/mpu6050/mpu6050.c ****     return temp*100;;
 307              		.loc 1 85 15 view .LVU81
 308 002a 09A3     		adr	r3, .L24
 309 002c D3E90023 		ldrd	r2, [r3]
 310 0030 FFF7FEFF 		bl	__aeabi_dadd
 311              	.LVL38:
  85:Modules/mpu6050/mpu6050.c ****     return temp*100;;
 312              		.loc 1 85 9 view .LVU82
 313 0034 FFF7FEFF 		bl	__aeabi_d2f
 314              	.LVL39:
  86:Modules/mpu6050/mpu6050.c **** }
 315              		.loc 1 86 5 is_stmt 1 view .LVU83
  86:Modules/mpu6050/mpu6050.c **** }
 316              		.loc 1 86 21 discriminator 1 view .LVU84
  86:Modules/mpu6050/mpu6050.c **** }
 317              		.loc 1 86 16 is_stmt 0 view .LVU85
 318 0038 0849     		ldr	r1, .L24+12
 319 003a FFF7FEFF 		bl	__aeabi_fmul
 320              	.LVL40:
  86:Modules/mpu6050/mpu6050.c **** }
 321              		.loc 1 86 16 view .LVU86
 322 003e FFF7FEFF 		bl	__aeabi_f2iz
 323              	.LVL41:
  87:Modules/mpu6050/mpu6050.c **** //得到陀螺仪值(原始值)
 324              		.loc 1 87 1 view .LVU87
 325 0042 00B2     		sxth	r0, r0
 326 0044 03B0     		add	sp, sp, #12
 327              	.LCFI4:
 328              		.cfi_def_cfa_offset 4
 329              		@ sp needed
 330 0046 5DF804FB 		ldr	pc, [sp], #4
 331              	.L25:
 332 004a 00BFAFF3 		.align	3
 332      0080
 333              	.L24:
 334 0050 A4703D0A 		.word	171798692
 335 0054 D7434240 		.word	1078084567
 336 0058 00407540 		.word	1081425920
 337 005c 0000C842 		.word	1120403456
 338              		.cfi_endproc
 339              	.LFE70:
 341              		.section	.text.MPU_Get_Gyroscope,"ax",%progbits
 342              		.align	1
 343              		.global	MPU_Get_Gyroscope
 344              		.syntax unified
 345              		.thumb
 346              		.thumb_func
 348              	MPU_Get_Gyroscope:
 349              	.LVL42:
 350              	.LFB71:
  93:Modules/mpu6050/mpu6050.c ****     uint8_t buf[6],res;
 351              		.loc 1 93 1 is_stmt 1 view -0
 352              		.cfi_startproc
 353              		@ args = 0, pretend = 0, frame = 8
ARM GAS  C:\Users\FASCIN~1\AppData\Local\Temp\ccdkBGfj.s 			page 11


 354              		@ frame_needed = 0, uses_anonymous_args = 0
  93:Modules/mpu6050/mpu6050.c ****     uint8_t buf[6],res;
 355              		.loc 1 93 1 is_stmt 0 view .LVU89
 356 0000 70B5     		push	{r4, r5, r6, lr}
 357              	.LCFI5:
 358              		.cfi_def_cfa_offset 16
 359              		.cfi_offset 4, -16
 360              		.cfi_offset 5, -12
 361              		.cfi_offset 6, -8
 362              		.cfi_offset 14, -4
 363 0002 82B0     		sub	sp, sp, #8
 364              	.LCFI6:
 365              		.cfi_def_cfa_offset 24
 366 0004 0646     		mov	r6, r0
 367 0006 0D46     		mov	r5, r1
 368 0008 1446     		mov	r4, r2
  94:Modules/mpu6050/mpu6050.c ****     res=MPU_Read_Len(MPU_ADDR,MPU_GYRO_XOUTH_REG,6,buf);
 369              		.loc 1 94 5 is_stmt 1 view .LVU90
  95:Modules/mpu6050/mpu6050.c ****     if(res==0)
 370              		.loc 1 95 5 view .LVU91
  95:Modules/mpu6050/mpu6050.c ****     if(res==0)
 371              		.loc 1 95 9 is_stmt 0 view .LVU92
 372 000a 6B46     		mov	r3, sp
 373 000c 0622     		movs	r2, #6
 374              	.LVL43:
  95:Modules/mpu6050/mpu6050.c ****     if(res==0)
 375              		.loc 1 95 9 view .LVU93
 376 000e 4321     		movs	r1, #67
 377              	.LVL44:
  95:Modules/mpu6050/mpu6050.c ****     if(res==0)
 378              		.loc 1 95 9 view .LVU94
 379 0010 6820     		movs	r0, #104
 380              	.LVL45:
  95:Modules/mpu6050/mpu6050.c ****     if(res==0)
 381              		.loc 1 95 9 view .LVU95
 382 0012 FFF7FEFF 		bl	MPU_Read_Len
 383              	.LVL46:
  96:Modules/mpu6050/mpu6050.c ****     {
 384              		.loc 1 96 5 is_stmt 1 view .LVU96
  96:Modules/mpu6050/mpu6050.c ****     {
 385              		.loc 1 96 7 is_stmt 0 view .LVU97
 386 0016 A0B9     		cbnz	r0, .L27
  98:Modules/mpu6050/mpu6050.c ****         *gy=((uint16_t)buf[2]<<8)|buf[3];
 387              		.loc 1 98 9 is_stmt 1 view .LVU98
  98:Modules/mpu6050/mpu6050.c ****         *gy=((uint16_t)buf[2]<<8)|buf[3];
 388              		.loc 1 98 27 is_stmt 0 view .LVU99
 389 0018 9DF80020 		ldrb	r2, [sp]	@ zero_extendqisi2
  98:Modules/mpu6050/mpu6050.c ****         *gy=((uint16_t)buf[2]<<8)|buf[3];
 390              		.loc 1 98 38 view .LVU100
 391 001c 9DF80130 		ldrb	r3, [sp, #1]	@ zero_extendqisi2
  98:Modules/mpu6050/mpu6050.c ****         *gy=((uint16_t)buf[2]<<8)|buf[3];
 392              		.loc 1 98 34 view .LVU101
 393 0020 43EA0223 		orr	r3, r3, r2, lsl #8
  98:Modules/mpu6050/mpu6050.c ****         *gy=((uint16_t)buf[2]<<8)|buf[3];
 394              		.loc 1 98 12 view .LVU102
 395 0024 3380     		strh	r3, [r6]	@ movhi
  99:Modules/mpu6050/mpu6050.c ****         *gz=((uint16_t)buf[4]<<8)|buf[5];
ARM GAS  C:\Users\FASCIN~1\AppData\Local\Temp\ccdkBGfj.s 			page 12


 396              		.loc 1 99 9 is_stmt 1 view .LVU103
  99:Modules/mpu6050/mpu6050.c ****         *gz=((uint16_t)buf[4]<<8)|buf[5];
 397              		.loc 1 99 27 is_stmt 0 view .LVU104
 398 0026 9DF80220 		ldrb	r2, [sp, #2]	@ zero_extendqisi2
  99:Modules/mpu6050/mpu6050.c ****         *gz=((uint16_t)buf[4]<<8)|buf[5];
 399              		.loc 1 99 38 view .LVU105
 400 002a 9DF80330 		ldrb	r3, [sp, #3]	@ zero_extendqisi2
  99:Modules/mpu6050/mpu6050.c ****         *gz=((uint16_t)buf[4]<<8)|buf[5];
 401              		.loc 1 99 34 view .LVU106
 402 002e 43EA0223 		orr	r3, r3, r2, lsl #8
  99:Modules/mpu6050/mpu6050.c ****         *gz=((uint16_t)buf[4]<<8)|buf[5];
 403              		.loc 1 99 12 view .LVU107
 404 0032 2B80     		strh	r3, [r5]	@ movhi
 100:Modules/mpu6050/mpu6050.c ****     }
 405              		.loc 1 100 9 is_stmt 1 view .LVU108
 100:Modules/mpu6050/mpu6050.c ****     }
 406              		.loc 1 100 27 is_stmt 0 view .LVU109
 407 0034 9DF80420 		ldrb	r2, [sp, #4]	@ zero_extendqisi2
 100:Modules/mpu6050/mpu6050.c ****     }
 408              		.loc 1 100 38 view .LVU110
 409 0038 9DF80530 		ldrb	r3, [sp, #5]	@ zero_extendqisi2
 100:Modules/mpu6050/mpu6050.c ****     }
 410              		.loc 1 100 34 view .LVU111
 411 003c 43EA0223 		orr	r3, r3, r2, lsl #8
 100:Modules/mpu6050/mpu6050.c ****     }
 412              		.loc 1 100 12 view .LVU112
 413 0040 2380     		strh	r3, [r4]	@ movhi
 414              	.L27:
 102:Modules/mpu6050/mpu6050.c **** }
 415              		.loc 1 102 5 is_stmt 1 view .LVU113
 102:Modules/mpu6050/mpu6050.c **** }
 416              		.loc 1 102 16 discriminator 1 view .LVU114
 103:Modules/mpu6050/mpu6050.c **** //得到加速度值(原始值)
 417              		.loc 1 103 1 is_stmt 0 view .LVU115
 418 0042 02B0     		add	sp, sp, #8
 419              	.LCFI7:
 420              		.cfi_def_cfa_offset 16
 421              	.LVL47:
 103:Modules/mpu6050/mpu6050.c **** //得到加速度值(原始值)
 422              		.loc 1 103 1 view .LVU116
 423              		@ sp needed
 424 0044 70BD     		pop	{r4, r5, r6, pc}
 103:Modules/mpu6050/mpu6050.c **** //得到加速度值(原始值)
 425              		.loc 1 103 1 view .LVU117
 426              		.cfi_endproc
 427              	.LFE71:
 429              		.section	.text.MPU_Get_Accelerometer,"ax",%progbits
 430              		.align	1
 431              		.global	MPU_Get_Accelerometer
 432              		.syntax unified
 433              		.thumb
 434              		.thumb_func
 436              	MPU_Get_Accelerometer:
 437              	.LVL48:
 438              	.LFB72:
 109:Modules/mpu6050/mpu6050.c ****     uint8_t buf[6],res;
 439              		.loc 1 109 1 is_stmt 1 view -0
ARM GAS  C:\Users\FASCIN~1\AppData\Local\Temp\ccdkBGfj.s 			page 13


 440              		.cfi_startproc
 441              		@ args = 0, pretend = 0, frame = 8
 442              		@ frame_needed = 0, uses_anonymous_args = 0
 109:Modules/mpu6050/mpu6050.c ****     uint8_t buf[6],res;
 443              		.loc 1 109 1 is_stmt 0 view .LVU119
 444 0000 70B5     		push	{r4, r5, r6, lr}
 445              	.LCFI8:
 446              		.cfi_def_cfa_offset 16
 447              		.cfi_offset 4, -16
 448              		.cfi_offset 5, -12
 449              		.cfi_offset 6, -8
 450              		.cfi_offset 14, -4
 451 0002 82B0     		sub	sp, sp, #8
 452              	.LCFI9:
 453              		.cfi_def_cfa_offset 24
 454 0004 0646     		mov	r6, r0
 455 0006 0D46     		mov	r5, r1
 456 0008 1446     		mov	r4, r2
 110:Modules/mpu6050/mpu6050.c ****     res=MPU_Read_Len(MPU_ADDR,MPU_ACCEL_XOUTH_REG,6,buf);
 457              		.loc 1 110 5 is_stmt 1 view .LVU120
 111:Modules/mpu6050/mpu6050.c ****     if(res==0)
 458              		.loc 1 111 5 view .LVU121
 111:Modules/mpu6050/mpu6050.c ****     if(res==0)
 459              		.loc 1 111 9 is_stmt 0 view .LVU122
 460 000a 6B46     		mov	r3, sp
 461 000c 0622     		movs	r2, #6
 462              	.LVL49:
 111:Modules/mpu6050/mpu6050.c ****     if(res==0)
 463              		.loc 1 111 9 view .LVU123
 464 000e 3B21     		movs	r1, #59
 465              	.LVL50:
 111:Modules/mpu6050/mpu6050.c ****     if(res==0)
 466              		.loc 1 111 9 view .LVU124
 467 0010 6820     		movs	r0, #104
 468              	.LVL51:
 111:Modules/mpu6050/mpu6050.c ****     if(res==0)
 469              		.loc 1 111 9 view .LVU125
 470 0012 FFF7FEFF 		bl	MPU_Read_Len
 471              	.LVL52:
 112:Modules/mpu6050/mpu6050.c ****     {
 472              		.loc 1 112 5 is_stmt 1 view .LVU126
 112:Modules/mpu6050/mpu6050.c ****     {
 473              		.loc 1 112 7 is_stmt 0 view .LVU127
 474 0016 A0B9     		cbnz	r0, .L30
 114:Modules/mpu6050/mpu6050.c ****         *ay=((uint16_t)buf[2]<<8)|buf[3];
 475              		.loc 1 114 9 is_stmt 1 view .LVU128
 114:Modules/mpu6050/mpu6050.c ****         *ay=((uint16_t)buf[2]<<8)|buf[3];
 476              		.loc 1 114 27 is_stmt 0 view .LVU129
 477 0018 9DF80020 		ldrb	r2, [sp]	@ zero_extendqisi2
 114:Modules/mpu6050/mpu6050.c ****         *ay=((uint16_t)buf[2]<<8)|buf[3];
 478              		.loc 1 114 38 view .LVU130
 479 001c 9DF80130 		ldrb	r3, [sp, #1]	@ zero_extendqisi2
 114:Modules/mpu6050/mpu6050.c ****         *ay=((uint16_t)buf[2]<<8)|buf[3];
 480              		.loc 1 114 34 view .LVU131
 481 0020 43EA0223 		orr	r3, r3, r2, lsl #8
 114:Modules/mpu6050/mpu6050.c ****         *ay=((uint16_t)buf[2]<<8)|buf[3];
 482              		.loc 1 114 12 view .LVU132
ARM GAS  C:\Users\FASCIN~1\AppData\Local\Temp\ccdkBGfj.s 			page 14


 483 0024 3380     		strh	r3, [r6]	@ movhi
 115:Modules/mpu6050/mpu6050.c ****         *az=((uint16_t)buf[4]<<8)|buf[5];
 484              		.loc 1 115 9 is_stmt 1 view .LVU133
 115:Modules/mpu6050/mpu6050.c ****         *az=((uint16_t)buf[4]<<8)|buf[5];
 485              		.loc 1 115 27 is_stmt 0 view .LVU134
 486 0026 9DF80220 		ldrb	r2, [sp, #2]	@ zero_extendqisi2
 115:Modules/mpu6050/mpu6050.c ****         *az=((uint16_t)buf[4]<<8)|buf[5];
 487              		.loc 1 115 38 view .LVU135
 488 002a 9DF80330 		ldrb	r3, [sp, #3]	@ zero_extendqisi2
 115:Modules/mpu6050/mpu6050.c ****         *az=((uint16_t)buf[4]<<8)|buf[5];
 489              		.loc 1 115 34 view .LVU136
 490 002e 43EA0223 		orr	r3, r3, r2, lsl #8
 115:Modules/mpu6050/mpu6050.c ****         *az=((uint16_t)buf[4]<<8)|buf[5];
 491              		.loc 1 115 12 view .LVU137
 492 0032 2B80     		strh	r3, [r5]	@ movhi
 116:Modules/mpu6050/mpu6050.c ****     }
 493              		.loc 1 116 9 is_stmt 1 view .LVU138
 116:Modules/mpu6050/mpu6050.c ****     }
 494              		.loc 1 116 27 is_stmt 0 view .LVU139
 495 0034 9DF80420 		ldrb	r2, [sp, #4]	@ zero_extendqisi2
 116:Modules/mpu6050/mpu6050.c ****     }
 496              		.loc 1 116 38 view .LVU140
 497 0038 9DF80530 		ldrb	r3, [sp, #5]	@ zero_extendqisi2
 116:Modules/mpu6050/mpu6050.c ****     }
 498              		.loc 1 116 34 view .LVU141
 499 003c 43EA0223 		orr	r3, r3, r2, lsl #8
 116:Modules/mpu6050/mpu6050.c ****     }
 500              		.loc 1 116 12 view .LVU142
 501 0040 2380     		strh	r3, [r4]	@ movhi
 502              	.L30:
 118:Modules/mpu6050/mpu6050.c **** }
 503              		.loc 1 118 5 is_stmt 1 view .LVU143
 118:Modules/mpu6050/mpu6050.c **** }
 504              		.loc 1 118 16 discriminator 1 view .LVU144
 119:Modules/mpu6050/mpu6050.c **** //IIC连续写
 505              		.loc 1 119 1 is_stmt 0 view .LVU145
 506 0042 02B0     		add	sp, sp, #8
 507              	.LCFI10:
 508              		.cfi_def_cfa_offset 16
 509              	.LVL53:
 119:Modules/mpu6050/mpu6050.c **** //IIC连续写
 510              		.loc 1 119 1 view .LVU146
 511              		@ sp needed
 512 0044 70BD     		pop	{r4, r5, r6, pc}
 119:Modules/mpu6050/mpu6050.c **** //IIC连续写
 513              		.loc 1 119 1 view .LVU147
 514              		.cfi_endproc
 515              	.LFE72:
 517              		.section	.text.MPU_Write_Byte,"ax",%progbits
 518              		.align	1
 519              		.global	MPU_Write_Byte
 520              		.syntax unified
 521              		.thumb
 522              		.thumb_func
 524              	MPU_Write_Byte:
 525              	.LVL54:
 526              	.LFB75:
ARM GAS  C:\Users\FASCIN~1\AppData\Local\Temp\ccdkBGfj.s 			page 15


 182:Modules/mpu6050/mpu6050.c **** //IIC写一个字节
 183:Modules/mpu6050/mpu6050.c **** //reg:寄存器地址
 184:Modules/mpu6050/mpu6050.c **** //data:数据
 185:Modules/mpu6050/mpu6050.c **** //返回值:0,正常
 186:Modules/mpu6050/mpu6050.c **** //    其他,错误代码
 187:Modules/mpu6050/mpu6050.c **** uint8_t MPU_Write_Byte(uint8_t reg,uint8_t data)
 188:Modules/mpu6050/mpu6050.c **** {
 527              		.loc 1 188 1 is_stmt 1 view -0
 528              		.cfi_startproc
 529              		@ args = 0, pretend = 0, frame = 0
 530              		@ frame_needed = 0, uses_anonymous_args = 0
 531              		.loc 1 188 1 is_stmt 0 view .LVU149
 532 0000 38B5     		push	{r3, r4, r5, lr}
 533              	.LCFI11:
 534              		.cfi_def_cfa_offset 16
 535              		.cfi_offset 3, -16
 536              		.cfi_offset 4, -12
 537              		.cfi_offset 5, -8
 538              		.cfi_offset 14, -4
 539 0002 0546     		mov	r5, r0
 540 0004 0C46     		mov	r4, r1
 189:Modules/mpu6050/mpu6050.c ****     MPU_IIC_Start();
 541              		.loc 1 189 5 is_stmt 1 view .LVU150
 542 0006 FFF7FEFF 		bl	IIC_Start
 543              	.LVL55:
 190:Modules/mpu6050/mpu6050.c ****     MPU_IIC_Send_Byte((MPU_ADDR<<1)|0);//发送器件地址+写命令
 544              		.loc 1 190 5 view .LVU151
 545 000a D020     		movs	r0, #208
 546 000c FFF7FEFF 		bl	IIC_Send_Byte
 547              	.LVL56:
 191:Modules/mpu6050/mpu6050.c ****     if(MPU_IIC_Wait_Ack())	//等待应答
 548              		.loc 1 191 5 view .LVU152
 549              		.loc 1 191 8 is_stmt 0 view .LVU153
 550 0010 FFF7FEFF 		bl	IIC_Wait_Ack
 551              	.LVL57:
 552              		.loc 1 191 7 discriminator 1 view .LVU154
 553 0014 78B9     		cbnz	r0, .L37
 192:Modules/mpu6050/mpu6050.c ****     {
 193:Modules/mpu6050/mpu6050.c ****         MPU_IIC_Stop();
 194:Modules/mpu6050/mpu6050.c ****         return 1;
 195:Modules/mpu6050/mpu6050.c ****     }
 196:Modules/mpu6050/mpu6050.c ****     MPU_IIC_Send_Byte(reg);	//写寄存器地址
 554              		.loc 1 196 5 is_stmt 1 view .LVU155
 555 0016 2846     		mov	r0, r5
 556 0018 FFF7FEFF 		bl	IIC_Send_Byte
 557              	.LVL58:
 197:Modules/mpu6050/mpu6050.c ****     MPU_IIC_Wait_Ack();		//等待应答
 558              		.loc 1 197 5 view .LVU156
 559 001c FFF7FEFF 		bl	IIC_Wait_Ack
 560              	.LVL59:
 198:Modules/mpu6050/mpu6050.c ****     MPU_IIC_Send_Byte(data);//发送数据
 561              		.loc 1 198 5 view .LVU157
 562 0020 2046     		mov	r0, r4
 563 0022 FFF7FEFF 		bl	IIC_Send_Byte
 564              	.LVL60:
 199:Modules/mpu6050/mpu6050.c ****     if(MPU_IIC_Wait_Ack())	//等待ACK
 565              		.loc 1 199 5 view .LVU158
ARM GAS  C:\Users\FASCIN~1\AppData\Local\Temp\ccdkBGfj.s 			page 16


 566              		.loc 1 199 8 is_stmt 0 view .LVU159
 567 0026 FFF7FEFF 		bl	IIC_Wait_Ack
 568              	.LVL61:
 569              		.loc 1 199 7 discriminator 1 view .LVU160
 570 002a 0446     		mov	r4, r0
 571              	.LVL62:
 572              		.loc 1 199 7 discriminator 1 view .LVU161
 573 002c 38B9     		cbnz	r0, .L38
 200:Modules/mpu6050/mpu6050.c ****     {
 201:Modules/mpu6050/mpu6050.c ****         MPU_IIC_Stop();
 202:Modules/mpu6050/mpu6050.c ****         return 1;
 203:Modules/mpu6050/mpu6050.c ****     }
 204:Modules/mpu6050/mpu6050.c ****     MPU_IIC_Stop();
 574              		.loc 1 204 5 is_stmt 1 view .LVU162
 575 002e FFF7FEFF 		bl	IIC_Stop
 576              	.LVL63:
 205:Modules/mpu6050/mpu6050.c ****     return 0;
 577              		.loc 1 205 5 view .LVU163
 578              	.L34:
 206:Modules/mpu6050/mpu6050.c **** }
 579              		.loc 1 206 1 is_stmt 0 view .LVU164
 580 0032 2046     		mov	r0, r4
 581 0034 38BD     		pop	{r3, r4, r5, pc}
 582              	.LVL64:
 583              	.L37:
 193:Modules/mpu6050/mpu6050.c ****         return 1;
 584              		.loc 1 193 9 is_stmt 1 view .LVU165
 585 0036 FFF7FEFF 		bl	IIC_Stop
 586              	.LVL65:
 194:Modules/mpu6050/mpu6050.c ****     }
 587              		.loc 1 194 9 view .LVU166
 194:Modules/mpu6050/mpu6050.c ****     }
 588              		.loc 1 194 16 is_stmt 0 view .LVU167
 589 003a 0124     		movs	r4, #1
 590 003c F9E7     		b	.L34
 591              	.L38:
 201:Modules/mpu6050/mpu6050.c ****         return 1;
 592              		.loc 1 201 9 is_stmt 1 view .LVU168
 593 003e FFF7FEFF 		bl	IIC_Stop
 594              	.LVL66:
 202:Modules/mpu6050/mpu6050.c ****     }
 595              		.loc 1 202 9 view .LVU169
 202:Modules/mpu6050/mpu6050.c ****     }
 596              		.loc 1 202 16 is_stmt 0 view .LVU170
 597 0042 0124     		movs	r4, #1
 598 0044 F5E7     		b	.L34
 599              		.cfi_endproc
 600              	.LFE75:
 602              		.section	.text.MPU_Set_Gyro_Fsr,"ax",%progbits
 603              		.align	1
 604              		.global	MPU_Set_Gyro_Fsr
 605              		.syntax unified
 606              		.thumb
 607              		.thumb_func
 609              	MPU_Set_Gyro_Fsr:
 610              	.LVL67:
 611              	.LFB66:
ARM GAS  C:\Users\FASCIN~1\AppData\Local\Temp\ccdkBGfj.s 			page 17


  36:Modules/mpu6050/mpu6050.c ****     return MPU_Write_Byte(MPU_GYRO_CFG_REG,fsr<<3);//设置陀螺仪满量程范围
 612              		.loc 1 36 1 is_stmt 1 view -0
 613              		.cfi_startproc
 614              		@ args = 0, pretend = 0, frame = 0
 615              		@ frame_needed = 0, uses_anonymous_args = 0
  36:Modules/mpu6050/mpu6050.c ****     return MPU_Write_Byte(MPU_GYRO_CFG_REG,fsr<<3);//设置陀螺仪满量程范围
 616              		.loc 1 36 1 is_stmt 0 view .LVU172
 617 0000 08B5     		push	{r3, lr}
 618              	.LCFI12:
 619              		.cfi_def_cfa_offset 8
 620              		.cfi_offset 3, -8
 621              		.cfi_offset 14, -4
  37:Modules/mpu6050/mpu6050.c **** }
 622              		.loc 1 37 5 is_stmt 1 view .LVU173
  37:Modules/mpu6050/mpu6050.c **** }
 623              		.loc 1 37 12 is_stmt 0 view .LVU174
 624 0002 C100     		lsls	r1, r0, #3
 625 0004 01F0F801 		and	r1, r1, #248
 626 0008 1B20     		movs	r0, #27
 627              	.LVL68:
  37:Modules/mpu6050/mpu6050.c **** }
 628              		.loc 1 37 12 view .LVU175
 629 000a FFF7FEFF 		bl	MPU_Write_Byte
 630              	.LVL69:
  38:Modules/mpu6050/mpu6050.c **** //设置MPU6050加速度传感器满量程范围
 631              		.loc 1 38 1 view .LVU176
 632 000e 08BD     		pop	{r3, pc}
 633              		.cfi_endproc
 634              	.LFE66:
 636              		.section	.text.MPU_Set_Accel_Fsr,"ax",%progbits
 637              		.align	1
 638              		.global	MPU_Set_Accel_Fsr
 639              		.syntax unified
 640              		.thumb
 641              		.thumb_func
 643              	MPU_Set_Accel_Fsr:
 644              	.LVL70:
 645              	.LFB67:
  44:Modules/mpu6050/mpu6050.c ****     return MPU_Write_Byte(MPU_ACCEL_CFG_REG,fsr<<3);//设置加速度传感器满量程范围
 646              		.loc 1 44 1 is_stmt 1 view -0
 647              		.cfi_startproc
 648              		@ args = 0, pretend = 0, frame = 0
 649              		@ frame_needed = 0, uses_anonymous_args = 0
  44:Modules/mpu6050/mpu6050.c ****     return MPU_Write_Byte(MPU_ACCEL_CFG_REG,fsr<<3);//设置加速度传感器满量程范围
 650              		.loc 1 44 1 is_stmt 0 view .LVU178
 651 0000 08B5     		push	{r3, lr}
 652              	.LCFI13:
 653              		.cfi_def_cfa_offset 8
 654              		.cfi_offset 3, -8
 655              		.cfi_offset 14, -4
  45:Modules/mpu6050/mpu6050.c **** }
 656              		.loc 1 45 5 is_stmt 1 view .LVU179
  45:Modules/mpu6050/mpu6050.c **** }
 657              		.loc 1 45 12 is_stmt 0 view .LVU180
 658 0002 C100     		lsls	r1, r0, #3
 659 0004 01F0F801 		and	r1, r1, #248
 660 0008 1C20     		movs	r0, #28
ARM GAS  C:\Users\FASCIN~1\AppData\Local\Temp\ccdkBGfj.s 			page 18


 661              	.LVL71:
  45:Modules/mpu6050/mpu6050.c **** }
 662              		.loc 1 45 12 view .LVU181
 663 000a FFF7FEFF 		bl	MPU_Write_Byte
 664              	.LVL72:
  46:Modules/mpu6050/mpu6050.c **** //设置MPU6050的数字低通滤波器
 665              		.loc 1 46 1 view .LVU182
 666 000e 08BD     		pop	{r3, pc}
 667              		.cfi_endproc
 668              	.LFE67:
 670              		.section	.text.MPU_Set_LPF,"ax",%progbits
 671              		.align	1
 672              		.global	MPU_Set_LPF
 673              		.syntax unified
 674              		.thumb
 675              		.thumb_func
 677              	MPU_Set_LPF:
 678              	.LVL73:
 679              	.LFB68:
  52:Modules/mpu6050/mpu6050.c ****     uint8_t data=0;
 680              		.loc 1 52 1 is_stmt 1 view -0
 681              		.cfi_startproc
 682              		@ args = 0, pretend = 0, frame = 0
 683              		@ frame_needed = 0, uses_anonymous_args = 0
  52:Modules/mpu6050/mpu6050.c ****     uint8_t data=0;
 684              		.loc 1 52 1 is_stmt 0 view .LVU184
 685 0000 08B5     		push	{r3, lr}
 686              	.LCFI14:
 687              		.cfi_def_cfa_offset 8
 688              		.cfi_offset 3, -8
 689              		.cfi_offset 14, -4
  53:Modules/mpu6050/mpu6050.c ****     if(lpf>=188)data=1;
 690              		.loc 1 53 5 is_stmt 1 view .LVU185
 691              	.LVL74:
  54:Modules/mpu6050/mpu6050.c ****     else if(lpf>=98)data=2;
 692              		.loc 1 54 5 view .LVU186
  54:Modules/mpu6050/mpu6050.c ****     else if(lpf>=98)data=2;
 693              		.loc 1 54 7 is_stmt 0 view .LVU187
 694 0002 BB28     		cmp	r0, #187
 695 0004 09D8     		bhi	.L45
  55:Modules/mpu6050/mpu6050.c ****     else if(lpf>=42)data=3;
 696              		.loc 1 55 10 is_stmt 1 view .LVU188
  55:Modules/mpu6050/mpu6050.c ****     else if(lpf>=42)data=3;
 697              		.loc 1 55 12 is_stmt 0 view .LVU189
 698 0006 6128     		cmp	r0, #97
 699 0008 0CD8     		bhi	.L46
  56:Modules/mpu6050/mpu6050.c ****     else if(lpf>=20)data=4;
 700              		.loc 1 56 10 is_stmt 1 view .LVU190
  56:Modules/mpu6050/mpu6050.c ****     else if(lpf>=20)data=4;
 701              		.loc 1 56 12 is_stmt 0 view .LVU191
 702 000a 2928     		cmp	r0, #41
 703 000c 0CD8     		bhi	.L47
  57:Modules/mpu6050/mpu6050.c ****     else if(lpf>=10)data=5;
 704              		.loc 1 57 10 is_stmt 1 view .LVU192
  57:Modules/mpu6050/mpu6050.c ****     else if(lpf>=10)data=5;
 705              		.loc 1 57 12 is_stmt 0 view .LVU193
 706 000e 1328     		cmp	r0, #19
ARM GAS  C:\Users\FASCIN~1\AppData\Local\Temp\ccdkBGfj.s 			page 19


 707 0010 0CD8     		bhi	.L48
  58:Modules/mpu6050/mpu6050.c ****     else data=6;
 708              		.loc 1 58 10 is_stmt 1 view .LVU194
  58:Modules/mpu6050/mpu6050.c ****     else data=6;
 709              		.loc 1 58 12 is_stmt 0 view .LVU195
 710 0012 0928     		cmp	r0, #9
 711 0014 0CD9     		bls	.L49
  58:Modules/mpu6050/mpu6050.c ****     else data=6;
 712              		.loc 1 58 25 discriminator 1 view .LVU196
 713 0016 0521     		movs	r1, #5
 714 0018 00E0     		b	.L44
 715              	.L45:
  54:Modules/mpu6050/mpu6050.c ****     else if(lpf>=98)data=2;
 716              		.loc 1 54 21 discriminator 1 view .LVU197
 717 001a 0121     		movs	r1, #1
 718              	.L44:
 719              	.LVL75:
  60:Modules/mpu6050/mpu6050.c **** }
 720              		.loc 1 60 5 is_stmt 1 view .LVU198
  60:Modules/mpu6050/mpu6050.c **** }
 721              		.loc 1 60 12 is_stmt 0 view .LVU199
 722 001c 1A20     		movs	r0, #26
 723              	.LVL76:
  60:Modules/mpu6050/mpu6050.c **** }
 724              		.loc 1 60 12 view .LVU200
 725 001e FFF7FEFF 		bl	MPU_Write_Byte
 726              	.LVL77:
  61:Modules/mpu6050/mpu6050.c **** //设置MPU6050的采样率(假定Fs=1KHz)
 727              		.loc 1 61 1 view .LVU201
 728 0022 08BD     		pop	{r3, pc}
 729              	.LVL78:
 730              	.L46:
  55:Modules/mpu6050/mpu6050.c ****     else if(lpf>=42)data=3;
 731              		.loc 1 55 25 discriminator 1 view .LVU202
 732 0024 0221     		movs	r1, #2
 733 0026 F9E7     		b	.L44
 734              	.L47:
  56:Modules/mpu6050/mpu6050.c ****     else if(lpf>=20)data=4;
 735              		.loc 1 56 25 discriminator 1 view .LVU203
 736 0028 0321     		movs	r1, #3
 737 002a F7E7     		b	.L44
 738              	.L48:
  57:Modules/mpu6050/mpu6050.c ****     else if(lpf>=10)data=5;
 739              		.loc 1 57 25 discriminator 1 view .LVU204
 740 002c 0421     		movs	r1, #4
 741 002e F5E7     		b	.L44
 742              	.L49:
  59:Modules/mpu6050/mpu6050.c ****     return MPU_Write_Byte(MPU_CFG_REG,data);//设置数字低通滤波器
 743              		.loc 1 59 14 view .LVU205
 744 0030 0621     		movs	r1, #6
 745 0032 F3E7     		b	.L44
 746              		.cfi_endproc
 747              	.LFE68:
 749              		.section	.text.MPU_Set_Rate,"ax",%progbits
 750              		.align	1
 751              		.global	MPU_Set_Rate
 752              		.syntax unified
ARM GAS  C:\Users\FASCIN~1\AppData\Local\Temp\ccdkBGfj.s 			page 20


 753              		.thumb
 754              		.thumb_func
 756              	MPU_Set_Rate:
 757              	.LVL79:
 758              	.LFB69:
  67:Modules/mpu6050/mpu6050.c ****     uint8_t data;
 759              		.loc 1 67 1 is_stmt 1 view -0
 760              		.cfi_startproc
 761              		@ args = 0, pretend = 0, frame = 0
 762              		@ frame_needed = 0, uses_anonymous_args = 0
  67:Modules/mpu6050/mpu6050.c ****     uint8_t data;
 763              		.loc 1 67 1 is_stmt 0 view .LVU207
 764 0000 10B5     		push	{r4, lr}
 765              	.LCFI15:
 766              		.cfi_def_cfa_offset 8
 767              		.cfi_offset 4, -8
 768              		.cfi_offset 14, -4
  68:Modules/mpu6050/mpu6050.c ****     if(rate>1000)rate=1000;
 769              		.loc 1 68 5 is_stmt 1 view .LVU208
  69:Modules/mpu6050/mpu6050.c ****     if(rate<4)rate=4;
 770              		.loc 1 69 5 view .LVU209
  69:Modules/mpu6050/mpu6050.c ****     if(rate<4)rate=4;
 771              		.loc 1 69 7 is_stmt 0 view .LVU210
 772 0002 B0F57A7F 		cmp	r0, #1000
 773 0006 04D8     		bhi	.L53
 774 0008 0446     		mov	r4, r0
  70:Modules/mpu6050/mpu6050.c ****     data=1000/rate-1;
 775              		.loc 1 70 5 is_stmt 1 view .LVU211
  70:Modules/mpu6050/mpu6050.c ****     data=1000/rate-1;
 776              		.loc 1 70 7 is_stmt 0 view .LVU212
 777 000a 0328     		cmp	r0, #3
 778 000c 03D8     		bhi	.L52
  70:Modules/mpu6050/mpu6050.c ****     data=1000/rate-1;
 779              		.loc 1 70 19 discriminator 1 view .LVU213
 780 000e 0424     		movs	r4, #4
 781 0010 01E0     		b	.L52
 782              	.L53:
  69:Modules/mpu6050/mpu6050.c ****     if(rate<4)rate=4;
 783              		.loc 1 69 22 discriminator 1 view .LVU214
 784 0012 4FF47A74 		mov	r4, #1000
 785              	.L52:
 786              	.LVL80:
  71:Modules/mpu6050/mpu6050.c ****     data=MPU_Write_Byte(MPU_SAMPLE_RATE_REG,data);	//设置数字低通滤波器
 787              		.loc 1 71 5 is_stmt 1 view .LVU215
  71:Modules/mpu6050/mpu6050.c ****     data=MPU_Write_Byte(MPU_SAMPLE_RATE_REG,data);	//设置数字低通滤波器
 788              		.loc 1 71 14 is_stmt 0 view .LVU216
 789 0016 4FF47A71 		mov	r1, #1000
 790 001a 91FBF4F1 		sdiv	r1, r1, r4
  71:Modules/mpu6050/mpu6050.c ****     data=MPU_Write_Byte(MPU_SAMPLE_RATE_REG,data);	//设置数字低通滤波器
 791              		.loc 1 71 19 view .LVU217
 792 001e C9B2     		uxtb	r1, r1
  71:Modules/mpu6050/mpu6050.c ****     data=MPU_Write_Byte(MPU_SAMPLE_RATE_REG,data);	//设置数字低通滤波器
 793              		.loc 1 71 9 view .LVU218
 794 0020 0139     		subs	r1, r1, #1
 795              	.LVL81:
  72:Modules/mpu6050/mpu6050.c ****     return MPU_Set_LPF(rate/2);	//自动设置LPF为采样率的一半
 796              		.loc 1 72 5 is_stmt 1 view .LVU219
ARM GAS  C:\Users\FASCIN~1\AppData\Local\Temp\ccdkBGfj.s 			page 21


  72:Modules/mpu6050/mpu6050.c ****     return MPU_Set_LPF(rate/2);	//自动设置LPF为采样率的一半
 797              		.loc 1 72 10 is_stmt 0 view .LVU220
 798 0022 C9B2     		uxtb	r1, r1
  72:Modules/mpu6050/mpu6050.c ****     return MPU_Set_LPF(rate/2);	//自动设置LPF为采样率的一半
 799              		.loc 1 72 10 view .LVU221
 800 0024 1920     		movs	r0, #25
 801 0026 FFF7FEFF 		bl	MPU_Write_Byte
 802              	.LVL82:
  73:Modules/mpu6050/mpu6050.c **** }
 803              		.loc 1 73 5 is_stmt 1 view .LVU222
  73:Modules/mpu6050/mpu6050.c **** }
 804              		.loc 1 73 12 is_stmt 0 view .LVU223
 805 002a 6008     		lsrs	r0, r4, #1
 806 002c FFF7FEFF 		bl	MPU_Set_LPF
 807              	.LVL83:
  74:Modules/mpu6050/mpu6050.c **** 
 808              		.loc 1 74 1 view .LVU224
 809 0030 10BD     		pop	{r4, pc}
  74:Modules/mpu6050/mpu6050.c **** 
 810              		.loc 1 74 1 view .LVU225
 811              		.cfi_endproc
 812              	.LFE69:
 814              		.section	.text.MPU_Read_Byte,"ax",%progbits
 815              		.align	1
 816              		.global	MPU_Read_Byte
 817              		.syntax unified
 818              		.thumb
 819              		.thumb_func
 821              	MPU_Read_Byte:
 822              	.LVL84:
 823              	.LFB76:
 207:Modules/mpu6050/mpu6050.c **** //IIC读一个字节
 208:Modules/mpu6050/mpu6050.c **** //reg:寄存器地址
 209:Modules/mpu6050/mpu6050.c **** //返回值:读到的数据
 210:Modules/mpu6050/mpu6050.c **** uint8_t MPU_Read_Byte(uint8_t reg)
 211:Modules/mpu6050/mpu6050.c **** {
 824              		.loc 1 211 1 is_stmt 1 view -0
 825              		.cfi_startproc
 826              		@ args = 0, pretend = 0, frame = 0
 827              		@ frame_needed = 0, uses_anonymous_args = 0
 828              		.loc 1 211 1 is_stmt 0 view .LVU227
 829 0000 10B5     		push	{r4, lr}
 830              	.LCFI16:
 831              		.cfi_def_cfa_offset 8
 832              		.cfi_offset 4, -8
 833              		.cfi_offset 14, -4
 834 0002 0446     		mov	r4, r0
 212:Modules/mpu6050/mpu6050.c ****     uint8_t res;
 835              		.loc 1 212 5 is_stmt 1 view .LVU228
 213:Modules/mpu6050/mpu6050.c ****     MPU_IIC_Start();
 836              		.loc 1 213 5 view .LVU229
 837 0004 FFF7FEFF 		bl	IIC_Start
 838              	.LVL85:
 214:Modules/mpu6050/mpu6050.c ****     MPU_IIC_Send_Byte((MPU_ADDR<<1)|0);//发送器件地址+写命令
 839              		.loc 1 214 5 view .LVU230
 840 0008 D020     		movs	r0, #208
 841 000a FFF7FEFF 		bl	IIC_Send_Byte
ARM GAS  C:\Users\FASCIN~1\AppData\Local\Temp\ccdkBGfj.s 			page 22


 842              	.LVL86:
 215:Modules/mpu6050/mpu6050.c ****     MPU_IIC_Wait_Ack();		//等待应答
 843              		.loc 1 215 5 view .LVU231
 844 000e FFF7FEFF 		bl	IIC_Wait_Ack
 845              	.LVL87:
 216:Modules/mpu6050/mpu6050.c ****     MPU_IIC_Send_Byte(reg);	//写寄存器地址
 846              		.loc 1 216 5 view .LVU232
 847 0012 2046     		mov	r0, r4
 848 0014 FFF7FEFF 		bl	IIC_Send_Byte
 849              	.LVL88:
 217:Modules/mpu6050/mpu6050.c ****     MPU_IIC_Wait_Ack();		//等待应答
 850              		.loc 1 217 5 view .LVU233
 851 0018 FFF7FEFF 		bl	IIC_Wait_Ack
 852              	.LVL89:
 218:Modules/mpu6050/mpu6050.c ****     MPU_IIC_Start();
 853              		.loc 1 218 5 view .LVU234
 854 001c FFF7FEFF 		bl	IIC_Start
 855              	.LVL90:
 219:Modules/mpu6050/mpu6050.c ****     MPU_IIC_Send_Byte((MPU_ADDR<<1)|1);//发送器件地址+读命令
 856              		.loc 1 219 5 view .LVU235
 857 0020 D120     		movs	r0, #209
 858 0022 FFF7FEFF 		bl	IIC_Send_Byte
 859              	.LVL91:
 220:Modules/mpu6050/mpu6050.c ****     MPU_IIC_Wait_Ack();		//等待应答
 860              		.loc 1 220 5 view .LVU236
 861 0026 FFF7FEFF 		bl	IIC_Wait_Ack
 862              	.LVL92:
 221:Modules/mpu6050/mpu6050.c ****     res=MPU_IIC_Read_Byte(0);//读取数据,发送nACK
 863              		.loc 1 221 5 view .LVU237
 864              		.loc 1 221 9 is_stmt 0 view .LVU238
 865 002a 0020     		movs	r0, #0
 866 002c FFF7FEFF 		bl	IIC_Read_Byte
 867              	.LVL93:
 868 0030 0446     		mov	r4, r0
 869              	.LVL94:
 222:Modules/mpu6050/mpu6050.c ****     MPU_IIC_Stop();			//产生一个停止条件
 870              		.loc 1 222 5 is_stmt 1 view .LVU239
 871 0032 FFF7FEFF 		bl	IIC_Stop
 872              	.LVL95:
 223:Modules/mpu6050/mpu6050.c ****     return res;
 873              		.loc 1 223 5 view .LVU240
 224:Modules/mpu6050/mpu6050.c **** }
 874              		.loc 1 224 1 is_stmt 0 view .LVU241
 875 0036 2046     		mov	r0, r4
 876 0038 10BD     		pop	{r4, pc}
 877              		.loc 1 224 1 view .LVU242
 878              		.cfi_endproc
 879              	.LFE76:
 881              		.section	.text.MPU_Init,"ax",%progbits
 882              		.align	1
 883              		.global	MPU_Init
 884              		.syntax unified
 885              		.thumb
 886              		.thumb_func
 888              	MPU_Init:
 889              	.LFB65:
   8:Modules/mpu6050/mpu6050.c ****     uint8_t res;
ARM GAS  C:\Users\FASCIN~1\AppData\Local\Temp\ccdkBGfj.s 			page 23


 890              		.loc 1 8 1 is_stmt 1 view -0
 891              		.cfi_startproc
 892              		@ args = 0, pretend = 0, frame = 0
 893              		@ frame_needed = 0, uses_anonymous_args = 0
 894 0000 08B5     		push	{r3, lr}
 895              	.LCFI17:
 896              		.cfi_def_cfa_offset 8
 897              		.cfi_offset 3, -8
 898              		.cfi_offset 14, -4
   9:Modules/mpu6050/mpu6050.c **** 
 899              		.loc 1 9 5 view .LVU244
  11:Modules/mpu6050/mpu6050.c ****     MPU_Write_Byte(MPU_PWR_MGMT1_REG,0X80);	//复位MPU6050
 900              		.loc 1 11 5 view .LVU245
 901 0002 FFF7FEFF 		bl	IIC_GPIO_Init
 902              	.LVL96:
  12:Modules/mpu6050/mpu6050.c ****     delay_ms(100);
 903              		.loc 1 12 5 view .LVU246
 904 0006 8021     		movs	r1, #128
 905 0008 6B20     		movs	r0, #107
 906 000a FFF7FEFF 		bl	MPU_Write_Byte
 907              	.LVL97:
  13:Modules/mpu6050/mpu6050.c ****     MPU_Write_Byte(MPU_PWR_MGMT1_REG,0X00);	//唤醒MPU6050
 908              		.loc 1 13 5 view .LVU247
 909 000e 6420     		movs	r0, #100
 910 0010 FFF7FEFF 		bl	HAL_Delay
 911              	.LVL98:
  14:Modules/mpu6050/mpu6050.c ****     MPU_Set_Gyro_Fsr(3);					//陀螺仪传感器,±2000dps
 912              		.loc 1 14 5 view .LVU248
 913 0014 0021     		movs	r1, #0
 914 0016 6B20     		movs	r0, #107
 915 0018 FFF7FEFF 		bl	MPU_Write_Byte
 916              	.LVL99:
  15:Modules/mpu6050/mpu6050.c ****     MPU_Set_Accel_Fsr(0);					//加速度传感器,±2g
 917              		.loc 1 15 5 view .LVU249
 918 001c 0320     		movs	r0, #3
 919 001e FFF7FEFF 		bl	MPU_Set_Gyro_Fsr
 920              	.LVL100:
  16:Modules/mpu6050/mpu6050.c ****     MPU_Set_Rate(50);						//设置采样率50Hz
 921              		.loc 1 16 5 view .LVU250
 922 0022 0020     		movs	r0, #0
 923 0024 FFF7FEFF 		bl	MPU_Set_Accel_Fsr
 924              	.LVL101:
  17:Modules/mpu6050/mpu6050.c ****     MPU_Write_Byte(MPU_INT_EN_REG,0X00);	//关闭所有中断
 925              		.loc 1 17 5 view .LVU251
 926 0028 3220     		movs	r0, #50
 927 002a FFF7FEFF 		bl	MPU_Set_Rate
 928              	.LVL102:
  18:Modules/mpu6050/mpu6050.c ****     MPU_Write_Byte(MPU_USER_CTRL_REG,0X00);	//I2C主模式关闭
 929              		.loc 1 18 5 view .LVU252
 930 002e 0021     		movs	r1, #0
 931 0030 3820     		movs	r0, #56
 932 0032 FFF7FEFF 		bl	MPU_Write_Byte
 933              	.LVL103:
  19:Modules/mpu6050/mpu6050.c ****     MPU_Write_Byte(MPU_FIFO_EN_REG,0X00);	//关闭FIFO
 934              		.loc 1 19 5 view .LVU253
 935 0036 0021     		movs	r1, #0
 936 0038 6A20     		movs	r0, #106
ARM GAS  C:\Users\FASCIN~1\AppData\Local\Temp\ccdkBGfj.s 			page 24


 937 003a FFF7FEFF 		bl	MPU_Write_Byte
 938              	.LVL104:
  20:Modules/mpu6050/mpu6050.c ****     MPU_Write_Byte(MPU_INTBP_CFG_REG,0X80);	//INT引脚低电平有效
 939              		.loc 1 20 5 view .LVU254
 940 003e 0021     		movs	r1, #0
 941 0040 2320     		movs	r0, #35
 942 0042 FFF7FEFF 		bl	MPU_Write_Byte
 943              	.LVL105:
  21:Modules/mpu6050/mpu6050.c ****     res=MPU_Read_Byte(MPU_DEVICE_ID_REG);
 944              		.loc 1 21 5 view .LVU255
 945 0046 8021     		movs	r1, #128
 946 0048 3720     		movs	r0, #55
 947 004a FFF7FEFF 		bl	MPU_Write_Byte
 948              	.LVL106:
  22:Modules/mpu6050/mpu6050.c ****     if(res==MPU_ADDR)//器件ID正确
 949              		.loc 1 22 5 view .LVU256
  22:Modules/mpu6050/mpu6050.c ****     if(res==MPU_ADDR)//器件ID正确
 950              		.loc 1 22 9 is_stmt 0 view .LVU257
 951 004e 7520     		movs	r0, #117
 952 0050 FFF7FEFF 		bl	MPU_Read_Byte
 953              	.LVL107:
  23:Modules/mpu6050/mpu6050.c ****     {
 954              		.loc 1 23 5 is_stmt 1 view .LVU258
  23:Modules/mpu6050/mpu6050.c ****     {
 955              		.loc 1 23 7 is_stmt 0 view .LVU259
 956 0054 6828     		cmp	r0, #104
 957 0056 01D0     		beq	.L62
  28:Modules/mpu6050/mpu6050.c ****     return 0;
 958              		.loc 1 28 19 view .LVU260
 959 0058 0120     		movs	r0, #1
 960              	.LVL108:
 961              	.L59:
  30:Modules/mpu6050/mpu6050.c **** //设置MPU6050陀螺仪传感器满量程范围
 962              		.loc 1 30 1 view .LVU261
 963 005a 08BD     		pop	{r3, pc}
 964              	.LVL109:
 965              	.L62:
  25:Modules/mpu6050/mpu6050.c ****         MPU_Write_Byte(MPU_PWR_MGMT2_REG,0X00);	//加速度与陀螺仪都工作
 966              		.loc 1 25 9 is_stmt 1 view .LVU262
 967 005c 0121     		movs	r1, #1
 968 005e 6B20     		movs	r0, #107
 969              	.LVL110:
  25:Modules/mpu6050/mpu6050.c ****         MPU_Write_Byte(MPU_PWR_MGMT2_REG,0X00);	//加速度与陀螺仪都工作
 970              		.loc 1 25 9 is_stmt 0 view .LVU263
 971 0060 FFF7FEFF 		bl	MPU_Write_Byte
 972              	.LVL111:
  26:Modules/mpu6050/mpu6050.c ****         MPU_Set_Rate(50);						//设置采样率为50Hz
 973              		.loc 1 26 9 is_stmt 1 view .LVU264
 974 0064 0021     		movs	r1, #0
 975 0066 6C20     		movs	r0, #108
 976 0068 FFF7FEFF 		bl	MPU_Write_Byte
 977              	.LVL112:
  27:Modules/mpu6050/mpu6050.c ****     } else return 1;
 978              		.loc 1 27 9 view .LVU265
 979 006c 3220     		movs	r0, #50
 980 006e FFF7FEFF 		bl	MPU_Set_Rate
 981              	.LVL113:
ARM GAS  C:\Users\FASCIN~1\AppData\Local\Temp\ccdkBGfj.s 			page 25


  29:Modules/mpu6050/mpu6050.c **** }
 982              		.loc 1 29 5 view .LVU266
  29:Modules/mpu6050/mpu6050.c **** }
 983              		.loc 1 29 12 is_stmt 0 view .LVU267
 984 0072 0020     		movs	r0, #0
 985 0074 F1E7     		b	.L59
 986              		.cfi_endproc
 987              	.LFE65:
 989              		.text
 990              	.Letext0:
 991              		.file 2 "D:/Application/Work/MSYS2/ucrt64/arm-none-eabi/include/machine/_default_types.h"
 992              		.file 3 "D:/Application/Work/MSYS2/ucrt64/arm-none-eabi/include/sys/_stdint.h"
 993              		.file 4 "Modules/mpu6050/IIC.h"
 994              		.file 5 "Drivers/STM32F1xx_HAL_Driver/Inc/stm32f1xx_hal.h"
ARM GAS  C:\Users\FASCIN~1\AppData\Local\Temp\ccdkBGfj.s 			page 26


DEFINED SYMBOLS
                            *ABS*:00000000 mpu6050.c
C:\Users\FASCIN~1\AppData\Local\Temp\ccdkBGfj.s:19     .text.MPU_Write_Len:00000000 $t
C:\Users\FASCIN~1\AppData\Local\Temp\ccdkBGfj.s:25     .text.MPU_Write_Len:00000000 MPU_Write_Len
C:\Users\FASCIN~1\AppData\Local\Temp\ccdkBGfj.s:127    .text.MPU_Read_Len:00000000 $t
C:\Users\FASCIN~1\AppData\Local\Temp\ccdkBGfj.s:133    .text.MPU_Read_Len:00000000 MPU_Read_Len
C:\Users\FASCIN~1\AppData\Local\Temp\ccdkBGfj.s:257    .text.MPU_Get_Temperature:00000000 $t
C:\Users\FASCIN~1\AppData\Local\Temp\ccdkBGfj.s:263    .text.MPU_Get_Temperature:00000000 MPU_Get_Temperature
C:\Users\FASCIN~1\AppData\Local\Temp\ccdkBGfj.s:334    .text.MPU_Get_Temperature:00000050 $d
C:\Users\FASCIN~1\AppData\Local\Temp\ccdkBGfj.s:342    .text.MPU_Get_Gyroscope:00000000 $t
C:\Users\FASCIN~1\AppData\Local\Temp\ccdkBGfj.s:348    .text.MPU_Get_Gyroscope:00000000 MPU_Get_Gyroscope
C:\Users\FASCIN~1\AppData\Local\Temp\ccdkBGfj.s:430    .text.MPU_Get_Accelerometer:00000000 $t
C:\Users\FASCIN~1\AppData\Local\Temp\ccdkBGfj.s:436    .text.MPU_Get_Accelerometer:00000000 MPU_Get_Accelerometer
C:\Users\FASCIN~1\AppData\Local\Temp\ccdkBGfj.s:518    .text.MPU_Write_Byte:00000000 $t
C:\Users\FASCIN~1\AppData\Local\Temp\ccdkBGfj.s:524    .text.MPU_Write_Byte:00000000 MPU_Write_Byte
C:\Users\FASCIN~1\AppData\Local\Temp\ccdkBGfj.s:603    .text.MPU_Set_Gyro_Fsr:00000000 $t
C:\Users\FASCIN~1\AppData\Local\Temp\ccdkBGfj.s:609    .text.MPU_Set_Gyro_Fsr:00000000 MPU_Set_Gyro_Fsr
C:\Users\FASCIN~1\AppData\Local\Temp\ccdkBGfj.s:637    .text.MPU_Set_Accel_Fsr:00000000 $t
C:\Users\FASCIN~1\AppData\Local\Temp\ccdkBGfj.s:643    .text.MPU_Set_Accel_Fsr:00000000 MPU_Set_Accel_Fsr
C:\Users\FASCIN~1\AppData\Local\Temp\ccdkBGfj.s:671    .text.MPU_Set_LPF:00000000 $t
C:\Users\FASCIN~1\AppData\Local\Temp\ccdkBGfj.s:677    .text.MPU_Set_LPF:00000000 MPU_Set_LPF
C:\Users\FASCIN~1\AppData\Local\Temp\ccdkBGfj.s:750    .text.MPU_Set_Rate:00000000 $t
C:\Users\FASCIN~1\AppData\Local\Temp\ccdkBGfj.s:756    .text.MPU_Set_Rate:00000000 MPU_Set_Rate
C:\Users\FASCIN~1\AppData\Local\Temp\ccdkBGfj.s:815    .text.MPU_Read_Byte:00000000 $t
C:\Users\FASCIN~1\AppData\Local\Temp\ccdkBGfj.s:821    .text.MPU_Read_Byte:00000000 MPU_Read_Byte
C:\Users\FASCIN~1\AppData\Local\Temp\ccdkBGfj.s:882    .text.MPU_Init:00000000 $t
C:\Users\FASCIN~1\AppData\Local\Temp\ccdkBGfj.s:888    .text.MPU_Init:00000000 MPU_Init

UNDEFINED SYMBOLS
IIC_Start
IIC_Send_Byte
IIC_Wait_Ack
IIC_Stop
IIC_Read_Byte
__aeabi_i2d
__aeabi_ddiv
__aeabi_dadd
__aeabi_d2f
__aeabi_fmul
__aeabi_f2iz
IIC_GPIO_Init
HAL_Delay
