ARM GAS  C:\Users\FASCIN~1\AppData\Local\Temp\ccolt1E9.s 			page 1


   1              		.cpu cortex-m3
   2              		.arch armv7-m
   3              		.fpu softvfp
   4              		.eabi_attribute 20, 1
   5              		.eabi_attribute 21, 1
   6              		.eabi_attribute 23, 3
   7              		.eabi_attribute 24, 1
   8              		.eabi_attribute 25, 1
   9              		.eabi_attribute 26, 1
  10              		.eabi_attribute 30, 1
  11              		.eabi_attribute 34, 1
  12              		.eabi_attribute 18, 4
  13              		.file	"OLED.c"
  14              		.text
  15              	.Ltext0:
  16              		.cfi_sections	.debug_frame
  17              		.file 1 "Modules/oled/OLED.c"
  18              		.section	.text.OLED_W_SCL,"ax",%progbits
  19              		.align	1
  20              		.global	OLED_W_SCL
  21              		.syntax unified
  22              		.thumb
  23              		.thumb_func
  25              	OLED_W_SCL:
  26              	.LVL0:
  27              	.LFB65:
   1:Modules/oled/OLED.c **** #include "OLED.h"
   2:Modules/oled/OLED.c **** #include "OLED_Font.h"
   3:Modules/oled/OLED.c **** #include "gpio.h"
   4:Modules/oled/OLED.c **** 
   5:Modules/oled/OLED.c **** /*引脚配置*/
   6:Modules/oled/OLED.c **** void OLED_W_SCL(GPIO_PinState PinState)
   7:Modules/oled/OLED.c **** {
  28              		.loc 1 7 1 view -0
  29              		.cfi_startproc
  30              		@ args = 0, pretend = 0, frame = 0
  31              		@ frame_needed = 0, uses_anonymous_args = 0
  32              		.loc 1 7 1 is_stmt 0 view .LVU1
  33 0000 08B5     		push	{r3, lr}
  34              	.LCFI0:
  35              		.cfi_def_cfa_offset 8
  36              		.cfi_offset 3, -8
  37              		.cfi_offset 14, -4
  38 0002 0246     		mov	r2, r0
   8:Modules/oled/OLED.c **** 	HAL_GPIO_WritePin(GPIOB, OLED_SCL_Pin, PinState);	
  39              		.loc 1 8 2 is_stmt 1 view .LVU2
  40 0004 4FF48051 		mov	r1, #4096
  41 0008 0148     		ldr	r0, .L3
  42              	.LVL1:
  43              		.loc 1 8 2 is_stmt 0 view .LVU3
  44 000a FFF7FEFF 		bl	HAL_GPIO_WritePin
  45              	.LVL2:
   9:Modules/oled/OLED.c **** }
  46              		.loc 1 9 1 view .LVU4
  47 000e 08BD     		pop	{r3, pc}
  48              	.L4:
  49              		.align	2
ARM GAS  C:\Users\FASCIN~1\AppData\Local\Temp\ccolt1E9.s 			page 2


  50              	.L3:
  51 0010 000C0140 		.word	1073810432
  52              		.cfi_endproc
  53              	.LFE65:
  55              		.section	.text.OLED_W_SDA,"ax",%progbits
  56              		.align	1
  57              		.global	OLED_W_SDA
  58              		.syntax unified
  59              		.thumb
  60              		.thumb_func
  62              	OLED_W_SDA:
  63              	.LVL3:
  64              	.LFB66:
  10:Modules/oled/OLED.c **** 
  11:Modules/oled/OLED.c **** void OLED_W_SDA(GPIO_PinState PinState)
  12:Modules/oled/OLED.c **** {
  65              		.loc 1 12 1 is_stmt 1 view -0
  66              		.cfi_startproc
  67              		@ args = 0, pretend = 0, frame = 0
  68              		@ frame_needed = 0, uses_anonymous_args = 0
  69              		.loc 1 12 1 is_stmt 0 view .LVU6
  70 0000 08B5     		push	{r3, lr}
  71              	.LCFI1:
  72              		.cfi_def_cfa_offset 8
  73              		.cfi_offset 3, -8
  74              		.cfi_offset 14, -4
  75 0002 0246     		mov	r2, r0
  13:Modules/oled/OLED.c **** 	HAL_GPIO_WritePin(GPIOB, OLED_SDA_Pin, PinState);
  76              		.loc 1 13 2 is_stmt 1 view .LVU7
  77 0004 4FF40051 		mov	r1, #8192
  78 0008 0148     		ldr	r0, .L7
  79              	.LVL4:
  80              		.loc 1 13 2 is_stmt 0 view .LVU8
  81 000a FFF7FEFF 		bl	HAL_GPIO_WritePin
  82              	.LVL5:
  14:Modules/oled/OLED.c **** }
  83              		.loc 1 14 1 view .LVU9
  84 000e 08BD     		pop	{r3, pc}
  85              	.L8:
  86              		.align	2
  87              	.L7:
  88 0010 000C0140 		.word	1073810432
  89              		.cfi_endproc
  90              	.LFE66:
  92              		.section	.text.OLED_I2C_Init,"ax",%progbits
  93              		.align	1
  94              		.global	OLED_I2C_Init
  95              		.syntax unified
  96              		.thumb
  97              		.thumb_func
  99              	OLED_I2C_Init:
 100              	.LFB67:
  15:Modules/oled/OLED.c **** 
  16:Modules/oled/OLED.c **** /*引脚初始化*/
  17:Modules/oled/OLED.c **** void OLED_I2C_Init(void)
  18:Modules/oled/OLED.c **** {
 101              		.loc 1 18 1 is_stmt 1 view -0
ARM GAS  C:\Users\FASCIN~1\AppData\Local\Temp\ccolt1E9.s 			page 3


 102              		.cfi_startproc
 103              		@ args = 0, pretend = 0, frame = 0
 104              		@ frame_needed = 0, uses_anonymous_args = 0
 105 0000 08B5     		push	{r3, lr}
 106              	.LCFI2:
 107              		.cfi_def_cfa_offset 8
 108              		.cfi_offset 3, -8
 109              		.cfi_offset 14, -4
  19:Modules/oled/OLED.c **** 	OLED_W_SCL(1);
 110              		.loc 1 19 2 view .LVU11
 111 0002 0120     		movs	r0, #1
 112 0004 FFF7FEFF 		bl	OLED_W_SCL
 113              	.LVL6:
  20:Modules/oled/OLED.c **** 	OLED_W_SDA(1);
 114              		.loc 1 20 2 view .LVU12
 115 0008 0120     		movs	r0, #1
 116 000a FFF7FEFF 		bl	OLED_W_SDA
 117              	.LVL7:
  21:Modules/oled/OLED.c **** }
 118              		.loc 1 21 1 is_stmt 0 view .LVU13
 119 000e 08BD     		pop	{r3, pc}
 120              		.cfi_endproc
 121              	.LFE67:
 123              		.section	.text.OLED_I2C_Start,"ax",%progbits
 124              		.align	1
 125              		.global	OLED_I2C_Start
 126              		.syntax unified
 127              		.thumb
 128              		.thumb_func
 130              	OLED_I2C_Start:
 131              	.LFB68:
  22:Modules/oled/OLED.c **** 
  23:Modules/oled/OLED.c **** /**
  24:Modules/oled/OLED.c ****   * @brief  I2C开始
  25:Modules/oled/OLED.c ****   * @param  无
  26:Modules/oled/OLED.c ****   * @retval 无
  27:Modules/oled/OLED.c ****   */
  28:Modules/oled/OLED.c **** void OLED_I2C_Start(void)
  29:Modules/oled/OLED.c **** {
 132              		.loc 1 29 1 is_stmt 1 view -0
 133              		.cfi_startproc
 134              		@ args = 0, pretend = 0, frame = 0
 135              		@ frame_needed = 0, uses_anonymous_args = 0
 136 0000 08B5     		push	{r3, lr}
 137              	.LCFI3:
 138              		.cfi_def_cfa_offset 8
 139              		.cfi_offset 3, -8
 140              		.cfi_offset 14, -4
  30:Modules/oled/OLED.c **** 	OLED_W_SDA(1);
 141              		.loc 1 30 2 view .LVU15
 142 0002 0120     		movs	r0, #1
 143 0004 FFF7FEFF 		bl	OLED_W_SDA
 144              	.LVL8:
  31:Modules/oled/OLED.c **** 	OLED_W_SCL(1);
 145              		.loc 1 31 2 view .LVU16
 146 0008 0120     		movs	r0, #1
 147 000a FFF7FEFF 		bl	OLED_W_SCL
ARM GAS  C:\Users\FASCIN~1\AppData\Local\Temp\ccolt1E9.s 			page 4


 148              	.LVL9:
  32:Modules/oled/OLED.c **** 	OLED_W_SDA(0);
 149              		.loc 1 32 2 view .LVU17
 150 000e 0020     		movs	r0, #0
 151 0010 FFF7FEFF 		bl	OLED_W_SDA
 152              	.LVL10:
  33:Modules/oled/OLED.c **** 	OLED_W_SCL(0);
 153              		.loc 1 33 2 view .LVU18
 154 0014 0020     		movs	r0, #0
 155 0016 FFF7FEFF 		bl	OLED_W_SCL
 156              	.LVL11:
  34:Modules/oled/OLED.c **** }
 157              		.loc 1 34 1 is_stmt 0 view .LVU19
 158 001a 08BD     		pop	{r3, pc}
 159              		.cfi_endproc
 160              	.LFE68:
 162              		.section	.text.OLED_I2C_Stop,"ax",%progbits
 163              		.align	1
 164              		.global	OLED_I2C_Stop
 165              		.syntax unified
 166              		.thumb
 167              		.thumb_func
 169              	OLED_I2C_Stop:
 170              	.LFB69:
  35:Modules/oled/OLED.c **** 
  36:Modules/oled/OLED.c **** /**
  37:Modules/oled/OLED.c ****   * @brief  I2C停止
  38:Modules/oled/OLED.c ****   * @param  无
  39:Modules/oled/OLED.c ****   * @retval 无
  40:Modules/oled/OLED.c ****   */
  41:Modules/oled/OLED.c **** void OLED_I2C_Stop(void)
  42:Modules/oled/OLED.c **** {
 171              		.loc 1 42 1 is_stmt 1 view -0
 172              		.cfi_startproc
 173              		@ args = 0, pretend = 0, frame = 0
 174              		@ frame_needed = 0, uses_anonymous_args = 0
 175 0000 08B5     		push	{r3, lr}
 176              	.LCFI4:
 177              		.cfi_def_cfa_offset 8
 178              		.cfi_offset 3, -8
 179              		.cfi_offset 14, -4
  43:Modules/oled/OLED.c **** 	OLED_W_SDA(0);
 180              		.loc 1 43 2 view .LVU21
 181 0002 0020     		movs	r0, #0
 182 0004 FFF7FEFF 		bl	OLED_W_SDA
 183              	.LVL12:
  44:Modules/oled/OLED.c **** 	OLED_W_SCL(1);
 184              		.loc 1 44 2 view .LVU22
 185 0008 0120     		movs	r0, #1
 186 000a FFF7FEFF 		bl	OLED_W_SCL
 187              	.LVL13:
  45:Modules/oled/OLED.c **** 	OLED_W_SDA(1);
 188              		.loc 1 45 2 view .LVU23
 189 000e 0120     		movs	r0, #1
 190 0010 FFF7FEFF 		bl	OLED_W_SDA
 191              	.LVL14:
  46:Modules/oled/OLED.c **** }
ARM GAS  C:\Users\FASCIN~1\AppData\Local\Temp\ccolt1E9.s 			page 5


 192              		.loc 1 46 1 is_stmt 0 view .LVU24
 193 0014 08BD     		pop	{r3, pc}
 194              		.cfi_endproc
 195              	.LFE69:
 197              		.section	.text.OLED_I2C_SendByte,"ax",%progbits
 198              		.align	1
 199              		.global	OLED_I2C_SendByte
 200              		.syntax unified
 201              		.thumb
 202              		.thumb_func
 204              	OLED_I2C_SendByte:
 205              	.LVL15:
 206              	.LFB70:
  47:Modules/oled/OLED.c **** 
  48:Modules/oled/OLED.c **** /**
  49:Modules/oled/OLED.c ****   * @brief  I2C发送一个字节
  50:Modules/oled/OLED.c ****   * @param  Byte 要发送的一个字节
  51:Modules/oled/OLED.c ****   * @retval 无
  52:Modules/oled/OLED.c ****   */
  53:Modules/oled/OLED.c **** void OLED_I2C_SendByte(uint8_t Byte)
  54:Modules/oled/OLED.c **** {
 207              		.loc 1 54 1 is_stmt 1 view -0
 208              		.cfi_startproc
 209              		@ args = 0, pretend = 0, frame = 0
 210              		@ frame_needed = 0, uses_anonymous_args = 0
 211              		.loc 1 54 1 is_stmt 0 view .LVU26
 212 0000 38B5     		push	{r3, r4, r5, lr}
 213              	.LCFI5:
 214              		.cfi_def_cfa_offset 16
 215              		.cfi_offset 3, -16
 216              		.cfi_offset 4, -12
 217              		.cfi_offset 5, -8
 218              		.cfi_offset 14, -4
 219 0002 0546     		mov	r5, r0
  55:Modules/oled/OLED.c **** 	uint8_t i;
 220              		.loc 1 55 2 is_stmt 1 view .LVU27
  56:Modules/oled/OLED.c **** 	for (i = 0; i < 8; i++)
 221              		.loc 1 56 2 view .LVU28
 222              	.LVL16:
 223              		.loc 1 56 9 is_stmt 0 view .LVU29
 224 0004 0024     		movs	r4, #0
 225              		.loc 1 56 2 view .LVU30
 226 0006 0CE0     		b	.L16
 227              	.LVL17:
 228              	.L17:
  57:Modules/oled/OLED.c **** 	{
  58:Modules/oled/OLED.c **** 		OLED_W_SDA(Byte & (0x80 >> i));
 229              		.loc 1 58 3 is_stmt 1 view .LVU31
 230              		.loc 1 58 27 is_stmt 0 view .LVU32
 231 0008 8020     		movs	r0, #128
 232 000a 2041     		asrs	r0, r0, r4
 233              		.loc 1 58 3 view .LVU33
 234 000c 2840     		ands	r0, r0, r5
 235 000e FFF7FEFF 		bl	OLED_W_SDA
 236              	.LVL18:
  59:Modules/oled/OLED.c **** 		OLED_W_SCL(1);
 237              		.loc 1 59 3 is_stmt 1 view .LVU34
ARM GAS  C:\Users\FASCIN~1\AppData\Local\Temp\ccolt1E9.s 			page 6


 238 0012 0120     		movs	r0, #1
 239 0014 FFF7FEFF 		bl	OLED_W_SCL
 240              	.LVL19:
  60:Modules/oled/OLED.c **** 		OLED_W_SCL(0);
 241              		.loc 1 60 3 view .LVU35
 242 0018 0020     		movs	r0, #0
 243 001a FFF7FEFF 		bl	OLED_W_SCL
 244              	.LVL20:
  56:Modules/oled/OLED.c **** 	{
 245              		.loc 1 56 22 discriminator 3 view .LVU36
 246 001e 0134     		adds	r4, r4, #1
 247              	.LVL21:
  56:Modules/oled/OLED.c **** 	{
 248              		.loc 1 56 22 is_stmt 0 discriminator 3 view .LVU37
 249 0020 E4B2     		uxtb	r4, r4
 250              	.LVL22:
 251              	.L16:
  56:Modules/oled/OLED.c **** 	{
 252              		.loc 1 56 16 is_stmt 1 discriminator 1 view .LVU38
 253 0022 072C     		cmp	r4, #7
 254 0024 F0D9     		bls	.L17
  61:Modules/oled/OLED.c **** 	}
  62:Modules/oled/OLED.c **** 	OLED_W_SCL(1);	//额外的一个时钟，不处理应答信号
 255              		.loc 1 62 2 view .LVU39
 256 0026 0120     		movs	r0, #1
 257 0028 FFF7FEFF 		bl	OLED_W_SCL
 258              	.LVL23:
  63:Modules/oled/OLED.c **** 	OLED_W_SCL(0);
 259              		.loc 1 63 2 view .LVU40
 260 002c 0020     		movs	r0, #0
 261 002e FFF7FEFF 		bl	OLED_W_SCL
 262              	.LVL24:
  64:Modules/oled/OLED.c **** }
 263              		.loc 1 64 1 is_stmt 0 view .LVU41
 264 0032 38BD     		pop	{r3, r4, r5, pc}
 265              		.loc 1 64 1 view .LVU42
 266              		.cfi_endproc
 267              	.LFE70:
 269              		.section	.text.OLED_WriteCommand,"ax",%progbits
 270              		.align	1
 271              		.global	OLED_WriteCommand
 272              		.syntax unified
 273              		.thumb
 274              		.thumb_func
 276              	OLED_WriteCommand:
 277              	.LVL25:
 278              	.LFB71:
  65:Modules/oled/OLED.c **** 
  66:Modules/oled/OLED.c **** /**
  67:Modules/oled/OLED.c ****   * @brief  OLED写命令
  68:Modules/oled/OLED.c ****   * @param  Command 要写入的命令
  69:Modules/oled/OLED.c ****   * @retval 无
  70:Modules/oled/OLED.c ****   */
  71:Modules/oled/OLED.c **** void OLED_WriteCommand(uint8_t Command)
  72:Modules/oled/OLED.c **** {
 279              		.loc 1 72 1 is_stmt 1 view -0
 280              		.cfi_startproc
ARM GAS  C:\Users\FASCIN~1\AppData\Local\Temp\ccolt1E9.s 			page 7


 281              		@ args = 0, pretend = 0, frame = 0
 282              		@ frame_needed = 0, uses_anonymous_args = 0
 283              		.loc 1 72 1 is_stmt 0 view .LVU44
 284 0000 10B5     		push	{r4, lr}
 285              	.LCFI6:
 286              		.cfi_def_cfa_offset 8
 287              		.cfi_offset 4, -8
 288              		.cfi_offset 14, -4
 289 0002 0446     		mov	r4, r0
  73:Modules/oled/OLED.c **** 	OLED_I2C_Start();
 290              		.loc 1 73 2 is_stmt 1 view .LVU45
 291 0004 FFF7FEFF 		bl	OLED_I2C_Start
 292              	.LVL26:
  74:Modules/oled/OLED.c **** 	OLED_I2C_SendByte(0x78);		//从机地址
 293              		.loc 1 74 2 view .LVU46
 294 0008 7820     		movs	r0, #120
 295 000a FFF7FEFF 		bl	OLED_I2C_SendByte
 296              	.LVL27:
  75:Modules/oled/OLED.c **** 	OLED_I2C_SendByte(0x00);		//写命令
 297              		.loc 1 75 2 view .LVU47
 298 000e 0020     		movs	r0, #0
 299 0010 FFF7FEFF 		bl	OLED_I2C_SendByte
 300              	.LVL28:
  76:Modules/oled/OLED.c **** 	OLED_I2C_SendByte(Command); 
 301              		.loc 1 76 2 view .LVU48
 302 0014 2046     		mov	r0, r4
 303 0016 FFF7FEFF 		bl	OLED_I2C_SendByte
 304              	.LVL29:
  77:Modules/oled/OLED.c **** 	OLED_I2C_Stop();
 305              		.loc 1 77 2 view .LVU49
 306 001a FFF7FEFF 		bl	OLED_I2C_Stop
 307              	.LVL30:
  78:Modules/oled/OLED.c **** }
 308              		.loc 1 78 1 is_stmt 0 view .LVU50
 309 001e 10BD     		pop	{r4, pc}
 310              		.loc 1 78 1 view .LVU51
 311              		.cfi_endproc
 312              	.LFE71:
 314              		.section	.text.OLED_WriteData,"ax",%progbits
 315              		.align	1
 316              		.global	OLED_WriteData
 317              		.syntax unified
 318              		.thumb
 319              		.thumb_func
 321              	OLED_WriteData:
 322              	.LVL31:
 323              	.LFB72:
  79:Modules/oled/OLED.c **** 
  80:Modules/oled/OLED.c **** /**
  81:Modules/oled/OLED.c ****   * @brief  OLED写数据
  82:Modules/oled/OLED.c ****   * @param  Data 要写入的数据
  83:Modules/oled/OLED.c ****   * @retval 无
  84:Modules/oled/OLED.c ****   */
  85:Modules/oled/OLED.c **** void OLED_WriteData(uint8_t Data)
  86:Modules/oled/OLED.c **** {
 324              		.loc 1 86 1 is_stmt 1 view -0
 325              		.cfi_startproc
ARM GAS  C:\Users\FASCIN~1\AppData\Local\Temp\ccolt1E9.s 			page 8


 326              		@ args = 0, pretend = 0, frame = 0
 327              		@ frame_needed = 0, uses_anonymous_args = 0
 328              		.loc 1 86 1 is_stmt 0 view .LVU53
 329 0000 10B5     		push	{r4, lr}
 330              	.LCFI7:
 331              		.cfi_def_cfa_offset 8
 332              		.cfi_offset 4, -8
 333              		.cfi_offset 14, -4
 334 0002 0446     		mov	r4, r0
  87:Modules/oled/OLED.c **** 	OLED_I2C_Start();
 335              		.loc 1 87 2 is_stmt 1 view .LVU54
 336 0004 FFF7FEFF 		bl	OLED_I2C_Start
 337              	.LVL32:
  88:Modules/oled/OLED.c **** 	OLED_I2C_SendByte(0x78);		//从机地址
 338              		.loc 1 88 2 view .LVU55
 339 0008 7820     		movs	r0, #120
 340 000a FFF7FEFF 		bl	OLED_I2C_SendByte
 341              	.LVL33:
  89:Modules/oled/OLED.c **** 	OLED_I2C_SendByte(0x40);		//写数据
 342              		.loc 1 89 2 view .LVU56
 343 000e 4020     		movs	r0, #64
 344 0010 FFF7FEFF 		bl	OLED_I2C_SendByte
 345              	.LVL34:
  90:Modules/oled/OLED.c **** 	OLED_I2C_SendByte(Data);
 346              		.loc 1 90 2 view .LVU57
 347 0014 2046     		mov	r0, r4
 348 0016 FFF7FEFF 		bl	OLED_I2C_SendByte
 349              	.LVL35:
  91:Modules/oled/OLED.c **** 	OLED_I2C_Stop();
 350              		.loc 1 91 2 view .LVU58
 351 001a FFF7FEFF 		bl	OLED_I2C_Stop
 352              	.LVL36:
  92:Modules/oled/OLED.c **** }
 353              		.loc 1 92 1 is_stmt 0 view .LVU59
 354 001e 10BD     		pop	{r4, pc}
 355              		.loc 1 92 1 view .LVU60
 356              		.cfi_endproc
 357              	.LFE72:
 359              		.section	.text.OLED_SetCursor,"ax",%progbits
 360              		.align	1
 361              		.global	OLED_SetCursor
 362              		.syntax unified
 363              		.thumb
 364              		.thumb_func
 366              	OLED_SetCursor:
 367              	.LVL37:
 368              	.LFB73:
  93:Modules/oled/OLED.c **** 
  94:Modules/oled/OLED.c **** /**
  95:Modules/oled/OLED.c ****   * @brief  OLED设置光标位置
  96:Modules/oled/OLED.c ****   * @param  Y 以左上角为原点，向下方向的坐标，范围：0~7
  97:Modules/oled/OLED.c ****   * @param  X 以左上角为原点，向右方向的坐标，范围：0~127
  98:Modules/oled/OLED.c ****   * @retval 无
  99:Modules/oled/OLED.c ****   */
 100:Modules/oled/OLED.c **** void OLED_SetCursor(uint8_t Y, uint8_t X)
 101:Modules/oled/OLED.c **** {
 369              		.loc 1 101 1 is_stmt 1 view -0
ARM GAS  C:\Users\FASCIN~1\AppData\Local\Temp\ccolt1E9.s 			page 9


 370              		.cfi_startproc
 371              		@ args = 0, pretend = 0, frame = 0
 372              		@ frame_needed = 0, uses_anonymous_args = 0
 373              		.loc 1 101 1 is_stmt 0 view .LVU62
 374 0000 10B5     		push	{r4, lr}
 375              	.LCFI8:
 376              		.cfi_def_cfa_offset 8
 377              		.cfi_offset 4, -8
 378              		.cfi_offset 14, -4
 102:Modules/oled/OLED.c **** 	X += 2;
 379              		.loc 1 102 2 is_stmt 1 view .LVU63
 380              		.loc 1 102 4 is_stmt 0 view .LVU64
 381 0002 8C1C     		adds	r4, r1, #2
 382 0004 E4B2     		uxtb	r4, r4
 383              	.LVL38:
 103:Modules/oled/OLED.c **** 	Y += 1;
 384              		.loc 1 103 2 is_stmt 1 view .LVU65
 385              		.loc 1 103 4 is_stmt 0 view .LVU66
 386 0006 0130     		adds	r0, r0, #1
 387              	.LVL39:
 104:Modules/oled/OLED.c **** 	OLED_WriteCommand(0xB0 | Y);					//设置Y位置
 388              		.loc 1 104 2 is_stmt 1 view .LVU67
 389 0008 60F04F00 		orn	r0, r0, #79
 390              	.LVL40:
 391              		.loc 1 104 2 is_stmt 0 view .LVU68
 392 000c C0B2     		uxtb	r0, r0
 393 000e FFF7FEFF 		bl	OLED_WriteCommand
 394              	.LVL41:
 105:Modules/oled/OLED.c **** 	OLED_WriteCommand(0x10 | ((X & 0xF0) >> 4));	//设置X位置高4位
 395              		.loc 1 105 2 is_stmt 1 view .LVU69
 396              		.loc 1 105 39 is_stmt 0 view .LVU70
 397 0012 2009     		lsrs	r0, r4, #4
 398              		.loc 1 105 2 view .LVU71
 399 0014 40F01000 		orr	r0, r0, #16
 400 0018 FFF7FEFF 		bl	OLED_WriteCommand
 401              	.LVL42:
 106:Modules/oled/OLED.c **** 	OLED_WriteCommand(0x00 | (X & 0x0F));			//设置X位置低4位
 402              		.loc 1 106 2 is_stmt 1 view .LVU72
 403 001c 04F00F00 		and	r0, r4, #15
 404 0020 FFF7FEFF 		bl	OLED_WriteCommand
 405              	.LVL43:
 107:Modules/oled/OLED.c **** }
 406              		.loc 1 107 1 is_stmt 0 view .LVU73
 407 0024 10BD     		pop	{r4, pc}
 408              		.loc 1 107 1 view .LVU74
 409              		.cfi_endproc
 410              	.LFE73:
 412              		.section	.text.OLED_Clear,"ax",%progbits
 413              		.align	1
 414              		.global	OLED_Clear
 415              		.syntax unified
 416              		.thumb
 417              		.thumb_func
 419              	OLED_Clear:
 420              	.LFB74:
 108:Modules/oled/OLED.c **** 
 109:Modules/oled/OLED.c **** /**
ARM GAS  C:\Users\FASCIN~1\AppData\Local\Temp\ccolt1E9.s 			page 10


 110:Modules/oled/OLED.c ****   * @brief  OLED清屏
 111:Modules/oled/OLED.c ****   * @param  无
 112:Modules/oled/OLED.c ****   * @retval 无
 113:Modules/oled/OLED.c ****   */
 114:Modules/oled/OLED.c **** void OLED_Clear(void)
 115:Modules/oled/OLED.c **** {  
 421              		.loc 1 115 1 is_stmt 1 view -0
 422              		.cfi_startproc
 423              		@ args = 0, pretend = 0, frame = 0
 424              		@ frame_needed = 0, uses_anonymous_args = 0
 425 0000 38B5     		push	{r3, r4, r5, lr}
 426              	.LCFI9:
 427              		.cfi_def_cfa_offset 16
 428              		.cfi_offset 3, -16
 429              		.cfi_offset 4, -12
 430              		.cfi_offset 5, -8
 431              		.cfi_offset 14, -4
 116:Modules/oled/OLED.c **** 	uint8_t i, j;
 432              		.loc 1 116 2 view .LVU76
 117:Modules/oled/OLED.c **** 	for (j = 0; j < 8; j++)
 433              		.loc 1 117 2 view .LVU77
 434              	.LVL44:
 435              		.loc 1 117 9 is_stmt 0 view .LVU78
 436 0002 0025     		movs	r5, #0
 437              		.loc 1 117 2 view .LVU79
 438 0004 09E0     		b	.L26
 439              	.LVL45:
 440              	.L28:
 118:Modules/oled/OLED.c **** 	{
 119:Modules/oled/OLED.c **** 		OLED_SetCursor(j, 0);
 120:Modules/oled/OLED.c **** 		for(i = 0; i < 128; i++)
 121:Modules/oled/OLED.c **** 		{
 122:Modules/oled/OLED.c **** 			OLED_WriteData(0x00);
 441              		.loc 1 122 4 is_stmt 1 view .LVU80
 442 0006 0020     		movs	r0, #0
 443 0008 FFF7FEFF 		bl	OLED_WriteData
 444              	.LVL46:
 120:Modules/oled/OLED.c **** 		{
 445              		.loc 1 120 24 discriminator 3 view .LVU81
 446 000c 0134     		adds	r4, r4, #1
 447              	.LVL47:
 120:Modules/oled/OLED.c **** 		{
 448              		.loc 1 120 24 is_stmt 0 discriminator 3 view .LVU82
 449 000e E4B2     		uxtb	r4, r4
 450              	.LVL48:
 451              	.L27:
 120:Modules/oled/OLED.c **** 		{
 452              		.loc 1 120 16 is_stmt 1 discriminator 1 view .LVU83
 453 0010 14F0800F 		tst	r4, #128
 454 0014 F7D0     		beq	.L28
 117:Modules/oled/OLED.c **** 	for (j = 0; j < 8; j++)
 455              		.loc 1 117 22 discriminator 2 view .LVU84
 456 0016 0135     		adds	r5, r5, #1
 457              	.LVL49:
 117:Modules/oled/OLED.c **** 	for (j = 0; j < 8; j++)
 458              		.loc 1 117 22 is_stmt 0 discriminator 2 view .LVU85
 459 0018 EDB2     		uxtb	r5, r5
ARM GAS  C:\Users\FASCIN~1\AppData\Local\Temp\ccolt1E9.s 			page 11


 460              	.LVL50:
 461              	.L26:
 117:Modules/oled/OLED.c **** 	for (j = 0; j < 8; j++)
 462              		.loc 1 117 16 is_stmt 1 discriminator 1 view .LVU86
 463 001a 072D     		cmp	r5, #7
 464 001c 05D8     		bhi	.L31
 119:Modules/oled/OLED.c **** 		for(i = 0; i < 128; i++)
 465              		.loc 1 119 3 view .LVU87
 466 001e 0021     		movs	r1, #0
 467 0020 2846     		mov	r0, r5
 468 0022 FFF7FEFF 		bl	OLED_SetCursor
 469              	.LVL51:
 120:Modules/oled/OLED.c **** 		{
 470              		.loc 1 120 3 view .LVU88
 120:Modules/oled/OLED.c **** 		{
 471              		.loc 1 120 9 is_stmt 0 view .LVU89
 472 0026 0024     		movs	r4, #0
 120:Modules/oled/OLED.c **** 		{
 473              		.loc 1 120 3 view .LVU90
 474 0028 F2E7     		b	.L27
 475              	.LVL52:
 476              	.L31:
 123:Modules/oled/OLED.c **** 		}
 124:Modules/oled/OLED.c **** 	}
 125:Modules/oled/OLED.c **** }
 477              		.loc 1 125 1 view .LVU91
 478 002a 38BD     		pop	{r3, r4, r5, pc}
 479              		.loc 1 125 1 view .LVU92
 480              		.cfi_endproc
 481              	.LFE74:
 483              		.section	.text.OLED_ShowChar,"ax",%progbits
 484              		.align	1
 485              		.global	OLED_ShowChar
 486              		.syntax unified
 487              		.thumb
 488              		.thumb_func
 490              	OLED_ShowChar:
 491              	.LVL53:
 492              	.LFB75:
 126:Modules/oled/OLED.c **** 
 127:Modules/oled/OLED.c **** /**
 128:Modules/oled/OLED.c ****   * @brief  OLED显示一个字符
 129:Modules/oled/OLED.c ****   * @param  Line 行位置，范围：1~4
 130:Modules/oled/OLED.c ****   * @param  Column 列位置，范围：1~16
 131:Modules/oled/OLED.c ****   * @param  Char 要显示的一个字符，范围：ASCII可见字符
 132:Modules/oled/OLED.c ****   * @retval 无
 133:Modules/oled/OLED.c ****   */
 134:Modules/oled/OLED.c **** void OLED_ShowChar(uint8_t Line, uint8_t Column, char Char)
 135:Modules/oled/OLED.c **** {      	
 493              		.loc 1 135 1 is_stmt 1 view -0
 494              		.cfi_startproc
 495              		@ args = 0, pretend = 0, frame = 0
 496              		@ frame_needed = 0, uses_anonymous_args = 0
 497              		.loc 1 135 1 is_stmt 0 view .LVU94
 498 0000 F8B5     		push	{r3, r4, r5, r6, r7, lr}
 499              	.LCFI10:
 500              		.cfi_def_cfa_offset 24
ARM GAS  C:\Users\FASCIN~1\AppData\Local\Temp\ccolt1E9.s 			page 12


 501              		.cfi_offset 3, -24
 502              		.cfi_offset 4, -20
 503              		.cfi_offset 5, -16
 504              		.cfi_offset 6, -12
 505              		.cfi_offset 7, -8
 506              		.cfi_offset 14, -4
 507 0002 0646     		mov	r6, r0
 508 0004 1546     		mov	r5, r2
 136:Modules/oled/OLED.c **** 	uint8_t i;
 509              		.loc 1 136 2 is_stmt 1 view .LVU95
 137:Modules/oled/OLED.c **** 	OLED_SetCursor((Line - 1) * 2, (Column - 1) * 8);		//设置光标位置在上半部分
 510              		.loc 1 137 2 view .LVU96
 511 0006 4F1E     		subs	r7, r1, #1
 512 0008 FF00     		lsls	r7, r7, #3
 513 000a FFB2     		uxtb	r7, r7
 514 000c 0138     		subs	r0, r0, #1
 515              	.LVL54:
 516              		.loc 1 137 2 is_stmt 0 view .LVU97
 517 000e 4000     		lsls	r0, r0, #1
 518 0010 3946     		mov	r1, r7
 519              	.LVL55:
 520              		.loc 1 137 2 view .LVU98
 521 0012 00F0FE00 		and	r0, r0, #254
 522 0016 FFF7FEFF 		bl	OLED_SetCursor
 523              	.LVL56:
 138:Modules/oled/OLED.c **** 	for (i = 0; i < 8; i++)
 524              		.loc 1 138 2 is_stmt 1 view .LVU99
 525              		.loc 1 138 9 is_stmt 0 view .LVU100
 526 001a 0024     		movs	r4, #0
 527              		.loc 1 138 2 view .LVU101
 528 001c 09E0     		b	.L33
 529              	.LVL57:
 530              	.L34:
 139:Modules/oled/OLED.c **** 	{
 140:Modules/oled/OLED.c **** 		OLED_WriteData(OLED_F8x16[Char - ' '][i]);			//显示上半部分内容
 531              		.loc 1 140 3 is_stmt 1 view .LVU102
 532              		.loc 1 140 34 is_stmt 0 view .LVU103
 533 001e A5F12002 		sub	r2, r5, #32
 534              		.loc 1 140 40 view .LVU104
 535 0022 114B     		ldr	r3, .L38
 536 0024 03EB0213 		add	r3, r3, r2, lsl #4
 537              		.loc 1 140 3 view .LVU105
 538 0028 185D     		ldrb	r0, [r3, r4]	@ zero_extendqisi2
 539 002a FFF7FEFF 		bl	OLED_WriteData
 540              	.LVL58:
 138:Modules/oled/OLED.c **** 	for (i = 0; i < 8; i++)
 541              		.loc 1 138 22 is_stmt 1 discriminator 3 view .LVU106
 542 002e 0134     		adds	r4, r4, #1
 543              	.LVL59:
 138:Modules/oled/OLED.c **** 	for (i = 0; i < 8; i++)
 544              		.loc 1 138 22 is_stmt 0 discriminator 3 view .LVU107
 545 0030 E4B2     		uxtb	r4, r4
 546              	.LVL60:
 547              	.L33:
 138:Modules/oled/OLED.c **** 	for (i = 0; i < 8; i++)
 548              		.loc 1 138 16 is_stmt 1 discriminator 1 view .LVU108
 549 0032 072C     		cmp	r4, #7
ARM GAS  C:\Users\FASCIN~1\AppData\Local\Temp\ccolt1E9.s 			page 13


 550 0034 F3D9     		bls	.L34
 141:Modules/oled/OLED.c **** 	}
 142:Modules/oled/OLED.c **** 	OLED_SetCursor((Line - 1) * 2 + 1, (Column - 1) * 8);	//设置光标位置在下半部分
 551              		.loc 1 142 2 view .LVU109
 552              		.loc 1 142 32 is_stmt 0 view .LVU110
 553 0036 7000     		lsls	r0, r6, #1
 554 0038 C0B2     		uxtb	r0, r0
 555              		.loc 1 142 2 view .LVU111
 556 003a 0138     		subs	r0, r0, #1
 557 003c 3946     		mov	r1, r7
 558 003e C0B2     		uxtb	r0, r0
 559 0040 FFF7FEFF 		bl	OLED_SetCursor
 560              	.LVL61:
 143:Modules/oled/OLED.c **** 	for (i = 0; i < 8; i++)
 561              		.loc 1 143 2 is_stmt 1 view .LVU112
 562              		.loc 1 143 9 is_stmt 0 view .LVU113
 563 0044 0024     		movs	r4, #0
 564              		.loc 1 143 2 view .LVU114
 565 0046 0BE0     		b	.L35
 566              	.LVL62:
 567              	.L36:
 144:Modules/oled/OLED.c **** 	{
 145:Modules/oled/OLED.c **** 		OLED_WriteData(OLED_F8x16[Char - ' '][i + 8]);		//显示下半部分内容
 568              		.loc 1 145 3 is_stmt 1 view .LVU115
 569              		.loc 1 145 34 is_stmt 0 view .LVU116
 570 0048 A5F12001 		sub	r1, r5, #32
 571              		.loc 1 145 43 view .LVU117
 572 004c 04F10802 		add	r2, r4, #8
 573              		.loc 1 145 40 view .LVU118
 574 0050 054B     		ldr	r3, .L38
 575 0052 03EB0113 		add	r3, r3, r1, lsl #4
 576              		.loc 1 145 3 view .LVU119
 577 0056 985C     		ldrb	r0, [r3, r2]	@ zero_extendqisi2
 578 0058 FFF7FEFF 		bl	OLED_WriteData
 579              	.LVL63:
 143:Modules/oled/OLED.c **** 	for (i = 0; i < 8; i++)
 580              		.loc 1 143 22 is_stmt 1 discriminator 3 view .LVU120
 581 005c 0134     		adds	r4, r4, #1
 582              	.LVL64:
 143:Modules/oled/OLED.c **** 	for (i = 0; i < 8; i++)
 583              		.loc 1 143 22 is_stmt 0 discriminator 3 view .LVU121
 584 005e E4B2     		uxtb	r4, r4
 585              	.LVL65:
 586              	.L35:
 143:Modules/oled/OLED.c **** 	for (i = 0; i < 8; i++)
 587              		.loc 1 143 16 is_stmt 1 discriminator 1 view .LVU122
 588 0060 072C     		cmp	r4, #7
 589 0062 F1D9     		bls	.L36
 146:Modules/oled/OLED.c **** 	}
 147:Modules/oled/OLED.c **** }
 590              		.loc 1 147 1 is_stmt 0 view .LVU123
 591 0064 F8BD     		pop	{r3, r4, r5, r6, r7, pc}
 592              	.LVL66:
 593              	.L39:
 594              		.loc 1 147 1 view .LVU124
 595 0066 00BF     		.align	2
 596              	.L38:
ARM GAS  C:\Users\FASCIN~1\AppData\Local\Temp\ccolt1E9.s 			page 14


 597 0068 00000000 		.word	OLED_F8x16
 598              		.cfi_endproc
 599              	.LFE75:
 601              		.section	.text.OLED_ShowString,"ax",%progbits
 602              		.align	1
 603              		.global	OLED_ShowString
 604              		.syntax unified
 605              		.thumb
 606              		.thumb_func
 608              	OLED_ShowString:
 609              	.LVL67:
 610              	.LFB76:
 148:Modules/oled/OLED.c **** 
 149:Modules/oled/OLED.c **** /**
 150:Modules/oled/OLED.c ****   * @brief  OLED显示字符串
 151:Modules/oled/OLED.c ****   * @param  Line 起始行位置，范围：1~4
 152:Modules/oled/OLED.c ****   * @param  Column 起始列位置，范围：1~16
 153:Modules/oled/OLED.c ****   * @param  String 要显示的字符串，范围：ASCII可见字符
 154:Modules/oled/OLED.c ****   * @retval 无
 155:Modules/oled/OLED.c ****   */
 156:Modules/oled/OLED.c **** void OLED_ShowString(uint8_t Line, uint8_t Column, char *String)
 157:Modules/oled/OLED.c **** {
 611              		.loc 1 157 1 is_stmt 1 view -0
 612              		.cfi_startproc
 613              		@ args = 0, pretend = 0, frame = 0
 614              		@ frame_needed = 0, uses_anonymous_args = 0
 615              		.loc 1 157 1 is_stmt 0 view .LVU126
 616 0000 F8B5     		push	{r3, r4, r5, r6, r7, lr}
 617              	.LCFI11:
 618              		.cfi_def_cfa_offset 24
 619              		.cfi_offset 3, -24
 620              		.cfi_offset 4, -20
 621              		.cfi_offset 5, -16
 622              		.cfi_offset 6, -12
 623              		.cfi_offset 7, -8
 624              		.cfi_offset 14, -4
 625 0002 0746     		mov	r7, r0
 626 0004 0E46     		mov	r6, r1
 627 0006 1546     		mov	r5, r2
 158:Modules/oled/OLED.c **** 	uint8_t i;
 628              		.loc 1 158 2 is_stmt 1 view .LVU127
 159:Modules/oled/OLED.c **** 	for (i = 0; String[i] != '\0'; i++)
 629              		.loc 1 159 2 view .LVU128
 630              	.LVL68:
 631              		.loc 1 159 9 is_stmt 0 view .LVU129
 632 0008 0024     		movs	r4, #0
 633              		.loc 1 159 2 view .LVU130
 634 000a 06E0     		b	.L41
 635              	.LVL69:
 636              	.L42:
 160:Modules/oled/OLED.c **** 	{
 161:Modules/oled/OLED.c **** 		OLED_ShowChar(Line, Column + i, String[i]);
 637              		.loc 1 161 3 is_stmt 1 view .LVU131
 638 000c A119     		adds	r1, r4, r6
 639 000e C9B2     		uxtb	r1, r1
 640 0010 3846     		mov	r0, r7
 641 0012 FFF7FEFF 		bl	OLED_ShowChar
ARM GAS  C:\Users\FASCIN~1\AppData\Local\Temp\ccolt1E9.s 			page 15


 642              	.LVL70:
 159:Modules/oled/OLED.c **** 	for (i = 0; String[i] != '\0'; i++)
 643              		.loc 1 159 34 discriminator 3 view .LVU132
 644 0016 0134     		adds	r4, r4, #1
 645              	.LVL71:
 159:Modules/oled/OLED.c **** 	for (i = 0; String[i] != '\0'; i++)
 646              		.loc 1 159 34 is_stmt 0 discriminator 3 view .LVU133
 647 0018 E4B2     		uxtb	r4, r4
 648              	.LVL72:
 649              	.L41:
 159:Modules/oled/OLED.c **** 	for (i = 0; String[i] != '\0'; i++)
 650              		.loc 1 159 24 is_stmt 1 discriminator 1 view .LVU134
 159:Modules/oled/OLED.c **** 	for (i = 0; String[i] != '\0'; i++)
 651              		.loc 1 159 20 is_stmt 0 discriminator 1 view .LVU135
 652 001a 2A5D     		ldrb	r2, [r5, r4]	@ zero_extendqisi2
 159:Modules/oled/OLED.c **** 	for (i = 0; String[i] != '\0'; i++)
 653              		.loc 1 159 24 discriminator 1 view .LVU136
 654 001c 002A     		cmp	r2, #0
 655 001e F5D1     		bne	.L42
 162:Modules/oled/OLED.c **** 	}
 163:Modules/oled/OLED.c **** }
 656              		.loc 1 163 1 view .LVU137
 657 0020 F8BD     		pop	{r3, r4, r5, r6, r7, pc}
 658              		.loc 1 163 1 view .LVU138
 659              		.cfi_endproc
 660              	.LFE76:
 662              		.section	.text.OLED_Pow,"ax",%progbits
 663              		.align	1
 664              		.global	OLED_Pow
 665              		.syntax unified
 666              		.thumb
 667              		.thumb_func
 669              	OLED_Pow:
 670              	.LVL73:
 671              	.LFB77:
 164:Modules/oled/OLED.c **** 
 165:Modules/oled/OLED.c **** /**
 166:Modules/oled/OLED.c ****   * @brief  OLED次方函数
 167:Modules/oled/OLED.c ****   * @retval 返回值等于X的Y次方
 168:Modules/oled/OLED.c ****   */
 169:Modules/oled/OLED.c **** uint32_t OLED_Pow(uint32_t X, uint32_t Y)
 170:Modules/oled/OLED.c **** {
 672              		.loc 1 170 1 is_stmt 1 view -0
 673              		.cfi_startproc
 674              		@ args = 0, pretend = 0, frame = 0
 675              		@ frame_needed = 0, uses_anonymous_args = 0
 676              		@ link register save eliminated.
 171:Modules/oled/OLED.c **** 	X += 1;
 677              		.loc 1 171 2 view .LVU140
 678              		.loc 1 171 4 is_stmt 0 view .LVU141
 679 0000 421C     		adds	r2, r0, #1
 680              	.LVL74:
 172:Modules/oled/OLED.c **** 	uint32_t Result = 1;
 681              		.loc 1 172 2 is_stmt 1 view .LVU142
 173:Modules/oled/OLED.c **** 	while (Y--)
 682              		.loc 1 173 2 view .LVU143
 172:Modules/oled/OLED.c **** 	uint32_t Result = 1;
ARM GAS  C:\Users\FASCIN~1\AppData\Local\Temp\ccolt1E9.s 			page 16


 683              		.loc 1 172 11 is_stmt 0 view .LVU144
 684 0002 0120     		movs	r0, #1
 685              		.loc 1 173 8 view .LVU145
 686 0004 02E0     		b	.L45
 687              	.LVL75:
 688              	.L46:
 174:Modules/oled/OLED.c **** 	{
 175:Modules/oled/OLED.c **** 		Result *= X;
 689              		.loc 1 175 3 is_stmt 1 view .LVU146
 690              		.loc 1 175 10 is_stmt 0 view .LVU147
 691 0006 02FB00F0 		mul	r0, r2, r0
 692              	.LVL76:
 173:Modules/oled/OLED.c **** 	while (Y--)
 693              		.loc 1 173 10 view .LVU148
 694 000a 1946     		mov	r1, r3
 695              	.LVL77:
 696              	.L45:
 173:Modules/oled/OLED.c **** 	while (Y--)
 697              		.loc 1 173 9 is_stmt 1 view .LVU149
 173:Modules/oled/OLED.c **** 	while (Y--)
 698              		.loc 1 173 10 is_stmt 0 view .LVU150
 699 000c 4B1E     		subs	r3, r1, #1
 700              	.LVL78:
 173:Modules/oled/OLED.c **** 	while (Y--)
 701              		.loc 1 173 9 view .LVU151
 702 000e 0029     		cmp	r1, #0
 703 0010 F9D1     		bne	.L46
 176:Modules/oled/OLED.c **** 	}
 177:Modules/oled/OLED.c **** 	return Result;
 704              		.loc 1 177 2 is_stmt 1 view .LVU152
 178:Modules/oled/OLED.c **** }
 705              		.loc 1 178 1 is_stmt 0 view .LVU153
 706 0012 7047     		bx	lr
 707              		.cfi_endproc
 708              	.LFE77:
 710              		.section	.text.OLED_ShowNum,"ax",%progbits
 711              		.align	1
 712              		.global	OLED_ShowNum
 713              		.syntax unified
 714              		.thumb
 715              		.thumb_func
 717              	OLED_ShowNum:
 718              	.LVL79:
 719              	.LFB78:
 179:Modules/oled/OLED.c **** 
 180:Modules/oled/OLED.c **** /**
 181:Modules/oled/OLED.c ****   * @brief  OLED显示数字（十进制，正数）
 182:Modules/oled/OLED.c ****   * @param  Line 起始行位置，范围：1~4
 183:Modules/oled/OLED.c ****   * @param  Column 起始列位置，范围：1~16
 184:Modules/oled/OLED.c ****   * @param  Number 要显示的数字，范围：0~4294967295
 185:Modules/oled/OLED.c ****   * @param  Length 要显示数字的长度，范围：1~10
 186:Modules/oled/OLED.c ****   * @retval 无
 187:Modules/oled/OLED.c ****   */
 188:Modules/oled/OLED.c **** void OLED_ShowNum(uint8_t Line, uint8_t Column, uint32_t Number, uint8_t Length)
 189:Modules/oled/OLED.c **** {
 720              		.loc 1 189 1 is_stmt 1 view -0
 721              		.cfi_startproc
ARM GAS  C:\Users\FASCIN~1\AppData\Local\Temp\ccolt1E9.s 			page 17


 722              		@ args = 0, pretend = 0, frame = 0
 723              		@ frame_needed = 0, uses_anonymous_args = 0
 724              		.loc 1 189 1 is_stmt 0 view .LVU155
 725 0000 2DE9F843 		push	{r3, r4, r5, r6, r7, r8, r9, lr}
 726              	.LCFI12:
 727              		.cfi_def_cfa_offset 32
 728              		.cfi_offset 3, -32
 729              		.cfi_offset 4, -28
 730              		.cfi_offset 5, -24
 731              		.cfi_offset 6, -20
 732              		.cfi_offset 7, -16
 733              		.cfi_offset 8, -12
 734              		.cfi_offset 9, -8
 735              		.cfi_offset 14, -4
 736 0004 8146     		mov	r9, r0
 737 0006 8846     		mov	r8, r1
 738 0008 1746     		mov	r7, r2
 739 000a 1E46     		mov	r6, r3
 190:Modules/oled/OLED.c **** 	uint8_t i;
 740              		.loc 1 190 2 is_stmt 1 view .LVU156
 191:Modules/oled/OLED.c **** 	for (i = 0; i < Length; i++)							
 741              		.loc 1 191 2 view .LVU157
 742              	.LVL80:
 743              		.loc 1 191 9 is_stmt 0 view .LVU158
 744 000c 0024     		movs	r4, #0
 745              		.loc 1 191 2 view .LVU159
 746 000e 19E0     		b	.L48
 747              	.LVL81:
 748              	.L49:
 192:Modules/oled/OLED.c **** 	{
 193:Modules/oled/OLED.c **** 		OLED_ShowChar(Line, Column + i, Number / OLED_Pow(10, Length - i - 1) % 10 + '0');
 749              		.loc 1 193 3 is_stmt 1 view .LVU160
 750 0010 04EB0805 		add	r5, r4, r8
 751 0014 EDB2     		uxtb	r5, r5
 752              		.loc 1 193 64 is_stmt 0 view .LVU161
 753 0016 311B     		subs	r1, r6, r4
 754              		.loc 1 193 44 view .LVU162
 755 0018 0139     		subs	r1, r1, #1
 756 001a 0A20     		movs	r0, #10
 757 001c FFF7FEFF 		bl	OLED_Pow
 758              	.LVL82:
 759              		.loc 1 193 42 discriminator 1 view .LVU163
 760 0020 B7FBF0F0 		udiv	r0, r7, r0
 761              		.loc 1 193 73 discriminator 1 view .LVU164
 762 0024 094A     		ldr	r2, .L51
 763 0026 A2FB0032 		umull	r3, r2, r2, r0
 764 002a D208     		lsrs	r2, r2, #3
 765 002c 02EB8202 		add	r2, r2, r2, lsl #2
 766 0030 A0EB4202 		sub	r2, r0, r2, lsl #1
 767              		.loc 1 193 3 discriminator 1 view .LVU165
 768 0034 3032     		adds	r2, r2, #48
 769 0036 D2B2     		uxtb	r2, r2
 770 0038 2946     		mov	r1, r5
 771 003a 4846     		mov	r0, r9
 772 003c FFF7FEFF 		bl	OLED_ShowChar
 773              	.LVL83:
 191:Modules/oled/OLED.c **** 	for (i = 0; i < Length; i++)							
ARM GAS  C:\Users\FASCIN~1\AppData\Local\Temp\ccolt1E9.s 			page 18


 774              		.loc 1 191 27 is_stmt 1 discriminator 3 view .LVU166
 775 0040 0134     		adds	r4, r4, #1
 776              	.LVL84:
 191:Modules/oled/OLED.c **** 	for (i = 0; i < Length; i++)							
 777              		.loc 1 191 27 is_stmt 0 discriminator 3 view .LVU167
 778 0042 E4B2     		uxtb	r4, r4
 779              	.LVL85:
 780              	.L48:
 191:Modules/oled/OLED.c **** 	for (i = 0; i < Length; i++)							
 781              		.loc 1 191 16 is_stmt 1 discriminator 1 view .LVU168
 782 0044 B442     		cmp	r4, r6
 783 0046 E3D3     		bcc	.L49
 194:Modules/oled/OLED.c **** 	}
 195:Modules/oled/OLED.c **** }
 784              		.loc 1 195 1 is_stmt 0 view .LVU169
 785 0048 BDE8F883 		pop	{r3, r4, r5, r6, r7, r8, r9, pc}
 786              	.LVL86:
 787              	.L52:
 788              		.loc 1 195 1 view .LVU170
 789              		.align	2
 790              	.L51:
 791 004c CDCCCCCC 		.word	-858993459
 792              		.cfi_endproc
 793              	.LFE78:
 795              		.section	.text.OLED_ShowSignedNum,"ax",%progbits
 796              		.align	1
 797              		.global	OLED_ShowSignedNum
 798              		.syntax unified
 799              		.thumb
 800              		.thumb_func
 802              	OLED_ShowSignedNum:
 803              	.LVL87:
 804              	.LFB79:
 196:Modules/oled/OLED.c **** 
 197:Modules/oled/OLED.c **** /**
 198:Modules/oled/OLED.c ****   * @brief  OLED显示数字（十进制，带符号数）
 199:Modules/oled/OLED.c ****   * @param  Line 起始行位置，范围：1~4
 200:Modules/oled/OLED.c ****   * @param  Column 起始列位置，范围：1~16
 201:Modules/oled/OLED.c ****   * @param  Number 要显示的数字，范围：-2147483648~2147483647
 202:Modules/oled/OLED.c ****   * @param  Length 要显示数字的长度，范围：1~10
 203:Modules/oled/OLED.c ****   * @retval 无
 204:Modules/oled/OLED.c ****   */
 205:Modules/oled/OLED.c **** void OLED_ShowSignedNum(uint8_t Line, uint8_t Column, int32_t Number, uint8_t Length)
 206:Modules/oled/OLED.c **** {
 805              		.loc 1 206 1 is_stmt 1 view -0
 806              		.cfi_startproc
 807              		@ args = 0, pretend = 0, frame = 0
 808              		@ frame_needed = 0, uses_anonymous_args = 0
 809              		.loc 1 206 1 is_stmt 0 view .LVU172
 810 0000 2DE9F843 		push	{r3, r4, r5, r6, r7, r8, r9, lr}
 811              	.LCFI13:
 812              		.cfi_def_cfa_offset 32
 813              		.cfi_offset 3, -32
 814              		.cfi_offset 4, -28
 815              		.cfi_offset 5, -24
 816              		.cfi_offset 6, -20
 817              		.cfi_offset 7, -16
ARM GAS  C:\Users\FASCIN~1\AppData\Local\Temp\ccolt1E9.s 			page 19


 818              		.cfi_offset 8, -12
 819              		.cfi_offset 9, -8
 820              		.cfi_offset 14, -4
 821 0004 8046     		mov	r8, r0
 822 0006 8946     		mov	r9, r1
 823 0008 1E46     		mov	r6, r3
 207:Modules/oled/OLED.c **** 	uint8_t i;
 824              		.loc 1 207 2 is_stmt 1 view .LVU173
 208:Modules/oled/OLED.c **** 	uint32_t Number1;
 825              		.loc 1 208 2 view .LVU174
 209:Modules/oled/OLED.c **** 	if (Number >= 0)
 826              		.loc 1 209 2 view .LVU175
 827              		.loc 1 209 5 is_stmt 0 view .LVU176
 828 000a 171E     		subs	r7, r2, #0
 829 000c 04DB     		blt	.L54
 210:Modules/oled/OLED.c **** 	{
 211:Modules/oled/OLED.c **** 		OLED_ShowChar(Line, Column, '+');
 830              		.loc 1 211 3 is_stmt 1 view .LVU177
 831 000e 2B22     		movs	r2, #43
 832              	.LVL88:
 833              		.loc 1 211 3 is_stmt 0 view .LVU178
 834 0010 FFF7FEFF 		bl	OLED_ShowChar
 835              	.LVL89:
 212:Modules/oled/OLED.c **** 		Number1 = Number;
 836              		.loc 1 212 3 is_stmt 1 view .LVU179
 837              	.L55:
 213:Modules/oled/OLED.c **** 	}
 214:Modules/oled/OLED.c **** 	else
 215:Modules/oled/OLED.c **** 	{
 216:Modules/oled/OLED.c **** 		OLED_ShowChar(Line, Column, '-');
 217:Modules/oled/OLED.c **** 		Number1 = -Number;
 218:Modules/oled/OLED.c **** 	}
 219:Modules/oled/OLED.c **** 	for (i = 0; i < Length; i++)							
 838              		.loc 1 219 2 view .LVU180
 839              		.loc 1 219 9 is_stmt 0 view .LVU181
 840 0014 0024     		movs	r4, #0
 841              		.loc 1 219 2 view .LVU182
 842 0016 1FE0     		b	.L56
 843              	.LVL90:
 844              	.L54:
 216:Modules/oled/OLED.c **** 		Number1 = -Number;
 845              		.loc 1 216 3 is_stmt 1 view .LVU183
 846 0018 2D22     		movs	r2, #45
 847              	.LVL91:
 216:Modules/oled/OLED.c **** 		Number1 = -Number;
 848              		.loc 1 216 3 is_stmt 0 view .LVU184
 849 001a FFF7FEFF 		bl	OLED_ShowChar
 850              	.LVL92:
 217:Modules/oled/OLED.c **** 	}
 851              		.loc 1 217 3 is_stmt 1 view .LVU185
 217:Modules/oled/OLED.c **** 	}
 852              		.loc 1 217 13 is_stmt 0 view .LVU186
 853 001e 7F42     		rsbs	r7, r7, #0
 854              	.LVL93:
 217:Modules/oled/OLED.c **** 	}
 855              		.loc 1 217 13 view .LVU187
 856 0020 F8E7     		b	.L55
ARM GAS  C:\Users\FASCIN~1\AppData\Local\Temp\ccolt1E9.s 			page 20


 857              	.LVL94:
 858              	.L57:
 220:Modules/oled/OLED.c **** 	{
 221:Modules/oled/OLED.c **** 		OLED_ShowChar(Line, Column + i + 1, Number1 / OLED_Pow(10, Length - i - 1) % 10 + '0');
 859              		.loc 1 221 3 is_stmt 1 view .LVU188
 860              		.loc 1 221 30 is_stmt 0 view .LVU189
 861 0022 04EB0905 		add	r5, r4, r9
 862 0026 EDB2     		uxtb	r5, r5
 863              		.loc 1 221 69 view .LVU190
 864 0028 311B     		subs	r1, r6, r4
 865              		.loc 1 221 49 view .LVU191
 866 002a 0139     		subs	r1, r1, #1
 867 002c 0A20     		movs	r0, #10
 868 002e FFF7FEFF 		bl	OLED_Pow
 869              	.LVL95:
 870              		.loc 1 221 47 discriminator 1 view .LVU192
 871 0032 B7FBF0F0 		udiv	r0, r7, r0
 872              		.loc 1 221 78 discriminator 1 view .LVU193
 873 0036 0A4A     		ldr	r2, .L59
 874 0038 A2FB0032 		umull	r3, r2, r2, r0
 875 003c D208     		lsrs	r2, r2, #3
 876 003e 02EB8202 		add	r2, r2, r2, lsl #2
 877 0042 A0EB4202 		sub	r2, r0, r2, lsl #1
 878              		.loc 1 221 3 discriminator 1 view .LVU194
 879 0046 3032     		adds	r2, r2, #48
 880              		.loc 1 221 3 view .LVU195
 881 0048 691C     		adds	r1, r5, #1
 882              		.loc 1 221 3 discriminator 1 view .LVU196
 883 004a D2B2     		uxtb	r2, r2
 884 004c C9B2     		uxtb	r1, r1
 885 004e 4046     		mov	r0, r8
 886 0050 FFF7FEFF 		bl	OLED_ShowChar
 887              	.LVL96:
 219:Modules/oled/OLED.c **** 	{
 888              		.loc 1 219 27 is_stmt 1 discriminator 3 view .LVU197
 889 0054 0134     		adds	r4, r4, #1
 890              	.LVL97:
 219:Modules/oled/OLED.c **** 	{
 891              		.loc 1 219 27 is_stmt 0 discriminator 3 view .LVU198
 892 0056 E4B2     		uxtb	r4, r4
 893              	.LVL98:
 894              	.L56:
 219:Modules/oled/OLED.c **** 	{
 895              		.loc 1 219 16 is_stmt 1 discriminator 1 view .LVU199
 896 0058 B442     		cmp	r4, r6
 897 005a E2D3     		bcc	.L57
 222:Modules/oled/OLED.c **** 	}
 223:Modules/oled/OLED.c **** }
 898              		.loc 1 223 1 is_stmt 0 view .LVU200
 899 005c BDE8F883 		pop	{r3, r4, r5, r6, r7, r8, r9, pc}
 900              	.LVL99:
 901              	.L60:
 902              		.loc 1 223 1 view .LVU201
 903              		.align	2
 904              	.L59:
 905 0060 CDCCCCCC 		.word	-858993459
 906              		.cfi_endproc
ARM GAS  C:\Users\FASCIN~1\AppData\Local\Temp\ccolt1E9.s 			page 21


 907              	.LFE79:
 909              		.section	.text.OLED_ShowHexNum,"ax",%progbits
 910              		.align	1
 911              		.global	OLED_ShowHexNum
 912              		.syntax unified
 913              		.thumb
 914              		.thumb_func
 916              	OLED_ShowHexNum:
 917              	.LVL100:
 918              	.LFB80:
 224:Modules/oled/OLED.c **** 
 225:Modules/oled/OLED.c **** /**
 226:Modules/oled/OLED.c ****   * @brief  OLED显示数字（十六进制，正数）
 227:Modules/oled/OLED.c ****   * @param  Line 起始行位置，范围：1~4
 228:Modules/oled/OLED.c ****   * @param  Column 起始列位置，范围：1~16
 229:Modules/oled/OLED.c ****   * @param  Number 要显示的数字，范围：0~0xFFFFFFFF
 230:Modules/oled/OLED.c ****   * @param  Length 要显示数字的长度，范围：1~8
 231:Modules/oled/OLED.c ****   * @retval 无
 232:Modules/oled/OLED.c ****   */
 233:Modules/oled/OLED.c **** void OLED_ShowHexNum(uint8_t Line, uint8_t Column, uint32_t Number, uint8_t Length)
 234:Modules/oled/OLED.c **** {
 919              		.loc 1 234 1 is_stmt 1 view -0
 920              		.cfi_startproc
 921              		@ args = 0, pretend = 0, frame = 0
 922              		@ frame_needed = 0, uses_anonymous_args = 0
 923              		.loc 1 234 1 is_stmt 0 view .LVU203
 924 0000 2DE9F041 		push	{r4, r5, r6, r7, r8, lr}
 925              	.LCFI14:
 926              		.cfi_def_cfa_offset 24
 927              		.cfi_offset 4, -24
 928              		.cfi_offset 5, -20
 929              		.cfi_offset 6, -16
 930              		.cfi_offset 7, -12
 931              		.cfi_offset 8, -8
 932              		.cfi_offset 14, -4
 933 0004 8046     		mov	r8, r0
 934 0006 0F46     		mov	r7, r1
 935 0008 1646     		mov	r6, r2
 936 000a 1D46     		mov	r5, r3
 235:Modules/oled/OLED.c **** 	uint8_t i, SingleNumber;
 937              		.loc 1 235 2 is_stmt 1 view .LVU204
 236:Modules/oled/OLED.c **** 	for (i = 0; i < Length; i++)							
 938              		.loc 1 236 2 view .LVU205
 939              	.LVL101:
 940              		.loc 1 236 9 is_stmt 0 view .LVU206
 941 000c 0024     		movs	r4, #0
 942              		.loc 1 236 2 view .LVU207
 943 000e 07E0     		b	.L62
 944              	.LVL102:
 945              	.L63:
 237:Modules/oled/OLED.c **** 	{
 238:Modules/oled/OLED.c **** 		SingleNumber = Number / OLED_Pow(16, Length - i - 1) % 16;
 239:Modules/oled/OLED.c **** 		if (SingleNumber < 10)
 240:Modules/oled/OLED.c **** 		{
 241:Modules/oled/OLED.c **** 			OLED_ShowChar(Line, Column + i, SingleNumber + '0');
 242:Modules/oled/OLED.c **** 		}
 243:Modules/oled/OLED.c **** 		else
ARM GAS  C:\Users\FASCIN~1\AppData\Local\Temp\ccolt1E9.s 			page 22


 244:Modules/oled/OLED.c **** 		{
 245:Modules/oled/OLED.c **** 			OLED_ShowChar(Line, Column + i, SingleNumber - 10 + 'A');
 946              		.loc 1 245 4 is_stmt 1 view .LVU208
 947 0010 E119     		adds	r1, r4, r7
 948 0012 3732     		adds	r2, r2, #55
 949              	.LVL103:
 950              		.loc 1 245 4 is_stmt 0 view .LVU209
 951 0014 C9B2     		uxtb	r1, r1
 952 0016 4046     		mov	r0, r8
 953 0018 FFF7FEFF 		bl	OLED_ShowChar
 954              	.LVL104:
 955              	.L64:
 236:Modules/oled/OLED.c **** 	for (i = 0; i < Length; i++)							
 956              		.loc 1 236 27 is_stmt 1 discriminator 2 view .LVU210
 957 001c 0134     		adds	r4, r4, #1
 958              	.LVL105:
 236:Modules/oled/OLED.c **** 	for (i = 0; i < Length; i++)							
 959              		.loc 1 236 27 is_stmt 0 discriminator 2 view .LVU211
 960 001e E4B2     		uxtb	r4, r4
 961              	.LVL106:
 962              	.L62:
 236:Modules/oled/OLED.c **** 	for (i = 0; i < Length; i++)							
 963              		.loc 1 236 16 is_stmt 1 discriminator 1 view .LVU212
 964 0020 AC42     		cmp	r4, r5
 965 0022 11D2     		bcs	.L67
 238:Modules/oled/OLED.c **** 		if (SingleNumber < 10)
 966              		.loc 1 238 3 view .LVU213
 238:Modules/oled/OLED.c **** 		if (SingleNumber < 10)
 967              		.loc 1 238 47 is_stmt 0 view .LVU214
 968 0024 291B     		subs	r1, r5, r4
 238:Modules/oled/OLED.c **** 		if (SingleNumber < 10)
 969              		.loc 1 238 27 view .LVU215
 970 0026 0139     		subs	r1, r1, #1
 971 0028 1020     		movs	r0, #16
 972 002a FFF7FEFF 		bl	OLED_Pow
 973              	.LVL107:
 238:Modules/oled/OLED.c **** 		if (SingleNumber < 10)
 974              		.loc 1 238 25 discriminator 1 view .LVU216
 975 002e B6FBF0F2 		udiv	r2, r6, r0
 238:Modules/oled/OLED.c **** 		if (SingleNumber < 10)
 976              		.loc 1 238 16 discriminator 1 view .LVU217
 977 0032 02F00F02 		and	r2, r2, #15
 978              	.LVL108:
 239:Modules/oled/OLED.c **** 		{
 979              		.loc 1 239 3 is_stmt 1 view .LVU218
 239:Modules/oled/OLED.c **** 		{
 980              		.loc 1 239 6 is_stmt 0 view .LVU219
 981 0036 092A     		cmp	r2, #9
 982 0038 EAD8     		bhi	.L63
 241:Modules/oled/OLED.c **** 		}
 983              		.loc 1 241 4 is_stmt 1 view .LVU220
 984 003a E119     		adds	r1, r4, r7
 985 003c 3032     		adds	r2, r2, #48
 986              	.LVL109:
 241:Modules/oled/OLED.c **** 		}
 987              		.loc 1 241 4 is_stmt 0 view .LVU221
 988 003e C9B2     		uxtb	r1, r1
ARM GAS  C:\Users\FASCIN~1\AppData\Local\Temp\ccolt1E9.s 			page 23


 989 0040 4046     		mov	r0, r8
 990 0042 FFF7FEFF 		bl	OLED_ShowChar
 991              	.LVL110:
 241:Modules/oled/OLED.c **** 		}
 992              		.loc 1 241 4 view .LVU222
 993 0046 E9E7     		b	.L64
 994              	.LVL111:
 995              	.L67:
 246:Modules/oled/OLED.c **** 		}
 247:Modules/oled/OLED.c **** 	}
 248:Modules/oled/OLED.c **** }
 996              		.loc 1 248 1 view .LVU223
 997 0048 BDE8F081 		pop	{r4, r5, r6, r7, r8, pc}
 998              		.loc 1 248 1 view .LVU224
 999              		.cfi_endproc
 1000              	.LFE80:
 1002              		.section	.text.OLED_ShowBinNum,"ax",%progbits
 1003              		.align	1
 1004              		.global	OLED_ShowBinNum
 1005              		.syntax unified
 1006              		.thumb
 1007              		.thumb_func
 1009              	OLED_ShowBinNum:
 1010              	.LVL112:
 1011              	.LFB81:
 249:Modules/oled/OLED.c **** 
 250:Modules/oled/OLED.c **** /**
 251:Modules/oled/OLED.c ****   * @brief  OLED显示数字（二进制，正数）
 252:Modules/oled/OLED.c ****   * @param  Line 起始行位置，范围：1~4
 253:Modules/oled/OLED.c ****   * @param  Column 起始列位置，范围：1~16
 254:Modules/oled/OLED.c ****   * @param  Number 要显示的数字，范围：0~1111 1111 1111 1111
 255:Modules/oled/OLED.c ****   * @param  Length 要显示数字的长度，范围：1~16
 256:Modules/oled/OLED.c ****   * @retval 无
 257:Modules/oled/OLED.c ****   */
 258:Modules/oled/OLED.c **** void OLED_ShowBinNum(uint8_t Line, uint8_t Column, uint32_t Number, uint8_t Length)
 259:Modules/oled/OLED.c **** {
 1012              		.loc 1 259 1 is_stmt 1 view -0
 1013              		.cfi_startproc
 1014              		@ args = 0, pretend = 0, frame = 0
 1015              		@ frame_needed = 0, uses_anonymous_args = 0
 1016              		.loc 1 259 1 is_stmt 0 view .LVU226
 1017 0000 2DE9F843 		push	{r3, r4, r5, r6, r7, r8, r9, lr}
 1018              	.LCFI15:
 1019              		.cfi_def_cfa_offset 32
 1020              		.cfi_offset 3, -32
 1021              		.cfi_offset 4, -28
 1022              		.cfi_offset 5, -24
 1023              		.cfi_offset 6, -20
 1024              		.cfi_offset 7, -16
 1025              		.cfi_offset 8, -12
 1026              		.cfi_offset 9, -8
 1027              		.cfi_offset 14, -4
 1028 0004 8146     		mov	r9, r0
 1029 0006 8846     		mov	r8, r1
 1030 0008 1746     		mov	r7, r2
 1031 000a 1E46     		mov	r6, r3
 260:Modules/oled/OLED.c **** 	uint8_t i;
ARM GAS  C:\Users\FASCIN~1\AppData\Local\Temp\ccolt1E9.s 			page 24


 1032              		.loc 1 260 2 is_stmt 1 view .LVU227
 261:Modules/oled/OLED.c **** 	for (i = 0; i < Length; i++)							
 1033              		.loc 1 261 2 view .LVU228
 1034              	.LVL113:
 1035              		.loc 1 261 9 is_stmt 0 view .LVU229
 1036 000c 0024     		movs	r4, #0
 1037              		.loc 1 261 2 view .LVU230
 1038 000e 12E0     		b	.L69
 1039              	.LVL114:
 1040              	.L70:
 262:Modules/oled/OLED.c **** 	{
 263:Modules/oled/OLED.c **** 		OLED_ShowChar(Line, Column + i, Number / OLED_Pow(2, Length - i - 1) % 2 + '0');
 1041              		.loc 1 263 3 is_stmt 1 view .LVU231
 1042 0010 04EB0805 		add	r5, r4, r8
 1043 0014 EDB2     		uxtb	r5, r5
 1044              		.loc 1 263 63 is_stmt 0 view .LVU232
 1045 0016 311B     		subs	r1, r6, r4
 1046              		.loc 1 263 44 view .LVU233
 1047 0018 0139     		subs	r1, r1, #1
 1048 001a 0220     		movs	r0, #2
 1049 001c FFF7FEFF 		bl	OLED_Pow
 1050              	.LVL115:
 1051              		.loc 1 263 42 discriminator 1 view .LVU234
 1052 0020 B7FBF0F2 		udiv	r2, r7, r0
 1053              		.loc 1 263 72 discriminator 1 view .LVU235
 1054 0024 02F00102 		and	r2, r2, #1
 1055              		.loc 1 263 3 discriminator 1 view .LVU236
 1056 0028 3032     		adds	r2, r2, #48
 1057 002a 2946     		mov	r1, r5
 1058 002c 4846     		mov	r0, r9
 1059 002e FFF7FEFF 		bl	OLED_ShowChar
 1060              	.LVL116:
 261:Modules/oled/OLED.c **** 	for (i = 0; i < Length; i++)							
 1061              		.loc 1 261 27 is_stmt 1 discriminator 3 view .LVU237
 1062 0032 0134     		adds	r4, r4, #1
 1063              	.LVL117:
 261:Modules/oled/OLED.c **** 	for (i = 0; i < Length; i++)							
 1064              		.loc 1 261 27 is_stmt 0 discriminator 3 view .LVU238
 1065 0034 E4B2     		uxtb	r4, r4
 1066              	.LVL118:
 1067              	.L69:
 261:Modules/oled/OLED.c **** 	for (i = 0; i < Length; i++)							
 1068              		.loc 1 261 16 is_stmt 1 discriminator 1 view .LVU239
 1069 0036 B442     		cmp	r4, r6
 1070 0038 EAD3     		bcc	.L70
 264:Modules/oled/OLED.c **** 	}
 265:Modules/oled/OLED.c **** }
 1071              		.loc 1 265 1 is_stmt 0 view .LVU240
 1072 003a BDE8F883 		pop	{r3, r4, r5, r6, r7, r8, r9, pc}
 1073              		.loc 1 265 1 view .LVU241
 1074              		.cfi_endproc
 1075              	.LFE81:
 1077              		.section	.text.OLED_Init,"ax",%progbits
 1078              		.align	1
 1079              		.global	OLED_Init
 1080              		.syntax unified
 1081              		.thumb
ARM GAS  C:\Users\FASCIN~1\AppData\Local\Temp\ccolt1E9.s 			page 25


 1082              		.thumb_func
 1084              	OLED_Init:
 1085              	.LFB82:
 266:Modules/oled/OLED.c **** 
 267:Modules/oled/OLED.c **** /**
 268:Modules/oled/OLED.c ****   * @brief  OLED初始化
 269:Modules/oled/OLED.c ****   * @param  无
 270:Modules/oled/OLED.c ****   * @retval 无
 271:Modules/oled/OLED.c ****   */
 272:Modules/oled/OLED.c **** void OLED_Init(void)
 273:Modules/oled/OLED.c **** {
 1086              		.loc 1 273 1 is_stmt 1 view -0
 1087              		.cfi_startproc
 1088              		@ args = 0, pretend = 0, frame = 0
 1089              		@ frame_needed = 0, uses_anonymous_args = 0
 1090 0000 08B5     		push	{r3, lr}
 1091              	.LCFI16:
 1092              		.cfi_def_cfa_offset 8
 1093              		.cfi_offset 3, -8
 1094              		.cfi_offset 14, -4
 274:Modules/oled/OLED.c **** 	uint32_t i, j;
 1095              		.loc 1 274 2 view .LVU243
 275:Modules/oled/OLED.c **** 	
 276:Modules/oled/OLED.c **** 	for (i = 0; i < 1000; i++)			//上电延时
 1096              		.loc 1 276 2 view .LVU244
 1097              	.LVL119:
 1098              		.loc 1 276 9 is_stmt 0 view .LVU245
 1099 0002 0022     		movs	r2, #0
 1100              		.loc 1 276 2 view .LVU246
 1101 0004 04E0     		b	.L73
 1102              	.LVL120:
 1103              	.L74:
 277:Modules/oled/OLED.c **** 	{
 278:Modules/oled/OLED.c **** 		for (j = 0; j < 1000; j++);
 1104              		.loc 1 278 26 is_stmt 1 discriminator 3 view .LVU247
 1105 0006 0133     		adds	r3, r3, #1
 1106              	.LVL121:
 1107              	.L75:
 1108              		.loc 1 278 17 discriminator 1 view .LVU248
 1109 0008 B3F57A7F 		cmp	r3, #1000
 1110 000c FBD3     		bcc	.L74
 276:Modules/oled/OLED.c **** 	{
 1111              		.loc 1 276 25 discriminator 2 view .LVU249
 1112 000e 0132     		adds	r2, r2, #1
 1113              	.LVL122:
 1114              	.L73:
 276:Modules/oled/OLED.c **** 	{
 1115              		.loc 1 276 16 discriminator 1 view .LVU250
 1116 0010 B2F57A7F 		cmp	r2, #1000
 1117 0014 01D2     		bcs	.L78
 1118              		.loc 1 278 10 is_stmt 0 view .LVU251
 1119 0016 0023     		movs	r3, #0
 1120 0018 F6E7     		b	.L75
 1121              	.L78:
 279:Modules/oled/OLED.c **** 	}
 280:Modules/oled/OLED.c **** 	
 281:Modules/oled/OLED.c **** 	OLED_I2C_Init();			//端口初始化
ARM GAS  C:\Users\FASCIN~1\AppData\Local\Temp\ccolt1E9.s 			page 26


 1122              		.loc 1 281 2 is_stmt 1 view .LVU252
 1123 001a FFF7FEFF 		bl	OLED_I2C_Init
 1124              	.LVL123:
 282:Modules/oled/OLED.c **** 	
 283:Modules/oled/OLED.c **** 	OLED_WriteCommand(0xAE);	//关闭显示
 1125              		.loc 1 283 2 view .LVU253
 1126 001e AE20     		movs	r0, #174
 1127 0020 FFF7FEFF 		bl	OLED_WriteCommand
 1128              	.LVL124:
 284:Modules/oled/OLED.c **** 	
 285:Modules/oled/OLED.c **** 	OLED_WriteCommand(0xD5);	//设置显示时钟分频比/振荡器频率
 1129              		.loc 1 285 2 view .LVU254
 1130 0024 D520     		movs	r0, #213
 1131 0026 FFF7FEFF 		bl	OLED_WriteCommand
 1132              	.LVL125:
 286:Modules/oled/OLED.c **** 	OLED_WriteCommand(0x80);
 1133              		.loc 1 286 2 view .LVU255
 1134 002a 8020     		movs	r0, #128
 1135 002c FFF7FEFF 		bl	OLED_WriteCommand
 1136              	.LVL126:
 287:Modules/oled/OLED.c **** 	
 288:Modules/oled/OLED.c **** 	OLED_WriteCommand(0xA8);	//设置多路复用率
 1137              		.loc 1 288 2 view .LVU256
 1138 0030 A820     		movs	r0, #168
 1139 0032 FFF7FEFF 		bl	OLED_WriteCommand
 1140              	.LVL127:
 289:Modules/oled/OLED.c **** 	OLED_WriteCommand(0x3F);
 1141              		.loc 1 289 2 view .LVU257
 1142 0036 3F20     		movs	r0, #63
 1143 0038 FFF7FEFF 		bl	OLED_WriteCommand
 1144              	.LVL128:
 290:Modules/oled/OLED.c **** 	
 291:Modules/oled/OLED.c **** 	OLED_WriteCommand(0xD3);	//设置显示偏移
 1145              		.loc 1 291 2 view .LVU258
 1146 003c D320     		movs	r0, #211
 1147 003e FFF7FEFF 		bl	OLED_WriteCommand
 1148              	.LVL129:
 292:Modules/oled/OLED.c **** 	OLED_WriteCommand(0x00);
 1149              		.loc 1 292 2 view .LVU259
 1150 0042 0020     		movs	r0, #0
 1151 0044 FFF7FEFF 		bl	OLED_WriteCommand
 1152              	.LVL130:
 293:Modules/oled/OLED.c **** 	
 294:Modules/oled/OLED.c **** 	OLED_WriteCommand(0x40);	//设置显示开始行
 1153              		.loc 1 294 2 view .LVU260
 1154 0048 4020     		movs	r0, #64
 1155 004a FFF7FEFF 		bl	OLED_WriteCommand
 1156              	.LVL131:
 295:Modules/oled/OLED.c **** 	
 296:Modules/oled/OLED.c **** 	OLED_WriteCommand(0xA1);	//设置左右方向，0xA1正常 0xA0左右反置
 1157              		.loc 1 296 2 view .LVU261
 1158 004e A120     		movs	r0, #161
 1159 0050 FFF7FEFF 		bl	OLED_WriteCommand
 1160              	.LVL132:
 297:Modules/oled/OLED.c **** 	
 298:Modules/oled/OLED.c **** 	OLED_WriteCommand(0xC8);	//设置上下方向，0xC8正常 0xC0上下反置
 1161              		.loc 1 298 2 view .LVU262
ARM GAS  C:\Users\FASCIN~1\AppData\Local\Temp\ccolt1E9.s 			page 27


 1162 0054 C820     		movs	r0, #200
 1163 0056 FFF7FEFF 		bl	OLED_WriteCommand
 1164              	.LVL133:
 299:Modules/oled/OLED.c **** 
 300:Modules/oled/OLED.c **** 	OLED_WriteCommand(0xDA);	//设置COM引脚硬件配置
 1165              		.loc 1 300 2 view .LVU263
 1166 005a DA20     		movs	r0, #218
 1167 005c FFF7FEFF 		bl	OLED_WriteCommand
 1168              	.LVL134:
 301:Modules/oled/OLED.c **** 	OLED_WriteCommand(0x12);
 1169              		.loc 1 301 2 view .LVU264
 1170 0060 1220     		movs	r0, #18
 1171 0062 FFF7FEFF 		bl	OLED_WriteCommand
 1172              	.LVL135:
 302:Modules/oled/OLED.c **** 	
 303:Modules/oled/OLED.c **** 	OLED_WriteCommand(0x81);	//设置对比度控制
 1173              		.loc 1 303 2 view .LVU265
 1174 0066 8120     		movs	r0, #129
 1175 0068 FFF7FEFF 		bl	OLED_WriteCommand
 1176              	.LVL136:
 304:Modules/oled/OLED.c **** 	OLED_WriteCommand(0xCF);
 1177              		.loc 1 304 2 view .LVU266
 1178 006c CF20     		movs	r0, #207
 1179 006e FFF7FEFF 		bl	OLED_WriteCommand
 1180              	.LVL137:
 305:Modules/oled/OLED.c **** 
 306:Modules/oled/OLED.c **** 	OLED_WriteCommand(0xD9);	//设置预充电周期
 1181              		.loc 1 306 2 view .LVU267
 1182 0072 D920     		movs	r0, #217
 1183 0074 FFF7FEFF 		bl	OLED_WriteCommand
 1184              	.LVL138:
 307:Modules/oled/OLED.c **** 	OLED_WriteCommand(0xF1);
 1185              		.loc 1 307 2 view .LVU268
 1186 0078 F120     		movs	r0, #241
 1187 007a FFF7FEFF 		bl	OLED_WriteCommand
 1188              	.LVL139:
 308:Modules/oled/OLED.c **** 
 309:Modules/oled/OLED.c **** 	OLED_WriteCommand(0xDB);	//设置VCOMH取消选择级别
 1189              		.loc 1 309 2 view .LVU269
 1190 007e DB20     		movs	r0, #219
 1191 0080 FFF7FEFF 		bl	OLED_WriteCommand
 1192              	.LVL140:
 310:Modules/oled/OLED.c **** 	OLED_WriteCommand(0x30);
 1193              		.loc 1 310 2 view .LVU270
 1194 0084 3020     		movs	r0, #48
 1195 0086 FFF7FEFF 		bl	OLED_WriteCommand
 1196              	.LVL141:
 311:Modules/oled/OLED.c **** 
 312:Modules/oled/OLED.c **** 	OLED_WriteCommand(0xA4);	//设置整个显示打开/关闭
 1197              		.loc 1 312 2 view .LVU271
 1198 008a A420     		movs	r0, #164
 1199 008c FFF7FEFF 		bl	OLED_WriteCommand
 1200              	.LVL142:
 313:Modules/oled/OLED.c **** 
 314:Modules/oled/OLED.c **** 	OLED_WriteCommand(0xA6);	//设置正常/倒转显示
 1201              		.loc 1 314 2 view .LVU272
 1202 0090 A620     		movs	r0, #166
ARM GAS  C:\Users\FASCIN~1\AppData\Local\Temp\ccolt1E9.s 			page 28


 1203 0092 FFF7FEFF 		bl	OLED_WriteCommand
 1204              	.LVL143:
 315:Modules/oled/OLED.c **** 
 316:Modules/oled/OLED.c **** 	OLED_WriteCommand(0x8D);	//设置充电泵
 1205              		.loc 1 316 2 view .LVU273
 1206 0096 8D20     		movs	r0, #141
 1207 0098 FFF7FEFF 		bl	OLED_WriteCommand
 1208              	.LVL144:
 317:Modules/oled/OLED.c **** 	OLED_WriteCommand(0x14);
 1209              		.loc 1 317 2 view .LVU274
 1210 009c 1420     		movs	r0, #20
 1211 009e FFF7FEFF 		bl	OLED_WriteCommand
 1212              	.LVL145:
 318:Modules/oled/OLED.c **** 
 319:Modules/oled/OLED.c **** 	OLED_WriteCommand(0xAF);	//开启显示
 1213              		.loc 1 319 2 view .LVU275
 1214 00a2 AF20     		movs	r0, #175
 1215 00a4 FFF7FEFF 		bl	OLED_WriteCommand
 1216              	.LVL146:
 320:Modules/oled/OLED.c **** 		
 321:Modules/oled/OLED.c **** 	OLED_Clear();				//OLED清屏
 1217              		.loc 1 321 2 view .LVU276
 1218 00a8 FFF7FEFF 		bl	OLED_Clear
 1219              	.LVL147:
 322:Modules/oled/OLED.c **** }
 1220              		.loc 1 322 1 is_stmt 0 view .LVU277
 1221 00ac 08BD     		pop	{r3, pc}
 1222              		.cfi_endproc
 1223              	.LFE82:
 1225              		.global	OLED_F8x16
 1226              		.section	.rodata.OLED_F8x16,"a"
 1227              		.align	2
 1230              	OLED_F8x16:
 1231 0000 00000000 		.ascii	"\000\000\000\000\000\000\000\000\000\000\000\000\000"
 1231      00000000 
 1231      00000000 
 1231      00
 1232 000d 000000   		.ascii	"\000\000\000"
 1233 0010 000000F8 		.ascii	"\000\000\000\370\000\000\000\000\000\000\00030\000\000"
 1233      00000000 
 1233      00000033 
 1233      300000
 1234 001f 00       		.ascii	"\000"
 1235 0020 00100C06 		.ascii	"\000\020\014\006\020\014\006\000\000\000\000\000\000"
 1235      100C0600 
 1235      00000000 
 1235      00
 1236 002d 000000   		.ascii	"\000\000\000"
 1237 0030 40C07840 		.ascii	"@\300x@\300x@\000\004?\004\004?\004\004\000"
 1237      C0784000 
 1237      043F0404 
 1237      3F040400 
 1238 0040 007088FC 		.ascii	"\000p\210\374\0100\000\000\000\030 \377!\036\000\000"
 1238      08300000 
 1238      001820FF 
 1238      211E0000 
 1239 0050 F008F000 		.ascii	"\360\010\360\000\340\030\000\000\000!\034\003\036!\036"
ARM GAS  C:\Users\FASCIN~1\AppData\Local\Temp\ccolt1E9.s 			page 29


 1239      E0180000 
 1239      00211C03 
 1239      1E211E
 1240 005f 00       		.ascii	"\000"
 1241 0060 00F00888 		.ascii	"\000\360\010\210p\000\000\000\036!#$\031'!\020"
 1241      70000000 
 1241      1E212324 
 1241      19272110 
 1242 0070 10160E00 		.ascii	"\020\026\016\000\000\000\000\000\000\000\000\000\000"
 1242      00000000 
 1242      00000000 
 1242      00
 1243 007d 000000   		.ascii	"\000\000\000"
 1244 0080 000000E0 		.ascii	"\000\000\000\340\030\004\002\000\000\000\000\007\030"
 1244      18040200 
 1244      00000007 
 1244      18
 1245 008d 204000   		.ascii	" @\000"
 1246 0090 00020418 		.ascii	"\000\002\004\030\340\000\000\000\000@ \030\007\000\000"
 1246      E0000000 
 1246      00402018 
 1246      070000
 1247 009f 00       		.ascii	"\000"
 1248 00a0 404080F0 		.ascii	"@@\200\360\200@@\000\002\002\001\017\001\002\002\000"
 1248      80404000 
 1248      0202010F 
 1248      01020200 
 1249 00b0 000000F0 		.ascii	"\000\000\000\360\000\000\000\000\001\001\001\037\001"
 1249      00000000 
 1249      0101011F 
 1249      01
 1250 00bd 010100   		.ascii	"\001\001\000"
 1251 00c0 00000000 		.ascii	"\000\000\000\000\000\000\000\000\200\260p\000\000\000"
 1251      00000000 
 1251      80B07000 
 1251      0000
 1252 00ce 0000     		.ascii	"\000\000"
 1253 00d0 00000000 		.ascii	"\000\000\000\000\000\000\000\000\000\001\001\001\001"
 1253      00000000 
 1253      00010101 
 1253      01
 1254 00dd 010101   		.ascii	"\001\001\001"
 1255 00e0 00000000 		.ascii	"\000\000\000\000\000\000\000\000\00000\000\000\000\000"
 1255      00000000 
 1255      00303000 
 1255      000000
 1256 00ef 00       		.ascii	"\000"
 1257 00f0 00000000 		.ascii	"\000\000\000\000\200`\030\004\000`\030\006\001\000\000"
 1257      80601804 
 1257      00601806 
 1257      010000
 1258 00ff 00       		.ascii	"\000"
 1259 0100 00E01008 		.ascii	"\000\340\020\010\010\020\340\000\000\017\020  \020\017"
 1259      0810E000 
 1259      000F1020 
 1259      20100F
 1260 010f 00       		.ascii	"\000"
ARM GAS  C:\Users\FASCIN~1\AppData\Local\Temp\ccolt1E9.s 			page 30


 1261 0110 001010F8 		.ascii	"\000\020\020\370\000\000\000\000\000  ?  \000\000"
 1261      00000000 
 1261      0020203F 
 1261      20200000 
 1262 0120 00700808 		.ascii	"\000p\010\010\010\210p\000\0000($\"!0\000"
 1262      08887000 
 1262      00302824 
 1262      22213000 
 1263 0130 00300888 		.ascii	"\0000\010\210\210H0\000\000\030   \021\016\000"
 1263      88483000 
 1263      00182020 
 1263      20110E00 
 1264 0140 0000C020 		.ascii	"\000\000\300 \020\370\000\000\000\007\004$$?$\000"
 1264      10F80000 
 1264      00070424 
 1264      243F2400 
 1265 0150 00F80888 		.ascii	"\000\370\010\210\210\010\010\000\000\031!  \021\016"
 1265      88080800 
 1265      00192120 
 1265      20110E
 1266 015f 00       		.ascii	"\000"
 1267 0160 00E01088 		.ascii	"\000\340\020\210\210\030\000\000\000\017\021  \021\016"
 1267      88180000 
 1267      000F1120 
 1267      20110E
 1268 016f 00       		.ascii	"\000"
 1269 0170 00380808 		.ascii	"\0008\010\010\3108\010\000\000\000\000?\000\000\000"
 1269      C8380800 
 1269      0000003F 
 1269      000000
 1270 017f 00       		.ascii	"\000"
 1271 0180 00708808 		.ascii	"\000p\210\010\010\210p\000\000\034\"!!\"\034\000"
 1271      08887000 
 1271      001C2221 
 1271      21221C00 
 1272 0190 00E01008 		.ascii	"\000\340\020\010\010\020\340\000\000\0001\"\"\021\017"
 1272      0810E000 
 1272      00003122 
 1272      22110F
 1273 019f 00       		.ascii	"\000"
 1274 01a0 000000C0 		.ascii	"\000\000\000\300\300\000\000\000\000\000\00000\000\000"
 1274      C0000000 
 1274      00000030 
 1274      300000
 1275 01af 00       		.ascii	"\000"
 1276 01b0 00000080 		.ascii	"\000\000\000\200\000\000\000\000\000\000\200`\000\000"
 1276      00000000 
 1276      00008060 
 1276      0000
 1277 01be 0000     		.ascii	"\000\000"
 1278 01c0 00008040 		.ascii	"\000\000\200@ \020\010\000\000\001\002\004\010\020 "
 1278      20100800 
 1278      00010204 
 1278      081020
 1279 01cf 00       		.ascii	"\000"
 1280 01d0 40404040 		.ascii	"@@@@@@@\000\004\004\004\004\004\004\004\000"
 1280      40404000 
ARM GAS  C:\Users\FASCIN~1\AppData\Local\Temp\ccolt1E9.s 			page 31


 1280      04040404 
 1280      04040400 
 1281 01e0 00081020 		.ascii	"\000\010\020 @\200\000\000\000 \020\010\004\002\001"
 1281      40800000 
 1281      00201008 
 1281      040201
 1282 01ef 00       		.ascii	"\000"
 1283 01f0 00704808 		.ascii	"\000pH\010\010\010\360\000\000\000\00006\001\000\000"
 1283      0808F000 
 1283      00000030 
 1283      36010000 
 1284 0200 C030C828 		.ascii	"\3000\310(\350\020\340\000\007\030'$#\024\013\000"
 1284      E810E000 
 1284      07182724 
 1284      23140B00 
 1285 0210 0000C038 		.ascii	"\000\000\3008\340\000\000\000 <#\002\002'8 "
 1285      E0000000 
 1285      203C2302 
 1285      02273820 
 1286 0220 08F88888 		.ascii	"\010\370\210\210\210p\000\000 ?   \021\016\000"
 1286      88700000 
 1286      203F2020 
 1286      20110E00 
 1287 0230 C0300808 		.ascii	"\3000\010\010\010\0108\000\007\030   \020\010\000"
 1287      08083800 
 1287      07182020 
 1287      20100800 
 1288 0240 08F80808 		.ascii	"\010\370\010\010\010\020\340\000 ?   \020\017\000"
 1288      0810E000 
 1288      203F2020 
 1288      20100F00 
 1289 0250 08F88888 		.ascii	"\010\370\210\210\350\010\020\000 ?  # \030\000"
 1289      E8081000 
 1289      203F2020 
 1289      23201800 
 1290 0260 08F88888 		.ascii	"\010\370\210\210\350\010\020\000 ? \000\003\000\000"
 1290      E8081000 
 1290      203F2000 
 1290      030000
 1291 026f 00       		.ascii	"\000"
 1292 0270 C0300808 		.ascii	"\3000\010\010\0108\000\000\007\030  \"\036\002\000"
 1292      08380000 
 1292      07182020 
 1292      221E0200 
 1293 0280 08F80800 		.ascii	"\010\370\010\000\000\010\370\010 ?!\001\001!? "
 1293      0008F808 
 1293      203F2101 
 1293      01213F20 
 1294 0290 000808F8 		.ascii	"\000\010\010\370\010\010\000\000\000  ?  \000\000"
 1294      08080000 
 1294      0020203F 
 1294      20200000 
 1295 02a0 00000808 		.ascii	"\000\000\010\010\370\010\010\000\300\200\200\200\177"
 1295      F8080800 
 1295      C0808080 
 1295      7F
 1296 02ad 000000   		.ascii	"\000\000\000"
ARM GAS  C:\Users\FASCIN~1\AppData\Local\Temp\ccolt1E9.s 			page 32


 1297 02b0 08F888C0 		.ascii	"\010\370\210\300(\030\010\000 ? \001&8 \000"
 1297      28180800 
 1297      203F2001 
 1297      26382000 
 1298 02c0 08F80800 		.ascii	"\010\370\010\000\000\000\000\000 ?    0\000"
 1298      00000000 
 1298      203F2020 
 1298      20203000 
 1299 02d0 08F8F800 		.ascii	"\010\370\370\000\370\370\010\000 ?\000?\000? \000"
 1299      F8F80800 
 1299      203F003F 
 1299      003F2000 
 1300 02e0 08F830C0 		.ascii	"\010\3700\300\000\010\370\010 ? \000\007\030?\000"
 1300      0008F808 
 1300      203F2000 
 1300      07183F00 
 1301 02f0 E0100808 		.ascii	"\340\020\010\010\010\020\340\000\017\020   \020\017"
 1301      0810E000 
 1301      0F102020 
 1301      20100F
 1302 02ff 00       		.ascii	"\000"
 1303 0300 08F80808 		.ascii	"\010\370\010\010\010\010\360\000 ?!\001\001\001\000"
 1303      0808F000 
 1303      203F2101 
 1303      010100
 1304 030f 00       		.ascii	"\000"
 1305 0310 E0100808 		.ascii	"\340\020\010\010\010\020\340\000\017\030$$8PO\000"
 1305      0810E000 
 1305      0F182424 
 1305      38504F00 
 1306 0320 08F88888 		.ascii	"\010\370\210\210\210\210p\000 ? \000\003\0140 "
 1306      88887000 
 1306      203F2000 
 1306      030C3020 
 1307 0330 00708808 		.ascii	"\000p\210\010\010\0108\000\0008 !!\"\034\000"
 1307      08083800 
 1307      00382021 
 1307      21221C00 
 1308 0340 180808F8 		.ascii	"\030\010\010\370\010\010\030\000\000\000 ? \000\000"
 1308      08081800 
 1308      0000203F 
 1308      200000
 1309 034f 00       		.ascii	"\000"
 1310 0350 08F80800 		.ascii	"\010\370\010\000\000\010\370\010\000\037    \037\000"
 1310      0008F808 
 1310      001F2020 
 1310      20201F00 
 1311 0360 08788800 		.ascii	"\010x\210\000\000\3108\010\000\000\0078\016\001\000"
 1311      00C83808 
 1311      00000738 
 1311      0E0100
 1312 036f 00       		.ascii	"\000"
 1313 0370 F80800F8 		.ascii	"\370\010\000\370\000\010\370\000\003<\007\000\007<\003"
 1313      0008F800 
 1313      033C0700 
 1313      073C03
 1314 037f 00       		.ascii	"\000"
ARM GAS  C:\Users\FASCIN~1\AppData\Local\Temp\ccolt1E9.s 			page 33


 1315 0380 08186880 		.ascii	"\010\030h\200\200h\030\010 0,\003\003,0 "
 1315      80681808 
 1315      20302C03 
 1315      032C3020 
 1316 0390 0838C800 		.ascii	"\0108\310\000\3108\010\000\000\000 ? \000\000\000"
 1316      C8380800 
 1316      0000203F 
 1316      20000000 
 1317 03a0 10080808 		.ascii	"\020\010\010\010\3108\010\000 8&!  \030\000"
 1317      C8380800 
 1317      20382621 
 1317      20201800 
 1318 03b0 000000FE 		.ascii	"\000\000\000\376\002\002\002\000\000\000\000\177@@@"
 1318      02020200 
 1318      0000007F 
 1318      404040
 1319 03bf 00       		.ascii	"\000"
 1320 03c0 000C30C0 		.ascii	"\000\0140\300\000\000\000\000\000\000\000\001\0068\300"
 1320      00000000 
 1320      00000001 
 1320      0638C0
 1321 03cf 00       		.ascii	"\000"
 1322 03d0 00020202 		.ascii	"\000\002\002\002\376\000\000\000\000@@@\177\000\000"
 1322      FE000000 
 1322      00404040 
 1322      7F0000
 1323 03df 00       		.ascii	"\000"
 1324 03e0 00000402 		.ascii	"\000\000\004\002\002\002\004\000\000\000\000\000\000"
 1324      02020400 
 1324      00000000 
 1324      00
 1325 03ed 000000   		.ascii	"\000\000\000"
 1326 03f0 00000000 		.ascii	"\000\000\000\000\000\000\000\000\200\200\200\200\200"
 1326      00000000 
 1326      80808080 
 1326      80
 1327 03fd 808080   		.ascii	"\200\200\200"
 1328 0400 00020204 		.ascii	"\000\002\002\004\000\000\000\000\000\000\000\000\000"
 1328      00000000 
 1328      00000000 
 1328      00
 1329 040d 000000   		.ascii	"\000\000\000"
 1330 0410 00008080 		.ascii	"\000\000\200\200\200\200\000\000\000\031$\"\"\"? "
 1330      80800000 
 1330      00192422 
 1330      22223F20 
 1331 0420 08F80080 		.ascii	"\010\370\000\200\200\000\000\000\000?\021  \021\016"
 1331      80000000 
 1331      003F1120 
 1331      20110E
 1332 042f 00       		.ascii	"\000"
 1333 0430 00000080 		.ascii	"\000\000\000\200\200\200\000\000\000\016\021   \021"
 1333      80800000 
 1333      000E1120 
 1333      202011
 1334 043f 00       		.ascii	"\000"
 1335 0440 00000080 		.ascii	"\000\000\000\200\200\210\370\000\000\016\021  \020?"
ARM GAS  C:\Users\FASCIN~1\AppData\Local\Temp\ccolt1E9.s 			page 34


 1335      8088F800 
 1335      000E1120 
 1335      20103F
 1336 044f 20       		.ascii	" "
 1337 0450 00008080 		.ascii	"\000\000\200\200\200\200\000\000\000\037\"\"\"\"\023"
 1337      80800000 
 1337      001F2222 
 1337      222213
 1338 045f 00       		.ascii	"\000"
 1339 0460 008080F0 		.ascii	"\000\200\200\360\210\210\210\030\000  ?  \000\000"
 1339      88888818 
 1339      0020203F 
 1339      20200000 
 1340 0470 00008080 		.ascii	"\000\000\200\200\200\200\200\000\000k\224\224\224\223"
 1340      80808000 
 1340      006B9494 
 1340      9493
 1341 047e 6000     		.ascii	"`\000"
 1342 0480 08F80080 		.ascii	"\010\370\000\200\200\200\000\000 ?!\000\000 ? "
 1342      80800000 
 1342      203F2100 
 1342      00203F20 
 1343 0490 00809898 		.ascii	"\000\200\230\230\000\000\000\000\000  ?  \000\000"
 1343      00000000 
 1343      0020203F 
 1343      20200000 
 1344 04a0 00000080 		.ascii	"\000\000\000\200\230\230\000\000\000\300\200\200\200"
 1344      98980000 
 1344      00C08080 
 1344      80
 1345 04ad 7F0000   		.ascii	"\177\000\000"
 1346 04b0 08F80000 		.ascii	"\010\370\000\000\200\200\200\000 ?$\002-0 \000"
 1346      80808000 
 1346      203F2402 
 1346      2D302000 
 1347 04c0 000808F8 		.ascii	"\000\010\010\370\000\000\000\000\000  ?  \000\000"
 1347      00000000 
 1347      0020203F 
 1347      20200000 
 1348 04d0 80808080 		.ascii	"\200\200\200\200\200\200\200\000 ? \000? \000?"
 1348      80808000 
 1348      203F2000 
 1348      3F20003F 
 1349 04e0 80800080 		.ascii	"\200\200\000\200\200\200\000\000 ?!\000\000 ? "
 1349      80800000 
 1349      203F2100 
 1349      00203F20 
 1350 04f0 00008080 		.ascii	"\000\000\200\200\200\200\000\000\000\037    \037\000"
 1350      80800000 
 1350      001F2020 
 1350      20201F00 
 1351 0500 80800080 		.ascii	"\200\200\000\200\200\000\000\000\200\377\241  \021\016"
 1351      80000000 
 1351      80FFA120 
 1351      20110E
 1352 050f 00       		.ascii	"\000"
 1353 0510 00000080 		.ascii	"\000\000\000\200\200\200\200\000\000\016\021  \240\377"
ARM GAS  C:\Users\FASCIN~1\AppData\Local\Temp\ccolt1E9.s 			page 35


 1353      80808000 
 1353      000E1120 
 1353      20A0FF
 1354 051f 80       		.ascii	"\200"
 1355 0520 80808000 		.ascii	"\200\200\200\000\200\200\200\000  ?! \000\001\000"
 1355      80808000 
 1355      20203F21 
 1355      20000100 
 1356 0530 00008080 		.ascii	"\000\000\200\200\200\200\200\000\0003$$$$\031\000"
 1356      80808000 
 1356      00332424 
 1356      24241900 
 1357 0540 008080E0 		.ascii	"\000\200\200\340\200\200\000\000\000\000\000\037  \000"
 1357      80800000 
 1357      0000001F 
 1357      202000
 1358 054f 00       		.ascii	"\000"
 1359 0550 80800000 		.ascii	"\200\200\000\000\000\200\200\000\000\037   \020? "
 1359      00808000 
 1359      001F2020 
 1359      20103F20 
 1360 0560 80808000 		.ascii	"\200\200\200\000\000\200\200\200\000\001\0160\010\006"
 1360      00808080 
 1360      00010E30 
 1360      0806
 1361 056e 0100     		.ascii	"\001\000"
 1362 0570 80800080 		.ascii	"\200\200\000\200\000\200\200\200\0170\014\003\0140\017"
 1362      00808080 
 1362      0F300C03 
 1362      0C300F
 1363 057f 00       		.ascii	"\000"
 1364 0580 00808000 		.ascii	"\000\200\200\000\200\200\200\000\000 1.\0161 \000"
 1364      80808000 
 1364      0020312E 
 1364      0E312000 
 1365 0590 80808000 		.ascii	"\200\200\200\000\000\200\200\200\200\201\216p\030\006"
 1365      00808080 
 1365      80818E70 
 1365      1806
 1366 059e 0100     		.ascii	"\001\000"
 1367 05a0 00808080 		.ascii	"\000\200\200\200\200\200\200\000\000!0,\"!0\000"
 1367      80808000 
 1367      0021302C 
 1367      22213000 
 1368 05b0 00000000 		.ascii	"\000\000\000\000\200|\002\002\000\000\000\000\000?@"
 1368      807C0202 
 1368      00000000 
 1368      003F40
 1369 05bf 40       		.ascii	"@"
 1370 05c0 00000000 		.ascii	"\000\000\000\000\377\000\000\000\000\000\000\000\377"
 1370      FF000000 
 1370      00000000 
 1370      FF
 1371 05cd 000000   		.ascii	"\000\000\000"
 1372 05d0 0002027C 		.ascii	"\000\002\002|\200\000\000\000\000@@?\000\000\000\000"
 1372      80000000 
 1372      0040403F 
ARM GAS  C:\Users\FASCIN~1\AppData\Local\Temp\ccolt1E9.s 			page 36


 1372      00000000 
 1373 05e0 00060101 		.ascii	"\000\006\001\001\002\002\004\004\000\000\000\000\000"
 1373      02020404 
 1373      00000000 
 1373      00
 1374 05ed 000000   		.ascii	"\000\000\000"
 1375              		.text
 1376              	.Letext0:
 1377              		.file 2 "D:/Application/Work/MSYS2/ucrt64/arm-none-eabi/include/machine/_default_types.h"
 1378              		.file 3 "D:/Application/Work/MSYS2/ucrt64/arm-none-eabi/include/sys/_stdint.h"
 1379              		.file 4 "Drivers/CMSIS/Device/ST/STM32F1xx/Include/stm32f103xb.h"
 1380              		.file 5 "Drivers/STM32F1xx_HAL_Driver/Inc/stm32f1xx_hal_gpio.h"
 1381              		.file 6 "Modules/oled/OLED_Font.h"
ARM GAS  C:\Users\FASCIN~1\AppData\Local\Temp\ccolt1E9.s 			page 37


DEFINED SYMBOLS
                            *ABS*:00000000 OLED.c
C:\Users\FASCIN~1\AppData\Local\Temp\ccolt1E9.s:19     .text.OLED_W_SCL:00000000 $t
C:\Users\FASCIN~1\AppData\Local\Temp\ccolt1E9.s:25     .text.OLED_W_SCL:00000000 OLED_W_SCL
C:\Users\FASCIN~1\AppData\Local\Temp\ccolt1E9.s:51     .text.OLED_W_SCL:00000010 $d
C:\Users\FASCIN~1\AppData\Local\Temp\ccolt1E9.s:56     .text.OLED_W_SDA:00000000 $t
C:\Users\FASCIN~1\AppData\Local\Temp\ccolt1E9.s:62     .text.OLED_W_SDA:00000000 OLED_W_SDA
C:\Users\FASCIN~1\AppData\Local\Temp\ccolt1E9.s:88     .text.OLED_W_SDA:00000010 $d
C:\Users\FASCIN~1\AppData\Local\Temp\ccolt1E9.s:93     .text.OLED_I2C_Init:00000000 $t
C:\Users\FASCIN~1\AppData\Local\Temp\ccolt1E9.s:99     .text.OLED_I2C_Init:00000000 OLED_I2C_Init
C:\Users\FASCIN~1\AppData\Local\Temp\ccolt1E9.s:124    .text.OLED_I2C_Start:00000000 $t
C:\Users\FASCIN~1\AppData\Local\Temp\ccolt1E9.s:130    .text.OLED_I2C_Start:00000000 OLED_I2C_Start
C:\Users\FASCIN~1\AppData\Local\Temp\ccolt1E9.s:163    .text.OLED_I2C_Stop:00000000 $t
C:\Users\FASCIN~1\AppData\Local\Temp\ccolt1E9.s:169    .text.OLED_I2C_Stop:00000000 OLED_I2C_Stop
C:\Users\FASCIN~1\AppData\Local\Temp\ccolt1E9.s:198    .text.OLED_I2C_SendByte:00000000 $t
C:\Users\FASCIN~1\AppData\Local\Temp\ccolt1E9.s:204    .text.OLED_I2C_SendByte:00000000 OLED_I2C_SendByte
C:\Users\FASCIN~1\AppData\Local\Temp\ccolt1E9.s:270    .text.OLED_WriteCommand:00000000 $t
C:\Users\FASCIN~1\AppData\Local\Temp\ccolt1E9.s:276    .text.OLED_WriteCommand:00000000 OLED_WriteCommand
C:\Users\FASCIN~1\AppData\Local\Temp\ccolt1E9.s:315    .text.OLED_WriteData:00000000 $t
C:\Users\FASCIN~1\AppData\Local\Temp\ccolt1E9.s:321    .text.OLED_WriteData:00000000 OLED_WriteData
C:\Users\FASCIN~1\AppData\Local\Temp\ccolt1E9.s:360    .text.OLED_SetCursor:00000000 $t
C:\Users\FASCIN~1\AppData\Local\Temp\ccolt1E9.s:366    .text.OLED_SetCursor:00000000 OLED_SetCursor
C:\Users\FASCIN~1\AppData\Local\Temp\ccolt1E9.s:413    .text.OLED_Clear:00000000 $t
C:\Users\FASCIN~1\AppData\Local\Temp\ccolt1E9.s:419    .text.OLED_Clear:00000000 OLED_Clear
C:\Users\FASCIN~1\AppData\Local\Temp\ccolt1E9.s:484    .text.OLED_ShowChar:00000000 $t
C:\Users\FASCIN~1\AppData\Local\Temp\ccolt1E9.s:490    .text.OLED_ShowChar:00000000 OLED_ShowChar
C:\Users\FASCIN~1\AppData\Local\Temp\ccolt1E9.s:597    .text.OLED_ShowChar:00000068 $d
C:\Users\FASCIN~1\AppData\Local\Temp\ccolt1E9.s:1230   .rodata.OLED_F8x16:00000000 OLED_F8x16
C:\Users\FASCIN~1\AppData\Local\Temp\ccolt1E9.s:602    .text.OLED_ShowString:00000000 $t
C:\Users\FASCIN~1\AppData\Local\Temp\ccolt1E9.s:608    .text.OLED_ShowString:00000000 OLED_ShowString
C:\Users\FASCIN~1\AppData\Local\Temp\ccolt1E9.s:663    .text.OLED_Pow:00000000 $t
C:\Users\FASCIN~1\AppData\Local\Temp\ccolt1E9.s:669    .text.OLED_Pow:00000000 OLED_Pow
C:\Users\FASCIN~1\AppData\Local\Temp\ccolt1E9.s:711    .text.OLED_ShowNum:00000000 $t
C:\Users\FASCIN~1\AppData\Local\Temp\ccolt1E9.s:717    .text.OLED_ShowNum:00000000 OLED_ShowNum
C:\Users\FASCIN~1\AppData\Local\Temp\ccolt1E9.s:791    .text.OLED_ShowNum:0000004c $d
C:\Users\FASCIN~1\AppData\Local\Temp\ccolt1E9.s:796    .text.OLED_ShowSignedNum:00000000 $t
C:\Users\FASCIN~1\AppData\Local\Temp\ccolt1E9.s:802    .text.OLED_ShowSignedNum:00000000 OLED_ShowSignedNum
C:\Users\FASCIN~1\AppData\Local\Temp\ccolt1E9.s:905    .text.OLED_ShowSignedNum:00000060 $d
C:\Users\FASCIN~1\AppData\Local\Temp\ccolt1E9.s:910    .text.OLED_ShowHexNum:00000000 $t
C:\Users\FASCIN~1\AppData\Local\Temp\ccolt1E9.s:916    .text.OLED_ShowHexNum:00000000 OLED_ShowHexNum
C:\Users\FASCIN~1\AppData\Local\Temp\ccolt1E9.s:1003   .text.OLED_ShowBinNum:00000000 $t
C:\Users\FASCIN~1\AppData\Local\Temp\ccolt1E9.s:1009   .text.OLED_ShowBinNum:00000000 OLED_ShowBinNum
C:\Users\FASCIN~1\AppData\Local\Temp\ccolt1E9.s:1078   .text.OLED_Init:00000000 $t
C:\Users\FASCIN~1\AppData\Local\Temp\ccolt1E9.s:1084   .text.OLED_Init:00000000 OLED_Init
C:\Users\FASCIN~1\AppData\Local\Temp\ccolt1E9.s:1227   .rodata.OLED_F8x16:00000000 $d

UNDEFINED SYMBOLS
HAL_GPIO_WritePin
