ARM GAS  C:\Users\FASCIN~1\AppData\Local\Temp\ccEuOHY5.s 			page 1


   1              		.cpu cortex-m3
   2              		.arch armv7-m
   3              		.fpu softvfp
   4              		.eabi_attribute 20, 1
   5              		.eabi_attribute 21, 1
   6              		.eabi_attribute 23, 3
   7              		.eabi_attribute 24, 1
   8              		.eabi_attribute 25, 1
   9              		.eabi_attribute 26, 1
  10              		.eabi_attribute 30, 1
  11              		.eabi_attribute 34, 1
  12              		.eabi_attribute 18, 4
  13              		.file	"timer.c"
  14              		.text
  15              	.Ltext0:
  16              		.cfi_sections	.debug_frame
  17              		.file 1 "Bsp/timer/timer.c"
  18              		.section	.text.tim2_init,"ax",%progbits
  19              		.align	1
  20              		.global	tim2_init
  21              		.syntax unified
  22              		.thumb
  23              		.thumb_func
  25              	tim2_init:
  26              	.LFB68:
   1:Bsp/timer/timer.c **** #include "timer.h"
   2:Bsp/timer/timer.c **** 
   3:Bsp/timer/timer.c **** void tim2_init(void)
   4:Bsp/timer/timer.c **** {
  27              		.loc 1 4 1 view -0
  28              		.cfi_startproc
  29              		@ args = 0, pretend = 0, frame = 0
  30              		@ frame_needed = 0, uses_anonymous_args = 0
  31 0000 08B5     		push	{r3, lr}
  32              	.LCFI0:
  33              		.cfi_def_cfa_offset 8
  34              		.cfi_offset 3, -8
  35              		.cfi_offset 14, -4
   5:Bsp/timer/timer.c ****       HAL_TIM_Base_Start_IT(&htim2);                // 使能定时器2中断
  36              		.loc 1 5 7 view .LVU1
  37 0002 0248     		ldr	r0, .L3
  38 0004 FFF7FEFF 		bl	HAL_TIM_Base_Start_IT
  39              	.LVL0:
   6:Bsp/timer/timer.c **** }...
  40              		.loc 1 6 1 is_stmt 0 view .LVU2
  41 0008 08BD     		pop	{r3, pc}
  42              	.L4:
  43 000a 00BF     		.align	2
  44              	.L3:
  45 000c 00000000 		.word	htim2
  46              		.cfi_endproc
  47              	.LFE68:
  49              		.text
  50              	.Letext0:
  51              		.file 2 "D:/Application/Work/MSYS2/ucrt64/arm-none-eabi/include/machine/_default_types.h"
  52              		.file 3 "D:/Application/Work/MSYS2/ucrt64/arm-none-eabi/include/sys/_stdint.h"
  53              		.file 4 "Drivers/CMSIS/Device/ST/STM32F1xx/Include/stm32f103xb.h"
ARM GAS  C:\Users\FASCIN~1\AppData\Local\Temp\ccEuOHY5.s 			page 2


  54              		.file 5 "Drivers/STM32F1xx_HAL_Driver/Inc/stm32f1xx_hal_def.h"
  55              		.file 6 "Drivers/STM32F1xx_HAL_Driver/Inc/stm32f1xx_hal_dma.h"
  56              		.file 7 "Drivers/STM32F1xx_HAL_Driver/Inc/stm32f1xx_hal_tim.h"
  57              		.file 8 "Core/Inc/tim.h"
ARM GAS  C:\Users\FASCIN~1\AppData\Local\Temp\ccEuOHY5.s 			page 3


DEFINED SYMBOLS
                            *ABS*:00000000 timer.c
C:\Users\FASCIN~1\AppData\Local\Temp\ccEuOHY5.s:19     .text.tim2_init:00000000 $t
C:\Users\FASCIN~1\AppData\Local\Temp\ccEuOHY5.s:25     .text.tim2_init:00000000 tim2_init
C:\Users\FASCIN~1\AppData\Local\Temp\ccEuOHY5.s:45     .text.tim2_init:0000000c $d

UNDEFINED SYMBOLS
HAL_TIM_Base_Start_IT
htim2
