Component: ARM Compiler 5.06 update 5 (build 528) Tool: armlink [4d35e2]

==============================================================================

Section Cross References

    startup_stm32f10x_md.o(STACK) refers (Special) to heapauxi.o(.text) for __use_two_region_memory
    startup_stm32f10x_md.o(HEAP) refers (Special) to heapauxi.o(.text) for __use_two_region_memory
    startup_stm32f10x_md.o(RESET) refers (Special) to heapauxi.o(.text) for __use_two_region_memory
    startup_stm32f10x_md.o(RESET) refers to startup_stm32f10x_md.o(STACK) for __initial_sp
    startup_stm32f10x_md.o(RESET) refers to startup_stm32f10x_md.o(.text) for Reset_Handler
    startup_stm32f10x_md.o(RESET) refers to stm32f10x_it.o(i.NMI_Handler) for NMI_Handler
    startup_stm32f10x_md.o(RESET) refers to stm32f10x_it.o(i.HardFault_Handler) for HardFault_Handler
    startup_stm32f10x_md.o(RESET) refers to stm32f10x_it.o(i.MemManage_Handler) for MemManage_Handler
    startup_stm32f10x_md.o(RESET) refers to stm32f10x_it.o(i.BusFault_Handler) for BusFault_Handler
    startup_stm32f10x_md.o(RESET) refers to stm32f10x_it.o(i.UsageFault_Handler) for UsageFault_Handler
    startup_stm32f10x_md.o(RESET) refers to stm32f10x_it.o(i.SVC_Handler) for SVC_Handler
    startup_stm32f10x_md.o(RESET) refers to stm32f10x_it.o(i.DebugMon_Handler) for DebugMon_Handler
    startup_stm32f10x_md.o(RESET) refers to stm32f10x_it.o(i.PendSV_Handler) for PendSV_Handler
    startup_stm32f10x_md.o(RESET) refers to stm32f10x_it.o(i.SysTick_Handler) for SysTick_Handler
    startup_stm32f10x_md.o(RESET) refers to main.o(i.EXTI0_IRQHandler) for EXTI0_IRQHandler
    startup_stm32f10x_md.o(RESET) refers to hc_sr04.o(i.TIM2_IRQHandler) for TIM2_IRQHandler
    startup_stm32f10x_md.o(RESET) refers to hc06.o(i.USART2_IRQHandler) for USART2_IRQHandler
    startup_stm32f10x_md.o(.text) refers (Special) to heapauxi.o(.text) for __use_two_region_memory
    startup_stm32f10x_md.o(.text) refers to system_stm32f10x.o(i.SystemInit) for SystemInit
    startup_stm32f10x_md.o(.text) refers to __main.o(!!!main) for __main
    startup_stm32f10x_md.o(.text) refers to startup_stm32f10x_md.o(HEAP) for Heap_Mem
    startup_stm32f10x_md.o(.text) refers to startup_stm32f10x_md.o(STACK) for Stack_Mem
    system_stm32f10x.o(i.SetSysClock) refers to system_stm32f10x.o(i.SetSysClockTo72) for SetSysClockTo72
    system_stm32f10x.o(i.SystemCoreClockUpdate) refers to system_stm32f10x.o(.data) for SystemCoreClock
    system_stm32f10x.o(i.SystemInit) refers to system_stm32f10x.o(i.SetSysClock) for SetSysClock
    stm32f10x_adc.o(i.ADC_DeInit) refers to stm32f10x_rcc.o(i.RCC_APB2PeriphResetCmd) for RCC_APB2PeriphResetCmd
    stm32f10x_bkp.o(i.BKP_DeInit) refers to stm32f10x_rcc.o(i.RCC_BackupResetCmd) for RCC_BackupResetCmd
    stm32f10x_can.o(i.CAN_DeInit) refers to stm32f10x_rcc.o(i.RCC_APB1PeriphResetCmd) for RCC_APB1PeriphResetCmd
    stm32f10x_can.o(i.CAN_GetITStatus) refers to stm32f10x_can.o(i.CheckITStatus) for CheckITStatus
    stm32f10x_cec.o(i.CEC_DeInit) refers to stm32f10x_rcc.o(i.RCC_APB1PeriphResetCmd) for RCC_APB1PeriphResetCmd
    stm32f10x_dac.o(i.DAC_DeInit) refers to stm32f10x_rcc.o(i.RCC_APB1PeriphResetCmd) for RCC_APB1PeriphResetCmd
    stm32f10x_flash.o(i.FLASH_EnableWriteProtection) refers to stm32f10x_flash.o(i.FLASH_WaitForLastOperation) for FLASH_WaitForLastOperation
    stm32f10x_flash.o(i.FLASH_EraseAllBank1Pages) refers to stm32f10x_flash.o(i.FLASH_WaitForLastBank1Operation) for FLASH_WaitForLastBank1Operation
    stm32f10x_flash.o(i.FLASH_EraseAllPages) refers to stm32f10x_flash.o(i.FLASH_WaitForLastOperation) for FLASH_WaitForLastOperation
    stm32f10x_flash.o(i.FLASH_EraseOptionBytes) refers to stm32f10x_flash.o(i.FLASH_GetReadOutProtectionStatus) for FLASH_GetReadOutProtectionStatus
    stm32f10x_flash.o(i.FLASH_EraseOptionBytes) refers to stm32f10x_flash.o(i.FLASH_WaitForLastOperation) for FLASH_WaitForLastOperation
    stm32f10x_flash.o(i.FLASH_ErasePage) refers to stm32f10x_flash.o(i.FLASH_WaitForLastOperation) for FLASH_WaitForLastOperation
    stm32f10x_flash.o(i.FLASH_ProgramHalfWord) refers to stm32f10x_flash.o(i.FLASH_WaitForLastOperation) for FLASH_WaitForLastOperation
    stm32f10x_flash.o(i.FLASH_ProgramOptionByteData) refers to stm32f10x_flash.o(i.FLASH_WaitForLastOperation) for FLASH_WaitForLastOperation
    stm32f10x_flash.o(i.FLASH_ProgramWord) refers to stm32f10x_flash.o(i.FLASH_WaitForLastOperation) for FLASH_WaitForLastOperation
    stm32f10x_flash.o(i.FLASH_ReadOutProtection) refers to stm32f10x_flash.o(i.FLASH_WaitForLastOperation) for FLASH_WaitForLastOperation
    stm32f10x_flash.o(i.FLASH_UserOptionByteConfig) refers to stm32f10x_flash.o(i.FLASH_WaitForLastOperation) for FLASH_WaitForLastOperation
    stm32f10x_flash.o(i.FLASH_WaitForLastBank1Operation) refers to stm32f10x_flash.o(i.FLASH_GetBank1Status) for FLASH_GetBank1Status
[...]
    ADCPrescTable                            0x20000010   Data           4  stm32f10x_rcc.o(.data)
    .data                                    0x20000014   Section        1  main.o(.data)
    .data                                    0x20000018   Section       22  mode.o(.data)
    obstacle_blocked                         0x2000002c   Data           1  mode.o(.data)
    last_mode                                0x2000002d   Data           1  mode.o(.data)
    .data                                    0x20000030   Section       52  control.o(.data)
    Encoder_Err                              0x20000054   Data           4  control.o(.data)
    filtered_Err                             0x20000058   Data           4  control.o(.data)
    last_filtered_Err                        0x2000005c   Data           4  control.o(.data)
    Encoder_S                                0x20000060   Data           4  control.o(.data)
    .data                                    0x20000064   Section        1  key.o(.data)
    key_pre                                  0x20000064   Data           1  key.o(.data)
    .data                                    0x20000068   Section       12  oled.o(.data)
    oled_bus                                 0x20000068   Data          12  oled.o(.data)
    .data                                    0x20000074   Section       17  motor.o(.data)
    .data                                    0x20000085   Section        6  hc06.o(.data)
    bt_cmd                                   0x20000085   Data           4  hc06.o(.data)
    rx_data                                  0x20000089   Data           2  hc06.o(.data)
    .data                                    0x2000008c   Section        6  hc_sr04.o(.data)
    filter_index                             0x2000008c   Data           1  hc_sr04.o(.data)
    time                                     0x2000008e   Data           2  hc_sr04.o(.data)
    .data                                    0x20000094   Section       12  mpu6050.o(.data)
    mpu6050_bus                              0x20000094   Data          12  mpu6050.o(.data)
    .data                                    0x200000a0   Section       53  inv_mpu.o(.data)
    st                                       0x200000a0   Data          44  inv_mpu.o(.data)
    gyro_orientation                         0x200000cc   Data           9  inv_mpu.o(.data)
    .bss                                     0x200000d8   Section       68  control.o(.bss)
    .bss                                     0x2000011c   Section       20  hc_sr04.o(.bss)
    distance_buffer                          0x2000011c   Data          20  hc_sr04.o(.bss)
    .bss                                     0x20000130   Section       24  mpu6050.o(.bss)
    .bss                                     0x20000148   Section       16  inv_mpu_dmp_motion_driver.o(.bss)
    dmp                                      0x20000148   Data          16  inv_mpu_dmp_motion_driver.o(.bss)
    .bss                                     0x20000158   Section       96  libspace.o(.bss)
    HEAP                                     0x200001b8   Section      512  startup_stm32f10x_md.o(HEAP)
    Heap_Mem                                 0x200001b8   Data         512  startup_stm32f10x_md.o(HEAP)
    STACK                                    0x200003b8   Section     1024  startup_stm32f10x_md.o(STACK)
    Stack_Mem                                0x200003b8   Data        1024  startup_stm32f10x_md.o(STACK)
    __initial_sp                             0x200007b8   Data           0  startup_stm32f10x_md.o(STACK)

    Global Symbols

    Symbol Name                              Value     Ov Type        Size  Object(Section)

    BuildAttributes$$THM_ISAv4$P$D$K$B$S$PE$A:L22UL41UL21$X:L11$S22US41US21$IEEE1$IW$USESV6$~STKCKD$USESV7$~SHL$OTIME$ROPI$IEEEX$EBA8$UX$STANDARDLIB$REQ8$PRES8$EABIv2 0x00000000   Number         0  anon$$obj.o ABSOLUTE
    __ARM_use_no_argv                        0x00000000   Number         0  main.o ABSOLUTE
    __ARM_exceptions_init                     - Undefined Weak Reference
    __alloca_initialize                       - Undefined Weak Reference
    __arm_preinit_                            - Undefined Weak Reference
    __cpp_initialize__aeabi_                  - Undefined Weak Reference
    __cxa_finalize                            - Undefined Weak Reference
    __rt_locale                               - Undefined Weak Reference
    __sigvec_lookup                           - Undefined Weak Reference
    _atexit_init                              - Undefined Weak Reference
    _call_atexit_fns                          - Undefined Weak Reference
    _clock_init                               - Undefined Weak Reference
    _fp_trap_init                             - Undefined Weak Reference
    _fp_trap_shutdown                         - Undefined Weak Reference
    _get_lc_collate                           - Undefined Weak Reference
    _get_lc_ctype                             - Undefined Weak Reference
    _get_lc_monetary                          - Undefined Weak Reference
    _get_lc_numeric                           - Undefined Weak Reference
    _get_lc_time                              - Undefined Weak Reference
    _getenv_init                              - Undefined Weak Reference
    _handle_redirection                       - Undefined Weak Reference
    _init_alloc                               - Undefined Weak Reference
    _init_user_alloc                          - Undefined Weak Reference
    _initio                                   - Undefined Weak Reference
    _rand_init                                - Undefined Weak Reference
    _signal_finish                            - Undefined Weak Reference
    _signal_init                              - Undefined Weak Reference
    _terminate_alloc                          - Undefined Weak Reference
    _terminate_user_alloc                     - Undefined Weak Reference
    _terminateio                              - Undefined Weak Reference
    __Vectors_Size                           0x000000ec   Number         0  startup_stm32f10x_md.o ABSOLUTE
    __Vectors                                0x08000000   Data           4  startup_stm32f10x_md.o(RESET)
    __Vectors_End                            0x080000ec   Data           0  startup_stm32f10x_md.o(RESET)
    __main                                   0x080000ed   Thumb Code     8  __main.o(!!!main)
    __scatterload                            0x080000f5   Thumb Code     0  __scatter.o(!!!scatter)
    __scatterload_rt2                        0x080000f5   Thumb Code    44  __scatter.o(!!!scatter)
    __scatterload_rt2_thumb_only             0x080000f5   Thumb Code     0  __scatter.o(!!!scatter)
    __scatterload_null                       0x08000103   Thumb Code     0  __scatter.o(!!!scatter)
    __scatterload_copy                       0x08000129   Thumb Code    26  __scatter_copy.o(!!handler_copy)
    __scatterload_zeroinit                   0x08000145   Thumb Code    28  __scatter_zi.o(!!handler_zi)
    __rt_lib_init                            0x08000161   Thumb Code     0  libinit.o(.ARM.Collect$$libinit$$00000000)
    __rt_lib_init_alloca_1                   0x08000163   Thumb Code     0  libinit2.o(.ARM.Collect$$libinit$$0000002E)
    __rt_lib_init_argv_1                     0x08000163   Thumb Code     0  libinit2.o(.ARM.Collect$$libinit$$0000002C)
    __rt_lib_init_atexit_1                   0x08000163   Thumb Code     0  libinit2.o(.ARM.Collect$$libinit$$0000001B)
    __rt_lib_init_clock_1                    0x08000163   Thumb Code     0  libinit2.o(.ARM.Collect$$libinit$$00000021)
    __rt_lib_init_cpp_1                      0x08000163   Thumb Code     0  libinit2.o(.ARM.Collect$$libinit$$00000032)
    __rt_lib_init_exceptions_1               0x08000163   Thumb Code     0  libinit2.o(.ARM.Collect$$libinit$$00000030)
    __rt_lib_init_fp_1                       0x08000163   Thumb Code     0  libinit2.o(.ARM.Collect$$libinit$$00000002)
    __rt_lib_init_fp_trap_1                  0x08000163   Thumb Code     0  libinit2.o(.ARM.Collect$$libinit$$0000001F)
    __rt_lib_init_getenv_1                   0x08000163   Thumb Code     0  libinit2.o(.ARM.Collect$$libinit$$00000023)
    __rt_lib_init_heap_1                     0x08000163   Thumb Code     0  libinit2.o(.ARM.Collect$$libinit$$0000000A)
    __rt_lib_init_lc_collate_1               0x08000163   Thumb Code     0  libinit2.o(.ARM.Collect$$libinit$$00000011)
    __rt_lib_init_lc_ctype_1                 0x08000163   Thumb Code     0  libinit2.o(.ARM.Collect$$libinit$$00000013)
    __rt_lib_init_lc_monetary_1              0x08000163   Thumb Code     0  libinit2.o(.ARM.Collect$$libinit$$00000015)
    __rt_lib_init_lc_numeric_1               0x08000163   Thumb Code     0  libinit2.o(.ARM.Collect$$libinit$$00000017)
    __rt_lib_init_lc_time_1                  0x08000163   Thumb Code     0  libinit2.o(.ARM.Collect$$libinit$$00000019)
    __rt_lib_init_preinit_1                  0x08000163   Thumb Code     0  libinit2.o(.ARM.Collect$$libinit$$00000004)
    __rt_lib_init_rand_1                     0x08000163   Thumb Code     0  libinit2.o(.ARM.Collect$$libinit$$0000000E)
    __rt_lib_init_return                     0x08000163   Thumb Code     0  libinit2.o(.ARM.Collect$$libinit$$00000033)
    __rt_lib_init_signal_1                   0x08000163   Thumb Code     0  libinit2.o(.ARM.Collect$$libinit$$0000001D)
    __rt_lib_init_stdio_1                    0x08000163   Thumb Code     0  libinit2.o(.ARM.Collect$$libinit$$00000025)
    __rt_lib_init_user_alloc_1               0x08000163   Thumb Code     0  libinit2.o(.ARM.Collect$$libinit$$0000000C)
    __rt_lib_shutdown                        0x08000165   Thumb Code     0  libshutdown.o(.ARM.Collect$$libshutdown$$00000000)
    __rt_lib_shutdown_cpp_1                  0x08000167   Thumb Code     0  libshutdown2.o(.ARM.Collect$$libshutdown$$00000002)
    __rt_lib_shutdown_fp_trap_1              0x08000167   Thumb Code     0  libshutdown2.o(.ARM.Collect$$libshutdown$$00000007)
    __rt_lib_shutdown_heap_1                 0x08000167   Thumb Code     0  libshutdown2.o(.ARM.Collect$$libshutdown$$0000000F)
    __rt_lib_shutdown_return                 0x08000167   Thumb Code     0  libshutdown2.o(.ARM.Collect$$libshutdown$$00000010)
    __rt_lib_shutdown_signal_1               0x08000167   Thumb Code     0  libshutdown2.o(.ARM.Collect$$libshutdown$$0000000A)
    __rt_lib_shutdown_stdio_1                0x08000167   Thumb Code     0  libshutdown2.o(.ARM.Collect$$libshutdown$$00000004)
    __rt_lib_shutdown_user_alloc_1           0x08000167   Thumb Code     0  libshutdown2.o(.ARM.Collect$$libshutdown$$0000000C)
    __rt_entry                               0x08000169   Thumb Code     0  __rtentry.o(.ARM.Collect$$rtentry$$00000000)
    __rt_entry_presh_1                       0x08000169   Thumb Code     0  __rtentry2.o(.ARM.Collect$$rtentry$$00000002)
    __rt_entry_sh                            0x08000169   Thumb Code     0  __rtentry4.o(.ARM.Collect$$rtentry$$00000004)
    __rt_entry_li                            0x0800016f   Thumb Code     0  __rtentry2.o(.ARM.Collect$$rtentry$$0000000A)
    __rt_entry_postsh_1                      0x0800016f   Thumb Code     0  __rtentry2.o(.ARM.Collect$$rtentry$$00000009)
    __rt_entry_main                          0x08000173   Thumb Code     0  __rtentry2.o(.ARM.Collect$$rtentry$$0000000D)
    __rt_entry_postli_1                      0x08000173   Thumb Code     0  __rtentry2.o(.ARM.Collect$$rtentry$$0000000C)
    __rt_exit                                0x0800017b   Thumb Code     0  rtexit.o(.ARM.Collect$$rtexit$$00000000)
    __rt_exit_ls                             0x0800017d   Thumb Code     0  rtexit2.o(.ARM.Collect$$rtexit$$00000003)
    __rt_exit_prels_1                        0x0800017d   Thumb Code     0  rtexit2.o(.ARM.Collect$$rtexit$$00000002)
    __rt_exit_exit                           0x08000181   Thumb Code     0  rtexit2.o(.ARM.Collect$$rtexit$$00000004)
    Reset_Handler                            0x08000189   Thumb Code     8  startup_stm32f10x_md.o(.text)
    ADC1_2_IRQHandler                        0x080001a3   Thumb Code     0  startup_stm32f10x_md.o(.text)
    CAN1_RX1_IRQHandler                      0x080001a3   Thumb Code     0  startup_stm32f10x_md.o(.text)
    CAN1_SCE_IRQHandler                      0x080001a3   Thumb Code     0  startup_stm32f10x_md.o(.text)
    DMA1_Channel1_IRQHandler                 0x080001a3   Thumb Code     0  startup_stm32f10x_md.o(.text)
    DMA1_Channel2_IRQHandler                 0x080001a3   Thumb Code     0  startup_stm32f10x_md.o(.text)
    DMA1_Channel3_IRQHandler                 0x080001a3   Thumb Code     0  startup_stm32f10x_md.o(.text)
    DMA1_Channel4_IRQHandler                 0x080001a3   Thumb Code     0  startup_stm32f10x_md.o(.text)
    DMA1_Channel5_IRQHandler                 0x080001a3   Thumb Code     0  startup_stm32f10x_md.o(.text)
    DMA1_Channel6_IRQHandler                 0x080001a3   Thumb Code     0  startup_stm32f10x_md.o(.text)
    DMA1_Channel7_IRQHandler                 0x080001a3   Thumb Code     0  startup_stm32f10x_md.o(.text)
    EXTI15_10_IRQHandler                     0x080001a3   Thumb Code     0  startup_stm32f10x_md.o(.text)
    EXTI1_IRQHandler                         0x080001a3   Thumb Code     0  startup_stm32f10x_md.o(.text)
    EXTI2_IRQHandler                         0x080001a3   Thumb Code     0  startup_stm32f10x_md.o(.text)
    EXTI3_IRQHandler                         0x080001a3   Thumb Code     0  startup_stm32f10x_md.o(.text)
    EXTI4_IRQHandler                         0x080001a3   Thumb Code     0  startup_stm32f10x_md.o(.text)
    EXTI9_5_IRQHandler                       0x080001a3   Thumb Code     0  startup_stm32f10x_md.o(.text)
    FLASH_IRQHandler                         0x080001a3   Thumb Code     0  startup_stm32f10x_md.o(.text)
    I2C1_ER_IRQHandler                       0x080001a3   Thumb Code     0  startup_stm32f10x_md.o(.text)
    I2C1_EV_IRQHandler                       0x080001a3   Thumb Code     0  startup_stm32f10x_md.o(.text)
    I2C2_ER_IRQHandler                       0x080001a3   Thumb Code     0  startup_stm32f10x_md.o(.text)
    I2C2_EV_IRQHandler                       0x080001a3   Thumb Code     0  startup_stm32f10x_md.o(.text)
    PVD_IRQHandler                           0x080001a3   Thumb Code     0  startup_stm32f10x_md.o(.text)
    RCC_IRQHandler                           0x080001a3   Thumb Code     0  startup_stm32f10x_md.o(.text)
    RTCAlarm_IRQHandler                      0x080001a3   Thumb Code     0  startup_stm32f10x_md.o(.text)
    RTC_IRQHandler                           0x080001a3   Thumb Code     0  startup_stm32f10x_md.o(.text)
    SPI1_IRQHandler                          0x080001a3   Thumb Code     0  startup_stm32f10x_md.o(.text)
    SPI2_IRQHandler                          0x080001a3   Thumb Code     0  startup_stm32f10x_md.o(.text)
    TAMPER_IRQHandler                        0x080001a3   Thumb Code     0  startup_stm32f10x_md.o(.text)
    TIM1_BRK_IRQHandler                      0x080001a3   Thumb Code     0  startup_stm32f10x_md.o(.text)
    TIM1_CC_IRQHandler                       0x080001a3   Thumb Code     0  startup_stm32f10x_md.o(.text)
    TIM1_TRG_COM_IRQHandler                  0x080001a3   Thumb Code     0  startup_stm32f10x_md.o(.text)
    TIM1_UP_IRQHandler                       0x080001a3   Thumb Code     0  startup_stm32f10x_md.o(.text)
    TIM3_IRQHandler                          0x080001a3   Thumb Code     0  startup_stm32f10x_md.o(.text)
    TIM4_IRQHandler                          0x080001a3   Thumb Code     0  startup_stm32f10x_md.o(.text)
    USART1_IRQHandler                        0x080001a3   Thumb Code     0  startup_stm32f10x_md.o(.text)
    USART3_IRQHandler                        0x080001a3   Thumb Code     0  startup_stm32f10x_md.o(.text)
    USBWakeUp_IRQHandler                     0x080001a3   Thumb Code     0  startup_stm32f10x_md.o(.text)
    USB_HP_CAN1_TX_IRQHandler                0x080001a3   Thumb Code     0  startup_stm32f10x_md.o(.text)
    USB_LP_CAN1_RX0_IRQHandler               0x080001a3   Thumb Code     0  startup_stm32f10x_md.o(.text)
    WWDG_IRQHandler                          0x080001a3   Thumb Code     0  startup_stm32f10x_md.o(.text)
    __user_initial_stackheap                 0x080001a5   Thumb Code     0  startup_stm32f10x_md.o(.text)
    __aeabi_ldivmod                          0x080001c9   Thumb Code     0  llsdiv.o(.text)
    _ll_sdiv                                 0x080001c9   Thumb Code    72  llsdiv.o(.text)
    memcmp                                   0x08000211   Thumb Code    88  memcmp.o(.text)
    __aeabi_memset                           0x08000269   Thumb Code    16  aeabi_memset.o(.text)
    __aeabi_memclr4                          0x08000279   Thumb Code     0  rt_memclr_w.o(.text)
    __aeabi_memclr8                          0x08000279   Thumb Code     0  rt_memclr_w.o(.text)
    __rt_memclr_w                            0x08000279   Thumb Code    78  rt_memclr_w.o(.text)
    _memset_w                                0x0800027d   Thumb Code     0  rt_memclr_w.o(.text)
    __use_two_region_memory                  0x080002c7   Thumb Code     2  heapauxi.o(.text)
    __rt_heap_escrow$2region                 0x080002c9   Thumb Code     2  heapauxi.o(.text)
    __rt_heap_expand$2region                 0x080002cb   Thumb Code     2  heapauxi.o(.text)
    __aeabi_uldivmod                         0x080002cd   Thumb Code     0  lludivv7m.o(.text)
    _ll_udiv                                 0x080002cd   Thumb Code   238  lludivv7m.o(.text)
    __read_errno                             0x080003bb   Thumb Code    10  _rserrno.o(.text)
    __set_errno                              0x080003c5   Thumb Code    12  _rserrno.o(.text)
    __aeabi_memclr                           0x080003d1   Thumb Code     0  rt_memclr.o(.text)
    __rt_memclr                              0x080003d1   Thumb Code    68  rt_memclr.o(.text)
    _memset                                  0x080003d5   Thumb Code     0  rt_memclr.o(.text)
    __aeabi_errno_addr                       0x08000415   Thumb Code     8  rt_errno_addr_intlibspace.o(.text)
    __errno$intlibspace                      0x08000415   Thumb Code     0  rt_errno_addr_intlibspace.o(.text)
    __rt_errno_addr$intlibspace              0x08000415   Thumb Code     0  rt_errno_addr_intlibspace.o(.text)
    __user_libspace                          0x0800041d   Thumb Code     8  libspace.o(.text)
    __user_perproc_libspace                  0x0800041d   Thumb Code     0  libspace.o(.text)
    __user_perthread_libspace                0x0800041d   Thumb Code     0  libspace.o(.text)
    __user_setup_stackheap                   0x08000425   Thumb Code    74  sys_stackheap_outer.o(.text)
    exit                                     0x0800046f   Thumb Code    18  exit.o(.text)
    _sys_exit                                0x08000481   Thumb Code     8  sys_exit.o(.text)
    __I$use$semihosting                      0x0800048d   Thumb Code     0  use_no_semi.o(.text)
    __use_no_semihosting_swi                 0x0800048d   Thumb Code     2  use_no_semi.o(.text)
    __semihosting_library_function           0x0800048f   Thumb Code     0  indicate_semi.o(.text)
    AnglePidCtrl                             0x08000491   Thumb Code    62  control.o(i.AnglePidCtrl)
    Balance                                  0x080004d5   Thumb Code   150  mode.o(i.Balance)
    Balance_OFF                              0x0800058d   Thumb Code    14  led.o(i.Balance_OFF)
    Balance_ON                               0x080005a1   Thumb Code    14  led.o(i.Balance_ON)
    BlueTooth                                0x080005b5   Thumb Code   196  hc06.o(i.BlueTooth)
    BlueTooth_OFF                            0x080006ad   Thumb Code    14  led.o(i.BlueTooth_OFF)
    BlueTooth_ON                             0x080006c1   Thumb Code    14  led.o(i.BlueTooth_ON)
    BusFault_Handler                         0x080006d5   Thumb Code     4  stm32f10x_it.o(i.BusFault_Handler)
    Buzzer_Init                              0x080006d9   Thumb Code    48  buzzer.o(i.Buzzer_Init)
    Buzzer_OFF                               0x0800070d   Thumb Code    14  buzzer.o(i.Buzzer_OFF)
    Buzzer_ON                                0x08000721   Thumb Code    14  buzzer.o(i.Buzzer_ON)
    CheckFallDown                            0x08000735   Thumb Code    54  mode.o(i.CheckFallDown)
    CheckLiftState                           0x08000781   Thumb Code    88  mode.o(i.CheckLiftState)
    DataClear                                0x080007e9   Thumb Code    20  control.o(i.DataClear)
    DebugMon_Handler                         0x0800080d   Thumb Code     2  stm32f10x_it.o(i.DebugMon_Handler)
    DetectPutDown                            0x08000811   Thumb Code   124  mode.o(i.DetectPutDown)
    DistPidCtrl                              0x080008a1   Thumb Code    36  control.o(i.DistPidCtrl)
    EXTI0_IRQHandler                         0x080008d5   Thumb Code    32  main.o(i.EXTI0_IRQHandler)
    EXTI_ClearITPendingBit                   0x080008fd   Thumb Code     6  stm32f10x_exti.o(i.EXTI_ClearITPendingBit)
    EXTI_GetITStatus                         0x08000909   Thumb Code    34  stm32f10x_exti.o(i.EXTI_GetITStatus)
    EXTI_Init                                0x08000931   Thumb Code   142  stm32f10x_exti.o(i.EXTI_Init)
    Encoder_Init                             0x08000b09   Thumb Code    12  encoder.o(i.Encoder_Init)
    Follow_OFF                               0x08000ba1   Thumb Code    14  led.o(i.Follow_OFF)
    Follow_ON                                0x08000bb5   Thumb Code    14  led.o(i.Follow_ON)
    GPIO_EXTILineConfig                      0x08000bc9   Thumb Code    60  stm32f10x_gpio.o(i.GPIO_EXTILineConfig)
    GPIO_Init                                0x08000c09   Thumb Code   278  stm32f10x_gpio.o(i.GPIO_Init)
    GPIO_ReadInputDataBit                    0x08000d1f   Thumb Code    18  stm32f10x_gpio.o(i.GPIO_ReadInputDataBit)
    GPIO_ResetBits                           0x08000d31   Thumb Code     4  stm32f10x_gpio.o(i.GPIO_ResetBits)
    GPIO_SetBits                             0x08000d35   Thumb Code     4  stm32f10x_gpio.o(i.GPIO_SetBits)
    GPIO_WriteBit                            0x08000d39   Thumb Code    10  stm32f10x_gpio.o(i.GPIO_WriteBit)
    HCSR04_GetValue                          0x08000d45   Thumb Code    88  hc_sr04.o(i.HCSR04_GetValue)
    HCSR04_Init                              0x08000db1   Thumb Code    76  hc_sr04.o(i.HCSR04_Init)
    HardFault_Handler                        0x08000e25   Thumb Code     4  stm32f10x_it.o(i.HardFault_Handler)
    IICInit                                  0x08000e29   Thumb Code    62  bsp_iic.o(i.IICInit)
    IICReceiveByte                           0x08000e67   Thumb Code    72  bsp_iic.o(i.IICReceiveByte)
    IICSendAck                               0x08000eaf   Thumb Code    56  bsp_iic.o(i.IICSendAck)
    IICSendByte                              0x08000ee7   Thumb Code    80  bsp_iic.o(i.IICSendByte)
    IICSendNotAck                            0x08000f37   Thumb Code    56  bsp_iic.o(i.IICSendNotAck)
    IICStart                                 0x08000f6f   Thumb Code    56  bsp_iic.o(i.IICStart)
    IICStop                                  0x08000fa7   Thumb Code    62  bsp_iic.o(i.IICStop)
    IICWaitAck                               0x08000fe5   Thumb Code    82  bsp_iic.o(i.IICWaitAck)
    IMU_Init                                 0x08001037   Thumb Code    24  mpu6050.o(i.IMU_Init)
    Key_GetNum                               0x08001051   Thumb Code    36  key.o(i.Key_GetNum)
    Key_Init                                 0x0800107d   Thumb Code    40  key.o(i.Key_Init)
    LED_Init                                 0x080010a9   Thumb Code    40  led.o(i.LED_Init)
    MPU_DMP_GetData                          0x080010d5   Thumb Code   544  inv_mpu.o(i.MPU_DMP_GetData)
    MPU_DMP_Init                             0x080012f9   Thumb Code    74  inv_mpu.o(i.MPU_DMP_Init)
    MPU_Get_Angle                            0x08001349   Thumb Code    26  mpu6050.o(i.MPU_Get_Angle)
    MPU_IIC_Init                             0x080013b9   Thumb Code    32  mpu6050.o(i.MPU_IIC_Init)
    MPU_INT_Init                             0x080013e5   Thumb Code   102  bsp_exti.o(i.MPU_INT_Init)
    MemManage_Handler                        0x08001561   Thumb Code     4  stm32f10x_it.o(i.MemManage_Handler)
    ModeSelect                               0x08001565   Thumb Code   184  mode.o(i.ModeSelect)
    MotorSetDuty                             0x080016d9   Thumb Code    36  motor.o(i.MotorSetDuty)
    MotorStop                                0x080016fd   Thumb Code    54  motor.o(i.MotorStop)
    Motor_Init                               0x08001741   Thumb Code    74  motor.o(i.Motor_Init)
    My_GPIO_Init                             0x08001795   Thumb Code   172  sys.o(i.My_GPIO_Init)
    NMI_Handler                              0x08001845   Thumb Code     2  stm32f10x_it.o(i.NMI_Handler)
    NVIC_Init                                0x08001849   Thumb Code   100  misc.o(i.NVIC_Init)
    NVIC_PriorityGroupConfig                 0x080018b9   Thumb Code    10  misc.o(i.NVIC_PriorityGroupConfig)
    OLED_Clear                               0x080018cd   Thumb Code    42  oled.o(i.OLED_Clear)
    OLED_I2C_SendByte                        0x080018f9   Thumb Code    14  oled.o(i.OLED_I2C_SendByte)
    OLED_Init                                0x0800190d   Thumb Code   164  oled.o(i.OLED_Init)
    OLED_SetCursor                           0x080019b5   Thumb Code    42  oled.o(i.OLED_SetCursor)
    OLED_ShowChar                            0x080019e1   Thumb Code   110  oled.o(i.OLED_ShowChar)
    OLED_ShowString                          0x08001a55   Thumb Code    40  oled.o(i.OLED_ShowString)
    OLED_WriteCommand                        0x08001a7d   Thumb Code    54  oled.o(i.OLED_WriteCommand)
    OLED_WriteData                           0x08001ab9   Thumb Code    54  oled.o(i.OLED_WriteData)
    ObstacleAvoid                            0x08001af5   Thumb Code    94  mode.o(i.ObstacleAvoid)
    PID_Init                                 0x08001b65   Thumb Code    14  pid.o(i.PID_Init)
    PWMLimit                                 0x08001b75   Thumb Code    56  control.o(i.PWMLimit)
    PWM_Init                                 0x08001bb5   Thumb Code   148  bsp_pwm.o(i.PWM_Init)
    PendSV_Handler                           0x08001c51   Thumb Code     2  stm32f10x_it.o(i.PendSV_Handler)
    PidCalucate                              0x08001c55   Thumb Code   230  pid.o(i.PidCalucate)
    RCC_APB1PeriphClockCmd                   0x08001d6d   Thumb Code    26  stm32f10x_rcc.o(i.RCC_APB1PeriphClockCmd)
    RCC_APB2PeriphClockCmd                   0x08001d8d   Thumb Code    26  stm32f10x_rcc.o(i.RCC_APB2PeriphClockCmd)
    RCC_GetClocksFreq                        0x08001dad   Thumb Code   192  stm32f10x_rcc.o(i.RCC_GetClocksFreq)
    SCL_Output                               0x08001e81   Thumb Code    28  bsp_iic.o(i.SCL_Output)
    SDA_Input                                0x08001e9d   Thumb Code    14  bsp_iic.o(i.SDA_Input)
    SDA_Input_Mode                           0x08001eab   Thumb Code    32  bsp_iic.o(i.SDA_Input_Mode)
    SDA_Output                               0x08001ecb   Thumb Code    28  bsp_iic.o(i.SDA_Output)
    SDA_Output_Mode                          0x08001ee7   Thumb Code    32  bsp_iic.o(i.SDA_Output_Mode)
    SVC_Handler                              0x08001f07   Thumb Code     2  stm32f10x_it.o(i.SVC_Handler)
    SpeedPidCtrl                             0x08001ff1   Thumb Code   198  control.o(i.SpeedPidCtrl)
    SysTick_Handler                          0x080020e1   Thumb Code     2  stm32f10x_it.o(i.SysTick_Handler)
    SystemInit                               0x080020e5   Thumb Code    78  system_stm32f10x.o(i.SystemInit)
    System_Init                              0x08002145   Thumb Code    70  utils.o(i.System_Init)
    TIM2_IRQHandler                          0x080023d9   Thumb Code    46  hc_sr04.o(i.TIM2_IRQHandler)
    TIM_ClearFlag                            0x08002411   Thumb Code     6  stm32f10x_tim.o(i.TIM_ClearFlag)
    TIM_ClearITPendingBit                    0x08002417   Thumb Code     6  stm32f10x_tim.o(i.TIM_ClearITPendingBit)
    TIM_Cmd                                  0x0800241d   Thumb Code    24  stm32f10x_tim.o(i.TIM_Cmd)
    TIM_EncoderInterfaceConfig               0x08002435   Thumb Code    66  stm32f10x_tim.o(i.TIM_EncoderInterfaceConfig)
    TIM_GetCounter                           0x08002477   Thumb Code     6  stm32f10x_tim.o(i.TIM_GetCounter)
    TIM_GetITStatus                          0x0800247d   Thumb Code    34  stm32f10x_tim.o(i.TIM_GetITStatus)
    TIM_ICInit                               0x080024a1   Thumb Code   150  stm32f10x_tim.o(i.TIM_ICInit)
    TIM_ICStructInit                         0x0800254d   Thumb Code    18  stm32f10x_tim.o(i.TIM_ICStructInit)
    TIM_ITConfig                             0x0800255f   Thumb Code    18  stm32f10x_tim.o(i.TIM_ITConfig)
    TIM_InternalClockConfig                  0x08002571   Thumb Code    12  stm32f10x_tim.o(i.TIM_InternalClockConfig)
    TIM_OC1Init                              0x0800257d   Thumb Code   132  stm32f10x_tim.o(i.TIM_OC1Init)
    TIM_OC2Init                              0x08002615   Thumb Code   154  stm32f10x_tim.o(i.TIM_OC2Init)
    TIM_OCStructInit                         0x080026b9   Thumb Code    20  stm32f10x_tim.o(i.TIM_OCStructInit)
    TIM_SetCompare1                          0x080026cd   Thumb Code     4  stm32f10x_tim.o(i.TIM_SetCompare1)
    TIM_SetCompare2                          0x080026d1   Thumb Code     4  stm32f10x_tim.o(i.TIM_SetCompare2)
    TIM_SetCounter                           0x080026d5   Thumb Code     4  stm32f10x_tim.o(i.TIM_SetCounter)
    TIM_SetIC1Prescaler                      0x080026d9   Thumb Code    18  stm32f10x_tim.o(i.TIM_SetIC1Prescaler)
    TIM_SetIC2Prescaler                      0x080026eb   Thumb Code    26  stm32f10x_tim.o(i.TIM_SetIC2Prescaler)
    TIM_SetIC3Prescaler                      0x08002705   Thumb Code    18  stm32f10x_tim.o(i.TIM_SetIC3Prescaler)
    TIM_SetIC4Prescaler                      0x08002717   Thumb Code    26  stm32f10x_tim.o(i.TIM_SetIC4Prescaler)
    TIM_TimeBaseInit                         0x08002731   Thumb Code   122  stm32f10x_tim.o(i.TIM_TimeBaseInit)
    Timer_Init                               0x080027d5   Thumb Code   122  bsp_timer.o(i.Timer_Init)
    USART2_IRQHandler                        0x08002851   Thumb Code   240  hc06.o(i.USART2_IRQHandler)
    USART_ClearITPendingBit                  0x0800294d   Thumb Code    30  stm32f10x_usart.o(i.USART_ClearITPendingBit)
    USART_Cmd                                0x0800296b   Thumb Code    24  stm32f10x_usart.o(i.USART_Cmd)
    USART_GetITStatus                        0x08002983   Thumb Code    84  stm32f10x_usart.o(i.USART_GetITStatus)
    USART_ITConfig                           0x080029d7   Thumb Code    74  stm32f10x_usart.o(i.USART_ITConfig)
    USART_Init                               0x08002a21   Thumb Code   210  stm32f10x_usart.o(i.USART_Init)
    USART_ReceiveData                        0x08002af9   Thumb Code    10  stm32f10x_usart.o(i.USART_ReceiveData)
    UpdateEncoder                            0x08002b05   Thumb Code    20  encoder.o(i.UpdateEncoder)
    UsageFault_Handler                       0x08002b21   Thumb Code     4  stm32f10x_it.o(i.UsageFault_Handler)
    Usart_Init                               0x08002b25   Thumb Code   168  bsp_usart.o(i.Usart_Init)
    __ARM_fpclassify                         0x08002bd5   Thumb Code    40  fpclassify.o(i.__ARM_fpclassify)
    __kernel_poly                            0x08002bfd   Thumb Code   170  poly.o(i.__kernel_poly)
    __mathlib_dbl_infnan                     0x08002ca7   Thumb Code     6  dunder.o(i.__mathlib_dbl_infnan)
    __mathlib_dbl_infnan2                    0x08002cad   Thumb Code     4  dunder.o(i.__mathlib_dbl_infnan2)
    __mathlib_dbl_invalid                    0x08002cb1   Thumb Code    12  dunder.o(i.__mathlib_dbl_invalid)
    __mathlib_dbl_underflow                  0x08002cbd   Thumb Code    10  dunder.o(i.__mathlib_dbl_underflow)
    asin                                     0x08002d75   Thumb Code   572  asin.o(i.asin)
    atan                                     0x08002fe5   Thumb Code   474  atan.o(i.atan)
    atan2                                    0x08003205   Thumb Code   346  atan2.o(i.atan2)
    delay_ms                                 0x080033e9   Thumb Code    24  bsp_delay.o(i.delay_ms)
    delay_us                                 0x08003401   Thumb Code    46  bsp_delay.o(i.delay_us)
    dmp_enable_6x_lp_quat                    0x0800342f   Thumb Code    60  inv_mpu_dmp_motion_driver.o(i.dmp_enable_6x_lp_quat)
    dmp_enable_feature                       0x0800346d   Thumb Code   530  inv_mpu_dmp_motion_driver.o(i.dmp_enable_feature)
    dmp_enable_gyro_cal                      0x08003689   Thumb Code    62  inv_mpu_dmp_motion_driver.o(i.dmp_enable_gyro_cal)
    dmp_enable_lp_quat                       0x080036e1   Thumb Code    60  inv_mpu_dmp_motion_driver.o(i.dmp_enable_lp_quat)
    dmp_load_motion_driver_firmware          0x0800371d   Thumb Code    20  inv_mpu_dmp_motion_driver.o(i.dmp_load_motion_driver_firmware)
    dmp_read_fifo                            0x08003735   Thumb Code   450  inv_mpu_dmp_motion_driver.o(i.dmp_read_fifo)
    dmp_set_accel_bias                       0x080038fd   Thumb Code   300  inv_mpu_dmp_motion_driver.o(i.dmp_set_accel_bias)
    dmp_set_fifo_rate                        0x08003a2d   Thumb Code    96  inv_mpu_dmp_motion_driver.o(i.dmp_set_fifo_rate)
    dmp_set_gyro_bias                        0x08003a9d   Thumb Code   294  inv_mpu_dmp_motion_driver.o(i.dmp_set_gyro_bias)
    dmp_set_orientation                      0x08003bcd   Thumb Code   290  inv_mpu_dmp_motion_driver.o(i.dmp_set_orientation)
    dmp_set_shake_reject_thresh              0x08003d05   Thumb Code    56  inv_mpu_dmp_motion_driver.o(i.dmp_set_shake_reject_thresh)
    dmp_set_shake_reject_time                0x08003d3d   Thumb Code    38  inv_mpu_dmp_motion_driver.o(i.dmp_set_shake_reject_time)
    dmp_set_shake_reject_timeout             0x08003d63   Thumb Code    38  inv_mpu_dmp_motion_driver.o(i.dmp_set_shake_reject_timeout)
    dmp_set_tap_axes                         0x08003d89   Thumb Code    70  inv_mpu_dmp_motion_driver.o(i.dmp_set_tap_axes)
    dmp_set_tap_count                        0x08003dcf   Thumb Code    38  inv_mpu_dmp_motion_driver.o(i.dmp_set_tap_count)
    dmp_set_tap_thresh                       0x08003df5   Thumb Code   396  inv_mpu_dmp_motion_driver.o(i.dmp_set_tap_thresh)
    dmp_set_tap_time                         0x08003f95   Thumb Code    38  inv_mpu_dmp_motion_driver.o(i.dmp_set_tap_time)
    dmp_set_tap_time_multi                   0x08003fbb   Thumb Code    38  inv_mpu_dmp_motion_driver.o(i.dmp_set_tap_time_multi)
    inv_orientation_matrix_to_scalar         0x08004615   Thumb Code    40  inv_mpu.o(i.inv_orientation_matrix_to_scalar)
    inv_row_2_scale                          0x0800463d   Thumb Code    78  inv_mpu.o(i.inv_row_2_scale)
    main                                     0x0800468d   Thumb Code    64  main.o(i.main)
    mpu6050_read                             0x080046e9   Thumb Code   176  mpu6050.o(i.mpu6050_read)
    mpu6050_write                            0x0800479d   Thumb Code   128  mpu6050.o(i.mpu6050_write)
    mpu_configure_fifo                       0x08004835   Thumb Code   106  inv_mpu.o(i.mpu_configure_fifo)
    mpu_get_accel_fsr                        0x080048a5   Thumb Code    72  inv_mpu.o(i.mpu_get_accel_fsr)
    mpu_get_accel_sens                       0x080048f1   Thumb Code    78  inv_mpu.o(i.mpu_get_accel_sens)
    mpu_get_fifo_config                      0x08004945   Thumb Code    12  inv_mpu.o(i.mpu_get_fifo_config)
    mpu_get_gyro_fsr                         0x08004955   Thumb Code    64  inv_mpu.o(i.mpu_get_gyro_fsr)
    mpu_get_gyro_sens                        0x08004999   Thumb Code    58  inv_mpu.o(i.mpu_get_gyro_sens)
    mpu_get_lpf                              0x080049e9   Thumb Code    74  inv_mpu.o(i.mpu_get_lpf)
    mpu_get_sample_rate                      0x08004a39   Thumb Code    26  inv_mpu.o(i.mpu_get_sample_rate)
    mpu_init                                 0x08004a59   Thumb Code   396  inv_mpu.o(i.mpu_init)
    mpu_load_firmware                        0x08004be9   Thumb Code   180  inv_mpu.o(i.mpu_load_firmware)
    mpu_lp_accel_mode                        0x08004ca1   Thumb Code   218  inv_mpu.o(i.mpu_lp_accel_mode)
    mpu_read_fifo_stream                     0x08004d81   Thumb Code   186  inv_mpu.o(i.mpu_read_fifo_stream)
    mpu_read_mem                             0x08004e41   Thumb Code   122  inv_mpu.o(i.mpu_read_mem)
    mpu_reset_fifo                           0x08004ec1   Thumb Code   450  inv_mpu.o(i.mpu_reset_fifo)
    mpu_run_self_test                        0x08005089   Thumb Code   278  inv_mpu.o(i.mpu_run_self_test)
    mpu_set_accel_fsr                        0x080051a5   Thumb Code   126  inv_mpu.o(i.mpu_set_accel_fsr)
    mpu_set_bypass                           0x08005229   Thumb Code   328  inv_mpu.o(i.mpu_set_bypass)
    mpu_set_dmp_state                        0x08005375   Thumb Code   138  inv_mpu.o(i.mpu_set_dmp_state)
    mpu_set_gyro_fsr                         0x08005405   Thumb Code   132  inv_mpu.o(i.mpu_set_gyro_fsr)
    mpu_set_int_latched                      0x0800548d   Thumb Code   102  inv_mpu.o(i.mpu_set_int_latched)
    mpu_set_lpf                              0x080054f9   Thumb Code   126  inv_mpu.o(i.mpu_set_lpf)
    mpu_set_sample_rate                      0x0800557d   Thumb Code   152  inv_mpu.o(i.mpu_set_sample_rate)
    mpu_set_sensors                          0x08005619   Thumb Code   202  inv_mpu.o(i.mpu_set_sensors)
    mpu_write_mem                            0x080056e9   Thumb Code   122  inv_mpu.o(i.mpu_write_mem)
    power                                    0x08005769   Thumb Code    20  sys.o(i.power)
    run_self_test                            0x0800577d   Thumb Code   148  inv_mpu.o(i.run_self_test)
    sqrt                                     0x080058a1   Thumb Code    76  sqrt.o(i.sqrt)
    __aeabi_d2f                              0x080058ed   Thumb Code     0  d2f.o(x$fpl$d2f)
    _d2f                                     0x080058ed   Thumb Code    98  d2f.o(x$fpl$d2f)
    __aeabi_dadd                             0x08005951   Thumb Code     0  daddsub_clz.o(x$fpl$dadd)
    _dadd                                    0x08005951   Thumb Code   332  daddsub_clz.o(x$fpl$dadd)
    __fpl_dcheck_NaN1                        0x08005aa1   Thumb Code    10  dcheck1.o(x$fpl$dcheck1)
    __fpl_dcmp_Inf                           0x08005ab1   Thumb Code    24  dcmpi.o(x$fpl$dcmpinf)
    __aeabi_ddiv                             0x08005ac9   Thumb Code     0  ddiv.o(x$fpl$ddiv)
    _ddiv                                    0x08005ac9   Thumb Code   552  ddiv.o(x$fpl$ddiv)
    __aeabi_ui2d                             0x08005d79   Thumb Code     0  dflt_clz.o(x$fpl$dfltu)
    _dfltu                                   0x08005d79   Thumb Code    38  dflt_clz.o(x$fpl$dfltu)
    __aeabi_cdcmple                          0x08005da1   Thumb Code     0  dleqf.o(x$fpl$dleqf)
    _dcmple                                  0x08005da1   Thumb Code   120  dleqf.o(x$fpl$dleqf)
    __fpl_dcmple_InfNaN                      0x08005e03   Thumb Code     0  dleqf.o(x$fpl$dleqf)
    __aeabi_dmul                             0x08005e19   Thumb Code     0  dmul.o(x$fpl$dmul)
    _dmul                                    0x08005e19   Thumb Code   332  dmul.o(x$fpl$dmul)
    __fpl_dnaninf                            0x08005f6d   Thumb Code   156  dnaninf.o(x$fpl$dnaninf)
    __fpl_dretinf                            0x08006009   Thumb Code    12  dretinf.o(x$fpl$dretinf)
    __aeabi_cdrcmple                         0x08006015   Thumb Code     0  drleqf.o(x$fpl$drleqf)
    _drcmple                                 0x08006015   Thumb Code   108  drleqf.o(x$fpl$drleqf)
    __aeabi_drsub                            0x08006081   Thumb Code     0  daddsub_clz.o(x$fpl$drsb)
    _drsb                                    0x08006081   Thumb Code    22  daddsub_clz.o(x$fpl$drsb)
    _dsqrt                                   0x08006099   Thumb Code   456  dsqrt_noumaal.o(x$fpl$dsqrt)
    __aeabi_dsub                             0x08006265   Thumb Code     0  daddsub_clz.o(x$fpl$dsub)
    _dsub                                    0x08006265   Thumb Code   464  daddsub_clz.o(x$fpl$dsub)
    __aeabi_f2d                              0x08006439   Thumb Code     0  f2d.o(x$fpl$f2d)
    _f2d                                     0x08006439   Thumb Code    86  f2d.o(x$fpl$f2d)
    __aeabi_fadd                             0x08006491   Thumb Code     0  faddsub_clz.o(x$fpl$fadd)
    _fadd                                    0x08006491   Thumb Code   196  faddsub_clz.o(x$fpl$fadd)
    __fpl_fcmp_Inf                           0x08006555   Thumb Code    24  fcmpi.o(x$fpl$fcmpinf)
    __aeabi_fdiv                             0x0800656d   Thumb Code     0  fdiv.o(x$fpl$fdiv)
    _fdiv                                    0x0800656d   Thumb Code   384  fdiv.o(x$fpl$fdiv)
    __aeabi_cfcmpeq                          0x080066f1   Thumb Code     0  feqf.o(x$fpl$feqf)
    _fcmpeq                                  0x080066f1   Thumb Code   104  feqf.o(x$fpl$feqf)
    __aeabi_f2iz                             0x08006759   Thumb Code     0  ffix.o(x$fpl$ffix)
    _ffix                                    0x08006759   Thumb Code    54  ffix.o(x$fpl$ffix)
    __aeabi_f2uiz                            0x08006791   Thumb Code     0  ffixu.o(x$fpl$ffixu)
    _ffixu                                   0x08006791   Thumb Code    62  ffixu.o(x$fpl$ffixu)
    __aeabi_i2f                              0x080067d1   Thumb Code     0  fflt_clz.o(x$fpl$fflt)
    _fflt                                    0x080067d1   Thumb Code    48  fflt_clz.o(x$fpl$fflt)
    __aeabi_ui2f                             0x08006801   Thumb Code     0  fflt_clz.o(x$fpl$ffltu)
    _ffltu                                   0x08006801   Thumb Code    38  fflt_clz.o(x$fpl$ffltu)
    __aeabi_cfcmple                          0x08006829   Thumb Code     0  fleqf.o(x$fpl$fleqf)
    _fcmple                                  0x08006829   Thumb Code   104  fleqf.o(x$fpl$fleqf)
    __fpl_fcmple_InfNaN                      0x0800687b   Thumb Code     0  fleqf.o(x$fpl$fleqf)
    __aeabi_fmul                             0x08006891   Thumb Code     0  fmul.o(x$fpl$fmul)
    _fmul                                    0x08006891   Thumb Code   258  fmul.o(x$fpl$fmul)
    __fpl_fnaninf                            0x08006993   Thumb Code   140  fnaninf.o(x$fpl$fnaninf)
    __fpl_fretinf                            0x08006a1f   Thumb Code    10  fretinf.o(x$fpl$fretinf)
    __aeabi_cfrcmple                         0x08006a29   Thumb Code     0  frleqf.o(x$fpl$frleqf)
    _frcmple                                 0x08006a29   Thumb Code    98  frleqf.o(x$fpl$frleqf)
    __aeabi_frsub                            0x08006a8b   Thumb Code     0  faddsub_clz.o(x$fpl$frsb)
    _frsb                                    0x08006a8b   Thumb Code    20  faddsub_clz.o(x$fpl$frsb)
    __aeabi_fsub                             0x08006aa1   Thumb Code     0  faddsub_clz.o(x$fpl$fsub)
    _fsub                                    0x08006aa1   Thumb Code   234  faddsub_clz.o(x$fpl$fsub)
    __fpl_return_NaN                         0x08006b8b   Thumb Code   100  retnan.o(x$fpl$retnan)
    __ARM_scalbn                             0x08006bef   Thumb Code    92  scalbn.o(x$fpl$scalbn)
    __fpl_cmpreturn                          0x08006c4b   Thumb Code    48  trapv.o(x$fpl$trapveneer)
    OLED_F8x16                               0x08006c7a   Data        1520  oled.o(.constdata)
    __I$use$fp                               0x08006c7a   Number         0  usenofp.o(x$fpl$usenofp)
    hw                                       0x0800726c   Data          12  inv_mpu.o(.constdata)
    reg                                      0x08007278   Data          27  inv_mpu.o(.constdata)
    test                                     0x08007294   Data          40  inv_mpu.o(.constdata)
    __mathlib_zero                           0x08007fa0   Data           8  qnan.o(.constdata)
    Region$$Table$$Base                      0x08007fa8   Number         0  anon$$obj.o(Region$$Table)
    Region$$Table$$Limit                     0x08007fc8   Number         0  anon$$obj.o(Region$$Table)
    mpu_data_flag                            0x20000014   Data           1  main.o(.data)
    balance_state                            0x20000018   Data           8  mode.o(.data)
    pwm_out                                  0x20000020   Data           4  mode.o(.data)
    PWMA                                     0x20000024   Data           4  mode.o(.data)
    PWMB                                     0x20000028   Data           4  mode.o(.data)
    upright_pid                              0x20000030   Data          16  control.o(.data)
    speed_pid                                0x20000040   Data          20  control.o(.data)
    motor_left                               0x20000074   Data           8  motor.o(.data)
    motor_right                              0x2000007c   Data           8  motor.o(.data)
    stop_flag                                0x20000084   Data           1  motor.o(.data)
    distance                                 0x20000090   Data           2  hc_sr04.o(.data)
    turn_pid                                 0x200000d8   Data          16  control.o(.bss)
    dist                                     0x200000e8   Data          52  control.o(.bss)
    mpu                                      0x20000130   Data          24  mpu6050.o(.bss)
    __libspace_start                         0x20000158   Data          96  libspace.o(.bss)
    __temporary_stack_top$libspace           0x200001b8   Data           0  libspace.o(.bss)



==============================================================================

Memory Map of the image

  Image Entry point : 0x080000ed

  Load Region LR_IROM1 (Base: 0x08000000, Size: 0x000080a0, Max: 0x00010000, ABSOLUTE)

    Execution Region ER_IROM1 (Exec base: 0x08000000, Load base: 0x08000000, Size: 0x00007fc8, Max: 0x00010000, ABSOLUTE)

    Exec Addr    Load Addr    Size         Type   Attr      Idx    E Section Name        Object

    0x08000000   0x08000000   0x000000ec   Data   RO            3    RESET               startup_stm32f10x_md.o
    0x080000ec   0x080000ec   0x00000008   Code   RO         4730  * !!!main             c_w.l(__main.o)
    0x080000f4   0x080000f4   0x00000034   Code   RO         5044    !!!scatter          c_w.l(__scatter.o)
    0x08000128   0x08000128   0x0000001a   Code   RO         5046    !!handler_copy      c_w.l(__scatter_copy.o)
    0x08000142   0x08000142   0x00000002   PAD
    0x08000144   0x08000144   0x0000001c   Code   RO         5048    !!handler_zi        c_w.l(__scatter_zi.o)
    0x08000160   0x08000160   0x00000002   Code   RO         4909    .ARM.Collect$$libinit$$00000000  c_w.l(libinit.o)
    0x08000162   0x08000162   0x00000000   Code   RO         4919    .ARM.Collect$$libinit$$00000002  c_w.l(libinit2.o)
    0x08000162   0x08000162   0x00000000   Code   RO         4921    .ARM.Collect$$libinit$$00000004  c_w.l(libinit2.o)
    0x08000162   0x08000162   0x00000000   Code   RO         4924    .ARM.Collect$$libinit$$0000000A  c_w.l(libinit2.o)
    0x08000162   0x08000162   0x00000000   Code   RO         4926    .ARM.Collect$$libinit$$0000000C  c_w.l(libinit2.o)
    0x08000162   0x08000162   0x00000000   Code   RO         4928    .ARM.Collect$$libinit$$0000000E  c_w.l(libinit2.o)
    0x08000162   0x08000162   0x00000000   Code   RO         4931    .ARM.Collect$$libinit$$00000011  c_w.l(libinit2.o)
    0x08000162   0x08000162   0x00000000   Code   RO         4933    .ARM.Collect$$libinit$$00000013  c_w.l(libinit2.o)
    0x08000162   0x08000162   0x00000000   Code   RO         4935    .ARM.Collect$$libinit$$00000015  c_w.l(libinit2.o)
    0x08000162   0x08000162   0x00000000   Code   RO         4937    .ARM.Collect$$libinit$$00000017  c_w.l(libinit2.o)
    0x08000162   0x08000162   0x00000000   Code   RO         4939    .ARM.Collect$$libinit$$00000019  c_w.l(libinit2.o)
    0x08000162   0x08000162   0x00000000   Code   RO         4941    .ARM.Collect$$libinit$$0000001B  c_w.l(libinit2.o)
    0x08000162   0x08000162   0x00000000   Code   RO         4943    .ARM.Collect$$libinit$$0000001D  c_w.l(libinit2.o)
    0x08000162   0x08000162   0x00000000   Code   RO         4945    .ARM.Collect$$libinit$$0000001F  c_w.l(libinit2.o)
    0x08000162   0x08000162   0x00000000   Code   RO         4947    .ARM.Collect$$libinit$$00000021  c_w.l(libinit2.o)
    0x08000162   0x08000162   0x00000000   Code   RO         4949    .ARM.Collect$$libinit$$00000023  c_w.l(libinit2.o)
    0x08000162   0x08000162   0x00000000   Code   RO         4951    .ARM.Collect$$libinit$$00000025  c_w.l(libinit2.o)
    0x08000162   0x08000162   0x00000000   Code   RO         4955    .ARM.Collect$$libinit$$0000002C  c_w.l(libinit2.o)
    0x08000162   0x08000162   0x00000000   Code   RO         4957    .ARM.Collect$$libinit$$0000002E  c_w.l(libinit2.o)
    0x08000162   0x08000162   0x00000000   Code   RO         4959    .ARM.Collect$$libinit$$00000030  c_w.l(libinit2.o)
    0x08000162   0x08000162   0x00000000   Code   RO         4961    .ARM.Collect$$libinit$$00000032  c_w.l(libinit2.o)
    0x08000162   0x08000162   0x00000002   Code   RO         4962    .ARM.Collect$$libinit$$00000033  c_w.l(libinit2.o)
    0x08000164   0x08000164   0x00000002   Code   RO         4994    .ARM.Collect$$libshutdown$$00000000  c_w.l(libshutdown.o)
    0x08000166   0x08000166   0x00000000   Code   RO         5011    .ARM.Collect$$libshutdown$$00000002  c_w.l(libshutdown2.o)
    0x08000166   0x08000166   0x00000000   Code   RO         5013    .ARM.Collect$$libshutdown$$00000004  c_w.l(libshutdown2.o)
    0x08000166   0x08000166   0x00000000   Code   RO         5016    .ARM.Collect$$libshutdown$$00000007  c_w.l(libshutdown2.o)
    0x08000166   0x08000166   0x00000000   Code   RO         5019    .ARM.Collect$$libshutdown$$0000000A  c_w.l(libshutdown2.o)
    0x08000166   0x08000166   0x00000000   Code   RO         5021    .ARM.Collect$$libshutdown$$0000000C  c_w.l(libshutdown2.o)
    0x08000166   0x08000166   0x00000000   Code   RO         5024    .ARM.Collect$$libshutdown$$0000000F  c_w.l(libshutdown2.o)
    0x08000166   0x08000166   0x00000002   Code   RO         5025    .ARM.Collect$$libshutdown$$00000010  c_w.l(libshutdown2.o)
    0x08000168   0x08000168   0x00000000   Code   RO         4802    .ARM.Collect$$rtentry$$00000000  c_w.l(__rtentry.o)
    0x08000168   0x08000168   0x00000000   Code   RO         4868    .ARM.Collect$$rtentry$$00000002  c_w.l(__rtentry2.o)
    0x08000168   0x08000168   0x00000006   Code   RO         4880    .ARM.Collect$$rtentry$$00000004  c_w.l(__rtentry4.o)
    0x0800016e   0x0800016e   0x00000000   Code   RO         4870    .ARM.Collect$$rtentry$$00000009  c_w.l(__rtentry2.o)
    0x0800016e   0x0800016e   0x00000004   Code   RO         4871    .ARM.Collect$$rtentry$$0000000A  c_w.l(__rtentry2.o)
    0x08000172   0x08000172   0x00000000   Code   RO         4873    .ARM.Collect$$rtentry$$0000000C  c_w.l(__rtentry2.o)
    0x08000172   0x08000172   0x00000008   Code   RO         4874    .ARM.Collect$$rtentry$$0000000D  c_w.l(__rtentry2.o)
    0x0800017a   0x0800017a   0x00000002   Code   RO         4912    .ARM.Collect$$rtexit$$00000000  c_w.l(rtexit.o)
    0x0800017c   0x0800017c   0x00000000   Code   RO         4966    .ARM.Collect$$rtexit$$00000002  c_w.l(rtexit2.o)
    0x0800017c   0x0800017c   0x00000004   Code   RO         4967    .ARM.Collect$$rtexit$$00000003  c_w.l(rtexit2.o)
    0x08000180   0x08000180   0x00000006   Code   RO         4968    .ARM.Collect$$rtexit$$00000004  c_w.l(rtexit2.o)
    0x08000186   0x08000186   0x00000002   PAD
    0x08000188   0x08000188   0x00000040   Code   RO            4    .text               startup_stm32f10x_md.o
    0x080001c8   0x080001c8   0x00000048   Code   RO         4720    .text               c_w.l(llsdiv.o)
    0x08000210   0x08000210   0x00000058   Code   RO         4722    .text               c_w.l(memcmp.o)
    0x08000268   0x08000268   0x00000010   Code   RO         4724    .text               c_w.l(aeabi_memset.o)
    0x08000278   0x08000278   0x0000004e   Code   RO         4726    .text               c_w.l(rt_memclr_w.o)
    0x080002c6   0x080002c6   0x00000006   Code   RO         4728    .text               c_w.l(heapauxi.o)
    0x080002cc   0x080002cc   0x000000ee   Code   RO         4803    .text               c_w.l(lludivv7m.o)
    0x080003ba   0x080003ba   0x00000016   Code   RO         4805    .text               c_w.l(_rserrno.o)
    0x080003d0   0x080003d0   0x00000044   Code   RO         4807    .text               c_w.l(rt_memclr.o)
    0x08000414   0x08000414   0x00000008   Code   RO         4889    .text               c_w.l(rt_errno_addr_intlibspace.o)
    0x0800041c   0x0800041c   0x00000008   Code   RO         4895    .text               c_w.l(libspace.o)
    0x08000424   0x08000424   0x0000004a   Code   RO         4898    .text               c_w.l(sys_stackheap_outer.o)
    0x0800046e   0x0800046e   0x00000012   Code   RO         4902    .text               c_w.l(exit.o)
    0x08000480   0x08000480   0x0000000c   Code   RO         4982    .text               c_w.l(sys_exit.o)
    0x0800048c   0x0800048c   0x00000002   Code   RO         4999    .text               c_w.l(use_no_semi.o)
    0x0800048e   0x0800048e   0x00000000   Code   RO         5001    .text               c_w.l(indicate_semi.o)
    0x0800048e   0x0800048e   0x00000002   PAD
    0x08000490   0x08000490   0x00000044   Code   RO         3418    i.AnglePidCtrl      control.o
    0x080004d4   0x080004d4   0x000000b8   Code   RO         3370    i.Balance           mode.o
    0x0800058c   0x0800058c   0x00000014   Code   RO         3746    i.Balance_OFF       led.o
    0x080005a0   0x080005a0   0x00000014   Code   RO         3747    i.Balance_ON        led.o
    0x080005b4   0x080005b4   0x000000f8   Code   RO         4051    i.BlueTooth         hc06.o
    0x080006ac   0x080006ac   0x00000014   Code   RO         3748    i.BlueTooth_OFF     led.o
    0x080006c0   0x080006c0   0x00000014   Code   RO         3749    i.BlueTooth_ON      led.o
    0x080006d4   0x080006d4   0x00000004   Code   RO         3307    i.BusFault_Handler  stm32f10x_it.o
    0x080006d8   0x080006d8   0x00000034   Code   RO         3816    i.Buzzer_Init       buzzer.o
    0x0800070c   0x0800070c   0x00000014   Code   RO         3817    i.Buzzer_OFF        buzzer.o
    0x08000720   0x08000720   0x00000014   Code   RO         3818    i.Buzzer_ON         buzzer.o
    0x08000734   0x08000734   0x0000004c   Code   RO         3371    i.CheckFallDown     mode.o
    0x08000780   0x08000780   0x00000068   Code   RO         3372    i.CheckLiftState    mode.o
    0x080007e8   0x080007e8   0x00000024   Code   RO         3419    i.DataClear         control.o
    0x0800080c   0x0800080c   0x00000002   Code   RO         3308    i.DebugMon_Handler  stm32f10x_it.o
    0x0800080e   0x0800080e   0x00000002   PAD
    0x08000810   0x08000810   0x00000090   Code   RO         3373    i.DetectPutDown     mode.o
    0x080008a0   0x080008a0   0x00000034   Code   RO         3420    i.DistPidCtrl       control.o
    0x080008d4   0x080008d4   0x00000028   Code   RO         3196    i.EXTI0_IRQHandler  main.o
    0x080008fc   0x080008fc   0x0000000c   Code   RO          985    i.EXTI_ClearITPendingBit  stm32f10x_exti.o
    0x08000908   0x08000908   0x00000028   Code   RO          989    i.EXTI_GetITStatus  stm32f10x_exti.o
    0x08000930   0x08000930   0x00000094   Code   RO          990    i.EXTI_Init         stm32f10x_exti.o
    0x080009c4   0x080009c4   0x000000a0   Code   RO         4010    i.EncoderLeftInit   encoder.o
    0x08000a64   0x08000a64   0x000000a4   Code   RO         4011    i.EncoderRightInit  encoder.o
    0x08000b08   0x08000b08   0x0000000c   Code   RO         4012    i.Encoder_Init      encoder.o
    0x08000b14   0x08000b14   0x0000001c   Code   RO         4013    i.Encoder_left_Get  encoder.o
    0x08000b30   0x08000b30   0x0000001c   Code   RO         4014    i.Encoder_right_Get  encoder.o
    0x08000b4c   0x08000b4c   0x00000054   Code   RO         4071    i.Filter_Distance   hc_sr04.o
    0x08000ba0   0x08000ba0   0x00000014   Code   RO         3750    i.Follow_OFF        led.o
    0x08000bb4   0x08000bb4   0x00000014   Code   RO         3751    i.Follow_ON         led.o
    0x08000bc8   0x08000bc8   0x00000040   Code   RO         1344    i.GPIO_EXTILineConfig  stm32f10x_gpio.o
    0x08000c08   0x08000c08   0x00000116   Code   RO         1347    i.GPIO_Init         stm32f10x_gpio.o
    0x08000d1e   0x08000d1e   0x00000012   Code   RO         1351    i.GPIO_ReadInputDataBit  stm32f10x_gpio.o
    0x08000d30   0x08000d30   0x00000004   Code   RO         1354    i.GPIO_ResetBits    stm32f10x_gpio.o
    0x08000d34   0x08000d34   0x00000004   Code   RO         1355    i.GPIO_SetBits      stm32f10x_gpio.o
    0x08000d38   0x08000d38   0x0000000a   Code   RO         1358    i.GPIO_WriteBit     stm32f10x_gpio.o
    0x08000d42   0x08000d42   0x00000002   PAD
    0x08000d44   0x08000d44   0x0000006c   Code   RO         4072    i.HCSR04_GetValue   hc_sr04.o
    0x08000db0   0x08000db0   0x00000050   Code   RO         4073    i.HCSR04_Init       hc_sr04.o
    0x08000e00   0x08000e00   0x00000024   Code   RO         4074    i.HCSR04_Start      hc_sr04.o
    0x08000e24   0x08000e24   0x00000004   Code   RO         3309    i.HardFault_Handler  stm32f10x_it.o
    0x08000e28   0x08000e28   0x0000003e   Code   RO         3587    i.IICInit           bsp_iic.o
    0x08000e66   0x08000e66   0x00000048   Code   RO         3588    i.IICReceiveByte    bsp_iic.o
    0x08000eae   0x08000eae   0x00000038   Code   RO         3589    i.IICSendAck        bsp_iic.o
    0x08000ee6   0x08000ee6   0x00000050   Code   RO         3590    i.IICSendByte       bsp_iic.o
    0x08000f36   0x08000f36   0x00000038   Code   RO         3591    i.IICSendNotAck     bsp_iic.o
    0x08000f6e   0x08000f6e   0x00000038   Code   RO         3592    i.IICStart          bsp_iic.o
    0x08000fa6   0x08000fa6   0x0000003e   Code   RO         3593    i.IICStop           bsp_iic.o
    0x08000fe4   0x08000fe4   0x00000052   Code   RO         3594    i.IICWaitAck        bsp_iic.o
    0x08001036   0x08001036   0x00000018   Code   RO         4112    i.IMU_Init          mpu6050.o
    0x0800104e   0x0800104e   0x00000002   PAD
    0x08001050   0x08001050   0x0000002c   Code   RO         3794    i.Key_GetNum        key.o
    0x0800107c   0x0800107c   0x0000002c   Code   RO         3795    i.Key_Init          key.o
    0x080010a8   0x080010a8   0x0000002c   Code   RO         3752    i.LED_Init          led.o
    0x080010d4   0x080010d4   0x00000224   Code   RO         4208    i.MPU_DMP_GetData   inv_mpu.o
    0x080012f8   0x080012f8   0x00000050   Code   RO         4209    i.MPU_DMP_Init      inv_mpu.o
    0x08001348   0x08001348   0x00000020   Code   RO         4114    i.MPU_Get_Angle     mpu6050.o
    0x08001368   0x08001368   0x00000050   Code   RO         4115    i.MPU_Get_Gyroscope  mpu6050.o
    0x080013b8   0x080013b8   0x0000002c   Code   RO         4117    i.MPU_IIC_Init      mpu6050.o
    0x080013e4   0x080013e4   0x0000006c   Code   RO         3698    i.MPU_INT_Init      bsp_exti.o
    0x08001450   0x08001450   0x00000078   Code   RO         4118    i.MPU_Init          mpu6050.o
    0x080014c8   0x080014c8   0x00000012   Code   RO         4119    i.MPU_Set_Accel_Fsr  mpu6050.o
    0x080014da   0x080014da   0x00000012   Code   RO         4120    i.MPU_Set_Gyro_Fsr  mpu6050.o
    0x080014ec   0x080014ec   0x0000003c   Code   RO         4121    i.MPU_Set_LPF       mpu6050.o
    0x08001528   0x08001528   0x00000038   Code   RO         4122    i.MPU_Set_Rate      mpu6050.o
    0x08001560   0x08001560   0x00000004   Code   RO         3310    i.MemManage_Handler  stm32f10x_it.o
    0x08001564   0x08001564   0x000000cc   Code   RO         3374    i.ModeSelect        mode.o
    0x08001630   0x08001630   0x00000054   Code   RO         3970    i.MotorLeftDuty     motor.o
    0x08001684   0x08001684   0x00000054   Code   RO         3971    i.MotorRightDuty    motor.o
    0x080016d8   0x080016d8   0x00000024   Code   RO         3972    i.MotorSetDuty      motor.o
    0x080016fc   0x080016fc   0x00000044   Code   RO         3973    i.MotorStop         motor.o
    0x08001740   0x08001740   0x00000054   Code   RO         3974    i.Motor_Init        motor.o
    0x08001794   0x08001794   0x000000b0   Code   RO         3520    i.My_GPIO_Init      sys.o
    0x08001844   0x08001844   0x00000002   Code   RO         3311    i.NMI_Handler       stm32f10x_it.o
    0x08001846   0x08001846   0x00000002   PAD
    0x08001848   0x08001848   0x00000070   Code   RO          137    i.NVIC_Init         misc.o
    0x080018b8   0x080018b8   0x00000014   Code   RO          138    i.NVIC_PriorityGroupConfig  misc.o
    0x080018cc   0x080018cc   0x0000002a   Code   RO         3840    i.OLED_Clear        oled.o
    0x080018f6   0x080018f6   0x00000002   PAD
    0x080018f8   0x080018f8   0x00000014   Code   RO         3843    i.OLED_I2C_SendByte  oled.o
    0x0800190c   0x0800190c   0x000000a8   Code   RO         3844    i.OLED_Init         oled.o
    0x080019b4   0x080019b4   0x0000002a   Code   RO         3846    i.OLED_SetCursor    oled.o
    0x080019de   0x080019de   0x00000002   PAD
    0x080019e0   0x080019e0   0x00000074   Code   RO         3848    i.OLED_ShowChar     oled.o
    0x08001a54   0x08001a54   0x00000028   Code   RO         3854    i.OLED_ShowString   oled.o
    0x08001a7c   0x08001a7c   0x0000003c   Code   RO         3856    i.OLED_WriteCommand  oled.o
    0x08001ab8   0x08001ab8   0x0000003c   Code   RO         3857    i.OLED_WriteData    oled.o
    0x08001af4   0x08001af4   0x00000070   Code   RO         3375    i.ObstacleAvoid     mode.o
    0x08001b64   0x08001b64   0x0000000e   Code   RO         3491    i.PID_Init          pid.o
    0x08001b72   0x08001b72   0x00000002   PAD
    0x08001b74   0x08001b74   0x00000040   Code   RO         3421    i.PWMLimit          control.o
    0x08001bb4   0x08001bb4   0x0000009c   Code   RO         3734    i.PWM_Init          bsp_pwm.o
    0x08001c50   0x08001c50   0x00000002   Code   RO         3312    i.PendSV_Handler    stm32f10x_it.o
    0x08001c52   0x08001c52   0x00000002   PAD
    0x08001c54   0x08001c54   0x000000ec   Code   RO         3492    i.PidCalucate       pid.o
    0x08001d40   0x08001d40   0x0000002c   Code   RO         3493    i.PidOutLimit       pid.o
    0x08001d6c   0x08001d6c   0x00000020   Code   RO         1775    i.RCC_APB1PeriphClockCmd  stm32f10x_rcc.o
    0x08001d8c   0x08001d8c   0x00000020   Code   RO         1777    i.RCC_APB2PeriphClockCmd  stm32f10x_rcc.o
    0x08001dac   0x08001dac   0x000000d4   Code   RO         1785    i.RCC_GetClocksFreq  stm32f10x_rcc.o
    0x08001e80   0x08001e80   0x0000001c   Code   RO         3599    i.SCL_Output        bsp_iic.o
    0x08001e9c   0x08001e9c   0x0000000e   Code   RO         3600    i.SDA_Input         bsp_iic.o
    0x08001eaa   0x08001eaa   0x00000020   Code   RO         3601    i.SDA_Input_Mode    bsp_iic.o
    0x08001eca   0x08001eca   0x0000001c   Code   RO         3602    i.SDA_Output        bsp_iic.o
    0x08001ee6   0x08001ee6   0x00000020   Code   RO         3603    i.SDA_Output_Mode   bsp_iic.o
    0x08001f06   0x08001f06   0x00000002   Code   RO         3313    i.SVC_Handler       stm32f10x_it.o
    0x08001f08   0x08001f08   0x00000008   Code   RO           24    i.SetSysClock       system_stm32f10x.o
    0x08001f10   0x08001f10   0x000000e0   Code   RO           25    i.SetSysClockTo72   system_stm32f10x.o
    0x08001ff0   0x08001ff0   0x000000f0   Code   RO         3422    i.SpeedPidCtrl      control.o
    0x080020e0   0x080020e0   0x00000002   Code   RO         3314    i.SysTick_Handler   stm32f10x_it.o
    0x080020e2   0x080020e2   0x00000002   PAD
    0x080020e4   0x080020e4   0x00000060   Code   RO           27    i.SystemInit        system_stm32f10x.o
    0x08002144   0x08002144   0x00000054   Code   RO         3468    i.System_Init       utils.o
    0x08002198   0x08002198   0x00000080   Code   RO         2405    i.TI1_Config        stm32f10x_tim.o
    0x08002218   0x08002218   0x00000098   Code   RO         2406    i.TI2_Config        stm32f10x_tim.o
    0x080022b0   0x080022b0   0x00000090   Code   RO         2407    i.TI3_Config        stm32f10x_tim.o
    0x08002340   0x08002340   0x00000098   Code   RO         2408    i.TI4_Config        stm32f10x_tim.o
    0x080023d8   0x080023d8   0x00000038   Code   RO         4075    i.TIM2_IRQHandler   hc_sr04.o
    0x08002410   0x08002410   0x00000006   Code   RO         2415    i.TIM_ClearFlag     stm32f10x_tim.o
    0x08002416   0x08002416   0x00000006   Code   RO         2416    i.TIM_ClearITPendingBit  stm32f10x_tim.o
    0x0800241c   0x0800241c   0x00000018   Code   RO         2421    i.TIM_Cmd           stm32f10x_tim.o
    0x08002434   0x08002434   0x00000042   Code   RO         2430    i.TIM_EncoderInterfaceConfig  stm32f10x_tim.o
    0x08002476   0x08002476   0x00000006   Code   RO         2440    i.TIM_GetCounter    stm32f10x_tim.o
    0x0800247c   0x0800247c   0x00000022   Code   RO         2442    i.TIM_GetITStatus   stm32f10x_tim.o
    0x0800249e   0x0800249e   0x00000002   PAD
    0x080024a0   0x080024a0   0x000000ac   Code   RO         2444    i.TIM_ICInit        stm32f10x_tim.o
    0x0800254c   0x0800254c   0x00000012   Code   RO         2445    i.TIM_ICStructInit  stm32f10x_tim.o
    0x0800255e   0x0800255e   0x00000012   Code   RO         2446    i.TIM_ITConfig      stm32f10x_tim.o
    0x08002570   0x08002570   0x0000000c   Code   RO         2448    i.TIM_InternalClockConfig  stm32f10x_tim.o
    0x0800257c   0x0800257c   0x00000098   Code   RO         2450    i.TIM_OC1Init       stm32f10x_tim.o
    0x08002614   0x08002614   0x000000a4   Code   RO         2455    i.TIM_OC2Init       stm32f10x_tim.o
    0x080026b8   0x080026b8   0x00000014   Code   RO         2468    i.TIM_OCStructInit  stm32f10x_tim.o
    0x080026cc   0x080026cc   0x00000004   Code   RO         2482    i.TIM_SetCompare1   stm32f10x_tim.o
    0x080026d0   0x080026d0   0x00000004   Code   RO         2483    i.TIM_SetCompare2   stm32f10x_tim.o
    0x080026d4   0x080026d4   0x00000004   Code   RO         2486    i.TIM_SetCounter    stm32f10x_tim.o
    0x080026d8   0x080026d8   0x00000012   Code   RO         2487    i.TIM_SetIC1Prescaler  stm32f10x_tim.o
    0x080026ea   0x080026ea   0x0000001a   Code   RO         2488    i.TIM_SetIC2Prescaler  stm32f10x_tim.o
    0x08002704   0x08002704   0x00000012   Code   RO         2489    i.TIM_SetIC3Prescaler  stm32f10x_tim.o
    0x08002716   0x08002716   0x0000001a   Code   RO         2490    i.TIM_SetIC4Prescaler  stm32f10x_tim.o
    0x08002730   0x08002730   0x000000a4   Code   RO         2492    i.TIM_TimeBaseInit  stm32f10x_tim.o
    0x080027d4   0x080027d4   0x0000007a   Code   RO         3710    i.Timer_Init        bsp_timer.o
    0x0800284e   0x0800284e   0x00000002   PAD
    0x08002850   0x08002850   0x000000fc   Code   RO         4052    i.USART2_IRQHandler  hc06.o
    0x0800294c   0x0800294c   0x0000001e   Code   RO         2957    i.USART_ClearITPendingBit  stm32f10x_usart.o
    0x0800296a   0x0800296a   0x00000018   Code   RO         2960    i.USART_Cmd         stm32f10x_usart.o
    0x08002982   0x08002982   0x00000054   Code   RO         2964    i.USART_GetITStatus  stm32f10x_usart.o
    0x080029d6   0x080029d6   0x0000004a   Code   RO         2966    i.USART_ITConfig    stm32f10x_usart.o
    0x08002a20   0x08002a20   0x000000d8   Code   RO         2967    i.USART_Init        stm32f10x_usart.o
    0x08002af8   0x08002af8   0x0000000a   Code   RO         2974    i.USART_ReceiveData  stm32f10x_usart.o
    0x08002b02   0x08002b02   0x00000002   PAD
    0x08002b04   0x08002b04   0x0000001c   Code   RO         4015    i.UpdateEncoder     encoder.o
    0x08002b20   0x08002b20   0x00000004   Code   RO         3315    i.UsageFault_Handler  stm32f10x_it.o
    0x08002b24   0x08002b24   0x000000b0   Code   RO         3722    i.Usart_Init        bsp_usart.o
    0x08002bd4   0x08002bd4   0x00000028   Code   RO         4854    i.__ARM_fpclassify  m_ws.l(fpclassify.o)
    0x08002bfc   0x08002bfc   0x000000aa   Code   RO         4856    i.__kernel_poly     m_ws.l(poly.o)
    0x08002ca6   0x08002ca6   0x00000006   Code   RO         4841    i.__mathlib_dbl_infnan  m_ws.l(dunder.o)
    0x08002cac   0x08002cac   0x00000004   Code   RO         4842    i.__mathlib_dbl_infnan2  m_ws.l(dunder.o)
    0x08002cb0   0x08002cb0   0x0000000c   Code   RO         4843    i.__mathlib_dbl_invalid  m_ws.l(dunder.o)
    0x08002cbc   0x08002cbc   0x00000010   Code   RO         4846    i.__mathlib_dbl_underflow  m_ws.l(dunder.o)
    0x08002ccc   0x08002ccc   0x000000a8   Code   RO         4210    i.accel_self_test   inv_mpu.o
    0x08002d74   0x08002d74   0x00000270   Code   RO         4785    i.asin              m_ws.l(asin.o)
    0x08002fe4   0x08002fe4   0x00000220   Code   RO         4831    i.atan              m_ws.l(atan.o)
    0x08003204   0x08003204   0x00000180   Code   RO         4795    i.atan2             m_ws.l(atan2.o)
    0x08003384   0x08003384   0x00000064   Code   RO         4542    i.decode_gesture    inv_mpu_dmp_motion_driver.o
    0x080033e8   0x080033e8   0x00000018   Code   RO         3566    i.delay_ms          bsp_delay.o
    0x08003400   0x08003400   0x0000002e   Code   RO         3567    i.delay_us          bsp_delay.o
    0x0800342e   0x0800342e   0x0000003c   Code   RO         4543    i.dmp_enable_6x_lp_quat  inv_mpu_dmp_motion_driver.o
    0x0800346a   0x0800346a   0x00000002   PAD
    0x0800346c   0x0800346c   0x0000021c   Code   RO         4544    i.dmp_enable_feature  inv_mpu_dmp_motion_driver.o
    0x08003688   0x08003688   0x00000058   Code   RO         4545    i.dmp_enable_gyro_cal  inv_mpu_dmp_motion_driver.o
    0x080036e0   0x080036e0   0x0000003c   Code   RO         4546    i.dmp_enable_lp_quat  inv_mpu_dmp_motion_driver.o
    0x0800371c   0x0800371c   0x00000018   Code   RO         4551    i.dmp_load_motion_driver_firmware  inv_mpu_dmp_motion_driver.o
    0x08003734   0x08003734   0x000001c8   Code   RO         4552    i.dmp_read_fifo     inv_mpu_dmp_motion_driver.o
    0x080038fc   0x080038fc   0x00000130   Code   RO         4555    i.dmp_set_accel_bias  inv_mpu_dmp_motion_driver.o
    0x08003a2c   0x08003a2c   0x00000070   Code   RO         4556    i.dmp_set_fifo_rate  inv_mpu_dmp_motion_driver.o
    0x08003a9c   0x08003a9c   0x00000130   Code   RO         4557    i.dmp_set_gyro_bias  inv_mpu_dmp_motion_driver.o
    0x08003bcc   0x08003bcc   0x00000138   Code   RO         4559    i.dmp_set_orientation  inv_mpu_dmp_motion_driver.o
    0x08003d04   0x08003d04   0x00000038   Code   RO         4562    i.dmp_set_shake_reject_thresh  inv_mpu_dmp_motion_driver.o
    0x08003d3c   0x08003d3c   0x00000026   Code   RO         4563    i.dmp_set_shake_reject_time  inv_mpu_dmp_motion_driver.o
    0x08003d62   0x08003d62   0x00000026   Code   RO         4564    i.dmp_set_shake_reject_timeout  inv_mpu_dmp_motion_driver.o
    0x08003d88   0x08003d88   0x00000046   Code   RO         4565    i.dmp_set_tap_axes  inv_mpu_dmp_motion_driver.o
    0x08003dce   0x08003dce   0x00000026   Code   RO         4566    i.dmp_set_tap_count  inv_mpu_dmp_motion_driver.o
    0x08003df4   0x08003df4   0x000001a0   Code   RO         4567    i.dmp_set_tap_thresh  inv_mpu_dmp_motion_driver.o
    0x08003f94   0x08003f94   0x00000026   Code   RO         4568    i.dmp_set_tap_time  inv_mpu_dmp_motion_driver.o
    0x08003fba   0x08003fba   0x00000026   Code   RO         4569    i.dmp_set_tap_time_multi  inv_mpu_dmp_motion_driver.o
    0x08003fe0   0x08003fe0   0x000000b4   Code   RO         4211    i.get_accel_prod_shift  inv_mpu.o
    0x08004094   0x08004094   0x00000470   Code   RO         4213    i.get_st_biases     inv_mpu.o
    0x08004504   0x08004504   0x00000110   Code   RO         4214    i.gyro_self_test    inv_mpu.o
    0x08004614   0x08004614   0x00000028   Code   RO         4215    i.inv_orientation_matrix_to_scalar  inv_mpu.o
    0x0800463c   0x0800463c   0x0000004e   Code   RO         4216    i.inv_row_2_scale   inv_mpu.o
    0x0800468a   0x0800468a   0x00000002   PAD
    0x0800468c   0x0800468c   0x0000005c   Code   RO         3197    i.main              main.o
    0x080046e8   0x080046e8   0x000000b4   Code   RO         4123    i.mpu6050_read      mpu6050.o
    0x0800479c   0x0800479c   0x00000084   Code   RO         4125    i.mpu6050_write     mpu6050.o
    0x08004820   0x08004820   0x00000012   Code   RO         4126    i.mpu6050_write_reg  mpu6050.o
    0x08004832   0x08004832   0x00000002   PAD
    0x08004834   0x08004834   0x00000070   Code   RO         4217    i.mpu_configure_fifo  inv_mpu.o
    0x080048a4   0x080048a4   0x0000004c   Code   RO         4218    i.mpu_get_accel_fsr  inv_mpu.o
    0x080048f0   0x080048f0   0x00000054   Code   RO         4220    i.mpu_get_accel_sens  inv_mpu.o
    0x08004944   0x08004944   0x00000010   Code   RO         4225    i.mpu_get_fifo_config  inv_mpu.o
    0x08004954   0x08004954   0x00000044   Code   RO         4226    i.mpu_get_gyro_fsr  inv_mpu.o
    0x08004998   0x08004998   0x00000050   Code   RO         4228    i.mpu_get_gyro_sens  inv_mpu.o
    0x080049e8   0x080049e8   0x00000050   Code   RO         4230    i.mpu_get_lpf       inv_mpu.o
    0x08004a38   0x08004a38   0x00000020   Code   RO         4232    i.mpu_get_sample_rate  inv_mpu.o
    0x08004a58   0x08004a58   0x00000190   Code   RO         4234    i.mpu_init          inv_mpu.o
    0x08004be8   0x08004be8   0x000000b8   Code   RO         4235    i.mpu_load_firmware  inv_mpu.o
    0x08004ca0   0x08004ca0   0x000000e0   Code   RO         4236    i.mpu_lp_accel_mode  inv_mpu.o
    0x08004d80   0x08004d80   0x000000c0   Code   RO         4239    i.mpu_read_fifo_stream  inv_mpu.o
    0x08004e40   0x08004e40   0x00000080   Code   RO         4240    i.mpu_read_mem      inv_mpu.o
    0x08004ec0   0x08004ec0   0x000001c8   Code   RO         4243    i.mpu_reset_fifo    inv_mpu.o
    0x08005088   0x08005088   0x0000011c   Code   RO         4244    i.mpu_run_self_test  inv_mpu.o
    0x080051a4   0x080051a4   0x00000084   Code   RO         4246    i.mpu_set_accel_fsr  inv_mpu.o
    0x08005228   0x08005228   0x0000014c   Code   RO         4247    i.mpu_set_bypass    inv_mpu.o
    0x08005374   0x08005374   0x00000090   Code   RO         4249    i.mpu_set_dmp_state  inv_mpu.o
    0x08005404   0x08005404   0x00000088   Code   RO         4250    i.mpu_set_gyro_fsr  inv_mpu.o
    0x0800548c   0x0800548c   0x0000006c   Code   RO         4251    i.mpu_set_int_latched  inv_mpu.o
    0x080054f8   0x080054f8   0x00000084   Code   RO         4253    i.mpu_set_lpf       inv_mpu.o
    0x0800557c   0x0800557c   0x0000009c   Code   RO         4254    i.mpu_set_sample_rate  inv_mpu.o
    0x08005618   0x08005618   0x000000d0   Code   RO         4255    i.mpu_set_sensors   inv_mpu.o
    0x080056e8   0x080056e8   0x00000080   Code   RO         4256    i.mpu_write_mem     inv_mpu.o
    0x08005768   0x08005768   0x00000014   Code   RO         3523    i.power             sys.o
    0x0800577c   0x0800577c   0x00000094   Code   RO         4257    i.run_self_test     inv_mpu.o
    0x08005810   0x08005810   0x00000090   Code   RO         4258    i.set_int_enable    inv_mpu.o
    0x080058a0   0x080058a0   0x0000004c   Code   RO         4860    i.sqrt              m_ws.l(sqrt.o)
    0x080058ec   0x080058ec   0x00000062   Code   RO         4732    x$fpl$d2f           fz_ws.l(d2f.o)
    0x0800594e   0x0800594e   0x00000002   PAD
    0x08005950   0x08005950   0x00000150   Code   RO         4809    x$fpl$dadd          fz_ws.l(daddsub_clz.o)
    0x08005aa0   0x08005aa0   0x00000010   Code   RO         4891    x$fpl$dcheck1       fz_ws.l(dcheck1.o)
    0x08005ab0   0x08005ab0   0x00000018   Code   RO         4815    x$fpl$dcmpinf       fz_ws.l(dcmpi.o)
    0x08005ac8   0x08005ac8   0x000002b0   Code   RO         4735    x$fpl$ddiv          fz_ws.l(ddiv.o)
    0x08005d78   0x08005d78   0x00000026   Code   RO         4738    x$fpl$dfltu         fz_ws.l(dflt_clz.o)
    0x08005d9e   0x08005d9e   0x00000002   PAD
    0x08005da0   0x08005da0   0x00000078   Code   RO         4744    x$fpl$dleqf         fz_ws.l(dleqf.o)
    0x08005e18   0x08005e18   0x00000154   Code   RO         4746    x$fpl$dmul          fz_ws.l(dmul.o)
    0x08005f6c   0x08005f6c   0x0000009c   Code   RO         4817    x$fpl$dnaninf       fz_ws.l(dnaninf.o)
    0x08006008   0x08006008   0x0000000c   Code   RO         4819    x$fpl$dretinf       fz_ws.l(dretinf.o)
    0x08006014   0x08006014   0x0000006c   Code   RO         4748    x$fpl$drleqf        fz_ws.l(drleqf.o)
    0x08006080   0x08006080   0x00000016   Code   RO         4810    x$fpl$drsb          fz_ws.l(daddsub_clz.o)
    0x08006096   0x08006096   0x00000002   PAD
    0x08006098   0x08006098   0x000001cc   Code   RO         4893    x$fpl$dsqrt         fz_ws.l(dsqrt_noumaal.o)
    0x08006264   0x08006264   0x000001d4   Code   RO         4811    x$fpl$dsub          fz_ws.l(daddsub_clz.o)
    0x08006438   0x08006438   0x00000056   Code   RO         4750    x$fpl$f2d           fz_ws.l(f2d.o)
    0x0800648e   0x0800648e   0x00000002   PAD
    0x08006490   0x08006490   0x000000c4   Code   RO         4752    x$fpl$fadd          fz_ws.l(faddsub_clz.o)
    0x08006554   0x08006554   0x00000018   Code   RO         4821    x$fpl$fcmpinf       fz_ws.l(fcmpi.o)
    0x0800656c   0x0800656c   0x00000184   Code   RO         4759    x$fpl$fdiv          fz_ws.l(fdiv.o)
    0x080066f0   0x080066f0   0x00000068   Code   RO         4762    x$fpl$feqf          fz_ws.l(feqf.o)
    0x08006758   0x08006758   0x00000036   Code   RO         4764    x$fpl$ffix          fz_ws.l(ffix.o)
    0x0800678e   0x0800678e   0x00000002   PAD
    0x08006790   0x08006790   0x0000003e   Code   RO         4768    x$fpl$ffixu         fz_ws.l(ffixu.o)
    0x080067ce   0x080067ce   0x00000002   PAD
    0x080067d0   0x080067d0   0x00000030   Code   RO         4773    x$fpl$fflt          fz_ws.l(fflt_clz.o)
    0x08006800   0x08006800   0x00000026   Code   RO         4772    x$fpl$ffltu         fz_ws.l(fflt_clz.o)
    0x08006826   0x08006826   0x00000002   PAD
    0x08006828   0x08006828   0x00000068   Code   RO         4778    x$fpl$fleqf         fz_ws.l(fleqf.o)
    0x08006890   0x08006890   0x00000102   Code   RO         4780    x$fpl$fmul          fz_ws.l(fmul.o)
    0x08006992   0x08006992   0x0000008c   Code   RO         4823    x$fpl$fnaninf       fz_ws.l(fnaninf.o)
    0x08006a1e   0x08006a1e   0x0000000a   Code   RO         4825    x$fpl$fretinf       fz_ws.l(fretinf.o)
    0x08006a28   0x08006a28   0x00000062   Code   RO         4782    x$fpl$frleqf        fz_ws.l(frleqf.o)
    0x08006a8a   0x08006a8a   0x00000014   Code   RO         4753    x$fpl$frsb          fz_ws.l(faddsub_clz.o)
    0x08006a9e   0x08006a9e   0x00000002   PAD
    0x08006aa0   0x08006aa0   0x000000ea   Code   RO         4754    x$fpl$fsub          fz_ws.l(faddsub_clz.o)
    0x08006b8a   0x08006b8a   0x00000064   Code   RO         4910    x$fpl$retnan        fz_ws.l(retnan.o)
    0x08006bee   0x08006bee   0x0000005c   Code   RO         4827    x$fpl$scalbn        fz_ws.l(scalbn.o)
    0x08006c4a   0x08006c4a   0x00000030   Code   RO         4963    x$fpl$trapveneer    fz_ws.l(trapv.o)
    0x08006c7a   0x08006c7a   0x00000000   Code   RO         4829    x$fpl$usenofp       fz_ws.l(usenofp.o)
    0x08006c7a   0x08006c7a   0x000005f0   Data   RO         3859    .constdata          oled.o
    0x0800726a   0x0800726a   0x00000002   PAD
    0x0800726c   0x0800726c   0x00000050   Data   RO         4259    .constdata          inv_mpu.o
    0x080072bc   0x080072bc   0x00000bf6   Data   RO         4571    .constdata          inv_mpu_dmp_motion_driver.o
    0x08007eb2   0x08007eb2   0x00000006   PAD
    0x08007eb8   0x08007eb8   0x00000050   Data   RO         4786    .constdata          m_ws.l(asin.o)
    0x08007f08   0x08007f08   0x00000098   Data   RO         4832    .constdata          m_ws.l(atan.o)
    0x08007fa0   0x08007fa0   0x00000008   Data   RO         4858    .constdata          m_ws.l(qnan.o)
    0x08007fa8   0x08007fa8   0x00000020   Data   RO         5042    Region$$Table       anon$$obj.o


    Execution Region RW_IRAM1 (Exec base: 0x20000000, Load base: 0x08007fc8, Size: 0x000007b8, Max: 0x00005000, ABSOLUTE)

    Exec Addr    Load Addr    Size         Type   Attr      Idx    E Section Name        Object

    0x20000000   0x08007fc8   0x00000014   Data   RW         1805    .data               stm32f10x_rcc.o
    0x20000014   0x08007fdc   0x00000001   Data   RW         3198    .data               main.o
    0x20000015   0x08007fdd   0x00000003   PAD
    0x20000018   0x08007fe0   0x00000016   Data   RW         3376    .data               mode.o
    0x2000002e   0x08007ff6   0x00000002   PAD
    0x20000030   0x08007ff8   0x00000034   Data   RW         3425    .data               control.o
    0x20000064   0x0800802c   0x00000001   Data   RW         3796    .data               key.o
    0x20000065   0x0800802d   0x00000003   PAD
    0x20000068   0x08008030   0x0000000c   Data   RW         3860    .data               oled.o
    0x20000074   0x0800803c   0x00000011   Data   RW         3975    .data               motor.o
    0x20000085   0x0800804d   0x00000006   Data   RW         4053    .data               hc06.o
    0x2000008b   0x08008053   0x00000001   PAD
    0x2000008c   0x08008054   0x00000006   Data   RW         4077    .data               hc_sr04.o
    0x20000092   0x0800805a   0x00000002   PAD
    0x20000094   0x0800805c   0x0000000c   Data   RW         4128    .data               mpu6050.o
    0x200000a0   0x08008068   0x00000035   Data   RW         4260    .data               inv_mpu.o
    0x200000d5   0x0800809d   0x00000003   PAD
    0x200000d8        -       0x00000044   Zero   RW         3424    .bss                control.o
    0x2000011c        -       0x00000014   Zero   RW         4076    .bss                hc_sr04.o
    0x20000130        -       0x00000018   Zero   RW         4127    .bss                mpu6050.o
    0x20000148        -       0x00000010   Zero   RW         4570    .bss                inv_mpu_dmp_motion_driver.o
    0x20000158        -       0x00000060   Zero   RW         4896    .bss                c_w.l(libspace.o)
    0x200001b8        -       0x00000200   Zero   RW            2    HEAP                startup_stm32f10x_md.o
    0x200003b8        -       0x00000400   Zero   RW            1    STACK               startup_stm32f10x_md.o


==============================================================================

Image component sizes


      Code (inc. data)   RO Data    RW Data    ZI Data      Debug   Object Name

        70          0          0          0          0        946   bsp_delay.o
       108          6          0          0          0        559   bsp_exti.o
       660          0          0          0          0       7365   bsp_iic.o
       156          8          0          0          0        599   bsp_pwm.o
       122          0          0          0          0        533   bsp_timer.o
       176          8          0          0          0        673   bsp_usart.o
        92         16          0          0          0       1287   buzzer.o
       460         88          0         52         68       3477   control.o
         0          0          0          0          0       4532   core_cm3.o
       420         38          0          0          0       2907   encoder.o
       500         74          0          6          0       1408   hc06.o
       364         54          0          6         20       2981   hc_sr04.o
      6686        214         80         53          0      29157   inv_mpu.o
      3092        124       3062          0         16      19746   inv_mpu_dmp_motion_driver.o
        88         12          0          1          0        948   key.o
       164         40          0          0          0       2870   led.o
       132         36          0          1          0       3102   main.o
       132         22          0          0          0     206755   misc.o
       824        130          0         22          0       3134   mode.o
       356         52          0         17          0       2943   motor.o
       782         30          0         12         24       8395   mpu6050.o
       548         28       1520         12          0       4790   oled.o
       294         16          0          0          0       2309   pid.o
        64         26        236          0       1536        800   startup_stm32f10x_md.o
         0          0          0          0          0       1632   stm32f10x_adc.o
       200         18          0          0          0       3964   stm32f10x_exti.o
       378          4          0          0          0      12710   stm32f10x_gpio.o
        26          0          0          0          0       3506   stm32f10x_it.o
       276         32          0         20          0      12806   stm32f10x_rcc.o
      1538        180          0          0          0      34694   stm32f10x_tim.o
       438          6          0          0          0      11172   stm32f10x_usart.o
       196          4          0          0          0       3471   sys.o
       328         28          0          0          0      45009   system_stm32f10x.o
        84         14          0          0          0        450   utils.o

    ----------------------------------------------------------------------
     19784       1308       4938        216       1664     441630   Object Totals
         0          0         32          0          0          0   (incl. Generated)
        30          0          8         14          0          0   (incl. Padding)

    ----------------------------------------------------------------------

      Code (inc. data)   RO Data    RW Data    ZI Data      Debug   Library Member Name

         8          0          0          0          0         68   __main.o
         0          0          0          0          0          0   __rtentry.o
        12          0          0          0          0          0   __rtentry2.o
         6          0          0          0          0          0   __rtentry4.o
        52          8          0          0          0          0   __scatter.o
        26          0          0          0          0          0   __scatter_copy.o
        28          0          0          0          0          0   __scatter_zi.o
        22          0          0          0          0        100   _rserrno.o
        16          0          0          0          0         68   aeabi_memset.o
        18          0          0          0          0         80   exit.o
         6          0          0          0          0        152   heapauxi.o
         0          0          0          0          0          0   indicate_semi.o
         2          0          0          0          0          0   libinit.o
         2          0          0          0          0          0   libinit2.o
         2          0          0          0          0          0   libshutdown.o
         2          0          0          0          0          0   libshutdown2.o
         8          4          0          0         96         68   libspace.o
        72          0          0          0          0         76   llsdiv.o
       238          0          0          0          0        100   lludivv7m.o
        88          0          0          0          0         76   memcmp.o
         8          4          0          0          0         68   rt_errno_addr_intlibspace.o
        68          0          0          0          0         68   rt_memclr.o
        78          0          0          0          0         80   rt_memclr_w.o
         2          0          0          0          0          0   rtexit.o
        10          0          0          0          0          0   rtexit2.o
        12          4          0          0          0         68   sys_exit.o
        74          0          0          0          0         80   sys_stackheap_outer.o
         2          0          0          0          0         68   use_no_semi.o
        98          4          0          0          0         92   d2f.o
       826         16          0          0          0        348   daddsub_clz.o
        16          4          0          0          0         68   dcheck1.o
        24          0          0          0          0         68   dcmpi.o
       688        140          0          0          0        208   ddiv.o
        38          0          0          0          0         68   dflt_clz.o
       120          4          0          0          0         92   dleqf.o
       340         12          0          0          0        104   dmul.o
       156          4          0          0          0         92   dnaninf.o
        12          0          0          0          0         68   dretinf.o
       108          0          0          0          0         80   drleqf.o
       460         56          0          0          0        120   dsqrt_noumaal.o
        86          4          0          0          0         84   f2d.o
       450          8          0          0          0        236   faddsub_clz.o
        24          0          0          0          0         68   fcmpi.o
       388         76          0          0          0         96   fdiv.o
       104          4          0          0          0         84   feqf.o
        54          4          0          0          0         84   ffix.o
        62          4          0          0          0         84   ffixu.o
        86          0          0          0          0        136   fflt_clz.o
       104          4          0          0          0         84   fleqf.o
       258          4          0          0          0         84   fmul.o
       140          4          0          0          0         84   fnaninf.o
        10          0          0          0          0         68   fretinf.o
        98          0          0          0          0         68   frleqf.o
       100          0          0          0          0         68   retnan.o
        92          0          0          0          0         68   scalbn.o
        48          0          0          0          0         68   trapv.o
         0          0          0          0          0          0   usenofp.o
       624         52         80          0          0        168   asin.o
       544         70        152          0          0        124   atan.o
       384         38          0          0          0        144   atan2.o
        38          6          0          0          0        272   dunder.o
        40          0          0          0          0         68   fpclassify.o
       170          0          0          0          0         96   poly.o
         0          0          8          0          0          0   qnan.o
        76          0          0          0          0         84   sqrt.o

    ----------------------------------------------------------------------
      7750        538        240          0         96       5048   Library Totals
        22          0          0          0          0          0   (incl. Padding)

    ----------------------------------------------------------------------

      Code (inc. data)   RO Data    RW Data    ZI Data      Debug   Library Name

       862         20          0          0         96       1220   c_w.l
      4990        352          0          0          0       2872   fz_ws.l
      1876        166        240          0          0        956   m_ws.l

    ----------------------------------------------------------------------
      7750        538        240          0         96       5048   Library Totals

    ----------------------------------------------------------------------

==============================================================================


      Code (inc. data)   RO Data    RW Data    ZI Data      Debug   

     27534       1846       5178        216       1760     433778   Grand Totals
     27534       1846       5178        216       1760     433778   ELF Image Totals
     27534       1846       5178        216          0          0   ROM Totals

==============================================================================

    Total RO  Size (Code + RO Data)                32712 (  31.95kB)
    Total RW  Size (RW Data + ZI Data)              1976 (   1.93kB)
    Total ROM Size (Code + RO Data + RW Data)      32928 (  32.16kB)

==============================================================================

